[
  {
    "encoder": "dinov2_b14",
    "method": "dpp_subspace",
    "shortlist_size": 3,
    "rows": 7,
    "targets": 7,
    "best_candidate_recall_mean": 0.5714285714285714,
    "top3_candidate_recall_mean": 0.38095238095238093,
    "validation_regret_mean": 0.0013274693117427366,
    "normalized_validation_regret_mean": 0.11041321174680088,
    "test_regret_mean": -0.003782514163425978,
    "removed_fraction": 0.8571428571428572,
    "passes_90pct_recall_at_50pct_removal": false
  },
  {
    "encoder": "dinov2_b14",
    "method": "dpp_subspace",
    "shortlist_size": 5,
    "rows": 7,
    "targets": 7,
    "best_candidate_recall_mean": 0.7142857142857143,
    "top3_candidate_recall_mean": 0.5714285714285714,
    "validation_regret_mean": 0.00022105367026692413,
    "normalized_validation_regret_mean": 0.01785701062647586,
    "test_regret_mean": -0.0024718012128557287,
    "removed_fraction": 0.7619047619047619,
    "passes_90pct_recall_at_50pct_removal": false
  },
  {
    "encoder": "dinov2_b14",
    "method": "dpp_subspace",
    "shortlist_size": 10,
    "rows": 7,
    "targets": 7,
    "best_candidate_recall_mean": 0.7142857142857143,
    "top3_candidate_recall_mean": 0.7619047619047619,
    "validation_regret_mean": 0.00022105367026692413,
    "normalized_validation_regret_mean": 0.01785701062647586,
    "test_regret_mean": -0.0024718012128557287,
    "removed_fraction": 0.5238095238095238,
    "passes_90pct_recall_at_50pct_removal": false
  },
  {
    "encoder": "dinov2_b14",
    "method": "facility_subspace",
    "shortlist_size": 3,
    "rows": 7,
    "targets": 7,
    "best_candidate_recall_mean": 0.2857142857142857,
    "top3_candidate_recall_mean": 0.2857142857142857,
    "validation_regret_mean": 0.00321950651895556,
    "normalized_validation_regret_mean": 0.11234879802291013,
    "test_regret_mean": 0.0010441252163478274,
    "removed_fraction": 0.8571428571428572,
    "passes_90pct_recall_at_50pct_removal": false
  },
  {
    "encoder": "dinov2_b14",
    "method": "facility_subspace",
    "shortlist_size": 5,
    "rows": 7,
    "targets": 7,
    "best_candidate_recall_mean": 0.2857142857142857,
    "top3_candidate_recall_mean": 0.38095238095238093,
    "validation_regret_mean": 0.00321950651895556,
    "normalized_validation_regret_mean": 0.11234879802291013,
    "test_regret_mean": 0.0010441252163478274,
    "removed_fraction": 0.7619047619047619,
    "passes_90pct_recall_at_50pct_removal": false
  },
  {
    "encoder": "dinov2_b14",
    "method": "facility_subspace",
    "shortlist_size": 10,
    "rows": 7,
    "targets": 7,
    "best_candidate_recall_mean": 0.2857142857142857,
    "top3_candidate_recall_mean": 0.4285714285714285,
    "validation_regret_mean": 0.002973792927039333,
    "normalized_validation_regret_mean": 0.10569350079074735,
    "test_regret_mean": 0.00242698533194406,
    "removed_fraction": 0.5238095238095238,
    "passes_90pct_recall_at_50pct_removal": false
  },
  {
    "encoder": "dinov2_b14",
    "method": "full_merged_rank",
    "shortlist_size": 3,
    "rows": 7,
    "targets": 7,
    "best_candidate_recall_mean": 0.7142857142857143,
    "top3_candidate_recall_mean": 0.619047619047619,
    "validation_regret_mean": 0.00022105367026692413,
    "normalized_validation_regret_mean": 0.01785701062647586,
    "test_regret_mean": -0.0024718012128557287,
    "removed_fraction": 0.8571428571428572,
    "passes_90pct_recall_at_50pct_removal": false
  },
  {
    "encoder": "dinov2_b14",
    "method": "full_merged_rank",
    "shortlist_size": 5,
    "rows": 7,
    "targets": 7,
    "best_candidate_recall_mean": 0.7142857142857143,
    "top3_candidate_recall_mean": 0.7619047619047619,
    "validation_regret_mean": 0.00022105367026692413,
    "normalized_validation_regret_mean": 0.01785701062647586,
    "test_regret_mean": -0.0024718012128557287,
    "removed_fraction": 0.7619047619047619,
    "passes_90pct_recall_at_50pct_removal": false
  },
  {
    "encoder": "dinov2_b14",
    "method": "full_merged_rank",
    "shortlist_size": 10,
    "rows": 7,
    "targets": 7,
    "best_candidate_recall_mean": 0.7142857142857143,
    "top3_candidate_recall_mean": 0.7619047619047619,
    "validation_regret_mean": 0.00022105367026692413,
    "normalized_validation_regret_mean": 0.01785701062647586,
    "test_regret_mean": -0.0024718012128557287,
    "removed_fraction": 0.5238095238095238,
    "passes_90pct_recall_at_50pct_removal": false
  },
  {
    "encoder": "dinov2_b14",
    "method": "kcenter_subspace",
    "shortlist_size": 3,
    "rows": 7,
    "targets": 7,
    "best_candidate_recall_mean": 0.5714285714285714,
    "top3_candidate_recall_mean": 0.2857142857142857,
    "validation_regret_mean": 0.0008028414935800405,
    "normalized_validation_regret_mean": 0.06909254981001192,
    "test_regret_mean": -0.0009435875075204063,
    "removed_fraction": 0.8571428571428572,
    "passes_90pct_recall_at_50pct_removal": false
  },
  {
    "encoder": "dinov2_b14",
    "method": "kcenter_subspace",
    "shortlist_size": 5,
    "rows": 7,
    "targets": 7,
    "best_candidate_recall_mean": 0.5714285714285714,
    "top3_candidate_recall_mean": 0.2857142857142857,
    "validation_regret_mean": 0.0008028414935800405,
    "normalized_validation_regret_mean": 0.06909254981001192,
    "test_regret_mean": -0.0008521590914045062,
    "removed_fraction": 0.7619047619047619,
    "passes_90pct_recall_at_50pct_removal": false
  },
  {
    "encoder": "dinov2_b14",
    "method": "kcenter_subspace",
    "shortlist_size": 10,
    "rows": 7,
    "targets": 7,
    "best_candidate_recall_mean": 0.8571428571428571,
    "top3_candidate_recall_mean": 0.5714285714285714,
    "validation_regret_mean": 7.186614795326055e-11,
    "normalized_validation_regret_mean": 5.089670166251157e-09,
    "test_regret_mean": 0.00020105838775635082,
    "removed_fraction": 0.5238095238095238,
    "passes_90pct_recall_at_50pct_removal": false
  },
  {
    "encoder": "dinov2_b14",
    "method": "pool_vendi_subspace",
    "shortlist_size": 3,
    "rows": 7,
    "targets": 7,
    "best_candidate_recall_mean": 0.5714285714285714,
    "top3_candidate_recall_mean": 0.2857142857142857,
    "validation_regret_mean": 0.0008028414935800405,
    "normalized_validation_regret_mean": 0.06909254981001192,
    "test_regret_mean": -0.0009435875075204063,
    "removed_fraction": 0.8571428571428572,
    "passes_90pct_recall_at_50pct_removal": false
  },
  {
    "encoder": "dinov2_b14",
    "method": "pool_vendi_subspace",
    "shortlist_size": 5,
    "rows": 7,
    "targets": 7,
    "best_candidate_recall_mean": 0.7142857142857143,
    "top3_candidate_recall_mean": 0.4761904761904762,
    "validation_regret_mean": 0.00022105367026692413,
    "normalized_validation_regret_mean": 0.01785701062647586,
    "test_regret_mean": -0.0024718012128557287,
    "removed_fraction": 0.7619047619047619,
    "passes_90pct_recall_at_50pct_removal": false
  },
  {
    "encoder": "dinov2_b14",
    "method": "pool_vendi_subspace",
    "shortlist_size": 10,
    "rows": 7,
    "targets": 7,
    "best_candidate_recall_mean": 0.8571428571428571,
    "top3_candidate_recall_mean": 0.5714285714285714,
    "validation_regret_mean": 7.186614795326055e-11,
    "normalized_validation_regret_mean": 5.089670166251157e-09,
    "test_regret_mean": 0.00020105838775635082,
    "removed_fraction": 0.5238095238095238,
    "passes_90pct_recall_at_50pct_removal": false
  },
  {
    "encoder": "dinov2_b14",
    "method": "random",
    "shortlist_size": 3,
    "rows": 700,
    "targets": 7,
    "best_candidate_recall_mean": 0.14,
    "top3_candidate_recall_mean": 0.12857142857142856,
    "validation_regret_mean": 0.005011671631803991,
    "normalized_validation_regret_mean": 0.2175952839124684,
    "test_regret_mean": 0.0022813621078218798,
    "removed_fraction": 0.8571428571428572,
    "passes_90pct_recall_at_50pct_removal": false
  },
  {
    "encoder": "dinov2_b14",
    "method": "random",
    "shortlist_size": 5,
    "rows": 700,
    "targets": 7,
    "best_candidate_recall_mean": 0.2842857142857143,
    "top3_candidate_recall_mean": 0.2495238095238095,
    "validation_regret_mean": 0.003498167208674865,
    "normalized_validation_regret_mean": 0.1454597037690487,
    "test_regret_mean": 0.001291241747992388,
    "removed_fraction": 0.7619047619047619,
    "passes_90pct_recall_at_50pct_removal": false
  },
  {
    "encoder": "dinov2_b14",
    "method": "random",
    "shortlist_size": 10,
    "rows": 700,
    "targets": 7,
    "best_candidate_recall_mean": 0.5,
    "top3_candidate_recall_mean": 0.47380952380952374,
    "validation_regret_mean": 0.001764760993920638,
    "normalized_validation_regret_mean": 0.06912090829926713,
    "test_regret_mean": -0.00045787860666001714,
    "removed_fraction": 0.5238095238095238,
    "passes_90pct_recall_at_50pct_removal": false
  },
  {
    "encoder": "dinov2_b14",
    "method": "rank_only",
    "shortlist_size": 3,
    "rows": 7,
    "targets": 7,
    "best_candidate_recall_mean": 0.5714285714285714,
    "top3_candidate_recall_mean": 0.47619047619047616,
    "validation_regret_mean": 0.001216941553169442,
    "normalized_validation_regret_mean": 0.10148463147897062,
    "test_regret_mean": -0.0015503713062831207,
    "removed_fraction": 0.8571428571428572,
    "passes_90pct_recall_at_50pct_removal": false
  },
  {
    "encoder": "dinov2_b14",
    "method": "rank_only",
    "shortlist_size": 5,
    "rows": 7,
    "targets": 7,
    "best_candidate_recall_mean": 0.7142857142857143,
    "top3_candidate_recall_mean": 0.7619047619047619,
    "validation_regret_mean": 0.00022105367026692413,
    "normalized_validation_regret_mean": 0.01785701062647586,
    "test_regret_mean": -0.0024718012128557287,
    "removed_fraction": 0.7619047619047619,
    "passes_90pct_recall_at_50pct_removal": false
  },
  {
    "encoder": "dinov2_b14",
    "method": "rank_only",
    "shortlist_size": 10,
    "rows": 7,
    "targets": 7,
    "best_candidate_recall_mean": 0.7142857142857143,
    "top3_candidate_recall_mean": 0.7619047619047619,
    "validation_regret_mean": 0.00022105367026692413,
    "normalized_validation_regret_mean": 0.01785701062647586,
    "test_regret_mean": -0.0024718012128557287,
    "removed_fraction": 0.5238095238095238,
    "passes_90pct_recall_at_50pct_removal": false
  }
]
