[
  {
    "encoder": "vit_b16",
    "method": "dpp_subspace",
    "shortlist_size": 3,
    "rows": 7,
    "targets": 7,
    "best_candidate_recall_mean": 0.2857142857142857,
    "top3_candidate_recall_mean": 0.42857142857142855,
    "validation_regret_mean": 0.004699172292436866,
    "normalized_validation_regret_mean": 0.08096685481416081,
    "test_regret_mean": -0.008733172076089027,
    "removed_fraction": 0.8571428571428572,
    "passes_90pct_recall_at_50pct_removal": false
  },
  {
    "encoder": "vit_b16",
    "method": "dpp_subspace",
    "shortlist_size": 5,
    "rows": 7,
    "targets": 7,
    "best_candidate_recall_mean": 0.42857142857142855,
    "top3_candidate_recall_mean": 0.5238095238095238,
    "validation_regret_mean": 0.004509203774588443,
    "normalized_validation_regret_mean": 0.07563639650369676,
    "test_regret_mean": -0.006651103496551506,
    "removed_fraction": 0.7619047619047619,
    "passes_90pct_recall_at_50pct_removal": false
  },
  {
    "encoder": "vit_b16",
    "method": "dpp_subspace",
    "shortlist_size": 10,
    "rows": 7,
    "targets": 7,
    "best_candidate_recall_mean": 0.7142857142857143,
    "top3_candidate_recall_mean": 0.8095238095238095,
    "validation_regret_mean": 0.0021292396954127562,
    "normalized_validation_regret_mean": 0.030767795740465096,
    "test_regret_mean": -0.00174539429800851,
    "removed_fraction": 0.5238095238095238,
    "passes_90pct_recall_at_50pct_removal": false
  },
  {
    "encoder": "vit_b16",
    "method": "facility_subspace",
    "shortlist_size": 3,
    "rows": 7,
    "targets": 7,
    "best_candidate_recall_mean": 0.7142857142857143,
    "top3_candidate_recall_mean": 0.3333333333333333,
    "validation_regret_mean": 0.000534047399248402,
    "normalized_validation_regret_mean": 0.030059094897349,
    "test_regret_mean": 0.002016590322767004,
    "removed_fraction": 0.8571428571428572,
    "passes_90pct_recall_at_50pct_removal": false
  },
  {
    "encoder": "vit_b16",
    "method": "facility_subspace",
    "shortlist_size": 5,
    "rows": 7,
    "targets": 7,
    "best_candidate_recall_mean": 0.7142857142857143,
    "top3_candidate_recall_mean": 0.4761904761904762,
    "validation_regret_mean": 0.000534047399248402,
    "normalized_validation_regret_mean": 0.030059094897349,
    "test_regret_mean": 0.002016590322767004,
    "removed_fraction": 0.7619047619047619,
    "passes_90pct_recall_at_50pct_removal": false
  },
  {
    "encoder": "vit_b16",
    "method": "facility_subspace",
    "shortlist_size": 10,
    "rows": 7,
    "targets": 7,
    "best_candidate_recall_mean": 0.7142857142857143,
    "top3_candidate_recall_mean": 0.5238095238095238,
    "validation_regret_mean": 0.000534047399248402,
    "normalized_validation_regret_mean": 0.030059094897349,
    "test_regret_mean": 0.002016590322767004,
    "removed_fraction": 0.5238095238095238,
    "passes_90pct_recall_at_50pct_removal": false
  },
  {
    "encoder": "vit_b16",
    "method": "full_merged_rank",
    "shortlist_size": 3,
    "rows": 7,
    "targets": 7,
    "best_candidate_recall_mean": 0.2857142857142857,
    "top3_candidate_recall_mean": 0.42857142857142855,
    "validation_regret_mean": 0.004699172292436866,
    "normalized_validation_regret_mean": 0.08096685481416081,
    "test_regret_mean": -0.008733172076089027,
    "removed_fraction": 0.8571428571428572,
    "passes_90pct_recall_at_50pct_removal": false
  },
  {
    "encoder": "vit_b16",
    "method": "full_merged_rank",
    "shortlist_size": 5,
    "rows": 7,
    "targets": 7,
    "best_candidate_recall_mean": 0.5714285714285714,
    "top3_candidate_recall_mean": 0.5714285714285714,
    "validation_regret_mean": 0.002739376681191571,
    "normalized_validation_regret_mean": 0.042050639024257326,
    "test_regret_mean": -0.0035931706428527737,
    "removed_fraction": 0.7619047619047619,
    "passes_90pct_recall_at_50pct_removal": false
  },
  {
    "encoder": "vit_b16",
    "method": "full_merged_rank",
    "shortlist_size": 10,
    "rows": 7,
    "targets": 7,
    "best_candidate_recall_mean": 0.7142857142857143,
    "top3_candidate_recall_mean": 0.761904761904762,
    "validation_regret_mean": 0.0021292396954127562,
    "normalized_validation_regret_mean": 0.030767795740465096,
    "test_regret_mean": -0.00174539429800851,
    "removed_fraction": 0.5238095238095238,
    "passes_90pct_recall_at_50pct_removal": false
  },
  {
    "encoder": "vit_b16",
    "method": "kcenter_subspace",
    "shortlist_size": 3,
    "rows": 7,
    "targets": 7,
    "best_candidate_recall_mean": 0.2857142857142857,
    "top3_candidate_recall_mean": 0.23809523809523808,
    "validation_regret_mean": 0.006215548515319818,
    "normalized_validation_regret_mean": 0.1106494186410786,
    "test_regret_mean": -0.0055496079581124425,
    "removed_fraction": 0.8571428571428572,
    "passes_90pct_recall_at_50pct_removal": false
  },
  {
    "encoder": "vit_b16",
    "method": "kcenter_subspace",
    "shortlist_size": 5,
    "rows": 7,
    "targets": 7,
    "best_candidate_recall_mean": 0.2857142857142857,
    "top3_candidate_recall_mean": 0.2857142857142857,
    "validation_regret_mean": 0.006215548515319818,
    "normalized_validation_regret_mean": 0.1106494186410786,
    "test_regret_mean": -0.0055496079581124425,
    "removed_fraction": 0.7619047619047619,
    "passes_90pct_recall_at_50pct_removal": false
  },
  {
    "encoder": "vit_b16",
    "method": "kcenter_subspace",
    "shortlist_size": 10,
    "rows": 7,
    "targets": 7,
    "best_candidate_recall_mean": 0.2857142857142857,
    "top3_candidate_recall_mean": 0.4761904761904762,
    "validation_regret_mean": 0.004279003824506474,
    "normalized_validation_regret_mean": 0.07501446984083263,
    "test_regret_mean": -0.008967464310782285,
    "removed_fraction": 0.5238095238095238,
    "passes_90pct_recall_at_50pct_removal": false
  },
  {
    "encoder": "vit_b16",
    "method": "pool_vendi_subspace",
    "shortlist_size": 3,
    "rows": 7,
    "targets": 7,
    "best_candidate_recall_mean": 0.2857142857142857,
    "top3_candidate_recall_mean": 0.23809523809523808,
    "validation_regret_mean": 0.006215548515319818,
    "normalized_validation_regret_mean": 0.1106494186410786,
    "test_regret_mean": -0.0055496079581124425,
    "removed_fraction": 0.8571428571428572,
    "passes_90pct_recall_at_50pct_removal": false
  },
  {
    "encoder": "vit_b16",
    "method": "pool_vendi_subspace",
    "shortlist_size": 5,
    "rows": 7,
    "targets": 7,
    "best_candidate_recall_mean": 0.2857142857142857,
    "top3_candidate_recall_mean": 0.380952380952381,
    "validation_regret_mean": 0.004699172292436866,
    "normalized_validation_regret_mean": 0.08096685481416081,
    "test_regret_mean": -0.008733172076089027,
    "removed_fraction": 0.7619047619047619,
    "passes_90pct_recall_at_50pct_removal": false
  },
  {
    "encoder": "vit_b16",
    "method": "pool_vendi_subspace",
    "shortlist_size": 10,
    "rows": 7,
    "targets": 7,
    "best_candidate_recall_mean": 0.2857142857142857,
    "top3_candidate_recall_mean": 0.4761904761904762,
    "validation_regret_mean": 0.004279003824506474,
    "normalized_validation_regret_mean": 0.07501446984083263,
    "test_regret_mean": -0.008967464310782285,
    "removed_fraction": 0.5238095238095238,
    "passes_90pct_recall_at_50pct_removal": false
  },
  {
    "encoder": "vit_b16",
    "method": "random",
    "shortlist_size": 3,
    "rows": 700,
    "targets": 7,
    "best_candidate_recall_mean": 0.12571428571428572,
    "top3_candidate_recall_mean": 0.14095238095238094,
    "validation_regret_mean": 0.009610511056014456,
    "normalized_validation_regret_mean": 0.22884719050013116,
    "test_regret_mean": 0.0005601396475519566,
    "removed_fraction": 0.8571428571428572,
    "passes_90pct_recall_at_50pct_removal": false
  },
  {
    "encoder": "vit_b16",
    "method": "random",
    "shortlist_size": 5,
    "rows": 700,
    "targets": 7,
    "best_candidate_recall_mean": 0.2642857142857143,
    "top3_candidate_recall_mean": 0.24142857142857144,
    "validation_regret_mean": 0.0064728945493697995,
    "normalized_validation_regret_mean": 0.14940817299498751,
    "test_regret_mean": -0.0006865284613200504,
    "removed_fraction": 0.7619047619047619,
    "passes_90pct_recall_at_50pct_removal": false
  },
  {
    "encoder": "vit_b16",
    "method": "random",
    "shortlist_size": 10,
    "rows": 700,
    "targets": 7,
    "best_candidate_recall_mean": 0.4785714285714286,
    "top3_candidate_recall_mean": 0.4828571428571429,
    "validation_regret_mean": 0.0033671389988490434,
    "normalized_validation_regret_mean": 0.07264041380794782,
    "test_regret_mean": -0.0016336681417056399,
    "removed_fraction": 0.5238095238095238,
    "passes_90pct_recall_at_50pct_removal": false
  },
  {
    "encoder": "vit_b16",
    "method": "rank_only",
    "shortlist_size": 3,
    "rows": 7,
    "targets": 7,
    "best_candidate_recall_mean": 0.5714285714285714,
    "top3_candidate_recall_mean": 0.42857142857142855,
    "validation_regret_mean": 0.0030194878578185974,
    "normalized_validation_regret_mean": 0.0460188795893542,
    "test_regret_mean": -0.004427463667733326,
    "removed_fraction": 0.8571428571428572,
    "passes_90pct_recall_at_50pct_removal": false
  },
  {
    "encoder": "vit_b16",
    "method": "rank_only",
    "shortlist_size": 5,
    "rows": 7,
    "targets": 7,
    "best_candidate_recall_mean": 0.5714285714285714,
    "top3_candidate_recall_mean": 0.5714285714285714,
    "validation_regret_mean": 0.002739376681191571,
    "normalized_validation_regret_mean": 0.042050639024257326,
    "test_regret_mean": -0.0035931706428527737,
    "removed_fraction": 0.7619047619047619,
    "passes_90pct_recall_at_50pct_removal": false
  },
  {
    "encoder": "vit_b16",
    "method": "rank_only",
    "shortlist_size": 10,
    "rows": 7,
    "targets": 7,
    "best_candidate_recall_mean": 0.7142857142857143,
    "top3_candidate_recall_mean": 0.8571428571428571,
    "validation_regret_mean": 0.0021292396954127562,
    "normalized_validation_regret_mean": 0.030767795740465096,
    "test_regret_mean": -0.00174539429800851,
    "removed_fraction": 0.5238095238095238,
    "passes_90pct_recall_at_50pct_removal": false
  }
]
