[
  {
    "encoder": "resnet50",
    "method": "dpp_subspace",
    "shortlist_size": 3,
    "rows": 7,
    "targets": 7,
    "best_candidate_recall_mean": 0.42857142857142855,
    "top3_candidate_recall_mean": 0.2261904761904762,
    "validation_regret_mean": 0.004249266215733127,
    "normalized_validation_regret_mean": 0.0927731914886795,
    "test_regret_mean": -0.010103918824877054,
    "removed_fraction": 0.8571428571428572,
    "passes_90pct_recall_at_50pct_removal": false
  },
  {
    "encoder": "resnet50",
    "method": "dpp_subspace",
    "shortlist_size": 5,
    "rows": 7,
    "targets": 7,
    "best_candidate_recall_mean": 0.42857142857142855,
    "top3_candidate_recall_mean": 0.3095238095238095,
    "validation_regret_mean": 0.003829097747802736,
    "normalized_validation_regret_mean": 0.08512012250950321,
    "test_regret_mean": -0.007646780354636055,
    "removed_fraction": 0.7619047619047619,
    "passes_90pct_recall_at_50pct_removal": false
  },
  {
    "encoder": "resnet50",
    "method": "dpp_subspace",
    "shortlist_size": 10,
    "rows": 7,
    "targets": 7,
    "best_candidate_recall_mean": 0.42857142857142855,
    "top3_candidate_recall_mean": 0.4523809523809524,
    "validation_regret_mean": 0.003659026963370187,
    "normalized_validation_regret_mean": 0.07940702550636206,
    "test_regret_mean": -0.005477682181767053,
    "removed_fraction": 0.5238095238095238,
    "passes_90pct_recall_at_50pct_removal": false
  },
  {
    "encoder": "resnet50",
    "method": "facility_subspace",
    "shortlist_size": 3,
    "rows": 7,
    "targets": 7,
    "best_candidate_recall_mean": 0.14285714285714285,
    "top3_candidate_recall_mean": 0.19047619047619047,
    "validation_regret_mean": 0.011741975375584206,
    "normalized_validation_regret_mean": 0.2267160346103167,
    "test_regret_mean": 0.005962663037436334,
    "removed_fraction": 0.8571428571428572,
    "passes_90pct_recall_at_50pct_removal": false
  },
  {
    "encoder": "resnet50",
    "method": "facility_subspace",
    "shortlist_size": 5,
    "rows": 7,
    "targets": 7,
    "best_candidate_recall_mean": 0.2857142857142857,
    "top3_candidate_recall_mean": 0.2261904761904762,
    "validation_regret_mean": 0.009681536470140742,
    "normalized_validation_regret_mean": 0.1790970001105988,
    "test_regret_mean": 0.003730520180293478,
    "removed_fraction": 0.7619047619047619,
    "passes_90pct_recall_at_50pct_removal": false
  },
  {
    "encoder": "resnet50",
    "method": "facility_subspace",
    "shortlist_size": 10,
    "rows": 7,
    "targets": 7,
    "best_candidate_recall_mean": 0.2857142857142857,
    "top3_candidate_recall_mean": 0.5357142857142857,
    "validation_regret_mean": 0.0070410779544285585,
    "normalized_validation_regret_mean": 0.13073738734687285,
    "test_regret_mean": 0.003665098122188023,
    "removed_fraction": 0.5238095238095238,
    "passes_90pct_recall_at_50pct_removal": false
  },
  {
    "encoder": "resnet50",
    "method": "full_merged_rank",
    "shortlist_size": 3,
    "rows": 7,
    "targets": 7,
    "best_candidate_recall_mean": 0.42857142857142855,
    "top3_candidate_recall_mean": 0.2261904761904762,
    "validation_regret_mean": 0.004249266215733127,
    "normalized_validation_regret_mean": 0.0927731914886795,
    "test_regret_mean": -0.010103918824877054,
    "removed_fraction": 0.8571428571428572,
    "passes_90pct_recall_at_50pct_removal": false
  },
  {
    "encoder": "resnet50",
    "method": "full_merged_rank",
    "shortlist_size": 5,
    "rows": 7,
    "targets": 7,
    "best_candidate_recall_mean": 0.42857142857142855,
    "top3_candidate_recall_mean": 0.4047619047619047,
    "validation_regret_mean": 0.003659026963370187,
    "normalized_validation_regret_mean": 0.07940702550636206,
    "test_regret_mean": -0.005477682181767053,
    "removed_fraction": 0.7619047619047619,
    "passes_90pct_recall_at_50pct_removal": false
  },
  {
    "encoder": "resnet50",
    "method": "full_merged_rank",
    "shortlist_size": 10,
    "rows": 7,
    "targets": 7,
    "best_candidate_recall_mean": 0.5714285714285714,
    "top3_candidate_recall_mean": 0.5357142857142858,
    "validation_regret_mean": 0.003375012534005311,
    "normalized_validation_regret_mean": 0.06467929564090828,
    "test_regret_mean": -0.005234292575291217,
    "removed_fraction": 0.5238095238095238,
    "passes_90pct_recall_at_50pct_removal": false
  },
  {
    "encoder": "resnet50",
    "method": "kcenter_subspace",
    "shortlist_size": 3,
    "rows": 7,
    "targets": 7,
    "best_candidate_recall_mean": 0.5714285714285714,
    "top3_candidate_recall_mean": 0.2738095238095238,
    "validation_regret_mean": 0.002954788718904771,
    "normalized_validation_regret_mean": 0.060445712182216546,
    "test_regret_mean": -0.0032252005168369852,
    "removed_fraction": 0.8571428571428572,
    "passes_90pct_recall_at_50pct_removal": false
  },
  {
    "encoder": "resnet50",
    "method": "kcenter_subspace",
    "shortlist_size": 5,
    "rows": 7,
    "targets": 7,
    "best_candidate_recall_mean": 0.8571428571428571,
    "top3_candidate_recall_mean": 0.4166666666666666,
    "validation_regret_mean": 5.6801523481087024e-05,
    "normalized_validation_regret_mean": 0.0029454753254840637,
    "test_regret_mean": -0.00028571912220546177,
    "removed_fraction": 0.7619047619047619,
    "passes_90pct_recall_at_50pct_removal": false
  },
  {
    "encoder": "resnet50",
    "method": "kcenter_subspace",
    "shortlist_size": 10,
    "rows": 7,
    "targets": 7,
    "best_candidate_recall_mean": 0.8571428571428571,
    "top3_candidate_recall_mean": 0.6785714285714286,
    "validation_regret_mean": 5.6801523481087024e-05,
    "normalized_validation_regret_mean": 0.0029454753254840637,
    "test_regret_mean": -0.00028571912220546177,
    "removed_fraction": 0.5238095238095238,
    "passes_90pct_recall_at_50pct_removal": false
  },
  {
    "encoder": "resnet50",
    "method": "pool_vendi_subspace",
    "shortlist_size": 3,
    "rows": 7,
    "targets": 7,
    "best_candidate_recall_mean": 0.5714285714285714,
    "top3_candidate_recall_mean": 0.2738095238095238,
    "validation_regret_mean": 0.002954788718904771,
    "normalized_validation_regret_mean": 0.060445712182216546,
    "test_regret_mean": -0.0032252005168369852,
    "removed_fraction": 0.8571428571428572,
    "passes_90pct_recall_at_50pct_removal": false
  },
  {
    "encoder": "resnet50",
    "method": "pool_vendi_subspace",
    "shortlist_size": 5,
    "rows": 7,
    "targets": 7,
    "best_candidate_recall_mean": 0.8571428571428571,
    "top3_candidate_recall_mean": 0.4166666666666666,
    "validation_regret_mean": 5.6801523481087024e-05,
    "normalized_validation_regret_mean": 0.0029454753254840637,
    "test_regret_mean": -0.00028571912220546177,
    "removed_fraction": 0.7619047619047619,
    "passes_90pct_recall_at_50pct_removal": false
  },
  {
    "encoder": "resnet50",
    "method": "pool_vendi_subspace",
    "shortlist_size": 10,
    "rows": 7,
    "targets": 7,
    "best_candidate_recall_mean": 0.8571428571428571,
    "top3_candidate_recall_mean": 0.6785714285714286,
    "validation_regret_mean": 5.6801523481087024e-05,
    "normalized_validation_regret_mean": 0.0029454753254840637,
    "test_regret_mean": -0.00028571912220546177,
    "removed_fraction": 0.5238095238095238,
    "passes_90pct_recall_at_50pct_removal": false
  },
  {
    "encoder": "resnet50",
    "method": "random",
    "shortlist_size": 3,
    "rows": 700,
    "targets": 7,
    "best_candidate_recall_mean": 0.14857142857142858,
    "top3_candidate_recall_mean": 0.1467857142857143,
    "validation_regret_mean": 0.01098344144650868,
    "normalized_validation_regret_mean": 0.227016145756566,
    "test_regret_mean": 0.002340197137423908,
    "removed_fraction": 0.8571428571428572,
    "passes_90pct_recall_at_50pct_removal": false
  },
  {
    "encoder": "resnet50",
    "method": "random",
    "shortlist_size": 5,
    "rows": 700,
    "targets": 7,
    "best_candidate_recall_mean": 0.2557142857142857,
    "top3_candidate_recall_mean": 0.2530952380952381,
    "validation_regret_mean": 0.008125912359782628,
    "normalized_validation_regret_mean": 0.16321716746703172,
    "test_regret_mean": 0.0011103213344301375,
    "removed_fraction": 0.7619047619047619,
    "passes_90pct_recall_at_50pct_removal": false
  },
  {
    "encoder": "resnet50",
    "method": "random",
    "shortlist_size": 10,
    "rows": 700,
    "targets": 7,
    "best_candidate_recall_mean": 0.46,
    "top3_candidate_recall_mean": 0.46,
    "validation_regret_mean": 0.004769027922834671,
    "normalized_validation_regret_mean": 0.09438120905548474,
    "test_regret_mean": 0.0003846522739955262,
    "removed_fraction": 0.5238095238095238,
    "passes_90pct_recall_at_50pct_removal": false
  },
  {
    "encoder": "resnet50",
    "method": "rank_only",
    "shortlist_size": 3,
    "rows": 7,
    "targets": 7,
    "best_candidate_recall_mean": 0.42857142857142855,
    "top3_candidate_recall_mean": 0.23809523809523808,
    "validation_regret_mean": 0.005595578466142924,
    "normalized_validation_regret_mean": 0.12073372060378178,
    "test_regret_mean": -0.004749822616577153,
    "removed_fraction": 0.8571428571428572,
    "passes_90pct_recall_at_50pct_removal": false
  },
  {
    "encoder": "resnet50",
    "method": "rank_only",
    "shortlist_size": 5,
    "rows": 7,
    "targets": 7,
    "best_candidate_recall_mean": 0.42857142857142855,
    "top3_candidate_recall_mean": 0.4047619047619047,
    "validation_regret_mean": 0.003659026963370187,
    "normalized_validation_regret_mean": 0.07940702550636206,
    "test_regret_mean": -0.005477682181767053,
    "removed_fraction": 0.7619047619047619,
    "passes_90pct_recall_at_50pct_removal": false
  },
  {
    "encoder": "resnet50",
    "method": "rank_only",
    "shortlist_size": 10,
    "rows": 7,
    "targets": 7,
    "best_candidate_recall_mean": 0.5714285714285714,
    "top3_candidate_recall_mean": 0.5,
    "validation_regret_mean": 0.003375012534005311,
    "normalized_validation_regret_mean": 0.06467929564090828,
    "test_regret_mean": -0.005234292575291217,
    "removed_fraction": 0.5238095238095238,
    "passes_90pct_recall_at_50pct_removal": false
  }
]
