[
  {
    "encoder": "resnet50",
    "method": "dpp_subspace",
    "shortlist_size": 3,
    "rows": 7,
    "targets": 7,
    "best_candidate_recall_mean": 0.2857142857142857,
    "top3_candidate_recall_mean": 0.38095238095238093,
    "validation_regret_mean": 0.00752934472901481,
    "normalized_validation_regret_mean": 0.14069338854610747,
    "test_regret_mean": -0.007827244486127578,
    "removed_fraction": 0.8571428571428572,
    "passes_90pct_recall_at_50pct_removal": false
  },
  {
    "encoder": "resnet50",
    "method": "dpp_subspace",
    "shortlist_size": 5,
    "rows": 7,
    "targets": 7,
    "best_candidate_recall_mean": 0.2857142857142857,
    "top3_candidate_recall_mean": 0.42857142857142855,
    "validation_regret_mean": 0.004507365397044605,
    "normalized_validation_regret_mean": 0.08457090568048738,
    "test_regret_mean": -0.0033629587718418635,
    "removed_fraction": 0.7619047619047619,
    "passes_90pct_recall_at_50pct_removal": false
  },
  {
    "encoder": "resnet50",
    "method": "dpp_subspace",
    "shortlist_size": 10,
    "rows": 7,
    "targets": 7,
    "best_candidate_recall_mean": 0.5714285714285714,
    "top3_candidate_recall_mean": 0.619047619047619,
    "validation_regret_mean": 0.0039479902812412804,
    "normalized_validation_regret_mean": 0.07608004240106538,
    "test_regret_mean": -0.002379732472555978,
    "removed_fraction": 0.5238095238095238,
    "passes_90pct_recall_at_50pct_removal": false
  },
  {
    "encoder": "resnet50",
    "method": "facility_subspace",
    "shortlist_size": 3,
    "rows": 7,
    "targets": 7,
    "best_candidate_recall_mean": 0.2857142857142857,
    "top3_candidate_recall_mean": 0.14285714285714285,
    "validation_regret_mean": 0.011123795168740402,
    "normalized_validation_regret_mean": 0.2433335098203207,
    "test_regret_mean": 0.002693009376525882,
    "removed_fraction": 0.8571428571428572,
    "passes_90pct_recall_at_50pct_removal": false
  },
  {
    "encoder": "resnet50",
    "method": "facility_subspace",
    "shortlist_size": 5,
    "rows": 7,
    "targets": 7,
    "best_candidate_recall_mean": 0.42857142857142855,
    "top3_candidate_recall_mean": 0.19047619047619047,
    "validation_regret_mean": 0.007277643680572503,
    "normalized_validation_regret_mean": 0.17190497001870894,
    "test_regret_mean": 0.0004608665193830249,
    "removed_fraction": 0.7619047619047619,
    "passes_90pct_recall_at_50pct_removal": false
  },
  {
    "encoder": "resnet50",
    "method": "facility_subspace",
    "shortlist_size": 10,
    "rows": 7,
    "targets": 7,
    "best_candidate_recall_mean": 0.7142857142857143,
    "top3_candidate_recall_mean": 0.42857142857142855,
    "validation_regret_mean": 0.0017704384667532721,
    "normalized_validation_regret_mean": 0.046468340689223,
    "test_regret_mean": 0.0029038241931370135,
    "removed_fraction": 0.5238095238095238,
    "passes_90pct_recall_at_50pct_removal": false
  },
  {
    "encoder": "resnet50",
    "method": "full_merged_rank",
    "shortlist_size": 3,
    "rows": 7,
    "targets": 7,
    "best_candidate_recall_mean": 0.2857142857142857,
    "top3_candidate_recall_mean": 0.38095238095238093,
    "validation_regret_mean": 0.00752934472901481,
    "normalized_validation_regret_mean": 0.14069338854610747,
    "test_regret_mean": -0.007827244486127578,
    "removed_fraction": 0.8571428571428572,
    "passes_90pct_recall_at_50pct_removal": false
  },
  {
    "encoder": "resnet50",
    "method": "full_merged_rank",
    "shortlist_size": 5,
    "rows": 7,
    "targets": 7,
    "best_candidate_recall_mean": 0.5714285714285714,
    "top3_candidate_recall_mean": 0.47619047619047616,
    "validation_regret_mean": 0.006420518670763288,
    "normalized_validation_regret_mean": 0.12199843459775835,
    "test_regret_mean": -0.005058303901127413,
    "removed_fraction": 0.7619047619047619,
    "passes_90pct_recall_at_50pct_removal": false
  },
  {
    "encoder": "resnet50",
    "method": "full_merged_rank",
    "shortlist_size": 10,
    "rows": 7,
    "targets": 7,
    "best_candidate_recall_mean": 0.5714285714285714,
    "top3_candidate_recall_mean": 0.6666666666666666,
    "validation_regret_mean": 0.0039479902812412804,
    "normalized_validation_regret_mean": 0.07608004240106538,
    "test_regret_mean": -0.002379732472555978,
    "removed_fraction": 0.5238095238095238,
    "passes_90pct_recall_at_50pct_removal": false
  },
  {
    "encoder": "resnet50",
    "method": "kcenter_subspace",
    "shortlist_size": 3,
    "rows": 7,
    "targets": 7,
    "best_candidate_recall_mean": 0.42857142857142855,
    "top3_candidate_recall_mean": 0.42857142857142855,
    "validation_regret_mean": 0.002859019381659389,
    "normalized_validation_regret_mean": 0.05395876018154459,
    "test_regret_mean": -0.004255815914699003,
    "removed_fraction": 0.8571428571428572,
    "passes_90pct_recall_at_50pct_removal": false
  },
  {
    "encoder": "resnet50",
    "method": "kcenter_subspace",
    "shortlist_size": 5,
    "rows": 7,
    "targets": 7,
    "best_candidate_recall_mean": 0.42857142857142855,
    "top3_candidate_recall_mean": 0.4761904761904762,
    "validation_regret_mean": 0.002859019381659389,
    "normalized_validation_regret_mean": 0.05395876018154459,
    "test_regret_mean": -0.004255815914699003,
    "removed_fraction": 0.7619047619047619,
    "passes_90pct_recall_at_50pct_removal": false
  },
  {
    "encoder": "resnet50",
    "method": "kcenter_subspace",
    "shortlist_size": 10,
    "rows": 7,
    "targets": 7,
    "best_candidate_recall_mean": 0.42857142857142855,
    "top3_candidate_recall_mean": 0.619047619047619,
    "validation_regret_mean": 0.0027458659240177812,
    "normalized_validation_regret_mean": 0.05211545420100504,
    "test_regret_mean": -0.003050100803375239,
    "removed_fraction": 0.5238095238095238,
    "passes_90pct_recall_at_50pct_removal": false
  },
  {
    "encoder": "resnet50",
    "method": "pool_vendi_subspace",
    "shortlist_size": 3,
    "rows": 7,
    "targets": 7,
    "best_candidate_recall_mean": 0.42857142857142855,
    "top3_candidate_recall_mean": 0.42857142857142855,
    "validation_regret_mean": 0.002859019381659389,
    "normalized_validation_regret_mean": 0.05395876018154459,
    "test_regret_mean": -0.004255815914699003,
    "removed_fraction": 0.8571428571428572,
    "passes_90pct_recall_at_50pct_removal": false
  },
  {
    "encoder": "resnet50",
    "method": "pool_vendi_subspace",
    "shortlist_size": 5,
    "rows": 7,
    "targets": 7,
    "best_candidate_recall_mean": 0.42857142857142855,
    "top3_candidate_recall_mean": 0.4761904761904762,
    "validation_regret_mean": 0.002859019381659389,
    "normalized_validation_regret_mean": 0.05395876018154459,
    "test_regret_mean": -0.004255815914699003,
    "removed_fraction": 0.7619047619047619,
    "passes_90pct_recall_at_50pct_removal": false
  },
  {
    "encoder": "resnet50",
    "method": "pool_vendi_subspace",
    "shortlist_size": 10,
    "rows": 7,
    "targets": 7,
    "best_candidate_recall_mean": 0.42857142857142855,
    "top3_candidate_recall_mean": 0.619047619047619,
    "validation_regret_mean": 0.0027458659240177812,
    "normalized_validation_regret_mean": 0.05211545420100504,
    "test_regret_mean": -0.003050100803375239,
    "removed_fraction": 0.5238095238095238,
    "passes_90pct_recall_at_50pct_removal": false
  },
  {
    "encoder": "resnet50",
    "method": "random",
    "shortlist_size": 3,
    "rows": 700,
    "targets": 7,
    "best_candidate_recall_mean": 0.1457142857142857,
    "top3_candidate_recall_mean": 0.14476190476190476,
    "validation_regret_mean": 0.01229599633387157,
    "normalized_validation_regret_mean": 0.2507293627956655,
    "test_regret_mean": 0.003070255705288473,
    "removed_fraction": 0.8571428571428572,
    "passes_90pct_recall_at_50pct_removal": false
  },
  {
    "encoder": "resnet50",
    "method": "random",
    "shortlist_size": 5,
    "rows": 700,
    "targets": 7,
    "best_candidate_recall_mean": 0.23,
    "top3_candidate_recall_mean": 0.23523809523809527,
    "validation_regret_mean": 0.009560255578586035,
    "normalized_validation_regret_mean": 0.19284553085965095,
    "test_regret_mean": 0.001860989911215642,
    "removed_fraction": 0.7619047619047619,
    "passes_90pct_recall_at_50pct_removal": false
  },
  {
    "encoder": "resnet50",
    "method": "random",
    "shortlist_size": 10,
    "rows": 700,
    "targets": 7,
    "best_candidate_recall_mean": 0.46,
    "top3_candidate_recall_mean": 0.4647619047619047,
    "validation_regret_mean": 0.0047429074815341365,
    "normalized_validation_regret_mean": 0.09669835972311247,
    "test_regret_mean": 0.0008094148976462197,
    "removed_fraction": 0.5238095238095238,
    "passes_90pct_recall_at_50pct_removal": false
  },
  {
    "encoder": "resnet50",
    "method": "rank_only",
    "shortlist_size": 3,
    "rows": 7,
    "targets": 7,
    "best_candidate_recall_mean": 0.5714285714285714,
    "top3_candidate_recall_mean": 0.42857142857142855,
    "validation_regret_mean": 0.00806886809212821,
    "normalized_validation_regret_mean": 0.1526106433506207,
    "test_regret_mean": -0.004835089615413124,
    "removed_fraction": 0.8571428571428572,
    "passes_90pct_recall_at_50pct_removal": false
  },
  {
    "encoder": "resnet50",
    "method": "rank_only",
    "shortlist_size": 5,
    "rows": 7,
    "targets": 7,
    "best_candidate_recall_mean": 0.5714285714285714,
    "top3_candidate_recall_mean": 0.47619047619047616,
    "validation_regret_mean": 0.006420518670763288,
    "normalized_validation_regret_mean": 0.12199843459775835,
    "test_regret_mean": -0.005058303901127413,
    "removed_fraction": 0.7619047619047619,
    "passes_90pct_recall_at_50pct_removal": false
  },
  {
    "encoder": "resnet50",
    "method": "rank_only",
    "shortlist_size": 10,
    "rows": 7,
    "targets": 7,
    "best_candidate_recall_mean": 0.5714285714285714,
    "top3_candidate_recall_mean": 0.619047619047619,
    "validation_regret_mean": 0.0039479902812412804,
    "normalized_validation_regret_mean": 0.07608004240106538,
    "test_regret_mean": -0.002379732472555978,
    "removed_fraction": 0.5238095238095238,
    "passes_90pct_recall_at_50pct_removal": false
  }
]
