[
  {
    "encoder": "resnet50",
    "method": "dpp_subspace",
    "shortlist_size": 3,
    "rows": 7,
    "targets": 7,
    "best_candidate_recall_mean": 0.8571428571428571,
    "top3_candidate_recall_mean": 0.380952380952381,
    "validation_regret_mean": 0.002569772272223309,
    "normalized_validation_regret_mean": 0.08571432957450968,
    "test_regret_mean": -0.004464285714285714,
    "removed_fraction": 0.8571428571428572,
    "passes_90pct_recall_at_50pct_removal": false
  },
  {
    "encoder": "resnet50",
    "method": "dpp_subspace",
    "shortlist_size": 5,
    "rows": 7,
    "targets": 7,
    "best_candidate_recall_mean": 0.8571428571428571,
    "top3_candidate_recall_mean": 0.42857142857142855,
    "validation_regret_mean": 0.0016026533763360432,
    "normalized_validation_regret_mean": 0.053456238584953894,
    "test_regret_mean": 0.0,
    "removed_fraction": 0.7619047619047619,
    "passes_90pct_recall_at_50pct_removal": false
  },
  {
    "encoder": "resnet50",
    "method": "dpp_subspace",
    "shortlist_size": 10,
    "rows": 7,
    "targets": 7,
    "best_candidate_recall_mean": 0.8571428571428571,
    "top3_candidate_recall_mean": 0.7142857142857143,
    "validation_regret_mean": 0.0013263327866570268,
    "normalized_validation_regret_mean": 0.04423961096857811,
    "test_regret_mean": -0.002232142857142857,
    "removed_fraction": 0.5238095238095238,
    "passes_90pct_recall_at_50pct_removal": false
  },
  {
    "encoder": "resnet50",
    "method": "facility_subspace",
    "shortlist_size": 3,
    "rows": 7,
    "targets": 7,
    "best_candidate_recall_mean": 0.0,
    "top3_candidate_recall_mean": 0.23809523809523808,
    "validation_regret_mean": 0.007557357736329302,
    "normalized_validation_regret_mean": 0.2115020411526211,
    "test_regret_mean": -0.0008159126554216753,
    "removed_fraction": 0.8571428571428572,
    "passes_90pct_recall_at_50pct_removal": false
  },
  {
    "encoder": "resnet50",
    "method": "facility_subspace",
    "shortlist_size": 5,
    "rows": 7,
    "targets": 7,
    "best_candidate_recall_mean": 0.14285714285714285,
    "top3_candidate_recall_mean": 0.2857142857142857,
    "validation_regret_mean": 0.0046283701239831655,
    "normalized_validation_regret_mean": 0.11380614325615698,
    "test_regret_mean": 0.0016394444874354708,
    "removed_fraction": 0.7619047619047619,
    "passes_90pct_recall_at_50pct_removal": false
  },
  {
    "encoder": "resnet50",
    "method": "facility_subspace",
    "shortlist_size": 10,
    "rows": 7,
    "targets": 7,
    "best_candidate_recall_mean": 0.14285714285714285,
    "top3_candidate_recall_mean": 0.5238095238095237,
    "validation_regret_mean": 0.004062654005851818,
    "normalized_validation_regret_mean": 0.09093522519419214,
    "test_regret_mean": -0.0005190713065011161,
    "removed_fraction": 0.5238095238095238,
    "passes_90pct_recall_at_50pct_removal": false
  },
  {
    "encoder": "resnet50",
    "method": "full_merged_rank",
    "shortlist_size": 3,
    "rows": 7,
    "targets": 7,
    "best_candidate_recall_mean": 0.8571428571428571,
    "top3_candidate_recall_mean": 0.380952380952381,
    "validation_regret_mean": 0.002569772272223309,
    "normalized_validation_regret_mean": 0.08571432957450968,
    "test_regret_mean": -0.004464285714285714,
    "removed_fraction": 0.8571428571428572,
    "passes_90pct_recall_at_50pct_removal": false
  },
  {
    "encoder": "resnet50",
    "method": "full_merged_rank",
    "shortlist_size": 5,
    "rows": 7,
    "targets": 7,
    "best_candidate_recall_mean": 0.8571428571428571,
    "top3_candidate_recall_mean": 0.619047619047619,
    "validation_regret_mean": 0.0023763474360062953,
    "normalized_validation_regret_mean": 0.07926267611921863,
    "test_regret_mean": -0.002678571428571435,
    "removed_fraction": 0.7619047619047619,
    "passes_90pct_recall_at_50pct_removal": false
  },
  {
    "encoder": "resnet50",
    "method": "full_merged_rank",
    "shortlist_size": 10,
    "rows": 7,
    "targets": 7,
    "best_candidate_recall_mean": 0.8571428571428571,
    "top3_candidate_recall_mean": 0.7619047619047619,
    "validation_regret_mean": 0.0013263327866570268,
    "normalized_validation_regret_mean": 0.04423961096857811,
    "test_regret_mean": -0.002232142857142857,
    "removed_fraction": 0.5238095238095238,
    "passes_90pct_recall_at_50pct_removal": false
  },
  {
    "encoder": "resnet50",
    "method": "kcenter_subspace",
    "shortlist_size": 3,
    "rows": 7,
    "targets": 7,
    "best_candidate_recall_mean": 1.0,
    "top3_candidate_recall_mean": 0.38095238095238093,
    "validation_regret_mean": 0.0,
    "normalized_validation_regret_mean": 0.0,
    "test_regret_mean": 0.0,
    "removed_fraction": 0.8571428571428572,
    "passes_90pct_recall_at_50pct_removal": true
  },
  {
    "encoder": "resnet50",
    "method": "kcenter_subspace",
    "shortlist_size": 5,
    "rows": 7,
    "targets": 7,
    "best_candidate_recall_mean": 1.0,
    "top3_candidate_recall_mean": 0.38095238095238093,
    "validation_regret_mean": 0.0,
    "normalized_validation_regret_mean": 0.0,
    "test_regret_mean": 0.0,
    "removed_fraction": 0.7619047619047619,
    "passes_90pct_recall_at_50pct_removal": true
  },
  {
    "encoder": "resnet50",
    "method": "kcenter_subspace",
    "shortlist_size": 10,
    "rows": 7,
    "targets": 7,
    "best_candidate_recall_mean": 1.0,
    "top3_candidate_recall_mean": 0.5714285714285714,
    "validation_regret_mean": 0.0,
    "normalized_validation_regret_mean": 0.0,
    "test_regret_mean": 0.0,
    "removed_fraction": 0.5238095238095238,
    "passes_90pct_recall_at_50pct_removal": true
  },
  {
    "encoder": "resnet50",
    "method": "pool_vendi_subspace",
    "shortlist_size": 3,
    "rows": 7,
    "targets": 7,
    "best_candidate_recall_mean": 1.0,
    "top3_candidate_recall_mean": 0.38095238095238093,
    "validation_regret_mean": 0.0,
    "normalized_validation_regret_mean": 0.0,
    "test_regret_mean": 0.0,
    "removed_fraction": 0.8571428571428572,
    "passes_90pct_recall_at_50pct_removal": true
  },
  {
    "encoder": "resnet50",
    "method": "pool_vendi_subspace",
    "shortlist_size": 5,
    "rows": 7,
    "targets": 7,
    "best_candidate_recall_mean": 1.0,
    "top3_candidate_recall_mean": 0.38095238095238093,
    "validation_regret_mean": 0.0,
    "normalized_validation_regret_mean": 0.0,
    "test_regret_mean": 0.0,
    "removed_fraction": 0.7619047619047619,
    "passes_90pct_recall_at_50pct_removal": true
  },
  {
    "encoder": "resnet50",
    "method": "pool_vendi_subspace",
    "shortlist_size": 10,
    "rows": 7,
    "targets": 7,
    "best_candidate_recall_mean": 1.0,
    "top3_candidate_recall_mean": 0.5714285714285714,
    "validation_regret_mean": 0.0,
    "normalized_validation_regret_mean": 0.0,
    "test_regret_mean": 0.0,
    "removed_fraction": 0.5238095238095238,
    "passes_90pct_recall_at_50pct_removal": true
  },
  {
    "encoder": "resnet50",
    "method": "random",
    "shortlist_size": 3,
    "rows": 700,
    "targets": 7,
    "best_candidate_recall_mean": 0.14857142857142858,
    "top3_candidate_recall_mean": 0.14809523809523809,
    "validation_regret_mean": 0.009213490621522305,
    "normalized_validation_regret_mean": 0.22241255131048815,
    "test_regret_mean": 0.004267509187970835,
    "removed_fraction": 0.8571428571428572,
    "passes_90pct_recall_at_50pct_removal": false
  },
  {
    "encoder": "resnet50",
    "method": "random",
    "shortlist_size": 5,
    "rows": 700,
    "targets": 7,
    "best_candidate_recall_mean": 0.23285714285714285,
    "top3_candidate_recall_mean": 0.24047619047619045,
    "validation_regret_mean": 0.006642106074692797,
    "normalized_validation_regret_mean": 0.15793354899919387,
    "test_regret_mean": 0.0027373071483203296,
    "removed_fraction": 0.7619047619047619,
    "passes_90pct_recall_at_50pct_removal": false
  },
  {
    "encoder": "resnet50",
    "method": "random",
    "shortlist_size": 10,
    "rows": 700,
    "targets": 7,
    "best_candidate_recall_mean": 0.4357142857142857,
    "top3_candidate_recall_mean": 0.47238095238095235,
    "validation_regret_mean": 0.0038741865425208108,
    "normalized_validation_regret_mean": 0.09270728085346831,
    "test_regret_mean": 0.0006262099146842904,
    "removed_fraction": 0.5238095238095238,
    "passes_90pct_recall_at_50pct_removal": false
  },
  {
    "encoder": "resnet50",
    "method": "rank_only",
    "shortlist_size": 3,
    "rows": 7,
    "targets": 7,
    "best_candidate_recall_mean": 0.8571428571428571,
    "top3_candidate_recall_mean": 0.5238095238095237,
    "validation_regret_mean": 0.002928987612346136,
    "normalized_validation_regret_mean": 0.09769589789646407,
    "test_regret_mean": -0.002455357142857146,
    "removed_fraction": 0.8571428571428572,
    "passes_90pct_recall_at_50pct_removal": false
  },
  {
    "encoder": "resnet50",
    "method": "rank_only",
    "shortlist_size": 5,
    "rows": 7,
    "targets": 7,
    "best_candidate_recall_mean": 0.8571428571428571,
    "top3_candidate_recall_mean": 0.619047619047619,
    "validation_regret_mean": 0.0023763474360062953,
    "normalized_validation_regret_mean": 0.07926267611921863,
    "test_regret_mean": -0.002678571428571435,
    "removed_fraction": 0.7619047619047619,
    "passes_90pct_recall_at_50pct_removal": false
  },
  {
    "encoder": "resnet50",
    "method": "rank_only",
    "shortlist_size": 10,
    "rows": 7,
    "targets": 7,
    "best_candidate_recall_mean": 0.8571428571428571,
    "top3_candidate_recall_mean": 0.7142857142857143,
    "validation_regret_mean": 0.0013263327866570268,
    "normalized_validation_regret_mean": 0.04423961096857811,
    "test_regret_mean": -0.002232142857142857,
    "removed_fraction": 0.5238095238095238,
    "passes_90pct_recall_at_50pct_removal": false
  }
]
