[
  {
    "encoder": "dinov2_b14",
    "method": "dpp_subspace",
    "shortlist_size": 3,
    "rows": 7,
    "targets": 7,
    "best_candidate_recall_mean": 0.42857142857142855,
    "top3_candidate_recall_mean": 0.3619047619047619,
    "validation_regret_mean": 0.0011107785361153771,
    "normalized_validation_regret_mean": 0.044741119057610634,
    "test_regret_mean": 6.947517395017311e-05,
    "removed_fraction": 0.8571428571428572,
    "passes_90pct_recall_at_50pct_removal": false
  },
  {
    "encoder": "dinov2_b14",
    "method": "dpp_subspace",
    "shortlist_size": 5,
    "rows": 7,
    "targets": 7,
    "best_candidate_recall_mean": 0.5714285714285714,
    "top3_candidate_recall_mean": 0.5047619047619047,
    "validation_regret_mean": 0.0006622433662414487,
    "normalized_validation_regret_mean": 0.02865012782500187,
    "test_regret_mean": 0.001173048360007137,
    "removed_fraction": 0.7619047619047619,
    "passes_90pct_recall_at_50pct_removal": false
  },
  {
    "encoder": "dinov2_b14",
    "method": "dpp_subspace",
    "shortlist_size": 10,
    "rows": 7,
    "targets": 7,
    "best_candidate_recall_mean": 0.8571428571428571,
    "top3_candidate_recall_mean": 0.7523809523809524,
    "validation_regret_mean": 0.00031240837914601826,
    "normalized_validation_regret_mean": 0.01496584110218213,
    "test_regret_mean": 0.0005820087024143796,
    "removed_fraction": 0.5238095238095238,
    "passes_90pct_recall_at_50pct_removal": false
  },
  {
    "encoder": "dinov2_b14",
    "method": "facility_subspace",
    "shortlist_size": 3,
    "rows": 7,
    "targets": 7,
    "best_candidate_recall_mean": 0.2857142857142857,
    "top3_candidate_recall_mean": 0.2476190476190476,
    "validation_regret_mean": 0.003804702418191086,
    "normalized_validation_regret_mean": 0.1372704053639004,
    "test_regret_mean": 0.004348334244319352,
    "removed_fraction": 0.8571428571428572,
    "passes_90pct_recall_at_50pct_removal": false
  },
  {
    "encoder": "dinov2_b14",
    "method": "facility_subspace",
    "shortlist_size": 5,
    "rows": 7,
    "targets": 7,
    "best_candidate_recall_mean": 0.2857142857142857,
    "top3_candidate_recall_mean": 0.2476190476190476,
    "validation_regret_mean": 0.0037273730550493323,
    "normalized_validation_regret_mean": 0.13187922480244882,
    "test_regret_mean": 0.004605312006814117,
    "removed_fraction": 0.7619047619047619,
    "passes_90pct_recall_at_50pct_removal": false
  },
  {
    "encoder": "dinov2_b14",
    "method": "facility_subspace",
    "shortlist_size": 10,
    "rows": 7,
    "targets": 7,
    "best_candidate_recall_mean": 0.42857142857142855,
    "top3_candidate_recall_mean": 0.37142857142857144,
    "validation_regret_mean": 0.0032687732151576326,
    "normalized_validation_regret_mean": 0.11165260686967564,
    "test_regret_mean": 0.004093863282884858,
    "removed_fraction": 0.5238095238095238,
    "passes_90pct_recall_at_50pct_removal": false
  },
  {
    "encoder": "dinov2_b14",
    "method": "full_merged_rank",
    "shortlist_size": 3,
    "rows": 7,
    "targets": 7,
    "best_candidate_recall_mean": 0.7142857142857143,
    "top3_candidate_recall_mean": 0.5333333333333333,
    "validation_regret_mean": 0.0006453394889831543,
    "normalized_validation_regret_mean": 0.03260133312578189,
    "test_regret_mean": 0.0005989994321550547,
    "removed_fraction": 0.8571428571428572,
    "passes_90pct_recall_at_50pct_removal": false
  },
  {
    "encoder": "dinov2_b14",
    "method": "full_merged_rank",
    "shortlist_size": 5,
    "rows": 7,
    "targets": 7,
    "best_candidate_recall_mean": 0.7142857142857143,
    "top3_candidate_recall_mean": 0.6761904761904762,
    "validation_regret_mean": 0.0003510679517473462,
    "normalized_validation_regret_mean": 0.01766107520026006,
    "test_regret_mean": 0.0007844771657671279,
    "removed_fraction": 0.7619047619047619,
    "passes_90pct_recall_at_50pct_removal": false
  },
  {
    "encoder": "dinov2_b14",
    "method": "full_merged_rank",
    "shortlist_size": 10,
    "rows": 7,
    "targets": 7,
    "best_candidate_recall_mean": 0.8571428571428571,
    "top3_candidate_recall_mean": 0.7999999999999999,
    "validation_regret_mean": 0.00031240837914601826,
    "normalized_validation_regret_mean": 0.01496584110218213,
    "test_regret_mean": 0.0005820087024143796,
    "removed_fraction": 0.5238095238095238,
    "passes_90pct_recall_at_50pct_removal": false
  },
  {
    "encoder": "dinov2_b14",
    "method": "kcenter_subspace",
    "shortlist_size": 3,
    "rows": 7,
    "targets": 7,
    "best_candidate_recall_mean": 0.42857142857142855,
    "top3_candidate_recall_mean": 0.26666666666666666,
    "validation_regret_mean": 0.002394989558628618,
    "normalized_validation_regret_mean": 0.09675621203409568,
    "test_regret_mean": 0.0008201718330383015,
    "removed_fraction": 0.8571428571428572,
    "passes_90pct_recall_at_50pct_removal": false
  },
  {
    "encoder": "dinov2_b14",
    "method": "kcenter_subspace",
    "shortlist_size": 5,
    "rows": 7,
    "targets": 7,
    "best_candidate_recall_mean": 0.5714285714285714,
    "top3_candidate_recall_mean": 0.34285714285714286,
    "validation_regret_mean": 0.002317670413425978,
    "normalized_validation_regret_mean": 0.09136574383794092,
    "test_regret_mean": 0.0006935562406267248,
    "removed_fraction": 0.7619047619047619,
    "passes_90pct_recall_at_50pct_removal": false
  },
  {
    "encoder": "dinov2_b14",
    "method": "kcenter_subspace",
    "shortlist_size": 10,
    "rows": 7,
    "targets": 7,
    "best_candidate_recall_mean": 0.7142857142857143,
    "top3_candidate_recall_mean": 0.5142857142857142,
    "validation_regret_mean": 0.0009075982230050128,
    "normalized_validation_regret_mean": 0.0395605301449383,
    "test_regret_mean": 0.0006810579981122603,
    "removed_fraction": 0.5238095238095238,
    "passes_90pct_recall_at_50pct_removal": false
  },
  {
    "encoder": "dinov2_b14",
    "method": "pool_vendi_subspace",
    "shortlist_size": 3,
    "rows": 7,
    "targets": 7,
    "best_candidate_recall_mean": 0.42857142857142855,
    "top3_candidate_recall_mean": 0.26666666666666666,
    "validation_regret_mean": 0.002394989558628618,
    "normalized_validation_regret_mean": 0.09675621203409568,
    "test_regret_mean": 0.0008201718330383015,
    "removed_fraction": 0.8571428571428572,
    "passes_90pct_recall_at_50pct_removal": false
  },
  {
    "encoder": "dinov2_b14",
    "method": "pool_vendi_subspace",
    "shortlist_size": 5,
    "rows": 7,
    "targets": 7,
    "best_candidate_recall_mean": 0.7142857142857143,
    "top3_candidate_recall_mean": 0.48571428571428565,
    "validation_regret_mean": 0.0009075982230050128,
    "normalized_validation_regret_mean": 0.0395605301449383,
    "test_regret_mean": 0.0006810579981122603,
    "removed_fraction": 0.7619047619047619,
    "passes_90pct_recall_at_50pct_removal": false
  },
  {
    "encoder": "dinov2_b14",
    "method": "pool_vendi_subspace",
    "shortlist_size": 10,
    "rows": 7,
    "targets": 7,
    "best_candidate_recall_mean": 0.7142857142857143,
    "top3_candidate_recall_mean": 0.5142857142857142,
    "validation_regret_mean": 0.0009075982230050128,
    "normalized_validation_regret_mean": 0.0395605301449383,
    "test_regret_mean": 0.0006810579981122603,
    "removed_fraction": 0.5238095238095238,
    "passes_90pct_recall_at_50pct_removal": false
  },
  {
    "encoder": "dinov2_b14",
    "method": "random",
    "shortlist_size": 3,
    "rows": 700,
    "targets": 7,
    "best_candidate_recall_mean": 0.16428571428571428,
    "top3_candidate_recall_mean": 0.1376190476190476,
    "validation_regret_mean": 0.005498621821403496,
    "normalized_validation_regret_mean": 0.19812259133028579,
    "test_regret_mean": 0.004843086447034542,
    "removed_fraction": 0.8571428571428572,
    "passes_90pct_recall_at_50pct_removal": false
  },
  {
    "encoder": "dinov2_b14",
    "method": "random",
    "shortlist_size": 5,
    "rows": 700,
    "targets": 7,
    "best_candidate_recall_mean": 0.32142857142857145,
    "top3_candidate_recall_mean": 0.24304761904761904,
    "validation_regret_mean": 0.003821282335690085,
    "normalized_validation_regret_mean": 0.1326130046519519,
    "test_regret_mean": 0.0036670829568590246,
    "removed_fraction": 0.7619047619047619,
    "passes_90pct_recall_at_50pct_removal": false
  },
  {
    "encoder": "dinov2_b14",
    "method": "random",
    "shortlist_size": 10,
    "rows": 700,
    "targets": 7,
    "best_candidate_recall_mean": 0.5842857142857143,
    "top3_candidate_recall_mean": 0.5022857142857143,
    "validation_regret_mean": 0.0017315031800951267,
    "normalized_validation_regret_mean": 0.058390908767312906,
    "test_regret_mean": 0.0023391841479710007,
    "removed_fraction": 0.5238095238095238,
    "passes_90pct_recall_at_50pct_removal": false
  },
  {
    "encoder": "dinov2_b14",
    "method": "rank_only",
    "shortlist_size": 3,
    "rows": 7,
    "targets": 7,
    "best_candidate_recall_mean": 0.5714285714285714,
    "top3_candidate_recall_mean": 0.5333333333333333,
    "validation_regret_mean": 0.0004884311131068607,
    "normalized_validation_regret_mean": 0.022763134089127036,
    "test_regret_mean": 0.00033804859433855014,
    "removed_fraction": 0.8571428571428572,
    "passes_90pct_recall_at_50pct_removal": false
  },
  {
    "encoder": "dinov2_b14",
    "method": "rank_only",
    "shortlist_size": 5,
    "rows": 7,
    "targets": 7,
    "best_candidate_recall_mean": 0.7142857142857143,
    "top3_candidate_recall_mean": 0.6761904761904762,
    "validation_regret_mean": 0.0003510679517473462,
    "normalized_validation_regret_mean": 0.01766107520026006,
    "test_regret_mean": 0.0007844771657671279,
    "removed_fraction": 0.7619047619047619,
    "passes_90pct_recall_at_50pct_removal": false
  },
  {
    "encoder": "dinov2_b14",
    "method": "rank_only",
    "shortlist_size": 10,
    "rows": 7,
    "targets": 7,
    "best_candidate_recall_mean": 0.8571428571428571,
    "top3_candidate_recall_mean": 0.7999999999999999,
    "validation_regret_mean": 0.00031240837914601826,
    "normalized_validation_regret_mean": 0.01496584110218213,
    "test_regret_mean": 0.0005820087024143796,
    "removed_fraction": 0.5238095238095238,
    "passes_90pct_recall_at_50pct_removal": false
  }
]
