[
  {
    "encoder": "vit_b16",
    "method": "dpp_subspace",
    "shortlist_size": 3,
    "rows": 7,
    "targets": 7,
    "best_candidate_recall_mean": 0.7142857142857143,
    "top3_candidate_recall_mean": 0.42857142857142855,
    "best_candidate_family_recall_mean": 1.0,
    "top3_candidate_family_recall_mean": 0.6666666666666666,
    "validation_regret_mean": 7.424655868896021e-05,
    "normalized_validation_regret_mean": 0.00230057113394302,
    "test_regret_mean": -0.0013482110840933553,
    "removed_fraction": 0.8235294117647058,
    "selected_family_count_mean": 3.0,
    "removed_family_fraction_mean": 0.7857142857142857,
    "passes_90pct_recall_at_50pct_removal": false
  },
  {
    "encoder": "vit_b16",
    "method": "dpp_subspace",
    "shortlist_size": 5,
    "rows": 7,
    "targets": 7,
    "best_candidate_recall_mean": 0.7142857142857143,
    "top3_candidate_recall_mean": 0.4761904761904762,
    "best_candidate_family_recall_mean": 1.0,
    "top3_candidate_family_recall_mean": 0.8095238095238094,
    "validation_regret_mean": 7.424655868896021e-05,
    "normalized_validation_regret_mean": 0.00230057113394302,
    "test_regret_mean": -0.0013482110840933553,
    "removed_fraction": 0.7058823529411764,
    "selected_family_count_mean": 5.0,
    "removed_family_fraction_mean": 0.6428571428571429,
    "passes_90pct_recall_at_50pct_removal": false
  },
  {
    "encoder": "vit_b16",
    "method": "dpp_subspace",
    "shortlist_size": 8,
    "rows": 7,
    "targets": 7,
    "best_candidate_recall_mean": 1.0,
    "top3_candidate_recall_mean": 0.8095238095238095,
    "best_candidate_family_recall_mean": 1.0,
    "top3_candidate_family_recall_mean": 0.9047619047619048,
    "validation_regret_mean": 0.0,
    "normalized_validation_regret_mean": 0.0,
    "test_regret_mean": 0.0,
    "removed_fraction": 0.5294117647058824,
    "selected_family_count_mean": 7.0,
    "removed_family_fraction_mean": 0.5,
    "passes_90pct_recall_at_50pct_removal": true
  },
  {
    "encoder": "vit_b16",
    "method": "facility_subspace",
    "shortlist_size": 3,
    "rows": 7,
    "targets": 7,
    "best_candidate_recall_mean": 0.2857142857142857,
    "top3_candidate_recall_mean": 0.23809523809523808,
    "best_candidate_family_recall_mean": 0.2857142857142857,
    "top3_candidate_family_recall_mean": 0.3333333333333333,
    "validation_regret_mean": 0.0034951752580751894,
    "normalized_validation_regret_mean": 0.11149398828540928,
    "test_regret_mean": 0.0027491654668535697,
    "removed_fraction": 0.8235294117647058,
    "selected_family_count_mean": 3.0,
    "removed_family_fraction_mean": 0.7857142857142857,
    "passes_90pct_recall_at_50pct_removal": false
  },
  {
    "encoder": "vit_b16",
    "method": "facility_subspace",
    "shortlist_size": 5,
    "rows": 7,
    "targets": 7,
    "best_candidate_recall_mean": 0.5714285714285714,
    "top3_candidate_recall_mean": 0.380952380952381,
    "best_candidate_family_recall_mean": 0.5714285714285714,
    "top3_candidate_family_recall_mean": 0.47619047619047616,
    "validation_regret_mean": 0.001267931150606432,
    "normalized_validation_regret_mean": 0.04931652178547167,
    "test_regret_mean": 0.0006388119288853426,
    "removed_fraction": 0.7058823529411764,
    "selected_family_count_mean": 5.0,
    "removed_family_fraction_mean": 0.6428571428571429,
    "passes_90pct_recall_at_50pct_removal": false
  },
  {
    "encoder": "vit_b16",
    "method": "facility_subspace",
    "shortlist_size": 8,
    "rows": 7,
    "targets": 7,
    "best_candidate_recall_mean": 0.5714285714285714,
    "top3_candidate_recall_mean": 0.4761904761904762,
    "best_candidate_family_recall_mean": 0.5714285714285714,
    "top3_candidate_family_recall_mean": 0.5714285714285714,
    "validation_regret_mean": 0.001267931150606432,
    "normalized_validation_regret_mean": 0.04931652178547167,
    "test_regret_mean": 0.0006388119288853426,
    "removed_fraction": 0.5294117647058824,
    "selected_family_count_mean": 8.0,
    "removed_family_fraction_mean": 0.4285714285714287,
    "passes_90pct_recall_at_50pct_removal": false
  },
  {
    "encoder": "vit_b16",
    "method": "full_merged_rank",
    "shortlist_size": 3,
    "rows": 7,
    "targets": 7,
    "best_candidate_recall_mean": 0.7142857142857143,
    "top3_candidate_recall_mean": 0.42857142857142855,
    "best_candidate_family_recall_mean": 1.0,
    "top3_candidate_family_recall_mean": 0.6666666666666666,
    "validation_regret_mean": 7.424655868896021e-05,
    "normalized_validation_regret_mean": 0.00230057113394302,
    "test_regret_mean": -0.0013482110840933553,
    "removed_fraction": 0.8235294117647058,
    "selected_family_count_mean": 3.0,
    "removed_family_fraction_mean": 0.7857142857142857,
    "passes_90pct_recall_at_50pct_removal": false
  },
  {
    "encoder": "vit_b16",
    "method": "full_merged_rank",
    "shortlist_size": 5,
    "rows": 7,
    "targets": 7,
    "best_candidate_recall_mean": 1.0,
    "top3_candidate_recall_mean": 0.7142857142857143,
    "best_candidate_family_recall_mean": 1.0,
    "top3_candidate_family_recall_mean": 0.7142857142857143,
    "validation_regret_mean": 0.0,
    "normalized_validation_regret_mean": 0.0,
    "test_regret_mean": 0.0,
    "removed_fraction": 0.7058823529411764,
    "selected_family_count_mean": 4.0,
    "removed_family_fraction_mean": 0.7142857142857143,
    "passes_90pct_recall_at_50pct_removal": true
  },
  {
    "encoder": "vit_b16",
    "method": "full_merged_rank",
    "shortlist_size": 8,
    "rows": 7,
    "targets": 7,
    "best_candidate_recall_mean": 1.0,
    "top3_candidate_recall_mean": 0.8095238095238095,
    "best_candidate_family_recall_mean": 1.0,
    "top3_candidate_family_recall_mean": 0.8571428571428571,
    "validation_regret_mean": 0.0,
    "normalized_validation_regret_mean": 0.0,
    "test_regret_mean": 0.0,
    "removed_fraction": 0.5294117647058824,
    "selected_family_count_mean": 6.0,
    "removed_family_fraction_mean": 0.5714285714285713,
    "passes_90pct_recall_at_50pct_removal": true
  },
  {
    "encoder": "vit_b16",
    "method": "kcenter_subspace",
    "shortlist_size": 3,
    "rows": 7,
    "targets": 7,
    "best_candidate_recall_mean": 0.42857142857142855,
    "top3_candidate_recall_mean": 0.3333333333333333,
    "best_candidate_family_recall_mean": 0.42857142857142855,
    "top3_candidate_family_recall_mean": 0.3333333333333333,
    "validation_regret_mean": 0.00118584684340509,
    "normalized_validation_regret_mean": 0.03589093803545751,
    "test_regret_mean": 0.0007192816053118009,
    "removed_fraction": 0.8235294117647058,
    "selected_family_count_mean": 3.0,
    "removed_family_fraction_mean": 0.7857142857142857,
    "passes_90pct_recall_at_50pct_removal": false
  },
  {
    "encoder": "vit_b16",
    "method": "kcenter_subspace",
    "shortlist_size": 5,
    "rows": 7,
    "targets": 7,
    "best_candidate_recall_mean": 0.7142857142857143,
    "top3_candidate_recall_mean": 0.4761904761904762,
    "best_candidate_family_recall_mean": 0.7142857142857143,
    "top3_candidate_family_recall_mean": 0.4761904761904762,
    "validation_regret_mean": 7.424655868896021e-05,
    "normalized_validation_regret_mean": 0.00230057113394302,
    "test_regret_mean": -0.0013482110840933553,
    "removed_fraction": 0.7058823529411764,
    "selected_family_count_mean": 5.0,
    "removed_family_fraction_mean": 0.6428571428571429,
    "passes_90pct_recall_at_50pct_removal": false
  },
  {
    "encoder": "vit_b16",
    "method": "kcenter_subspace",
    "shortlist_size": 8,
    "rows": 7,
    "targets": 7,
    "best_candidate_recall_mean": 0.7142857142857143,
    "top3_candidate_recall_mean": 0.5714285714285714,
    "best_candidate_family_recall_mean": 0.7142857142857143,
    "top3_candidate_family_recall_mean": 0.5714285714285714,
    "validation_regret_mean": 7.424655868896021e-05,
    "normalized_validation_regret_mean": 0.00230057113394302,
    "test_regret_mean": -0.0013482110840933553,
    "removed_fraction": 0.5294117647058824,
    "selected_family_count_mean": 8.0,
    "removed_family_fraction_mean": 0.4285714285714287,
    "passes_90pct_recall_at_50pct_removal": false
  },
  {
    "encoder": "vit_b16",
    "method": "pool_vendi_subspace",
    "shortlist_size": 3,
    "rows": 7,
    "targets": 7,
    "best_candidate_recall_mean": 0.42857142857142855,
    "top3_candidate_recall_mean": 0.3333333333333333,
    "best_candidate_family_recall_mean": 0.42857142857142855,
    "top3_candidate_family_recall_mean": 0.3333333333333333,
    "validation_regret_mean": 0.00118584684340509,
    "normalized_validation_regret_mean": 0.03589093803545751,
    "test_regret_mean": 0.0007192816053118009,
    "removed_fraction": 0.8235294117647058,
    "selected_family_count_mean": 3.0,
    "removed_family_fraction_mean": 0.7857142857142857,
    "passes_90pct_recall_at_50pct_removal": false
  },
  {
    "encoder": "vit_b16",
    "method": "pool_vendi_subspace",
    "shortlist_size": 5,
    "rows": 7,
    "targets": 7,
    "best_candidate_recall_mean": 0.7142857142857143,
    "top3_candidate_recall_mean": 0.4761904761904762,
    "best_candidate_family_recall_mean": 0.7142857142857143,
    "top3_candidate_family_recall_mean": 0.4761904761904762,
    "validation_regret_mean": 7.424655868896021e-05,
    "normalized_validation_regret_mean": 0.00230057113394302,
    "test_regret_mean": -0.0013482110840933553,
    "removed_fraction": 0.7058823529411764,
    "selected_family_count_mean": 5.0,
    "removed_family_fraction_mean": 0.6428571428571429,
    "passes_90pct_recall_at_50pct_removal": false
  },
  {
    "encoder": "vit_b16",
    "method": "pool_vendi_subspace",
    "shortlist_size": 8,
    "rows": 7,
    "targets": 7,
    "best_candidate_recall_mean": 0.7142857142857143,
    "top3_candidate_recall_mean": 0.5714285714285714,
    "best_candidate_family_recall_mean": 0.7142857142857143,
    "top3_candidate_family_recall_mean": 0.5714285714285714,
    "validation_regret_mean": 7.424655868896021e-05,
    "normalized_validation_regret_mean": 0.00230057113394302,
    "test_regret_mean": -0.0013482110840933553,
    "removed_fraction": 0.5294117647058824,
    "selected_family_count_mean": 8.0,
    "removed_family_fraction_mean": 0.4285714285714287,
    "passes_90pct_recall_at_50pct_removal": false
  },
  {
    "encoder": "vit_b16",
    "method": "random",
    "shortlist_size": 3,
    "rows": 700,
    "targets": 7,
    "best_candidate_recall_mean": 0.18428571428571427,
    "top3_candidate_recall_mean": 0.1742857142857143,
    "best_candidate_family_recall_mean": 0.22857142857142856,
    "top3_candidate_family_recall_mean": 0.23666666666666666,
    "validation_regret_mean": 0.005935356174919323,
    "normalized_validation_regret_mean": 0.20271672836363416,
    "test_regret_mean": 0.006558657339641032,
    "removed_fraction": 0.8235294117647058,
    "selected_family_count_mean": 2.92,
    "removed_family_fraction_mean": 0.7914285714285715,
    "passes_90pct_recall_at_50pct_removal": false
  },
  {
    "encoder": "vit_b16",
    "method": "random",
    "shortlist_size": 5,
    "rows": 700,
    "targets": 7,
    "best_candidate_recall_mean": 0.30428571428571427,
    "top3_candidate_recall_mean": 0.2914285714285714,
    "best_candidate_family_recall_mean": 0.36714285714285716,
    "top3_candidate_family_recall_mean": 0.3795238095238095,
    "validation_regret_mean": 0.003639489341778452,
    "normalized_validation_regret_mean": 0.12883504672592513,
    "test_regret_mean": 0.004717762010438105,
    "removed_fraction": 0.7058823529411764,
    "selected_family_count_mean": 4.73,
    "removed_family_fraction_mean": 0.662142857142857,
    "passes_90pct_recall_at_50pct_removal": false
  },
  {
    "encoder": "vit_b16",
    "method": "random",
    "shortlist_size": 8,
    "rows": 700,
    "targets": 7,
    "best_candidate_recall_mean": 0.4471428571428571,
    "top3_candidate_recall_mean": 0.47238095238095235,
    "best_candidate_family_recall_mean": 0.5142857142857142,
    "top3_candidate_family_recall_mean": 0.5719047619047619,
    "validation_regret_mean": 0.0023859828592424025,
    "normalized_validation_regret_mean": 0.07971047906627021,
    "test_regret_mean": 0.002814375255789078,
    "removed_fraction": 0.5294117647058824,
    "selected_family_count_mean": 7.258571428571429,
    "removed_family_fraction_mean": 0.481530612244898,
    "passes_90pct_recall_at_50pct_removal": false
  },
  {
    "encoder": "vit_b16",
    "method": "rank_only",
    "shortlist_size": 3,
    "rows": 7,
    "targets": 7,
    "best_candidate_recall_mean": 0.7142857142857143,
    "top3_candidate_recall_mean": 0.5238095238095237,
    "best_candidate_family_recall_mean": 0.7142857142857143,
    "top3_candidate_family_recall_mean": 0.5238095238095237,
    "validation_regret_mean": 0.0014708154145729774,
    "normalized_validation_regret_mean": 0.04704792062522273,
    "test_regret_mean": 0.0009514212608337276,
    "removed_fraction": 0.8235294117647058,
    "selected_family_count_mean": 2.0,
    "removed_family_fraction_mean": 0.8571428571428574,
    "passes_90pct_recall_at_50pct_removal": false
  },
  {
    "encoder": "vit_b16",
    "method": "rank_only",
    "shortlist_size": 5,
    "rows": 7,
    "targets": 7,
    "best_candidate_recall_mean": 1.0,
    "top3_candidate_recall_mean": 0.7142857142857143,
    "best_candidate_family_recall_mean": 1.0,
    "top3_candidate_family_recall_mean": 0.7142857142857143,
    "validation_regret_mean": 0.0,
    "normalized_validation_regret_mean": 0.0,
    "test_regret_mean": 0.0,
    "removed_fraction": 0.7058823529411764,
    "selected_family_count_mean": 4.0,
    "removed_family_fraction_mean": 0.7142857142857143,
    "passes_90pct_recall_at_50pct_removal": true
  },
  {
    "encoder": "vit_b16",
    "method": "rank_only",
    "shortlist_size": 8,
    "rows": 7,
    "targets": 7,
    "best_candidate_recall_mean": 1.0,
    "top3_candidate_recall_mean": 0.8095238095238094,
    "best_candidate_family_recall_mean": 1.0,
    "top3_candidate_family_recall_mean": 0.8095238095238094,
    "validation_regret_mean": 0.0,
    "normalized_validation_regret_mean": 0.0,
    "test_regret_mean": 0.0,
    "removed_fraction": 0.5294117647058824,
    "selected_family_count_mean": 5.0,
    "removed_family_fraction_mean": 0.6428571428571429,
    "passes_90pct_recall_at_50pct_removal": true
  }
]
