[
  {
    "encoder": "vit_b16",
    "method": "dpp_subspace",
    "shortlist_size": 3,
    "rows": 7,
    "targets": 7,
    "best_candidate_recall_mean": 0.7142857142857143,
    "top3_candidate_recall_mean": 0.42857142857142855,
    "best_candidate_family_recall_mean": 1.0,
    "top3_candidate_family_recall_mean": 0.6666666666666666,
    "validation_regret_mean": 7.424655868896021e-05,
    "normalized_validation_regret_mean": 0.00230057113394302,
    "test_regret_mean": -0.0013482110840933553,
    "removed_fraction": 0.8571428571428572,
    "selected_family_count_mean": 3.0,
    "removed_family_fraction_mean": 0.8235294117647057,
    "passes_90pct_recall_at_50pct_removal": false
  },
  {
    "encoder": "vit_b16",
    "method": "dpp_subspace",
    "shortlist_size": 5,
    "rows": 7,
    "targets": 7,
    "best_candidate_recall_mean": 0.7142857142857143,
    "top3_candidate_recall_mean": 0.4761904761904762,
    "best_candidate_family_recall_mean": 1.0,
    "top3_candidate_family_recall_mean": 0.7619047619047619,
    "validation_regret_mean": 7.424655868896021e-05,
    "normalized_validation_regret_mean": 0.00230057113394302,
    "test_regret_mean": -0.0013482110840933553,
    "removed_fraction": 0.7619047619047619,
    "selected_family_count_mean": 5.0,
    "removed_family_fraction_mean": 0.7058823529411765,
    "passes_90pct_recall_at_50pct_removal": false
  },
  {
    "encoder": "vit_b16",
    "method": "dpp_subspace",
    "shortlist_size": 10,
    "rows": 7,
    "targets": 7,
    "best_candidate_recall_mean": 1.0,
    "top3_candidate_recall_mean": 0.8571428571428571,
    "best_candidate_family_recall_mean": 1.0,
    "top3_candidate_family_recall_mean": 0.9047619047619048,
    "validation_regret_mean": 0.0,
    "normalized_validation_regret_mean": 0.0,
    "test_regret_mean": 0.0,
    "removed_fraction": 0.5238095238095238,
    "selected_family_count_mean": 9.0,
    "removed_family_fraction_mean": 0.4705882352941177,
    "passes_90pct_recall_at_50pct_removal": true
  },
  {
    "encoder": "vit_b16",
    "method": "facility_subspace",
    "shortlist_size": 3,
    "rows": 7,
    "targets": 7,
    "best_candidate_recall_mean": 0.2857142857142857,
    "top3_candidate_recall_mean": 0.2857142857142857,
    "best_candidate_family_recall_mean": 0.2857142857142857,
    "top3_candidate_family_recall_mean": 0.3333333333333333,
    "validation_regret_mean": 0.0034951752580751894,
    "normalized_validation_regret_mean": 0.11149398828540928,
    "test_regret_mean": 0.0027491654668535697,
    "removed_fraction": 0.8571428571428572,
    "selected_family_count_mean": 3.0,
    "removed_family_fraction_mean": 0.8235294117647057,
    "passes_90pct_recall_at_50pct_removal": false
  },
  {
    "encoder": "vit_b16",
    "method": "facility_subspace",
    "shortlist_size": 5,
    "rows": 7,
    "targets": 7,
    "best_candidate_recall_mean": 0.5714285714285714,
    "top3_candidate_recall_mean": 0.42857142857142855,
    "best_candidate_family_recall_mean": 0.5714285714285714,
    "top3_candidate_family_recall_mean": 0.47619047619047616,
    "validation_regret_mean": 0.001267931150606432,
    "normalized_validation_regret_mean": 0.04931652178547167,
    "test_regret_mean": 0.0006388119288853426,
    "removed_fraction": 0.7619047619047619,
    "selected_family_count_mean": 5.0,
    "removed_family_fraction_mean": 0.7058823529411765,
    "passes_90pct_recall_at_50pct_removal": false
  },
  {
    "encoder": "vit_b16",
    "method": "facility_subspace",
    "shortlist_size": 10,
    "rows": 7,
    "targets": 7,
    "best_candidate_recall_mean": 0.5714285714285714,
    "top3_candidate_recall_mean": 0.5238095238095238,
    "best_candidate_family_recall_mean": 0.5714285714285714,
    "top3_candidate_family_recall_mean": 0.5714285714285714,
    "validation_regret_mean": 0.001267931150606432,
    "normalized_validation_regret_mean": 0.04931652178547167,
    "test_regret_mean": 0.0006388119288853426,
    "removed_fraction": 0.5238095238095238,
    "selected_family_count_mean": 10.0,
    "removed_family_fraction_mean": 0.41176470588235287,
    "passes_90pct_recall_at_50pct_removal": false
  },
  {
    "encoder": "vit_b16",
    "method": "full_merged_rank",
    "shortlist_size": 3,
    "rows": 7,
    "targets": 7,
    "best_candidate_recall_mean": 0.7142857142857143,
    "top3_candidate_recall_mean": 0.42857142857142855,
    "best_candidate_family_recall_mean": 1.0,
    "top3_candidate_family_recall_mean": 0.6666666666666666,
    "validation_regret_mean": 7.424655868896021e-05,
    "normalized_validation_regret_mean": 0.00230057113394302,
    "test_regret_mean": -0.0013482110840933553,
    "removed_fraction": 0.8571428571428572,
    "selected_family_count_mean": 3.0,
    "removed_family_fraction_mean": 0.8235294117647057,
    "passes_90pct_recall_at_50pct_removal": false
  },
  {
    "encoder": "vit_b16",
    "method": "full_merged_rank",
    "shortlist_size": 5,
    "rows": 7,
    "targets": 7,
    "best_candidate_recall_mean": 1.0,
    "top3_candidate_recall_mean": 0.7142857142857143,
    "best_candidate_family_recall_mean": 1.0,
    "top3_candidate_family_recall_mean": 0.7142857142857143,
    "validation_regret_mean": 0.0,
    "normalized_validation_regret_mean": 0.0,
    "test_regret_mean": 0.0,
    "removed_fraction": 0.7619047619047619,
    "selected_family_count_mean": 4.0,
    "removed_family_fraction_mean": 0.7647058823529411,
    "passes_90pct_recall_at_50pct_removal": true
  },
  {
    "encoder": "vit_b16",
    "method": "full_merged_rank",
    "shortlist_size": 10,
    "rows": 7,
    "targets": 7,
    "best_candidate_recall_mean": 1.0,
    "top3_candidate_recall_mean": 0.9047619047619048,
    "best_candidate_family_recall_mean": 1.0,
    "top3_candidate_family_recall_mean": 0.9047619047619048,
    "validation_regret_mean": 0.0,
    "normalized_validation_regret_mean": 0.0,
    "test_regret_mean": 0.0,
    "removed_fraction": 0.5238095238095238,
    "selected_family_count_mean": 8.0,
    "removed_family_fraction_mean": 0.5294117647058824,
    "passes_90pct_recall_at_50pct_removal": true
  },
  {
    "encoder": "vit_b16",
    "method": "kcenter_subspace",
    "shortlist_size": 3,
    "rows": 7,
    "targets": 7,
    "best_candidate_recall_mean": 0.42857142857142855,
    "top3_candidate_recall_mean": 0.2857142857142857,
    "best_candidate_family_recall_mean": 0.42857142857142855,
    "top3_candidate_family_recall_mean": 0.3333333333333333,
    "validation_regret_mean": 0.0015450619732619378,
    "normalized_validation_regret_mean": 0.049348491759165745,
    "test_regret_mean": -0.0003967898232596277,
    "removed_fraction": 0.8571428571428572,
    "selected_family_count_mean": 3.0,
    "removed_family_fraction_mean": 0.8235294117647057,
    "passes_90pct_recall_at_50pct_removal": false
  },
  {
    "encoder": "vit_b16",
    "method": "kcenter_subspace",
    "shortlist_size": 5,
    "rows": 7,
    "targets": 7,
    "best_candidate_recall_mean": 0.42857142857142855,
    "top3_candidate_recall_mean": 0.2857142857142857,
    "best_candidate_family_recall_mean": 0.42857142857142855,
    "top3_candidate_family_recall_mean": 0.3333333333333333,
    "validation_regret_mean": 0.001296374903926962,
    "normalized_validation_regret_mean": 0.040031736094389855,
    "test_regret_mean": 0.0016121387481689406,
    "removed_fraction": 0.7619047619047619,
    "selected_family_count_mean": 5.0,
    "removed_family_fraction_mean": 0.7058823529411765,
    "passes_90pct_recall_at_50pct_removal": false
  },
  {
    "encoder": "vit_b16",
    "method": "kcenter_subspace",
    "shortlist_size": 10,
    "rows": 7,
    "targets": 7,
    "best_candidate_recall_mean": 0.7142857142857143,
    "top3_candidate_recall_mean": 0.5238095238095238,
    "best_candidate_family_recall_mean": 0.7142857142857143,
    "top3_candidate_family_recall_mean": 0.5714285714285714,
    "validation_regret_mean": 7.424655868896021e-05,
    "normalized_validation_regret_mean": 0.00230057113394302,
    "test_regret_mean": -0.0013482110840933553,
    "removed_fraction": 0.5238095238095238,
    "selected_family_count_mean": 10.0,
    "removed_family_fraction_mean": 0.41176470588235287,
    "passes_90pct_recall_at_50pct_removal": false
  },
  {
    "encoder": "vit_b16",
    "method": "pool_vendi_subspace",
    "shortlist_size": 3,
    "rows": 7,
    "targets": 7,
    "best_candidate_recall_mean": 0.42857142857142855,
    "top3_candidate_recall_mean": 0.2857142857142857,
    "best_candidate_family_recall_mean": 0.42857142857142855,
    "top3_candidate_family_recall_mean": 0.3333333333333333,
    "validation_regret_mean": 0.0015450619732619378,
    "normalized_validation_regret_mean": 0.049348491759165745,
    "test_regret_mean": -0.0003967898232596277,
    "removed_fraction": 0.8571428571428572,
    "selected_family_count_mean": 3.0,
    "removed_family_fraction_mean": 0.8235294117647057,
    "passes_90pct_recall_at_50pct_removal": false
  },
  {
    "encoder": "vit_b16",
    "method": "pool_vendi_subspace",
    "shortlist_size": 5,
    "rows": 7,
    "targets": 7,
    "best_candidate_recall_mean": 0.7142857142857143,
    "top3_candidate_recall_mean": 0.42857142857142855,
    "best_candidate_family_recall_mean": 0.7142857142857143,
    "top3_candidate_family_recall_mean": 0.4761904761904762,
    "validation_regret_mean": 7.424655868896021e-05,
    "normalized_validation_regret_mean": 0.00230057113394302,
    "test_regret_mean": -0.0013482110840933553,
    "removed_fraction": 0.7619047619047619,
    "selected_family_count_mean": 5.0,
    "removed_family_fraction_mean": 0.7058823529411765,
    "passes_90pct_recall_at_50pct_removal": false
  },
  {
    "encoder": "vit_b16",
    "method": "pool_vendi_subspace",
    "shortlist_size": 10,
    "rows": 7,
    "targets": 7,
    "best_candidate_recall_mean": 0.7142857142857143,
    "top3_candidate_recall_mean": 0.5238095238095238,
    "best_candidate_family_recall_mean": 0.7142857142857143,
    "top3_candidate_family_recall_mean": 0.5714285714285714,
    "validation_regret_mean": 7.424655868896021e-05,
    "normalized_validation_regret_mean": 0.00230057113394302,
    "test_regret_mean": -0.0013482110840933553,
    "removed_fraction": 0.5238095238095238,
    "selected_family_count_mean": 10.0,
    "removed_family_fraction_mean": 0.41176470588235287,
    "passes_90pct_recall_at_50pct_removal": false
  },
  {
    "encoder": "vit_b16",
    "method": "random",
    "shortlist_size": 3,
    "rows": 700,
    "targets": 7,
    "best_candidate_recall_mean": 0.15,
    "top3_candidate_recall_mean": 0.13714285714285715,
    "best_candidate_family_recall_mean": 0.17857142857142858,
    "top3_candidate_family_recall_mean": 0.18047619047619046,
    "validation_regret_mean": 0.0059447895936296825,
    "normalized_validation_regret_mean": 0.20669801341840607,
    "test_regret_mean": 0.006760693269116546,
    "removed_fraction": 0.8571428571428572,
    "selected_family_count_mean": 2.9371428571428573,
    "removed_family_fraction_mean": 0.8272268907563024,
    "passes_90pct_recall_at_50pct_removal": false
  },
  {
    "encoder": "vit_b16",
    "method": "random",
    "shortlist_size": 5,
    "rows": 700,
    "targets": 7,
    "best_candidate_recall_mean": 0.2714285714285714,
    "top3_candidate_recall_mean": 0.25142857142857145,
    "best_candidate_family_recall_mean": 0.3271428571428571,
    "top3_candidate_family_recall_mean": 0.3157142857142857,
    "validation_regret_mean": 0.003875077837700207,
    "normalized_validation_regret_mean": 0.13379897214452166,
    "test_regret_mean": 0.0046024031213351725,
    "removed_fraction": 0.7619047619047619,
    "selected_family_count_mean": 4.7785714285714285,
    "removed_family_fraction_mean": 0.7189075630252101,
    "passes_90pct_recall_at_50pct_removal": false
  },
  {
    "encoder": "vit_b16",
    "method": "random",
    "shortlist_size": 10,
    "rows": 700,
    "targets": 7,
    "best_candidate_recall_mean": 0.47285714285714286,
    "top3_candidate_recall_mean": 0.479047619047619,
    "best_candidate_family_recall_mean": 0.55,
    "top3_candidate_family_recall_mean": 0.5733333333333334,
    "validation_regret_mean": 0.0018999176113355556,
    "normalized_validation_regret_mean": 0.06436638911362075,
    "test_regret_mean": 0.0025761026484625764,
    "removed_fraction": 0.5238095238095238,
    "selected_family_count_mean": 9.015714285714285,
    "removed_family_fraction_mean": 0.4696638655462185,
    "passes_90pct_recall_at_50pct_removal": false
  },
  {
    "encoder": "vit_b16",
    "method": "rank_only",
    "shortlist_size": 3,
    "rows": 7,
    "targets": 7,
    "best_candidate_recall_mean": 0.7142857142857143,
    "top3_candidate_recall_mean": 0.5238095238095237,
    "best_candidate_family_recall_mean": 0.7142857142857143,
    "top3_candidate_family_recall_mean": 0.5238095238095237,
    "validation_regret_mean": 0.0014708154145729774,
    "normalized_validation_regret_mean": 0.04704792062522273,
    "test_regret_mean": 0.0009514212608337276,
    "removed_fraction": 0.8571428571428572,
    "selected_family_count_mean": 2.0,
    "removed_family_fraction_mean": 0.8823529411764708,
    "passes_90pct_recall_at_50pct_removal": false
  },
  {
    "encoder": "vit_b16",
    "method": "rank_only",
    "shortlist_size": 5,
    "rows": 7,
    "targets": 7,
    "best_candidate_recall_mean": 1.0,
    "top3_candidate_recall_mean": 0.7142857142857143,
    "best_candidate_family_recall_mean": 1.0,
    "top3_candidate_family_recall_mean": 0.7142857142857143,
    "validation_regret_mean": 0.0,
    "normalized_validation_regret_mean": 0.0,
    "test_regret_mean": 0.0,
    "removed_fraction": 0.7619047619047619,
    "selected_family_count_mean": 4.0,
    "removed_family_fraction_mean": 0.7647058823529411,
    "passes_90pct_recall_at_50pct_removal": true
  },
  {
    "encoder": "vit_b16",
    "method": "rank_only",
    "shortlist_size": 10,
    "rows": 7,
    "targets": 7,
    "best_candidate_recall_mean": 1.0,
    "top3_candidate_recall_mean": 0.8571428571428571,
    "best_candidate_family_recall_mean": 1.0,
    "top3_candidate_family_recall_mean": 0.8571428571428571,
    "validation_regret_mean": 0.0,
    "normalized_validation_regret_mean": 0.0,
    "test_regret_mean": 0.0,
    "removed_fraction": 0.5238095238095238,
    "selected_family_count_mean": 7.0,
    "removed_family_fraction_mean": 0.5882352941176471,
    "passes_90pct_recall_at_50pct_removal": true
  }
]
