[
  {
    "encoder": "clip_b32",
    "method": "dpp_subspace",
    "shortlist_size": 3,
    "rows": 7,
    "targets": 7,
    "best_candidate_recall_mean": 0.7142857142857143,
    "top3_candidate_recall_mean": 0.5714285714285714,
    "best_candidate_family_recall_mean": 0.7142857142857143,
    "top3_candidate_family_recall_mean": 0.5952380952380951,
    "validation_regret_mean": 0.0013065389417707962,
    "normalized_validation_regret_mean": 0.04037112443161823,
    "test_regret_mean": 0.00167713846479145,
    "removed_fraction": 0.8235294117647058,
    "selected_family_count_mean": 3.0,
    "removed_family_fraction_mean": 0.7857142857142857,
    "passes_90pct_recall_at_50pct_removal": false
  },
  {
    "encoder": "clip_b32",
    "method": "dpp_subspace",
    "shortlist_size": 5,
    "rows": 7,
    "targets": 7,
    "best_candidate_recall_mean": 0.8571428571428571,
    "top3_candidate_recall_mean": 0.6666666666666666,
    "best_candidate_family_recall_mean": 1.0,
    "top3_candidate_family_recall_mean": 1.0,
    "validation_regret_mean": 0.0005788983617510045,
    "normalized_validation_regret_mean": 0.011057609354520307,
    "test_regret_mean": -0.00010857582092284521,
    "removed_fraction": 0.7058823529411764,
    "selected_family_count_mean": 5.0,
    "removed_family_fraction_mean": 0.6428571428571429,
    "passes_90pct_recall_at_50pct_removal": false
  },
  {
    "encoder": "clip_b32",
    "method": "dpp_subspace",
    "shortlist_size": 8,
    "rows": 7,
    "targets": 7,
    "best_candidate_recall_mean": 1.0,
    "top3_candidate_recall_mean": 1.0,
    "best_candidate_family_recall_mean": 1.0,
    "top3_candidate_family_recall_mean": 1.0,
    "validation_regret_mean": 0.0,
    "normalized_validation_regret_mean": 0.0,
    "test_regret_mean": 0.0,
    "removed_fraction": 0.5294117647058824,
    "selected_family_count_mean": 7.0,
    "removed_family_fraction_mean": 0.5,
    "passes_90pct_recall_at_50pct_removal": true
  },
  {
    "encoder": "clip_b32",
    "method": "facility_subspace",
    "shortlist_size": 3,
    "rows": 7,
    "targets": 7,
    "best_candidate_recall_mean": 0.14285714285714285,
    "top3_candidate_recall_mean": 0.5714285714285714,
    "best_candidate_family_recall_mean": 0.14285714285714285,
    "top3_candidate_family_recall_mean": 0.5952380952380952,
    "validation_regret_mean": 0.0024802625124369848,
    "normalized_validation_regret_mean": 0.10352066577341777,
    "test_regret_mean": 0.005621211869376046,
    "removed_fraction": 0.8235294117647058,
    "selected_family_count_mean": 3.0,
    "removed_family_fraction_mean": 0.7857142857142857,
    "passes_90pct_recall_at_50pct_removal": false
  },
  {
    "encoder": "clip_b32",
    "method": "facility_subspace",
    "shortlist_size": 5,
    "rows": 7,
    "targets": 7,
    "best_candidate_recall_mean": 0.2857142857142857,
    "top3_candidate_recall_mean": 0.619047619047619,
    "best_candidate_family_recall_mean": 0.2857142857142857,
    "top3_candidate_family_recall_mean": 0.6428571428571429,
    "validation_regret_mean": 0.001752621932417193,
    "normalized_validation_regret_mean": 0.07420715069631985,
    "test_regret_mean": 0.003835497583661751,
    "removed_fraction": 0.7058823529411764,
    "selected_family_count_mean": 5.0,
    "removed_family_fraction_mean": 0.6428571428571429,
    "passes_90pct_recall_at_50pct_removal": false
  },
  {
    "encoder": "clip_b32",
    "method": "facility_subspace",
    "shortlist_size": 8,
    "rows": 7,
    "targets": 7,
    "best_candidate_recall_mean": 0.2857142857142857,
    "top3_candidate_recall_mean": 0.619047619047619,
    "best_candidate_family_recall_mean": 0.2857142857142857,
    "top3_candidate_family_recall_mean": 0.6428571428571429,
    "validation_regret_mean": 0.001752621932417193,
    "normalized_validation_regret_mean": 0.07420715069631985,
    "test_regret_mean": 0.003835497583661751,
    "removed_fraction": 0.5294117647058824,
    "selected_family_count_mean": 8.0,
    "removed_family_fraction_mean": 0.4285714285714287,
    "passes_90pct_recall_at_50pct_removal": false
  },
  {
    "encoder": "clip_b32",
    "method": "full_merged_rank",
    "shortlist_size": 3,
    "rows": 7,
    "targets": 7,
    "best_candidate_recall_mean": 0.7142857142857143,
    "top3_candidate_recall_mean": 0.5714285714285714,
    "best_candidate_family_recall_mean": 0.7142857142857143,
    "top3_candidate_family_recall_mean": 0.5952380952380951,
    "validation_regret_mean": 0.0013065389417707962,
    "normalized_validation_regret_mean": 0.04037112443161823,
    "test_regret_mean": 0.00167713846479145,
    "removed_fraction": 0.8235294117647058,
    "selected_family_count_mean": 3.0,
    "removed_family_fraction_mean": 0.7857142857142857,
    "passes_90pct_recall_at_50pct_removal": false
  },
  {
    "encoder": "clip_b32",
    "method": "full_merged_rank",
    "shortlist_size": 5,
    "rows": 7,
    "targets": 7,
    "best_candidate_recall_mean": 0.8571428571428571,
    "top3_candidate_recall_mean": 0.9523809523809523,
    "best_candidate_family_recall_mean": 0.8571428571428571,
    "top3_candidate_family_recall_mean": 0.9523809523809523,
    "validation_regret_mean": 0.0007276405800197917,
    "normalized_validation_regret_mean": 0.029313515077097924,
    "test_regret_mean": 0.0017857142857142952,
    "removed_fraction": 0.7058823529411764,
    "selected_family_count_mean": 4.0,
    "removed_family_fraction_mean": 0.7142857142857143,
    "passes_90pct_recall_at_50pct_removal": false
  },
  {
    "encoder": "clip_b32",
    "method": "full_merged_rank",
    "shortlist_size": 8,
    "rows": 7,
    "targets": 7,
    "best_candidate_recall_mean": 1.0,
    "top3_candidate_recall_mean": 1.0,
    "best_candidate_family_recall_mean": 1.0,
    "top3_candidate_family_recall_mean": 1.0,
    "validation_regret_mean": 0.0,
    "normalized_validation_regret_mean": 0.0,
    "test_regret_mean": 0.0,
    "removed_fraction": 0.5294117647058824,
    "selected_family_count_mean": 7.0,
    "removed_family_fraction_mean": 0.5,
    "passes_90pct_recall_at_50pct_removal": true
  },
  {
    "encoder": "clip_b32",
    "method": "kcenter_subspace",
    "shortlist_size": 3,
    "rows": 7,
    "targets": 7,
    "best_candidate_recall_mean": 0.0,
    "top3_candidate_recall_mean": 0.2857142857142857,
    "best_candidate_family_recall_mean": 0.0,
    "top3_candidate_family_recall_mean": 0.2857142857142857,
    "validation_regret_mean": 0.006117239871281178,
    "normalized_validation_regret_mean": 0.20637714300975904,
    "test_regret_mean": 0.00895436320986068,
    "removed_fraction": 0.8235294117647058,
    "selected_family_count_mean": 3.0,
    "removed_family_fraction_mean": 0.7857142857142857,
    "passes_90pct_recall_at_50pct_removal": false
  },
  {
    "encoder": "clip_b32",
    "method": "kcenter_subspace",
    "shortlist_size": 5,
    "rows": 7,
    "targets": 7,
    "best_candidate_recall_mean": 0.0,
    "top3_candidate_recall_mean": 0.2857142857142857,
    "best_candidate_family_recall_mean": 0.0,
    "top3_candidate_family_recall_mean": 0.2857142857142857,
    "validation_regret_mean": 0.006117239871281178,
    "normalized_validation_regret_mean": 0.20637714300975904,
    "test_regret_mean": 0.00895436320986068,
    "removed_fraction": 0.7058823529411764,
    "selected_family_count_mean": 5.0,
    "removed_family_fraction_mean": 0.6428571428571429,
    "passes_90pct_recall_at_50pct_removal": false
  },
  {
    "encoder": "clip_b32",
    "method": "kcenter_subspace",
    "shortlist_size": 8,
    "rows": 7,
    "targets": 7,
    "best_candidate_recall_mean": 0.14285714285714285,
    "top3_candidate_recall_mean": 0.619047619047619,
    "best_candidate_family_recall_mean": 0.14285714285714285,
    "top3_candidate_family_recall_mean": 0.6428571428571429,
    "validation_regret_mean": 0.0024802625124369848,
    "normalized_validation_regret_mean": 0.10352066577341777,
    "test_regret_mean": 0.005621211869376046,
    "removed_fraction": 0.5294117647058824,
    "selected_family_count_mean": 8.0,
    "removed_family_fraction_mean": 0.4285714285714287,
    "passes_90pct_recall_at_50pct_removal": false
  },
  {
    "encoder": "clip_b32",
    "method": "pool_vendi_subspace",
    "shortlist_size": 3,
    "rows": 7,
    "targets": 7,
    "best_candidate_recall_mean": 0.0,
    "top3_candidate_recall_mean": 0.2857142857142857,
    "best_candidate_family_recall_mean": 0.0,
    "top3_candidate_family_recall_mean": 0.2857142857142857,
    "validation_regret_mean": 0.006117239871281178,
    "normalized_validation_regret_mean": 0.20637714300975904,
    "test_regret_mean": 0.00895436320986068,
    "removed_fraction": 0.8235294117647058,
    "selected_family_count_mean": 3.0,
    "removed_family_fraction_mean": 0.7857142857142857,
    "passes_90pct_recall_at_50pct_removal": false
  },
  {
    "encoder": "clip_b32",
    "method": "pool_vendi_subspace",
    "shortlist_size": 5,
    "rows": 7,
    "targets": 7,
    "best_candidate_recall_mean": 0.0,
    "top3_candidate_recall_mean": 0.2857142857142857,
    "best_candidate_family_recall_mean": 0.0,
    "top3_candidate_family_recall_mean": 0.2857142857142857,
    "validation_regret_mean": 0.006117239871281178,
    "normalized_validation_regret_mean": 0.20637714300975904,
    "test_regret_mean": 0.00895436320986068,
    "removed_fraction": 0.7058823529411764,
    "selected_family_count_mean": 5.0,
    "removed_family_fraction_mean": 0.6428571428571429,
    "passes_90pct_recall_at_50pct_removal": false
  },
  {
    "encoder": "clip_b32",
    "method": "pool_vendi_subspace",
    "shortlist_size": 8,
    "rows": 7,
    "targets": 7,
    "best_candidate_recall_mean": 0.7142857142857143,
    "top3_candidate_recall_mean": 0.5714285714285714,
    "best_candidate_family_recall_mean": 0.7142857142857143,
    "top3_candidate_family_recall_mean": 0.5952380952380951,
    "validation_regret_mean": 0.0013065389417707962,
    "normalized_validation_regret_mean": 0.04037112443161823,
    "test_regret_mean": 0.00167713846479145,
    "removed_fraction": 0.5294117647058824,
    "selected_family_count_mean": 8.0,
    "removed_family_fraction_mean": 0.4285714285714287,
    "passes_90pct_recall_at_50pct_removal": false
  },
  {
    "encoder": "clip_b32",
    "method": "random",
    "shortlist_size": 3,
    "rows": 700,
    "targets": 7,
    "best_candidate_recall_mean": 0.16714285714285715,
    "top3_candidate_recall_mean": 0.1742857142857143,
    "best_candidate_family_recall_mean": 0.19142857142857142,
    "top3_candidate_family_recall_mean": 0.2288095238095238,
    "validation_regret_mean": 0.008106851779738097,
    "normalized_validation_regret_mean": 0.30071733919827875,
    "test_regret_mean": 0.009838450840541297,
    "removed_fraction": 0.8235294117647058,
    "selected_family_count_mean": 2.9171428571428573,
    "removed_family_fraction_mean": 0.7916326530612244,
    "passes_90pct_recall_at_50pct_removal": false
  },
  {
    "encoder": "clip_b32",
    "method": "random",
    "shortlist_size": 5,
    "rows": 700,
    "targets": 7,
    "best_candidate_recall_mean": 0.33714285714285713,
    "top3_candidate_recall_mean": 0.30142857142857143,
    "best_candidate_family_recall_mean": 0.37285714285714283,
    "top3_candidate_family_recall_mean": 0.38047619047619047,
    "validation_regret_mean": 0.005015937253008956,
    "normalized_validation_regret_mean": 0.18875578551045002,
    "test_regret_mean": 0.00615491114343916,
    "removed_fraction": 0.7058823529411764,
    "selected_family_count_mean": 4.75,
    "removed_family_fraction_mean": 0.6607142857142856,
    "passes_90pct_recall_at_50pct_removal": false
  },
  {
    "encoder": "clip_b32",
    "method": "random",
    "shortlist_size": 8,
    "rows": 700,
    "targets": 7,
    "best_candidate_recall_mean": 0.4514285714285714,
    "top3_candidate_recall_mean": 0.46761904761904766,
    "best_candidate_family_recall_mean": 0.48428571428571426,
    "top3_candidate_family_recall_mean": 0.5619047619047619,
    "validation_regret_mean": 0.002929892598405966,
    "normalized_validation_regret_mean": 0.11232723444432793,
    "test_regret_mean": 0.004200556107929777,
    "removed_fraction": 0.5294117647058824,
    "selected_family_count_mean": 7.25,
    "removed_family_fraction_mean": 0.4821428571428572,
    "passes_90pct_recall_at_50pct_removal": false
  },
  {
    "encoder": "clip_b32",
    "method": "rank_only",
    "shortlist_size": 3,
    "rows": 7,
    "targets": 7,
    "best_candidate_recall_mean": 0.7142857142857143,
    "top3_candidate_recall_mean": 0.5714285714285714,
    "best_candidate_family_recall_mean": 0.7142857142857143,
    "top3_candidate_family_recall_mean": 0.5952380952380951,
    "validation_regret_mean": 0.0013065389417707962,
    "normalized_validation_regret_mean": 0.04037112443161823,
    "test_regret_mean": 0.00167713846479145,
    "removed_fraction": 0.8235294117647058,
    "selected_family_count_mean": 3.0,
    "removed_family_fraction_mean": 0.7857142857142857,
    "passes_90pct_recall_at_50pct_removal": false
  },
  {
    "encoder": "clip_b32",
    "method": "rank_only",
    "shortlist_size": 5,
    "rows": 7,
    "targets": 7,
    "best_candidate_recall_mean": 0.8571428571428571,
    "top3_candidate_recall_mean": 0.9523809523809523,
    "best_candidate_family_recall_mean": 0.8571428571428571,
    "top3_candidate_family_recall_mean": 0.9523809523809523,
    "validation_regret_mean": 0.0007276405800197917,
    "normalized_validation_regret_mean": 0.029313515077097924,
    "test_regret_mean": 0.0017857142857142952,
    "removed_fraction": 0.7058823529411764,
    "selected_family_count_mean": 4.0,
    "removed_family_fraction_mean": 0.7142857142857143,
    "passes_90pct_recall_at_50pct_removal": false
  },
  {
    "encoder": "clip_b32",
    "method": "rank_only",
    "shortlist_size": 8,
    "rows": 7,
    "targets": 7,
    "best_candidate_recall_mean": 1.0,
    "top3_candidate_recall_mean": 1.0,
    "best_candidate_family_recall_mean": 1.0,
    "top3_candidate_family_recall_mean": 1.0,
    "validation_regret_mean": 0.0,
    "normalized_validation_regret_mean": 0.0,
    "test_regret_mean": 0.0,
    "removed_fraction": 0.5294117647058824,
    "selected_family_count_mean": 6.0,
    "removed_family_fraction_mean": 0.5714285714285713,
    "passes_90pct_recall_at_50pct_removal": true
  }
]
