[
  {
    "encoder": "vit_b16",
    "method": "dpp_subspace",
    "shortlist_size": 3,
    "rows": 7,
    "targets": 7,
    "best_candidate_recall_mean": 0.8571428571428571,
    "top3_candidate_recall_mean": 0.5238095238095238,
    "validation_regret_mean": 0.00038857047387532074,
    "normalized_validation_regret_mean": 0.010204058626696906,
    "test_regret_mean": 0.00021714142390660035,
    "removed_fraction": 0.8571428571428572,
    "passes_90pct_recall_at_50pct_removal": false
  },
  {
    "encoder": "vit_b16",
    "method": "dpp_subspace",
    "shortlist_size": 5,
    "rows": 7,
    "targets": 7,
    "best_candidate_recall_mean": 0.8571428571428571,
    "top3_candidate_recall_mean": 0.5714285714285714,
    "validation_regret_mean": 0.00038857047387532074,
    "normalized_validation_regret_mean": 0.010204058626696906,
    "test_regret_mean": 0.00021714142390660035,
    "removed_fraction": 0.7619047619047619,
    "passes_90pct_recall_at_50pct_removal": false
  },
  {
    "encoder": "vit_b16",
    "method": "dpp_subspace",
    "shortlist_size": 10,
    "rows": 7,
    "targets": 7,
    "best_candidate_recall_mean": 1.0,
    "top3_candidate_recall_mean": 0.9047619047619048,
    "validation_regret_mean": 0.0,
    "normalized_validation_regret_mean": 0.0,
    "test_regret_mean": 0.0,
    "removed_fraction": 0.5238095238095238,
    "passes_90pct_recall_at_50pct_removal": true
  },
  {
    "encoder": "vit_b16",
    "method": "facility_subspace",
    "shortlist_size": 3,
    "rows": 7,
    "targets": 7,
    "best_candidate_recall_mean": 0.14285714285714285,
    "top3_candidate_recall_mean": 0.2857142857142857,
    "validation_regret_mean": 0.0032321035901757356,
    "normalized_validation_regret_mean": 0.10588535462997663,
    "test_regret_mean": 0.009389882428305503,
    "removed_fraction": 0.8571428571428572,
    "passes_90pct_recall_at_50pct_removal": false
  },
  {
    "encoder": "vit_b16",
    "method": "facility_subspace",
    "shortlist_size": 5,
    "rows": 7,
    "targets": 7,
    "best_candidate_recall_mean": 0.2857142857142857,
    "top3_candidate_recall_mean": 0.4761904761904762,
    "validation_regret_mean": 0.0011456752090498457,
    "normalized_validation_regret_mean": 0.04658740407795756,
    "test_regret_mean": 0.00303845746176585,
    "removed_fraction": 0.7619047619047619,
    "passes_90pct_recall_at_50pct_removal": false
  },
  {
    "encoder": "vit_b16",
    "method": "facility_subspace",
    "shortlist_size": 10,
    "rows": 7,
    "targets": 7,
    "best_candidate_recall_mean": 0.2857142857142857,
    "top3_candidate_recall_mean": 0.5238095238095238,
    "validation_regret_mean": 0.0011456752090498457,
    "normalized_validation_regret_mean": 0.04658740407795756,
    "test_regret_mean": 0.00303845746176585,
    "removed_fraction": 0.5238095238095238,
    "passes_90pct_recall_at_50pct_removal": false
  },
  {
    "encoder": "vit_b16",
    "method": "full_merged_rank",
    "shortlist_size": 3,
    "rows": 7,
    "targets": 7,
    "best_candidate_recall_mean": 0.8571428571428571,
    "top3_candidate_recall_mean": 0.5238095238095238,
    "validation_regret_mean": 0.00038857047387532074,
    "normalized_validation_regret_mean": 0.010204058626696906,
    "test_regret_mean": 0.00021714142390660035,
    "removed_fraction": 0.8571428571428572,
    "passes_90pct_recall_at_50pct_removal": false
  },
  {
    "encoder": "vit_b16",
    "method": "full_merged_rank",
    "shortlist_size": 5,
    "rows": 7,
    "targets": 7,
    "best_candidate_recall_mean": 1.0,
    "top3_candidate_recall_mean": 0.8095238095238095,
    "validation_regret_mean": 0.0,
    "normalized_validation_regret_mean": 0.0,
    "test_regret_mean": 0.0,
    "removed_fraction": 0.7619047619047619,
    "passes_90pct_recall_at_50pct_removal": true
  },
  {
    "encoder": "vit_b16",
    "method": "full_merged_rank",
    "shortlist_size": 10,
    "rows": 7,
    "targets": 7,
    "best_candidate_recall_mean": 1.0,
    "top3_candidate_recall_mean": 0.9523809523809523,
    "validation_regret_mean": 0.0,
    "normalized_validation_regret_mean": 0.0,
    "test_regret_mean": 0.0,
    "removed_fraction": 0.5238095238095238,
    "passes_90pct_recall_at_50pct_removal": true
  },
  {
    "encoder": "vit_b16",
    "method": "kcenter_subspace",
    "shortlist_size": 3,
    "rows": 7,
    "targets": 7,
    "best_candidate_recall_mean": 0.7142857142857143,
    "top3_candidate_recall_mean": 0.3333333333333333,
    "validation_regret_mean": 0.0013004251371961134,
    "normalized_validation_regret_mean": 0.042493705831951,
    "test_regret_mean": 0.00200285570962088,
    "removed_fraction": 0.8571428571428572,
    "passes_90pct_recall_at_50pct_removal": false
  },
  {
    "encoder": "vit_b16",
    "method": "kcenter_subspace",
    "shortlist_size": 5,
    "rows": 7,
    "targets": 7,
    "best_candidate_recall_mean": 0.7142857142857143,
    "top3_candidate_recall_mean": 0.3333333333333333,
    "validation_regret_mean": 0.0013004251371961134,
    "normalized_validation_regret_mean": 0.042493705831951,
    "test_regret_mean": 0.00200285570962088,
    "removed_fraction": 0.7619047619047619,
    "passes_90pct_recall_at_50pct_removal": false
  },
  {
    "encoder": "vit_b16",
    "method": "kcenter_subspace",
    "shortlist_size": 10,
    "rows": 7,
    "targets": 7,
    "best_candidate_recall_mean": 0.8571428571428571,
    "top3_candidate_recall_mean": 0.5714285714285714,
    "validation_regret_mean": 0.00038857047387532074,
    "normalized_validation_regret_mean": 0.010204058626696906,
    "test_regret_mean": 0.00021714142390660035,
    "removed_fraction": 0.5238095238095238,
    "passes_90pct_recall_at_50pct_removal": false
  },
  {
    "encoder": "vit_b16",
    "method": "pool_vendi_subspace",
    "shortlist_size": 3,
    "rows": 7,
    "targets": 7,
    "best_candidate_recall_mean": 0.7142857142857143,
    "top3_candidate_recall_mean": 0.3333333333333333,
    "validation_regret_mean": 0.0013004251371961134,
    "normalized_validation_regret_mean": 0.042493705831951,
    "test_regret_mean": 0.00200285570962088,
    "removed_fraction": 0.8571428571428572,
    "passes_90pct_recall_at_50pct_removal": false
  },
  {
    "encoder": "vit_b16",
    "method": "pool_vendi_subspace",
    "shortlist_size": 5,
    "rows": 7,
    "targets": 7,
    "best_candidate_recall_mean": 0.8571428571428571,
    "top3_candidate_recall_mean": 0.5238095238095238,
    "validation_regret_mean": 0.00038857047387532074,
    "normalized_validation_regret_mean": 0.010204058626696906,
    "test_regret_mean": 0.00021714142390660035,
    "removed_fraction": 0.7619047619047619,
    "passes_90pct_recall_at_50pct_removal": false
  },
  {
    "encoder": "vit_b16",
    "method": "pool_vendi_subspace",
    "shortlist_size": 10,
    "rows": 7,
    "targets": 7,
    "best_candidate_recall_mean": 0.8571428571428571,
    "top3_candidate_recall_mean": 0.5714285714285714,
    "validation_regret_mean": 0.00038857047387532074,
    "normalized_validation_regret_mean": 0.010204058626696906,
    "test_regret_mean": 0.00021714142390660035,
    "removed_fraction": 0.5238095238095238,
    "passes_90pct_recall_at_50pct_removal": false
  },
  {
    "encoder": "vit_b16",
    "method": "random",
    "shortlist_size": 3,
    "rows": 700,
    "targets": 7,
    "best_candidate_recall_mean": 0.13428571428571429,
    "top3_candidate_recall_mean": 0.14285714285714285,
    "validation_regret_mean": 0.006396082794860866,
    "normalized_validation_regret_mean": 0.2173483516991538,
    "test_regret_mean": 0.009291775473526552,
    "removed_fraction": 0.8571428571428572,
    "passes_90pct_recall_at_50pct_removal": false
  },
  {
    "encoder": "vit_b16",
    "method": "random",
    "shortlist_size": 5,
    "rows": 700,
    "targets": 7,
    "best_candidate_recall_mean": 0.2642857142857143,
    "top3_candidate_recall_mean": 0.2514285714285714,
    "validation_regret_mean": 0.004119437252704625,
    "normalized_validation_regret_mean": 0.14096892029940153,
    "test_regret_mean": 0.007464027396270213,
    "removed_fraction": 0.7619047619047619,
    "passes_90pct_recall_at_50pct_removal": false
  },
  {
    "encoder": "vit_b16",
    "method": "random",
    "shortlist_size": 10,
    "rows": 700,
    "targets": 7,
    "best_candidate_recall_mean": 0.49142857142857144,
    "top3_candidate_recall_mean": 0.47714285714285715,
    "validation_regret_mean": 0.0020192396745815477,
    "normalized_validation_regret_mean": 0.06904429827992782,
    "test_regret_mean": 0.004811189183167056,
    "removed_fraction": 0.5238095238095238,
    "passes_90pct_recall_at_50pct_removal": false
  },
  {
    "encoder": "vit_b16",
    "method": "rank_only",
    "shortlist_size": 3,
    "rows": 7,
    "targets": 7,
    "best_candidate_recall_mean": 0.8571428571428571,
    "top3_candidate_recall_mean": 0.5714285714285714,
    "validation_regret_mean": 0.0009118546633207927,
    "normalized_validation_regret_mean": 0.032289647205254096,
    "test_regret_mean": 0.0017857142857142794,
    "removed_fraction": 0.8571428571428572,
    "passes_90pct_recall_at_50pct_removal": false
  },
  {
    "encoder": "vit_b16",
    "method": "rank_only",
    "shortlist_size": 5,
    "rows": 7,
    "targets": 7,
    "best_candidate_recall_mean": 1.0,
    "top3_candidate_recall_mean": 0.8095238095238095,
    "validation_regret_mean": 0.0,
    "normalized_validation_regret_mean": 0.0,
    "test_regret_mean": 0.0,
    "removed_fraction": 0.7619047619047619,
    "passes_90pct_recall_at_50pct_removal": true
  },
  {
    "encoder": "vit_b16",
    "method": "rank_only",
    "shortlist_size": 10,
    "rows": 7,
    "targets": 7,
    "best_candidate_recall_mean": 1.0,
    "top3_candidate_recall_mean": 0.9523809523809523,
    "validation_regret_mean": 0.0,
    "normalized_validation_regret_mean": 0.0,
    "test_regret_mean": 0.0,
    "removed_fraction": 0.5238095238095238,
    "passes_90pct_recall_at_50pct_removal": true
  }
]
