[
  {
    "encoder": "clip_b32",
    "method": "dpp_subspace",
    "shortlist_size": 3,
    "rows": 7,
    "targets": 7,
    "best_candidate_recall_mean": 0.7142857142857143,
    "top3_candidate_recall_mean": 0.5238095238095237,
    "best_candidate_family_recall_mean": 0.7142857142857143,
    "top3_candidate_family_recall_mean": 0.5476190476190476,
    "validation_regret_mean": 0.0013065389417707962,
    "normalized_validation_regret_mean": 0.04037112443161823,
    "test_regret_mean": 0.00167713846479145,
    "removed_fraction": 0.8571428571428572,
    "selected_family_count_mean": 3.0,
    "removed_family_fraction_mean": 0.8235294117647057,
    "passes_90pct_recall_at_50pct_removal": false
  },
  {
    "encoder": "clip_b32",
    "method": "dpp_subspace",
    "shortlist_size": 5,
    "rows": 7,
    "targets": 7,
    "best_candidate_recall_mean": 0.8571428571428571,
    "top3_candidate_recall_mean": 0.619047619047619,
    "best_candidate_family_recall_mean": 1.0,
    "top3_candidate_family_recall_mean": 0.8571428571428571,
    "validation_regret_mean": 0.0005788983617510045,
    "normalized_validation_regret_mean": 0.011057609354520307,
    "test_regret_mean": -0.00010857582092284521,
    "removed_fraction": 0.7619047619047619,
    "selected_family_count_mean": 5.0,
    "removed_family_fraction_mean": 0.7058823529411765,
    "passes_90pct_recall_at_50pct_removal": false
  },
  {
    "encoder": "clip_b32",
    "method": "dpp_subspace",
    "shortlist_size": 10,
    "rows": 7,
    "targets": 7,
    "best_candidate_recall_mean": 1.0,
    "top3_candidate_recall_mean": 0.9047619047619048,
    "best_candidate_family_recall_mean": 1.0,
    "top3_candidate_family_recall_mean": 0.9047619047619048,
    "validation_regret_mean": 0.0,
    "normalized_validation_regret_mean": 0.0,
    "test_regret_mean": 0.0,
    "removed_fraction": 0.5238095238095238,
    "selected_family_count_mean": 9.0,
    "removed_family_fraction_mean": 0.4705882352941177,
    "passes_90pct_recall_at_50pct_removal": true
  },
  {
    "encoder": "clip_b32",
    "method": "facility_subspace",
    "shortlist_size": 3,
    "rows": 7,
    "targets": 7,
    "best_candidate_recall_mean": 0.14285714285714285,
    "top3_candidate_recall_mean": 0.23809523809523808,
    "best_candidate_family_recall_mean": 0.14285714285714285,
    "top3_candidate_family_recall_mean": 0.35714285714285715,
    "validation_regret_mean": 0.003287020658462552,
    "normalized_validation_regret_mean": 0.15099333182487767,
    "test_regret_mean": 0.005271296841757629,
    "removed_fraction": 0.8571428571428572,
    "selected_family_count_mean": 3.0,
    "removed_family_fraction_mean": 0.8235294117647057,
    "passes_90pct_recall_at_50pct_removal": false
  },
  {
    "encoder": "clip_b32",
    "method": "facility_subspace",
    "shortlist_size": 5,
    "rows": 7,
    "targets": 7,
    "best_candidate_recall_mean": 0.14285714285714285,
    "top3_candidate_recall_mean": 0.47619047619047616,
    "best_candidate_family_recall_mean": 0.14285714285714285,
    "top3_candidate_family_recall_mean": 0.5952380952380951,
    "validation_regret_mean": 0.0024802625124369848,
    "normalized_validation_regret_mean": 0.10352066577341777,
    "test_regret_mean": 0.005621211869376046,
    "removed_fraction": 0.7619047619047619,
    "selected_family_count_mean": 5.0,
    "removed_family_fraction_mean": 0.7058823529411765,
    "passes_90pct_recall_at_50pct_removal": false
  },
  {
    "encoder": "clip_b32",
    "method": "facility_subspace",
    "shortlist_size": 10,
    "rows": 7,
    "targets": 7,
    "best_candidate_recall_mean": 0.2857142857142857,
    "top3_candidate_recall_mean": 0.5714285714285714,
    "best_candidate_family_recall_mean": 0.2857142857142857,
    "top3_candidate_family_recall_mean": 0.6904761904761905,
    "validation_regret_mean": 0.001752621932417193,
    "normalized_validation_regret_mean": 0.07420715069631985,
    "test_regret_mean": 0.003835497583661751,
    "removed_fraction": 0.5238095238095238,
    "selected_family_count_mean": 10.0,
    "removed_family_fraction_mean": 0.41176470588235287,
    "passes_90pct_recall_at_50pct_removal": false
  },
  {
    "encoder": "clip_b32",
    "method": "full_merged_rank",
    "shortlist_size": 3,
    "rows": 7,
    "targets": 7,
    "best_candidate_recall_mean": 0.7142857142857143,
    "top3_candidate_recall_mean": 0.5238095238095237,
    "best_candidate_family_recall_mean": 0.7142857142857143,
    "top3_candidate_family_recall_mean": 0.5476190476190476,
    "validation_regret_mean": 0.0013065389417707962,
    "normalized_validation_regret_mean": 0.04037112443161823,
    "test_regret_mean": 0.00167713846479145,
    "removed_fraction": 0.8571428571428572,
    "selected_family_count_mean": 3.0,
    "removed_family_fraction_mean": 0.8235294117647057,
    "passes_90pct_recall_at_50pct_removal": false
  },
  {
    "encoder": "clip_b32",
    "method": "full_merged_rank",
    "shortlist_size": 5,
    "rows": 7,
    "targets": 7,
    "best_candidate_recall_mean": 0.8571428571428571,
    "top3_candidate_recall_mean": 0.8095238095238094,
    "best_candidate_family_recall_mean": 0.8571428571428571,
    "top3_candidate_family_recall_mean": 0.8095238095238094,
    "validation_regret_mean": 0.0007276405800197917,
    "normalized_validation_regret_mean": 0.029313515077097924,
    "test_regret_mean": 0.0017857142857142952,
    "removed_fraction": 0.7619047619047619,
    "selected_family_count_mean": 4.0,
    "removed_family_fraction_mean": 0.7647058823529411,
    "passes_90pct_recall_at_50pct_removal": false
  },
  {
    "encoder": "clip_b32",
    "method": "full_merged_rank",
    "shortlist_size": 10,
    "rows": 7,
    "targets": 7,
    "best_candidate_recall_mean": 1.0,
    "top3_candidate_recall_mean": 1.0,
    "best_candidate_family_recall_mean": 1.0,
    "top3_candidate_family_recall_mean": 1.0,
    "validation_regret_mean": 0.0,
    "normalized_validation_regret_mean": 0.0,
    "test_regret_mean": 0.0,
    "removed_fraction": 0.5238095238095238,
    "selected_family_count_mean": 9.0,
    "removed_family_fraction_mean": 0.4705882352941177,
    "passes_90pct_recall_at_50pct_removal": true
  },
  {
    "encoder": "clip_b32",
    "method": "kcenter_subspace",
    "shortlist_size": 3,
    "rows": 7,
    "targets": 7,
    "best_candidate_recall_mean": 0.0,
    "top3_candidate_recall_mean": 0.23809523809523808,
    "best_candidate_family_recall_mean": 0.0,
    "top3_candidate_family_recall_mean": 0.23809523809523808,
    "validation_regret_mean": 0.006117239871281178,
    "normalized_validation_regret_mean": 0.20637714300975904,
    "test_regret_mean": 0.00895436320986068,
    "removed_fraction": 0.8571428571428572,
    "selected_family_count_mean": 3.0,
    "removed_family_fraction_mean": 0.8235294117647057,
    "passes_90pct_recall_at_50pct_removal": false
  },
  {
    "encoder": "clip_b32",
    "method": "kcenter_subspace",
    "shortlist_size": 5,
    "rows": 7,
    "targets": 7,
    "best_candidate_recall_mean": 0.0,
    "top3_candidate_recall_mean": 0.2857142857142857,
    "best_candidate_family_recall_mean": 0.0,
    "top3_candidate_family_recall_mean": 0.38095238095238093,
    "validation_regret_mean": 0.006117239871281178,
    "normalized_validation_regret_mean": 0.20637714300975904,
    "test_regret_mean": 0.00895436320986068,
    "removed_fraction": 0.7619047619047619,
    "selected_family_count_mean": 5.0,
    "removed_family_fraction_mean": 0.7058823529411765,
    "passes_90pct_recall_at_50pct_removal": false
  },
  {
    "encoder": "clip_b32",
    "method": "kcenter_subspace",
    "shortlist_size": 10,
    "rows": 7,
    "targets": 7,
    "best_candidate_recall_mean": 0.14285714285714285,
    "top3_candidate_recall_mean": 0.5238095238095238,
    "best_candidate_family_recall_mean": 0.14285714285714285,
    "top3_candidate_family_recall_mean": 0.6428571428571429,
    "validation_regret_mean": 0.0024802625124369848,
    "normalized_validation_regret_mean": 0.10352066577341777,
    "test_regret_mean": 0.005621211869376046,
    "removed_fraction": 0.5238095238095238,
    "selected_family_count_mean": 10.0,
    "removed_family_fraction_mean": 0.41176470588235287,
    "passes_90pct_recall_at_50pct_removal": false
  },
  {
    "encoder": "clip_b32",
    "method": "pool_vendi_subspace",
    "shortlist_size": 3,
    "rows": 7,
    "targets": 7,
    "best_candidate_recall_mean": 0.0,
    "top3_candidate_recall_mean": 0.23809523809523808,
    "best_candidate_family_recall_mean": 0.0,
    "top3_candidate_family_recall_mean": 0.23809523809523808,
    "validation_regret_mean": 0.006117239871281178,
    "normalized_validation_regret_mean": 0.20637714300975904,
    "test_regret_mean": 0.00895436320986068,
    "removed_fraction": 0.8571428571428572,
    "selected_family_count_mean": 3.0,
    "removed_family_fraction_mean": 0.8235294117647057,
    "passes_90pct_recall_at_50pct_removal": false
  },
  {
    "encoder": "clip_b32",
    "method": "pool_vendi_subspace",
    "shortlist_size": 5,
    "rows": 7,
    "targets": 7,
    "best_candidate_recall_mean": 0.0,
    "top3_candidate_recall_mean": 0.38095238095238093,
    "best_candidate_family_recall_mean": 0.0,
    "top3_candidate_family_recall_mean": 0.38095238095238093,
    "validation_regret_mean": 0.005995857566680878,
    "normalized_validation_regret_mean": 0.20405860456587446,
    "test_regret_mean": 0.008891505854470405,
    "removed_fraction": 0.7619047619047619,
    "selected_family_count_mean": 5.0,
    "removed_family_fraction_mean": 0.7058823529411765,
    "passes_90pct_recall_at_50pct_removal": false
  },
  {
    "encoder": "clip_b32",
    "method": "pool_vendi_subspace",
    "shortlist_size": 10,
    "rows": 7,
    "targets": 7,
    "best_candidate_recall_mean": 0.7142857142857143,
    "top3_candidate_recall_mean": 0.6666666666666667,
    "best_candidate_family_recall_mean": 0.7142857142857143,
    "top3_candidate_family_recall_mean": 0.6904761904761905,
    "validation_regret_mean": 0.0013065389417707962,
    "normalized_validation_regret_mean": 0.04037112443161823,
    "test_regret_mean": 0.00167713846479145,
    "removed_fraction": 0.5238095238095238,
    "selected_family_count_mean": 10.0,
    "removed_family_fraction_mean": 0.41176470588235287,
    "passes_90pct_recall_at_50pct_removal": false
  },
  {
    "encoder": "clip_b32",
    "method": "random",
    "shortlist_size": 3,
    "rows": 700,
    "targets": 7,
    "best_candidate_recall_mean": 0.14285714285714285,
    "top3_candidate_recall_mean": 0.14619047619047618,
    "best_candidate_family_recall_mean": 0.16142857142857142,
    "top3_candidate_family_recall_mean": 0.19142857142857142,
    "validation_regret_mean": 0.008097771778761418,
    "normalized_validation_regret_mean": 0.29988582620758425,
    "test_regret_mean": 0.010102446028164456,
    "removed_fraction": 0.8571428571428572,
    "selected_family_count_mean": 2.9285714285714284,
    "removed_family_fraction_mean": 0.8277310924369747,
    "passes_90pct_recall_at_50pct_removal": false
  },
  {
    "encoder": "clip_b32",
    "method": "random",
    "shortlist_size": 5,
    "rows": 700,
    "targets": 7,
    "best_candidate_recall_mean": 0.2357142857142857,
    "top3_candidate_recall_mean": 0.24285714285714285,
    "best_candidate_family_recall_mean": 0.2571428571428571,
    "top3_candidate_family_recall_mean": 0.30238095238095236,
    "validation_regret_mean": 0.0055572794794838554,
    "normalized_validation_regret_mean": 0.21048255339044875,
    "test_regret_mean": 0.0069657222884041935,
    "removed_fraction": 0.7619047619047619,
    "selected_family_count_mean": 4.791428571428572,
    "removed_family_fraction_mean": 0.7181512605042017,
    "passes_90pct_recall_at_50pct_removal": false
  },
  {
    "encoder": "clip_b32",
    "method": "random",
    "shortlist_size": 10,
    "rows": 700,
    "targets": 7,
    "best_candidate_recall_mean": 0.47,
    "top3_candidate_recall_mean": 0.4542857142857143,
    "best_candidate_family_recall_mean": 0.5057142857142857,
    "top3_candidate_family_recall_mean": 0.5469047619047619,
    "validation_regret_mean": 0.002896182557330065,
    "normalized_validation_regret_mean": 0.10741848588359205,
    "test_regret_mean": 0.004042330094746183,
    "removed_fraction": 0.5238095238095238,
    "selected_family_count_mean": 9.005714285714285,
    "removed_family_fraction_mean": 0.47025210084033614,
    "passes_90pct_recall_at_50pct_removal": false
  },
  {
    "encoder": "clip_b32",
    "method": "rank_only",
    "shortlist_size": 3,
    "rows": 7,
    "targets": 7,
    "best_candidate_recall_mean": 0.7142857142857143,
    "top3_candidate_recall_mean": 0.5238095238095237,
    "best_candidate_family_recall_mean": 0.7142857142857143,
    "top3_candidate_family_recall_mean": 0.5476190476190476,
    "validation_regret_mean": 0.0013065389417707962,
    "normalized_validation_regret_mean": 0.04037112443161823,
    "test_regret_mean": 0.00167713846479145,
    "removed_fraction": 0.8571428571428572,
    "selected_family_count_mean": 3.0,
    "removed_family_fraction_mean": 0.8235294117647057,
    "passes_90pct_recall_at_50pct_removal": false
  },
  {
    "encoder": "clip_b32",
    "method": "rank_only",
    "shortlist_size": 5,
    "rows": 7,
    "targets": 7,
    "best_candidate_recall_mean": 0.8571428571428571,
    "top3_candidate_recall_mean": 0.8095238095238094,
    "best_candidate_family_recall_mean": 0.8571428571428571,
    "top3_candidate_family_recall_mean": 0.8095238095238094,
    "validation_regret_mean": 0.0007276405800197917,
    "normalized_validation_regret_mean": 0.029313515077097924,
    "test_regret_mean": 0.0017857142857142952,
    "removed_fraction": 0.7619047619047619,
    "selected_family_count_mean": 4.0,
    "removed_family_fraction_mean": 0.7647058823529411,
    "passes_90pct_recall_at_50pct_removal": false
  },
  {
    "encoder": "clip_b32",
    "method": "rank_only",
    "shortlist_size": 10,
    "rows": 7,
    "targets": 7,
    "best_candidate_recall_mean": 1.0,
    "top3_candidate_recall_mean": 0.9047619047619048,
    "best_candidate_family_recall_mean": 1.0,
    "top3_candidate_family_recall_mean": 0.9047619047619048,
    "validation_regret_mean": 0.0,
    "normalized_validation_regret_mean": 0.0,
    "test_regret_mean": 0.0,
    "removed_fraction": 0.5238095238095238,
    "selected_family_count_mean": 8.0,
    "removed_family_fraction_mean": 0.5294117647058824,
    "passes_90pct_recall_at_50pct_removal": true
  }
]
