2026-09-16T19:02:17Z dinov2_b14 screen
screen encoder=dinov2_b14 target=clipart combinations=455
screen encoder=dinov2_b14 target=infograph combinations=455
screen encoder=dinov2_b14 target=painting combinations=455
screen encoder=dinov2_b14 target=quickdraw combinations=455
screen encoder=dinov2_b14 target=real combinations=455
screen encoder=dinov2_b14 target=sketch combinations=455
{"access": {"source_candidate_features": true, "source_labels": false, "target_selection_features": true, "target_test_features_or_labels": false, "target_validation_features_or_labels": false}, "candidate_set_id": "545fe86c8c9e830448f14f0ce0a300a33389f3eb9787e118572e7e78da87e9a8", "config_file_sha256": "5d405f4e3d9036d056f9c0f32d693c019e93f949f1c885fa3dcac694ffee1ed5", "created_utc": "2026-09-16T19:02:24.810307+00:00", "encoder": "dinov2_b14", "feature_file_sha256": "69b83e5ad6cfe1e847f87ec53dd6848685bbc1b9461b475bfdfb191eab9fc9c2", "input_isolation": {"bundle_id": "9b2e33c6d21667cebf775fcf03e5a705527f7ab1e402c1aa9e4739da18905b28", "mode": "role-separated-files", "os_sandbox": false, "stage": "screen"}, "manifest_id": "1ba25059df70be4d9d22ec1c3c25bdd03e6a83795fbb44a45b3a8e0bb6b20839", "rankings_file_sha256": "7f8e24bcb819b95f4d6093d6854d6d6089ddcd9b5f19d4abc24613a1d829ca0a", "row_count": 73710, "runner_revision": "566679a0ee59ace27f6da7ed44fbd18ebe6cd5ad", "runtime": {"device": "cpu", "elapsed_seconds": 7.53144733607769, "finished_utc": "2026-09-16T19:02:24.819354+00:00", "numpy_version": "1.26.4", "python_version": "3.12.3", "started_utc": "2026-09-16T19:02:17.287920+00:00"}, "schema_version": "target-conditioned-e2b-screen-v1", "screen_id": "fcc5fb9b3d6d846da9ceced2d751b097b12935ec4f00b8a445a86365307b7d53", "tasks": [{"candidate_count": 15, "combination_count": 455, "elapsed_seconds": 1.0687301456928253, "target_domain": "clipart", "target_selection_count": 1536, "target_selection_ids_sha256": "462b0da57264470a6fb30ba46a7058d09cc751b0471bbd4985562786a3c4ef24"}, {"candidate_count": 15, "combination_count": 455, "elapsed_seconds": 1.1014809161424637, "target_domain": "infograph", "target_selection_count": 1536, "target_selection_ids_sha256": "6349648f2da6b8aa55081876f1557fe59c662a32831f71fa926020ce990ad593"}, {"candidate_count": 15, "combination_count": 455, "elapsed_seconds": 1.0724422484636307, "target_domain": "painting", "target_selection_count": 1536, "target_selection_ids_sha256": "b88e0956b74a190bb6866b063be529815dab8f60d7959bf7c836e7fada88bb38"}, {"candidate_count": 15, "combination_count": 455, "elapsed_seconds": 1.064969189465046, "target_domain": "quickdraw", "target_selection_count": 1536, "target_selection_ids_sha256": "6d8967b7e3b976306b4b1e60fb6f24df86170e277844e5f25bbb77ba297b49dd"}, {"candidate_count": 15, "combination_count": 455, "elapsed_seconds": 1.070383995771408, "target_domain": "real", "target_selection_count": 1536, "target_selection_ids_sha256": "1af65d83ffd53a1c6d1d4c28cef51a3db89e18e6f0930c804db24888fc2906b3"}, {"candidate_count": 15, "combination_count": 455, "elapsed_seconds": 1.0890145003795624, "target_domain": "sketch", "target_selection_count": 1536, "target_selection_ids_sha256": "7538cda8170e7320621a1f0a3548ce9933678d36fb3fd166ba9bcdbf0684af32"}]}
2026-09-16T19:02:24Z dinov2_b14 validate
validate encoder=dinov2_b14 target=clipart method=bayesian_d repeat=-1 evaluated=50/227
validate encoder=dinov2_b14 target=clipart method=bayesian_d repeat=-1 evaluated=100/227
validate encoder=dinov2_b14 target=clipart method=bayesian_d repeat=-1 evaluated=150/227
validate encoder=dinov2_b14 target=clipart method=bayesian_d repeat=-1 evaluated=200/227
validate encoder=dinov2_b14 target=clipart method=bayesian_d repeat=-1 evaluated=227/227
validate encoder=dinov2_b14 target=clipart method=domain_balance repeat=-1 evaluated=50/227
validate encoder=dinov2_b14 target=clipart method=domain_balance repeat=-1 evaluated=100/227
validate encoder=dinov2_b14 target=clipart method=domain_balance repeat=-1 evaluated=150/227
validate encoder=dinov2_b14 target=clipart method=domain_balance repeat=-1 evaluated=200/227
validate encoder=dinov2_b14 target=clipart method=domain_balance repeat=-1 evaluated=227/227
validate encoder=dinov2_b14 target=clipart method=dpp_subspace repeat=-1 evaluated=50/227
validate encoder=dinov2_b14 target=clipart method=dpp_subspace repeat=-1 evaluated=100/227
validate encoder=dinov2_b14 target=clipart method=dpp_subspace repeat=-1 evaluated=150/227
validate encoder=dinov2_b14 target=clipart method=dpp_subspace repeat=-1 evaluated=200/227
validate encoder=dinov2_b14 target=clipart method=dpp_subspace repeat=-1 evaluated=227/227
validate encoder=dinov2_b14 target=clipart method=merged_effective_rank repeat=-1 evaluated=50/227
validate encoder=dinov2_b14 target=clipart method=merged_effective_rank repeat=-1 evaluated=100/227
validate encoder=dinov2_b14 target=clipart method=merged_effective_rank repeat=-1 evaluated=150/227
validate encoder=dinov2_b14 target=clipart method=merged_effective_rank repeat=-1 evaluated=200/227
validate encoder=dinov2_b14 target=clipart method=merged_effective_rank repeat=-1 evaluated=227/227
validate encoder=dinov2_b14 target=clipart method=random repeat=0 evaluated=50/227
validate encoder=dinov2_b14 target=clipart method=random repeat=0 evaluated=100/227
validate encoder=dinov2_b14 target=clipart method=random repeat=0 evaluated=150/227
validate encoder=dinov2_b14 target=clipart method=random repeat=0 evaluated=200/227
validate encoder=dinov2_b14 target=clipart method=random repeat=0 evaluated=227/227
validate encoder=dinov2_b14 target=clipart method=random repeat=1 evaluated=50/227
validate encoder=dinov2_b14 target=clipart method=random repeat=1 evaluated=100/227
validate encoder=dinov2_b14 target=clipart method=random repeat=1 evaluated=150/227
validate encoder=dinov2_b14 target=clipart method=random repeat=1 evaluated=200/227
validate encoder=dinov2_b14 target=clipart method=random repeat=1 evaluated=227/227
validate encoder=dinov2_b14 target=clipart method=random repeat=2 evaluated=50/227
validate encoder=dinov2_b14 target=clipart method=random repeat=2 evaluated=100/227
validate encoder=dinov2_b14 target=clipart method=random repeat=2 evaluated=150/227
validate encoder=dinov2_b14 target=clipart method=random repeat=2 evaluated=200/227
validate encoder=dinov2_b14 target=clipart method=random repeat=2 evaluated=227/227
validate encoder=dinov2_b14 target=clipart method=random repeat=3 evaluated=50/227
validate encoder=dinov2_b14 target=clipart method=random repeat=3 evaluated=100/227
validate encoder=dinov2_b14 target=clipart method=random repeat=3 evaluated=150/227
validate encoder=dinov2_b14 target=clipart method=random repeat=3 evaluated=200/227
validate encoder=dinov2_b14 target=clipart method=random repeat=3 evaluated=227/227
validate encoder=dinov2_b14 target=clipart method=random repeat=4 evaluated=50/227
validate encoder=dinov2_b14 target=clipart method=random repeat=4 evaluated=100/227
validate encoder=dinov2_b14 target=clipart method=random repeat=4 evaluated=150/227
validate encoder=dinov2_b14 target=clipart method=random repeat=4 evaluated=200/227
validate encoder=dinov2_b14 target=clipart method=random repeat=4 evaluated=227/227
validate encoder=dinov2_b14 target=clipart method=random repeat=5 evaluated=50/227
validate encoder=dinov2_b14 target=clipart method=random repeat=5 evaluated=100/227
validate encoder=dinov2_b14 target=clipart method=random repeat=5 evaluated=150/227
validate encoder=dinov2_b14 target=clipart method=random repeat=5 evaluated=200/227
validate encoder=dinov2_b14 target=clipart method=random repeat=5 evaluated=227/227
validate encoder=dinov2_b14 target=clipart method=random repeat=6 evaluated=50/227
validate encoder=dinov2_b14 target=clipart method=random repeat=6 evaluated=100/227
validate encoder=dinov2_b14 target=clipart method=random repeat=6 evaluated=150/227
validate encoder=dinov2_b14 target=clipart method=random repeat=6 evaluated=200/227
validate encoder=dinov2_b14 target=clipart method=random repeat=6 evaluated=227/227
validate encoder=dinov2_b14 target=clipart method=random repeat=7 evaluated=50/227
validate encoder=dinov2_b14 target=clipart method=random repeat=7 evaluated=100/227
validate encoder=dinov2_b14 target=clipart method=random repeat=7 evaluated=150/227
validate encoder=dinov2_b14 target=clipart method=random repeat=7 evaluated=200/227
validate encoder=dinov2_b14 target=clipart method=random repeat=7 evaluated=227/227
validate encoder=dinov2_b14 target=clipart method=random repeat=8 evaluated=50/227
validate encoder=dinov2_b14 target=clipart method=random repeat=8 evaluated=100/227
validate encoder=dinov2_b14 target=clipart method=random repeat=8 evaluated=150/227
validate encoder=dinov2_b14 target=clipart method=random repeat=8 evaluated=200/227
validate encoder=dinov2_b14 target=clipart method=random repeat=8 evaluated=227/227
validate encoder=dinov2_b14 target=clipart method=random repeat=9 evaluated=50/227
validate encoder=dinov2_b14 target=clipart method=random repeat=9 evaluated=100/227
validate encoder=dinov2_b14 target=clipart method=random repeat=9 evaluated=150/227
validate encoder=dinov2_b14 target=clipart method=random repeat=9 evaluated=200/227
validate encoder=dinov2_b14 target=clipart method=random repeat=9 evaluated=227/227
validate encoder=dinov2_b14 target=clipart method=random repeat=10 evaluated=50/227
validate encoder=dinov2_b14 target=clipart method=random repeat=10 evaluated=100/227
validate encoder=dinov2_b14 target=clipart method=random repeat=10 evaluated=150/227
validate encoder=dinov2_b14 target=clipart method=random repeat=10 evaluated=200/227
validate encoder=dinov2_b14 target=clipart method=random repeat=10 evaluated=227/227
validate encoder=dinov2_b14 target=clipart method=random repeat=11 evaluated=50/227
validate encoder=dinov2_b14 target=clipart method=random repeat=11 evaluated=100/227
validate encoder=dinov2_b14 target=clipart method=random repeat=11 evaluated=150/227
validate encoder=dinov2_b14 target=clipart method=random repeat=11 evaluated=200/227
validate encoder=dinov2_b14 target=clipart method=random repeat=11 evaluated=227/227
validate encoder=dinov2_b14 target=clipart method=random repeat=12 evaluated=50/227
validate encoder=dinov2_b14 target=clipart method=random repeat=12 evaluated=100/227
validate encoder=dinov2_b14 target=clipart method=random repeat=12 evaluated=150/227
validate encoder=dinov2_b14 target=clipart method=random repeat=12 evaluated=200/227
validate encoder=dinov2_b14 target=clipart method=random repeat=12 evaluated=227/227
validate encoder=dinov2_b14 target=clipart method=random repeat=13 evaluated=50/227
validate encoder=dinov2_b14 target=clipart method=random repeat=13 evaluated=100/227
validate encoder=dinov2_b14 target=clipart method=random repeat=13 evaluated=150/227
validate encoder=dinov2_b14 target=clipart method=random repeat=13 evaluated=200/227
validate encoder=dinov2_b14 target=clipart method=random repeat=13 evaluated=227/227
validate encoder=dinov2_b14 target=clipart method=random repeat=14 evaluated=50/227
validate encoder=dinov2_b14 target=clipart method=random repeat=14 evaluated=100/227
validate encoder=dinov2_b14 target=clipart method=random repeat=14 evaluated=150/227
validate encoder=dinov2_b14 target=clipart method=random repeat=14 evaluated=200/227
validate encoder=dinov2_b14 target=clipart method=random repeat=14 evaluated=227/227
validate encoder=dinov2_b14 target=clipart method=random repeat=15 evaluated=50/227
validate encoder=dinov2_b14 target=clipart method=random repeat=15 evaluated=100/227
validate encoder=dinov2_b14 target=clipart method=random repeat=15 evaluated=150/227
validate encoder=dinov2_b14 target=clipart method=random repeat=15 evaluated=200/227
validate encoder=dinov2_b14 target=clipart method=random repeat=15 evaluated=227/227
validate encoder=dinov2_b14 target=clipart method=random repeat=16 evaluated=50/227
validate encoder=dinov2_b14 target=clipart method=random repeat=16 evaluated=100/227
validate encoder=dinov2_b14 target=clipart method=random repeat=16 evaluated=150/227
validate encoder=dinov2_b14 target=clipart method=random repeat=16 evaluated=200/227
validate encoder=dinov2_b14 target=clipart method=random repeat=16 evaluated=227/227
validate encoder=dinov2_b14 target=clipart method=random repeat=17 evaluated=50/227
validate encoder=dinov2_b14 target=clipart method=random repeat=17 evaluated=100/227
validate encoder=dinov2_b14 target=clipart method=random repeat=17 evaluated=150/227
validate encoder=dinov2_b14 target=clipart method=random repeat=17 evaluated=200/227
validate encoder=dinov2_b14 target=clipart method=random repeat=17 evaluated=227/227
validate encoder=dinov2_b14 target=clipart method=random repeat=18 evaluated=50/227
validate encoder=dinov2_b14 target=clipart method=random repeat=18 evaluated=100/227
validate encoder=dinov2_b14 target=clipart method=random repeat=18 evaluated=150/227
validate encoder=dinov2_b14 target=clipart method=random repeat=18 evaluated=200/227
validate encoder=dinov2_b14 target=clipart method=random repeat=18 evaluated=227/227
validate encoder=dinov2_b14 target=clipart method=random repeat=19 evaluated=50/227
validate encoder=dinov2_b14 target=clipart method=random repeat=19 evaluated=100/227
validate encoder=dinov2_b14 target=clipart method=random repeat=19 evaluated=150/227
validate encoder=dinov2_b14 target=clipart method=random repeat=19 evaluated=200/227
validate encoder=dinov2_b14 target=clipart method=random repeat=19 evaluated=227/227
validate encoder=dinov2_b14 target=clipart method=second_moment_mmd repeat=-1 evaluated=50/227
validate encoder=dinov2_b14 target=clipart method=second_moment_mmd repeat=-1 evaluated=100/227
validate encoder=dinov2_b14 target=clipart method=second_moment_mmd repeat=-1 evaluated=150/227
validate encoder=dinov2_b14 target=clipart method=second_moment_mmd repeat=-1 evaluated=200/227
validate encoder=dinov2_b14 target=clipart method=second_moment_mmd repeat=-1 evaluated=227/227
validate encoder=dinov2_b14 target=clipart method=target_a repeat=-1 evaluated=50/227
validate encoder=dinov2_b14 target=clipart method=target_a repeat=-1 evaluated=100/227
validate encoder=dinov2_b14 target=clipart method=target_a repeat=-1 evaluated=150/227
validate encoder=dinov2_b14 target=clipart method=target_a repeat=-1 evaluated=200/227
validate encoder=dinov2_b14 target=clipart method=target_a repeat=-1 evaluated=227/227
validate encoder=dinov2_b14 target=clipart method=target_energy repeat=-1 evaluated=50/227
validate encoder=dinov2_b14 target=clipart method=target_energy repeat=-1 evaluated=100/227
validate encoder=dinov2_b14 target=clipart method=target_energy repeat=-1 evaluated=150/227
validate encoder=dinov2_b14 target=clipart method=target_energy repeat=-1 evaluated=200/227
validate encoder=dinov2_b14 target=clipart method=target_energy repeat=-1 evaluated=227/227
validate encoder=dinov2_b14 target=infograph method=bayesian_d repeat=-1 evaluated=50/227
validate encoder=dinov2_b14 target=infograph method=bayesian_d repeat=-1 evaluated=100/227
validate encoder=dinov2_b14 target=infograph method=bayesian_d repeat=-1 evaluated=150/227
validate encoder=dinov2_b14 target=infograph method=bayesian_d repeat=-1 evaluated=200/227
validate encoder=dinov2_b14 target=infograph method=bayesian_d repeat=-1 evaluated=227/227
validate encoder=dinov2_b14 target=infograph method=domain_balance repeat=-1 evaluated=50/227
validate encoder=dinov2_b14 target=infograph method=domain_balance repeat=-1 evaluated=100/227
validate encoder=dinov2_b14 target=infograph method=domain_balance repeat=-1 evaluated=150/227
validate encoder=dinov2_b14 target=infograph method=domain_balance repeat=-1 evaluated=200/227
validate encoder=dinov2_b14 target=infograph method=domain_balance repeat=-1 evaluated=227/227
validate encoder=dinov2_b14 target=infograph method=dpp_subspace repeat=-1 evaluated=50/227
validate encoder=dinov2_b14 target=infograph method=dpp_subspace repeat=-1 evaluated=100/227
validate encoder=dinov2_b14 target=infograph method=dpp_subspace repeat=-1 evaluated=150/227
validate encoder=dinov2_b14 target=infograph method=dpp_subspace repeat=-1 evaluated=200/227
validate encoder=dinov2_b14 target=infograph method=dpp_subspace repeat=-1 evaluated=227/227
validate encoder=dinov2_b14 target=infograph method=merged_effective_rank repeat=-1 evaluated=50/227
validate encoder=dinov2_b14 target=infograph method=merged_effective_rank repeat=-1 evaluated=100/227
validate encoder=dinov2_b14 target=infograph method=merged_effective_rank repeat=-1 evaluated=150/227
validate encoder=dinov2_b14 target=infograph method=merged_effective_rank repeat=-1 evaluated=200/227
validate encoder=dinov2_b14 target=infograph method=merged_effective_rank repeat=-1 evaluated=227/227
validate encoder=dinov2_b14 target=infograph method=random repeat=0 evaluated=50/227
validate encoder=dinov2_b14 target=infograph method=random repeat=0 evaluated=100/227
validate encoder=dinov2_b14 target=infograph method=random repeat=0 evaluated=150/227
validate encoder=dinov2_b14 target=infograph method=random repeat=0 evaluated=200/227
validate encoder=dinov2_b14 target=infograph method=random repeat=0 evaluated=227/227
validate encoder=dinov2_b14 target=infograph method=random repeat=1 evaluated=50/227
validate encoder=dinov2_b14 target=infograph method=random repeat=1 evaluated=100/227
validate encoder=dinov2_b14 target=infograph method=random repeat=1 evaluated=150/227
validate encoder=dinov2_b14 target=infograph method=random repeat=1 evaluated=200/227
validate encoder=dinov2_b14 target=infograph method=random repeat=1 evaluated=227/227
validate encoder=dinov2_b14 target=infograph method=random repeat=2 evaluated=50/227
validate encoder=dinov2_b14 target=infograph method=random repeat=2 evaluated=100/227
validate encoder=dinov2_b14 target=infograph method=random repeat=2 evaluated=150/227
validate encoder=dinov2_b14 target=infograph method=random repeat=2 evaluated=200/227
validate encoder=dinov2_b14 target=infograph method=random repeat=2 evaluated=227/227
validate encoder=dinov2_b14 target=infograph method=random repeat=3 evaluated=50/227
validate encoder=dinov2_b14 target=infograph method=random repeat=3 evaluated=100/227
validate encoder=dinov2_b14 target=infograph method=random repeat=3 evaluated=150/227
validate encoder=dinov2_b14 target=infograph method=random repeat=3 evaluated=200/227
validate encoder=dinov2_b14 target=infograph method=random repeat=3 evaluated=227/227
validate encoder=dinov2_b14 target=infograph method=random repeat=4 evaluated=50/227
validate encoder=dinov2_b14 target=infograph method=random repeat=4 evaluated=100/227
validate encoder=dinov2_b14 target=infograph method=random repeat=4 evaluated=150/227
validate encoder=dinov2_b14 target=infograph method=random repeat=4 evaluated=200/227
validate encoder=dinov2_b14 target=infograph method=random repeat=4 evaluated=227/227
validate encoder=dinov2_b14 target=infograph method=random repeat=5 evaluated=50/227
validate encoder=dinov2_b14 target=infograph method=random repeat=5 evaluated=100/227
validate encoder=dinov2_b14 target=infograph method=random repeat=5 evaluated=150/227
validate encoder=dinov2_b14 target=infograph method=random repeat=5 evaluated=200/227
validate encoder=dinov2_b14 target=infograph method=random repeat=5 evaluated=227/227
validate encoder=dinov2_b14 target=infograph method=random repeat=6 evaluated=50/227
validate encoder=dinov2_b14 target=infograph method=random repeat=6 evaluated=100/227
validate encoder=dinov2_b14 target=infograph method=random repeat=6 evaluated=150/227
validate encoder=dinov2_b14 target=infograph method=random repeat=6 evaluated=200/227
validate encoder=dinov2_b14 target=infograph method=random repeat=6 evaluated=227/227
validate encoder=dinov2_b14 target=infograph method=random repeat=7 evaluated=50/227
validate encoder=dinov2_b14 target=infograph method=random repeat=7 evaluated=100/227
validate encoder=dinov2_b14 target=infograph method=random repeat=7 evaluated=150/227
validate encoder=dinov2_b14 target=infograph method=random repeat=7 evaluated=200/227
validate encoder=dinov2_b14 target=infograph method=random repeat=7 evaluated=227/227
validate encoder=dinov2_b14 target=infograph method=random repeat=8 evaluated=50/227
validate encoder=dinov2_b14 target=infograph method=random repeat=8 evaluated=100/227
validate encoder=dinov2_b14 target=infograph method=random repeat=8 evaluated=150/227
validate encoder=dinov2_b14 target=infograph method=random repeat=8 evaluated=200/227
validate encoder=dinov2_b14 target=infograph method=random repeat=8 evaluated=227/227
validate encoder=dinov2_b14 target=infograph method=random repeat=9 evaluated=50/227
validate encoder=dinov2_b14 target=infograph method=random repeat=9 evaluated=100/227
validate encoder=dinov2_b14 target=infograph method=random repeat=9 evaluated=150/227
validate encoder=dinov2_b14 target=infograph method=random repeat=9 evaluated=200/227
validate encoder=dinov2_b14 target=infograph method=random repeat=9 evaluated=227/227
validate encoder=dinov2_b14 target=infograph method=random repeat=10 evaluated=50/227
validate encoder=dinov2_b14 target=infograph method=random repeat=10 evaluated=100/227
validate encoder=dinov2_b14 target=infograph method=random repeat=10 evaluated=150/227
validate encoder=dinov2_b14 target=infograph method=random repeat=10 evaluated=200/227
validate encoder=dinov2_b14 target=infograph method=random repeat=10 evaluated=227/227
validate encoder=dinov2_b14 target=infograph method=random repeat=11 evaluated=50/227
validate encoder=dinov2_b14 target=infograph method=random repeat=11 evaluated=100/227
validate encoder=dinov2_b14 target=infograph method=random repeat=11 evaluated=150/227
validate encoder=dinov2_b14 target=infograph method=random repeat=11 evaluated=200/227
validate encoder=dinov2_b14 target=infograph method=random repeat=11 evaluated=227/227
validate encoder=dinov2_b14 target=infograph method=random repeat=12 evaluated=50/227
validate encoder=dinov2_b14 target=infograph method=random repeat=12 evaluated=100/227
validate encoder=dinov2_b14 target=infograph method=random repeat=12 evaluated=150/227
validate encoder=dinov2_b14 target=infograph method=random repeat=12 evaluated=200/227
validate encoder=dinov2_b14 target=infograph method=random repeat=12 evaluated=227/227
validate encoder=dinov2_b14 target=infograph method=random repeat=13 evaluated=50/227
validate encoder=dinov2_b14 target=infograph method=random repeat=13 evaluated=100/227
validate encoder=dinov2_b14 target=infograph method=random repeat=13 evaluated=150/227
validate encoder=dinov2_b14 target=infograph method=random repeat=13 evaluated=200/227
validate encoder=dinov2_b14 target=infograph method=random repeat=13 evaluated=227/227
validate encoder=dinov2_b14 target=infograph method=random repeat=14 evaluated=50/227
validate encoder=dinov2_b14 target=infograph method=random repeat=14 evaluated=100/227
validate encoder=dinov2_b14 target=infograph method=random repeat=14 evaluated=150/227
validate encoder=dinov2_b14 target=infograph method=random repeat=14 evaluated=200/227
validate encoder=dinov2_b14 target=infograph method=random repeat=14 evaluated=227/227
validate encoder=dinov2_b14 target=infograph method=random repeat=15 evaluated=50/227
validate encoder=dinov2_b14 target=infograph method=random repeat=15 evaluated=100/227
validate encoder=dinov2_b14 target=infograph method=random repeat=15 evaluated=150/227
validate encoder=dinov2_b14 target=infograph method=random repeat=15 evaluated=200/227
validate encoder=dinov2_b14 target=infograph method=random repeat=15 evaluated=227/227
validate encoder=dinov2_b14 target=infograph method=random repeat=16 evaluated=50/227
validate encoder=dinov2_b14 target=infograph method=random repeat=16 evaluated=100/227
validate encoder=dinov2_b14 target=infograph method=random repeat=16 evaluated=150/227
validate encoder=dinov2_b14 target=infograph method=random repeat=16 evaluated=200/227
validate encoder=dinov2_b14 target=infograph method=random repeat=16 evaluated=227/227
validate encoder=dinov2_b14 target=infograph method=random repeat=17 evaluated=50/227
validate encoder=dinov2_b14 target=infograph method=random repeat=17 evaluated=100/227
validate encoder=dinov2_b14 target=infograph method=random repeat=17 evaluated=150/227
validate encoder=dinov2_b14 target=infograph method=random repeat=17 evaluated=200/227
validate encoder=dinov2_b14 target=infograph method=random repeat=17 evaluated=227/227
validate encoder=dinov2_b14 target=infograph method=random repeat=18 evaluated=50/227
validate encoder=dinov2_b14 target=infograph method=random repeat=18 evaluated=100/227
validate encoder=dinov2_b14 target=infograph method=random repeat=18 evaluated=150/227
validate encoder=dinov2_b14 target=infograph method=random repeat=18 evaluated=200/227
validate encoder=dinov2_b14 target=infograph method=random repeat=18 evaluated=227/227
validate encoder=dinov2_b14 target=infograph method=random repeat=19 evaluated=50/227
validate encoder=dinov2_b14 target=infograph method=random repeat=19 evaluated=100/227
validate encoder=dinov2_b14 target=infograph method=random repeat=19 evaluated=150/227
validate encoder=dinov2_b14 target=infograph method=random repeat=19 evaluated=200/227
validate encoder=dinov2_b14 target=infograph method=random repeat=19 evaluated=227/227
validate encoder=dinov2_b14 target=infograph method=second_moment_mmd repeat=-1 evaluated=50/227
validate encoder=dinov2_b14 target=infograph method=second_moment_mmd repeat=-1 evaluated=100/227
validate encoder=dinov2_b14 target=infograph method=second_moment_mmd repeat=-1 evaluated=150/227
validate encoder=dinov2_b14 target=infograph method=second_moment_mmd repeat=-1 evaluated=200/227
validate encoder=dinov2_b14 target=infograph method=second_moment_mmd repeat=-1 evaluated=227/227
validate encoder=dinov2_b14 target=infograph method=target_a repeat=-1 evaluated=50/227
validate encoder=dinov2_b14 target=infograph method=target_a repeat=-1 evaluated=100/227
validate encoder=dinov2_b14 target=infograph method=target_a repeat=-1 evaluated=150/227
validate encoder=dinov2_b14 target=infograph method=target_a repeat=-1 evaluated=200/227
validate encoder=dinov2_b14 target=infograph method=target_a repeat=-1 evaluated=227/227
validate encoder=dinov2_b14 target=infograph method=target_energy repeat=-1 evaluated=50/227
validate encoder=dinov2_b14 target=infograph method=target_energy repeat=-1 evaluated=100/227
validate encoder=dinov2_b14 target=infograph method=target_energy repeat=-1 evaluated=150/227
validate encoder=dinov2_b14 target=infograph method=target_energy repeat=-1 evaluated=200/227
validate encoder=dinov2_b14 target=infograph method=target_energy repeat=-1 evaluated=227/227
validate encoder=dinov2_b14 target=painting method=bayesian_d repeat=-1 evaluated=50/227
validate encoder=dinov2_b14 target=painting method=bayesian_d repeat=-1 evaluated=100/227
validate encoder=dinov2_b14 target=painting method=bayesian_d repeat=-1 evaluated=150/227
validate encoder=dinov2_b14 target=painting method=bayesian_d repeat=-1 evaluated=200/227
validate encoder=dinov2_b14 target=painting method=bayesian_d repeat=-1 evaluated=227/227
validate encoder=dinov2_b14 target=painting method=domain_balance repeat=-1 evaluated=50/227
validate encoder=dinov2_b14 target=painting method=domain_balance repeat=-1 evaluated=100/227
validate encoder=dinov2_b14 target=painting method=domain_balance repeat=-1 evaluated=150/227
validate encoder=dinov2_b14 target=painting method=domain_balance repeat=-1 evaluated=200/227
validate encoder=dinov2_b14 target=painting method=domain_balance repeat=-1 evaluated=227/227
validate encoder=dinov2_b14 target=painting method=dpp_subspace repeat=-1 evaluated=50/227
validate encoder=dinov2_b14 target=painting method=dpp_subspace repeat=-1 evaluated=100/227
validate encoder=dinov2_b14 target=painting method=dpp_subspace repeat=-1 evaluated=150/227
validate encoder=dinov2_b14 target=painting method=dpp_subspace repeat=-1 evaluated=200/227
validate encoder=dinov2_b14 target=painting method=dpp_subspace repeat=-1 evaluated=227/227
validate encoder=dinov2_b14 target=painting method=merged_effective_rank repeat=-1 evaluated=50/227
validate encoder=dinov2_b14 target=painting method=merged_effective_rank repeat=-1 evaluated=100/227
validate encoder=dinov2_b14 target=painting method=merged_effective_rank repeat=-1 evaluated=150/227
validate encoder=dinov2_b14 target=painting method=merged_effective_rank repeat=-1 evaluated=200/227
validate encoder=dinov2_b14 target=painting method=merged_effective_rank repeat=-1 evaluated=227/227
validate encoder=dinov2_b14 target=painting method=random repeat=0 evaluated=50/227
validate encoder=dinov2_b14 target=painting method=random repeat=0 evaluated=100/227
validate encoder=dinov2_b14 target=painting method=random repeat=0 evaluated=150/227
validate encoder=dinov2_b14 target=painting method=random repeat=0 evaluated=200/227
validate encoder=dinov2_b14 target=painting method=random repeat=0 evaluated=227/227
validate encoder=dinov2_b14 target=painting method=random repeat=1 evaluated=50/227
validate encoder=dinov2_b14 target=painting method=random repeat=1 evaluated=100/227
validate encoder=dinov2_b14 target=painting method=random repeat=1 evaluated=150/227
validate encoder=dinov2_b14 target=painting method=random repeat=1 evaluated=200/227
validate encoder=dinov2_b14 target=painting method=random repeat=1 evaluated=227/227
validate encoder=dinov2_b14 target=painting method=random repeat=2 evaluated=50/227
validate encoder=dinov2_b14 target=painting method=random repeat=2 evaluated=100/227
validate encoder=dinov2_b14 target=painting method=random repeat=2 evaluated=150/227
validate encoder=dinov2_b14 target=painting method=random repeat=2 evaluated=200/227
validate encoder=dinov2_b14 target=painting method=random repeat=2 evaluated=227/227
validate encoder=dinov2_b14 target=painting method=random repeat=3 evaluated=50/227
validate encoder=dinov2_b14 target=painting method=random repeat=3 evaluated=100/227
validate encoder=dinov2_b14 target=painting method=random repeat=3 evaluated=150/227
validate encoder=dinov2_b14 target=painting method=random repeat=3 evaluated=200/227
validate encoder=dinov2_b14 target=painting method=random repeat=3 evaluated=227/227
validate encoder=dinov2_b14 target=painting method=random repeat=4 evaluated=50/227
validate encoder=dinov2_b14 target=painting method=random repeat=4 evaluated=100/227
validate encoder=dinov2_b14 target=painting method=random repeat=4 evaluated=150/227
validate encoder=dinov2_b14 target=painting method=random repeat=4 evaluated=200/227
validate encoder=dinov2_b14 target=painting method=random repeat=4 evaluated=227/227
validate encoder=dinov2_b14 target=painting method=random repeat=5 evaluated=50/227
validate encoder=dinov2_b14 target=painting method=random repeat=5 evaluated=100/227
validate encoder=dinov2_b14 target=painting method=random repeat=5 evaluated=150/227
validate encoder=dinov2_b14 target=painting method=random repeat=5 evaluated=200/227
validate encoder=dinov2_b14 target=painting method=random repeat=5 evaluated=227/227
validate encoder=dinov2_b14 target=painting method=random repeat=6 evaluated=50/227
validate encoder=dinov2_b14 target=painting method=random repeat=6 evaluated=100/227
validate encoder=dinov2_b14 target=painting method=random repeat=6 evaluated=150/227
validate encoder=dinov2_b14 target=painting method=random repeat=6 evaluated=200/227
validate encoder=dinov2_b14 target=painting method=random repeat=6 evaluated=227/227
validate encoder=dinov2_b14 target=painting method=random repeat=7 evaluated=50/227
validate encoder=dinov2_b14 target=painting method=random repeat=7 evaluated=100/227
validate encoder=dinov2_b14 target=painting method=random repeat=7 evaluated=150/227
validate encoder=dinov2_b14 target=painting method=random repeat=7 evaluated=200/227
validate encoder=dinov2_b14 target=painting method=random repeat=7 evaluated=227/227
validate encoder=dinov2_b14 target=painting method=random repeat=8 evaluated=50/227
validate encoder=dinov2_b14 target=painting method=random repeat=8 evaluated=100/227
validate encoder=dinov2_b14 target=painting method=random repeat=8 evaluated=150/227
validate encoder=dinov2_b14 target=painting method=random repeat=8 evaluated=200/227
validate encoder=dinov2_b14 target=painting method=random repeat=8 evaluated=227/227
validate encoder=dinov2_b14 target=painting method=random repeat=9 evaluated=50/227
validate encoder=dinov2_b14 target=painting method=random repeat=9 evaluated=100/227
validate encoder=dinov2_b14 target=painting method=random repeat=9 evaluated=150/227
validate encoder=dinov2_b14 target=painting method=random repeat=9 evaluated=200/227
validate encoder=dinov2_b14 target=painting method=random repeat=9 evaluated=227/227
validate encoder=dinov2_b14 target=painting method=random repeat=10 evaluated=50/227
validate encoder=dinov2_b14 target=painting method=random repeat=10 evaluated=100/227
validate encoder=dinov2_b14 target=painting method=random repeat=10 evaluated=150/227
validate encoder=dinov2_b14 target=painting method=random repeat=10 evaluated=200/227
validate encoder=dinov2_b14 target=painting method=random repeat=10 evaluated=227/227
validate encoder=dinov2_b14 target=painting method=random repeat=11 evaluated=50/227
validate encoder=dinov2_b14 target=painting method=random repeat=11 evaluated=100/227
validate encoder=dinov2_b14 target=painting method=random repeat=11 evaluated=150/227
validate encoder=dinov2_b14 target=painting method=random repeat=11 evaluated=200/227
validate encoder=dinov2_b14 target=painting method=random repeat=11 evaluated=227/227
validate encoder=dinov2_b14 target=painting method=random repeat=12 evaluated=50/227
validate encoder=dinov2_b14 target=painting method=random repeat=12 evaluated=100/227
validate encoder=dinov2_b14 target=painting method=random repeat=12 evaluated=150/227
validate encoder=dinov2_b14 target=painting method=random repeat=12 evaluated=200/227
validate encoder=dinov2_b14 target=painting method=random repeat=12 evaluated=227/227
validate encoder=dinov2_b14 target=painting method=random repeat=13 evaluated=50/227
validate encoder=dinov2_b14 target=painting method=random repeat=13 evaluated=100/227
validate encoder=dinov2_b14 target=painting method=random repeat=13 evaluated=150/227
validate encoder=dinov2_b14 target=painting method=random repeat=13 evaluated=200/227
validate encoder=dinov2_b14 target=painting method=random repeat=13 evaluated=227/227
validate encoder=dinov2_b14 target=painting method=random repeat=14 evaluated=50/227
validate encoder=dinov2_b14 target=painting method=random repeat=14 evaluated=100/227
validate encoder=dinov2_b14 target=painting method=random repeat=14 evaluated=150/227
validate encoder=dinov2_b14 target=painting method=random repeat=14 evaluated=200/227
validate encoder=dinov2_b14 target=painting method=random repeat=14 evaluated=227/227
validate encoder=dinov2_b14 target=painting method=random repeat=15 evaluated=50/227
validate encoder=dinov2_b14 target=painting method=random repeat=15 evaluated=100/227
validate encoder=dinov2_b14 target=painting method=random repeat=15 evaluated=150/227
validate encoder=dinov2_b14 target=painting method=random repeat=15 evaluated=200/227
validate encoder=dinov2_b14 target=painting method=random repeat=15 evaluated=227/227
validate encoder=dinov2_b14 target=painting method=random repeat=16 evaluated=50/227
validate encoder=dinov2_b14 target=painting method=random repeat=16 evaluated=100/227
validate encoder=dinov2_b14 target=painting method=random repeat=16 evaluated=150/227
validate encoder=dinov2_b14 target=painting method=random repeat=16 evaluated=200/227
validate encoder=dinov2_b14 target=painting method=random repeat=16 evaluated=227/227
validate encoder=dinov2_b14 target=painting method=random repeat=17 evaluated=50/227
validate encoder=dinov2_b14 target=painting method=random repeat=17 evaluated=100/227
validate encoder=dinov2_b14 target=painting method=random repeat=17 evaluated=150/227
validate encoder=dinov2_b14 target=painting method=random repeat=17 evaluated=200/227
validate encoder=dinov2_b14 target=painting method=random repeat=17 evaluated=227/227
validate encoder=dinov2_b14 target=painting method=random repeat=18 evaluated=50/227
validate encoder=dinov2_b14 target=painting method=random repeat=18 evaluated=100/227
validate encoder=dinov2_b14 target=painting method=random repeat=18 evaluated=150/227
validate encoder=dinov2_b14 target=painting method=random repeat=18 evaluated=200/227
validate encoder=dinov2_b14 target=painting method=random repeat=18 evaluated=227/227
validate encoder=dinov2_b14 target=painting method=random repeat=19 evaluated=50/227
validate encoder=dinov2_b14 target=painting method=random repeat=19 evaluated=100/227
validate encoder=dinov2_b14 target=painting method=random repeat=19 evaluated=150/227
validate encoder=dinov2_b14 target=painting method=random repeat=19 evaluated=200/227
validate encoder=dinov2_b14 target=painting method=random repeat=19 evaluated=227/227
validate encoder=dinov2_b14 target=painting method=second_moment_mmd repeat=-1 evaluated=50/227
validate encoder=dinov2_b14 target=painting method=second_moment_mmd repeat=-1 evaluated=100/227
validate encoder=dinov2_b14 target=painting method=second_moment_mmd repeat=-1 evaluated=150/227
validate encoder=dinov2_b14 target=painting method=second_moment_mmd repeat=-1 evaluated=200/227
validate encoder=dinov2_b14 target=painting method=second_moment_mmd repeat=-1 evaluated=227/227
validate encoder=dinov2_b14 target=painting method=target_a repeat=-1 evaluated=50/227
validate encoder=dinov2_b14 target=painting method=target_a repeat=-1 evaluated=100/227
validate encoder=dinov2_b14 target=painting method=target_a repeat=-1 evaluated=150/227
validate encoder=dinov2_b14 target=painting method=target_a repeat=-1 evaluated=200/227
validate encoder=dinov2_b14 target=painting method=target_a repeat=-1 evaluated=227/227
validate encoder=dinov2_b14 target=painting method=target_energy repeat=-1 evaluated=50/227
validate encoder=dinov2_b14 target=painting method=target_energy repeat=-1 evaluated=100/227
validate encoder=dinov2_b14 target=painting method=target_energy repeat=-1 evaluated=150/227
validate encoder=dinov2_b14 target=painting method=target_energy repeat=-1 evaluated=200/227
validate encoder=dinov2_b14 target=painting method=target_energy repeat=-1 evaluated=227/227
validate encoder=dinov2_b14 target=quickdraw method=bayesian_d repeat=-1 evaluated=50/227
validate encoder=dinov2_b14 target=quickdraw method=bayesian_d repeat=-1 evaluated=100/227
validate encoder=dinov2_b14 target=quickdraw method=bayesian_d repeat=-1 evaluated=150/227
validate encoder=dinov2_b14 target=quickdraw method=bayesian_d repeat=-1 evaluated=200/227
validate encoder=dinov2_b14 target=quickdraw method=bayesian_d repeat=-1 evaluated=227/227
validate encoder=dinov2_b14 target=quickdraw method=domain_balance repeat=-1 evaluated=50/227
validate encoder=dinov2_b14 target=quickdraw method=domain_balance repeat=-1 evaluated=100/227
validate encoder=dinov2_b14 target=quickdraw method=domain_balance repeat=-1 evaluated=150/227
validate encoder=dinov2_b14 target=quickdraw method=domain_balance repeat=-1 evaluated=200/227
validate encoder=dinov2_b14 target=quickdraw method=domain_balance repeat=-1 evaluated=227/227
validate encoder=dinov2_b14 target=quickdraw method=dpp_subspace repeat=-1 evaluated=50/227
validate encoder=dinov2_b14 target=quickdraw method=dpp_subspace repeat=-1 evaluated=100/227
validate encoder=dinov2_b14 target=quickdraw method=dpp_subspace repeat=-1 evaluated=150/227
validate encoder=dinov2_b14 target=quickdraw method=dpp_subspace repeat=-1 evaluated=200/227
validate encoder=dinov2_b14 target=quickdraw method=dpp_subspace repeat=-1 evaluated=227/227
validate encoder=dinov2_b14 target=quickdraw method=merged_effective_rank repeat=-1 evaluated=50/227
validate encoder=dinov2_b14 target=quickdraw method=merged_effective_rank repeat=-1 evaluated=100/227
validate encoder=dinov2_b14 target=quickdraw method=merged_effective_rank repeat=-1 evaluated=150/227
validate encoder=dinov2_b14 target=quickdraw method=merged_effective_rank repeat=-1 evaluated=200/227
validate encoder=dinov2_b14 target=quickdraw method=merged_effective_rank repeat=-1 evaluated=227/227
validate encoder=dinov2_b14 target=quickdraw method=random repeat=0 evaluated=50/227
validate encoder=dinov2_b14 target=quickdraw method=random repeat=0 evaluated=100/227
validate encoder=dinov2_b14 target=quickdraw method=random repeat=0 evaluated=150/227
validate encoder=dinov2_b14 target=quickdraw method=random repeat=0 evaluated=200/227
validate encoder=dinov2_b14 target=quickdraw method=random repeat=0 evaluated=227/227
validate encoder=dinov2_b14 target=quickdraw method=random repeat=1 evaluated=50/227
validate encoder=dinov2_b14 target=quickdraw method=random repeat=1 evaluated=100/227
validate encoder=dinov2_b14 target=quickdraw method=random repeat=1 evaluated=150/227
validate encoder=dinov2_b14 target=quickdraw method=random repeat=1 evaluated=200/227
validate encoder=dinov2_b14 target=quickdraw method=random repeat=1 evaluated=227/227
validate encoder=dinov2_b14 target=quickdraw method=random repeat=2 evaluated=50/227
validate encoder=dinov2_b14 target=quickdraw method=random repeat=2 evaluated=100/227
validate encoder=dinov2_b14 target=quickdraw method=random repeat=2 evaluated=150/227
validate encoder=dinov2_b14 target=quickdraw method=random repeat=2 evaluated=200/227
validate encoder=dinov2_b14 target=quickdraw method=random repeat=2 evaluated=227/227
validate encoder=dinov2_b14 target=quickdraw method=random repeat=3 evaluated=50/227
validate encoder=dinov2_b14 target=quickdraw method=random repeat=3 evaluated=100/227
validate encoder=dinov2_b14 target=quickdraw method=random repeat=3 evaluated=150/227
validate encoder=dinov2_b14 target=quickdraw method=random repeat=3 evaluated=200/227
validate encoder=dinov2_b14 target=quickdraw method=random repeat=3 evaluated=227/227
validate encoder=dinov2_b14 target=quickdraw method=random repeat=4 evaluated=50/227
validate encoder=dinov2_b14 target=quickdraw method=random repeat=4 evaluated=100/227
validate encoder=dinov2_b14 target=quickdraw method=random repeat=4 evaluated=150/227
validate encoder=dinov2_b14 target=quickdraw method=random repeat=4 evaluated=200/227
validate encoder=dinov2_b14 target=quickdraw method=random repeat=4 evaluated=227/227
validate encoder=dinov2_b14 target=quickdraw method=random repeat=5 evaluated=50/227
validate encoder=dinov2_b14 target=quickdraw method=random repeat=5 evaluated=100/227
validate encoder=dinov2_b14 target=quickdraw method=random repeat=5 evaluated=150/227
validate encoder=dinov2_b14 target=quickdraw method=random repeat=5 evaluated=200/227
validate encoder=dinov2_b14 target=quickdraw method=random repeat=5 evaluated=227/227
validate encoder=dinov2_b14 target=quickdraw method=random repeat=6 evaluated=50/227
validate encoder=dinov2_b14 target=quickdraw method=random repeat=6 evaluated=100/227
validate encoder=dinov2_b14 target=quickdraw method=random repeat=6 evaluated=150/227
validate encoder=dinov2_b14 target=quickdraw method=random repeat=6 evaluated=200/227
validate encoder=dinov2_b14 target=quickdraw method=random repeat=6 evaluated=227/227
validate encoder=dinov2_b14 target=quickdraw method=random repeat=7 evaluated=50/227
validate encoder=dinov2_b14 target=quickdraw method=random repeat=7 evaluated=100/227
validate encoder=dinov2_b14 target=quickdraw method=random repeat=7 evaluated=150/227
validate encoder=dinov2_b14 target=quickdraw method=random repeat=7 evaluated=200/227
validate encoder=dinov2_b14 target=quickdraw method=random repeat=7 evaluated=227/227
validate encoder=dinov2_b14 target=quickdraw method=random repeat=8 evaluated=50/227
validate encoder=dinov2_b14 target=quickdraw method=random repeat=8 evaluated=100/227
validate encoder=dinov2_b14 target=quickdraw method=random repeat=8 evaluated=150/227
validate encoder=dinov2_b14 target=quickdraw method=random repeat=8 evaluated=200/227
validate encoder=dinov2_b14 target=quickdraw method=random repeat=8 evaluated=227/227
validate encoder=dinov2_b14 target=quickdraw method=random repeat=9 evaluated=50/227
validate encoder=dinov2_b14 target=quickdraw method=random repeat=9 evaluated=100/227
validate encoder=dinov2_b14 target=quickdraw method=random repeat=9 evaluated=150/227
validate encoder=dinov2_b14 target=quickdraw method=random repeat=9 evaluated=200/227
validate encoder=dinov2_b14 target=quickdraw method=random repeat=9 evaluated=227/227
validate encoder=dinov2_b14 target=quickdraw method=random repeat=10 evaluated=50/227
validate encoder=dinov2_b14 target=quickdraw method=random repeat=10 evaluated=100/227
validate encoder=dinov2_b14 target=quickdraw method=random repeat=10 evaluated=150/227
validate encoder=dinov2_b14 target=quickdraw method=random repeat=10 evaluated=200/227
validate encoder=dinov2_b14 target=quickdraw method=random repeat=10 evaluated=227/227
validate encoder=dinov2_b14 target=quickdraw method=random repeat=11 evaluated=50/227
validate encoder=dinov2_b14 target=quickdraw method=random repeat=11 evaluated=100/227
validate encoder=dinov2_b14 target=quickdraw method=random repeat=11 evaluated=150/227
validate encoder=dinov2_b14 target=quickdraw method=random repeat=11 evaluated=200/227
validate encoder=dinov2_b14 target=quickdraw method=random repeat=11 evaluated=227/227
validate encoder=dinov2_b14 target=quickdraw method=random repeat=12 evaluated=50/227
validate encoder=dinov2_b14 target=quickdraw method=random repeat=12 evaluated=100/227
validate encoder=dinov2_b14 target=quickdraw method=random repeat=12 evaluated=150/227
validate encoder=dinov2_b14 target=quickdraw method=random repeat=12 evaluated=200/227
validate encoder=dinov2_b14 target=quickdraw method=random repeat=12 evaluated=227/227
validate encoder=dinov2_b14 target=quickdraw method=random repeat=13 evaluated=50/227
validate encoder=dinov2_b14 target=quickdraw method=random repeat=13 evaluated=100/227
validate encoder=dinov2_b14 target=quickdraw method=random repeat=13 evaluated=150/227
validate encoder=dinov2_b14 target=quickdraw method=random repeat=13 evaluated=200/227
validate encoder=dinov2_b14 target=quickdraw method=random repeat=13 evaluated=227/227
validate encoder=dinov2_b14 target=quickdraw method=random repeat=14 evaluated=50/227
validate encoder=dinov2_b14 target=quickdraw method=random repeat=14 evaluated=100/227
validate encoder=dinov2_b14 target=quickdraw method=random repeat=14 evaluated=150/227
validate encoder=dinov2_b14 target=quickdraw method=random repeat=14 evaluated=200/227
validate encoder=dinov2_b14 target=quickdraw method=random repeat=14 evaluated=227/227
validate encoder=dinov2_b14 target=quickdraw method=random repeat=15 evaluated=50/227
validate encoder=dinov2_b14 target=quickdraw method=random repeat=15 evaluated=100/227
validate encoder=dinov2_b14 target=quickdraw method=random repeat=15 evaluated=150/227
validate encoder=dinov2_b14 target=quickdraw method=random repeat=15 evaluated=200/227
validate encoder=dinov2_b14 target=quickdraw method=random repeat=15 evaluated=227/227
validate encoder=dinov2_b14 target=quickdraw method=random repeat=16 evaluated=50/227
validate encoder=dinov2_b14 target=quickdraw method=random repeat=16 evaluated=100/227
validate encoder=dinov2_b14 target=quickdraw method=random repeat=16 evaluated=150/227
validate encoder=dinov2_b14 target=quickdraw method=random repeat=16 evaluated=200/227
validate encoder=dinov2_b14 target=quickdraw method=random repeat=16 evaluated=227/227
validate encoder=dinov2_b14 target=quickdraw method=random repeat=17 evaluated=50/227
validate encoder=dinov2_b14 target=quickdraw method=random repeat=17 evaluated=100/227
validate encoder=dinov2_b14 target=quickdraw method=random repeat=17 evaluated=150/227
validate encoder=dinov2_b14 target=quickdraw method=random repeat=17 evaluated=200/227
validate encoder=dinov2_b14 target=quickdraw method=random repeat=17 evaluated=227/227
validate encoder=dinov2_b14 target=quickdraw method=random repeat=18 evaluated=50/227
validate encoder=dinov2_b14 target=quickdraw method=random repeat=18 evaluated=100/227
validate encoder=dinov2_b14 target=quickdraw method=random repeat=18 evaluated=150/227
validate encoder=dinov2_b14 target=quickdraw method=random repeat=18 evaluated=200/227
validate encoder=dinov2_b14 target=quickdraw method=random repeat=18 evaluated=227/227
validate encoder=dinov2_b14 target=quickdraw method=random repeat=19 evaluated=50/227
validate encoder=dinov2_b14 target=quickdraw method=random repeat=19 evaluated=100/227
validate encoder=dinov2_b14 target=quickdraw method=random repeat=19 evaluated=150/227
validate encoder=dinov2_b14 target=quickdraw method=random repeat=19 evaluated=200/227
validate encoder=dinov2_b14 target=quickdraw method=random repeat=19 evaluated=227/227
validate encoder=dinov2_b14 target=quickdraw method=second_moment_mmd repeat=-1 evaluated=50/227
validate encoder=dinov2_b14 target=quickdraw method=second_moment_mmd repeat=-1 evaluated=100/227
validate encoder=dinov2_b14 target=quickdraw method=second_moment_mmd repeat=-1 evaluated=150/227
validate encoder=dinov2_b14 target=quickdraw method=second_moment_mmd repeat=-1 evaluated=200/227
validate encoder=dinov2_b14 target=quickdraw method=second_moment_mmd repeat=-1 evaluated=227/227
validate encoder=dinov2_b14 target=quickdraw method=target_a repeat=-1 evaluated=50/227
validate encoder=dinov2_b14 target=quickdraw method=target_a repeat=-1 evaluated=100/227
validate encoder=dinov2_b14 target=quickdraw method=target_a repeat=-1 evaluated=150/227
validate encoder=dinov2_b14 target=quickdraw method=target_a repeat=-1 evaluated=200/227
validate encoder=dinov2_b14 target=quickdraw method=target_a repeat=-1 evaluated=227/227
validate encoder=dinov2_b14 target=quickdraw method=target_energy repeat=-1 evaluated=50/227
validate encoder=dinov2_b14 target=quickdraw method=target_energy repeat=-1 evaluated=100/227
validate encoder=dinov2_b14 target=quickdraw method=target_energy repeat=-1 evaluated=150/227
validate encoder=dinov2_b14 target=quickdraw method=target_energy repeat=-1 evaluated=200/227
validate encoder=dinov2_b14 target=quickdraw method=target_energy repeat=-1 evaluated=227/227
validate encoder=dinov2_b14 target=real method=bayesian_d repeat=-1 evaluated=50/227
validate encoder=dinov2_b14 target=real method=bayesian_d repeat=-1 evaluated=100/227
validate encoder=dinov2_b14 target=real method=bayesian_d repeat=-1 evaluated=150/227
validate encoder=dinov2_b14 target=real method=bayesian_d repeat=-1 evaluated=200/227
validate encoder=dinov2_b14 target=real method=bayesian_d repeat=-1 evaluated=227/227
validate encoder=dinov2_b14 target=real method=domain_balance repeat=-1 evaluated=50/227
validate encoder=dinov2_b14 target=real method=domain_balance repeat=-1 evaluated=100/227
validate encoder=dinov2_b14 target=real method=domain_balance repeat=-1 evaluated=150/227
validate encoder=dinov2_b14 target=real method=domain_balance repeat=-1 evaluated=200/227
validate encoder=dinov2_b14 target=real method=domain_balance repeat=-1 evaluated=227/227
validate encoder=dinov2_b14 target=real method=dpp_subspace repeat=-1 evaluated=50/227
validate encoder=dinov2_b14 target=real method=dpp_subspace repeat=-1 evaluated=100/227
validate encoder=dinov2_b14 target=real method=dpp_subspace repeat=-1 evaluated=150/227
validate encoder=dinov2_b14 target=real method=dpp_subspace repeat=-1 evaluated=200/227
validate encoder=dinov2_b14 target=real method=dpp_subspace repeat=-1 evaluated=227/227
validate encoder=dinov2_b14 target=real method=merged_effective_rank repeat=-1 evaluated=50/227
validate encoder=dinov2_b14 target=real method=merged_effective_rank repeat=-1 evaluated=100/227
validate encoder=dinov2_b14 target=real method=merged_effective_rank repeat=-1 evaluated=150/227
validate encoder=dinov2_b14 target=real method=merged_effective_rank repeat=-1 evaluated=200/227
validate encoder=dinov2_b14 target=real method=merged_effective_rank repeat=-1 evaluated=227/227
validate encoder=dinov2_b14 target=real method=random repeat=0 evaluated=50/227
validate encoder=dinov2_b14 target=real method=random repeat=0 evaluated=100/227
validate encoder=dinov2_b14 target=real method=random repeat=0 evaluated=150/227
validate encoder=dinov2_b14 target=real method=random repeat=0 evaluated=200/227
validate encoder=dinov2_b14 target=real method=random repeat=0 evaluated=227/227
validate encoder=dinov2_b14 target=real method=random repeat=1 evaluated=50/227
validate encoder=dinov2_b14 target=real method=random repeat=1 evaluated=100/227
validate encoder=dinov2_b14 target=real method=random repeat=1 evaluated=150/227
validate encoder=dinov2_b14 target=real method=random repeat=1 evaluated=200/227
validate encoder=dinov2_b14 target=real method=random repeat=1 evaluated=227/227
validate encoder=dinov2_b14 target=real method=random repeat=2 evaluated=50/227
validate encoder=dinov2_b14 target=real method=random repeat=2 evaluated=100/227
validate encoder=dinov2_b14 target=real method=random repeat=2 evaluated=150/227
validate encoder=dinov2_b14 target=real method=random repeat=2 evaluated=200/227
validate encoder=dinov2_b14 target=real method=random repeat=2 evaluated=227/227
validate encoder=dinov2_b14 target=real method=random repeat=3 evaluated=50/227
validate encoder=dinov2_b14 target=real method=random repeat=3 evaluated=100/227
validate encoder=dinov2_b14 target=real method=random repeat=3 evaluated=150/227
validate encoder=dinov2_b14 target=real method=random repeat=3 evaluated=200/227
validate encoder=dinov2_b14 target=real method=random repeat=3 evaluated=227/227
validate encoder=dinov2_b14 target=real method=random repeat=4 evaluated=50/227
validate encoder=dinov2_b14 target=real method=random repeat=4 evaluated=100/227
validate encoder=dinov2_b14 target=real method=random repeat=4 evaluated=150/227
validate encoder=dinov2_b14 target=real method=random repeat=4 evaluated=200/227
validate encoder=dinov2_b14 target=real method=random repeat=4 evaluated=227/227
validate encoder=dinov2_b14 target=real method=random repeat=5 evaluated=50/227
validate encoder=dinov2_b14 target=real method=random repeat=5 evaluated=100/227
validate encoder=dinov2_b14 target=real method=random repeat=5 evaluated=150/227
validate encoder=dinov2_b14 target=real method=random repeat=5 evaluated=200/227
validate encoder=dinov2_b14 target=real method=random repeat=5 evaluated=227/227
validate encoder=dinov2_b14 target=real method=random repeat=6 evaluated=50/227
validate encoder=dinov2_b14 target=real method=random repeat=6 evaluated=100/227
validate encoder=dinov2_b14 target=real method=random repeat=6 evaluated=150/227
validate encoder=dinov2_b14 target=real method=random repeat=6 evaluated=200/227
validate encoder=dinov2_b14 target=real method=random repeat=6 evaluated=227/227
validate encoder=dinov2_b14 target=real method=random repeat=7 evaluated=50/227
validate encoder=dinov2_b14 target=real method=random repeat=7 evaluated=100/227
validate encoder=dinov2_b14 target=real method=random repeat=7 evaluated=150/227
validate encoder=dinov2_b14 target=real method=random repeat=7 evaluated=200/227
validate encoder=dinov2_b14 target=real method=random repeat=7 evaluated=227/227
validate encoder=dinov2_b14 target=real method=random repeat=8 evaluated=50/227
validate encoder=dinov2_b14 target=real method=random repeat=8 evaluated=100/227
validate encoder=dinov2_b14 target=real method=random repeat=8 evaluated=150/227
validate encoder=dinov2_b14 target=real method=random repeat=8 evaluated=200/227
validate encoder=dinov2_b14 target=real method=random repeat=8 evaluated=227/227
validate encoder=dinov2_b14 target=real method=random repeat=9 evaluated=50/227
validate encoder=dinov2_b14 target=real method=random repeat=9 evaluated=100/227
validate encoder=dinov2_b14 target=real method=random repeat=9 evaluated=150/227
validate encoder=dinov2_b14 target=real method=random repeat=9 evaluated=200/227
validate encoder=dinov2_b14 target=real method=random repeat=9 evaluated=227/227
validate encoder=dinov2_b14 target=real method=random repeat=10 evaluated=50/227
validate encoder=dinov2_b14 target=real method=random repeat=10 evaluated=100/227
validate encoder=dinov2_b14 target=real method=random repeat=10 evaluated=150/227
validate encoder=dinov2_b14 target=real method=random repeat=10 evaluated=200/227
validate encoder=dinov2_b14 target=real method=random repeat=10 evaluated=227/227
validate encoder=dinov2_b14 target=real method=random repeat=11 evaluated=50/227
validate encoder=dinov2_b14 target=real method=random repeat=11 evaluated=100/227
validate encoder=dinov2_b14 target=real method=random repeat=11 evaluated=150/227
validate encoder=dinov2_b14 target=real method=random repeat=11 evaluated=200/227
validate encoder=dinov2_b14 target=real method=random repeat=11 evaluated=227/227
validate encoder=dinov2_b14 target=real method=random repeat=12 evaluated=50/227
validate encoder=dinov2_b14 target=real method=random repeat=12 evaluated=100/227
validate encoder=dinov2_b14 target=real method=random repeat=12 evaluated=150/227
validate encoder=dinov2_b14 target=real method=random repeat=12 evaluated=200/227
validate encoder=dinov2_b14 target=real method=random repeat=12 evaluated=227/227
validate encoder=dinov2_b14 target=real method=random repeat=13 evaluated=50/227
validate encoder=dinov2_b14 target=real method=random repeat=13 evaluated=100/227
validate encoder=dinov2_b14 target=real method=random repeat=13 evaluated=150/227
validate encoder=dinov2_b14 target=real method=random repeat=13 evaluated=200/227
validate encoder=dinov2_b14 target=real method=random repeat=13 evaluated=227/227
validate encoder=dinov2_b14 target=real method=random repeat=14 evaluated=50/227
validate encoder=dinov2_b14 target=real method=random repeat=14 evaluated=100/227
validate encoder=dinov2_b14 target=real method=random repeat=14 evaluated=150/227
validate encoder=dinov2_b14 target=real method=random repeat=14 evaluated=200/227
validate encoder=dinov2_b14 target=real method=random repeat=14 evaluated=227/227
validate encoder=dinov2_b14 target=real method=random repeat=15 evaluated=50/227
validate encoder=dinov2_b14 target=real method=random repeat=15 evaluated=100/227
validate encoder=dinov2_b14 target=real method=random repeat=15 evaluated=150/227
validate encoder=dinov2_b14 target=real method=random repeat=15 evaluated=200/227
validate encoder=dinov2_b14 target=real method=random repeat=15 evaluated=227/227
validate encoder=dinov2_b14 target=real method=random repeat=16 evaluated=50/227
validate encoder=dinov2_b14 target=real method=random repeat=16 evaluated=100/227
validate encoder=dinov2_b14 target=real method=random repeat=16 evaluated=150/227
validate encoder=dinov2_b14 target=real method=random repeat=16 evaluated=200/227
validate encoder=dinov2_b14 target=real method=random repeat=16 evaluated=227/227
validate encoder=dinov2_b14 target=real method=random repeat=17 evaluated=50/227
validate encoder=dinov2_b14 target=real method=random repeat=17 evaluated=100/227
validate encoder=dinov2_b14 target=real method=random repeat=17 evaluated=150/227
validate encoder=dinov2_b14 target=real method=random repeat=17 evaluated=200/227
validate encoder=dinov2_b14 target=real method=random repeat=17 evaluated=227/227
validate encoder=dinov2_b14 target=real method=random repeat=18 evaluated=50/227
validate encoder=dinov2_b14 target=real method=random repeat=18 evaluated=100/227
validate encoder=dinov2_b14 target=real method=random repeat=18 evaluated=150/227
validate encoder=dinov2_b14 target=real method=random repeat=18 evaluated=200/227
validate encoder=dinov2_b14 target=real method=random repeat=18 evaluated=227/227
validate encoder=dinov2_b14 target=real method=random repeat=19 evaluated=50/227
validate encoder=dinov2_b14 target=real method=random repeat=19 evaluated=100/227
validate encoder=dinov2_b14 target=real method=random repeat=19 evaluated=150/227
validate encoder=dinov2_b14 target=real method=random repeat=19 evaluated=200/227
validate encoder=dinov2_b14 target=real method=random repeat=19 evaluated=227/227
validate encoder=dinov2_b14 target=real method=second_moment_mmd repeat=-1 evaluated=50/227
validate encoder=dinov2_b14 target=real method=second_moment_mmd repeat=-1 evaluated=100/227
validate encoder=dinov2_b14 target=real method=second_moment_mmd repeat=-1 evaluated=150/227
validate encoder=dinov2_b14 target=real method=second_moment_mmd repeat=-1 evaluated=200/227
validate encoder=dinov2_b14 target=real method=second_moment_mmd repeat=-1 evaluated=227/227
validate encoder=dinov2_b14 target=real method=target_a repeat=-1 evaluated=50/227
validate encoder=dinov2_b14 target=real method=target_a repeat=-1 evaluated=100/227
validate encoder=dinov2_b14 target=real method=target_a repeat=-1 evaluated=150/227
validate encoder=dinov2_b14 target=real method=target_a repeat=-1 evaluated=200/227
validate encoder=dinov2_b14 target=real method=target_a repeat=-1 evaluated=227/227
validate encoder=dinov2_b14 target=real method=target_energy repeat=-1 evaluated=50/227
validate encoder=dinov2_b14 target=real method=target_energy repeat=-1 evaluated=100/227
validate encoder=dinov2_b14 target=real method=target_energy repeat=-1 evaluated=150/227
validate encoder=dinov2_b14 target=real method=target_energy repeat=-1 evaluated=200/227
validate encoder=dinov2_b14 target=real method=target_energy repeat=-1 evaluated=227/227
validate encoder=dinov2_b14 target=sketch method=bayesian_d repeat=-1 evaluated=50/227
validate encoder=dinov2_b14 target=sketch method=bayesian_d repeat=-1 evaluated=100/227
validate encoder=dinov2_b14 target=sketch method=bayesian_d repeat=-1 evaluated=150/227
validate encoder=dinov2_b14 target=sketch method=bayesian_d repeat=-1 evaluated=200/227
validate encoder=dinov2_b14 target=sketch method=bayesian_d repeat=-1 evaluated=227/227
validate encoder=dinov2_b14 target=sketch method=domain_balance repeat=-1 evaluated=50/227
validate encoder=dinov2_b14 target=sketch method=domain_balance repeat=-1 evaluated=100/227
validate encoder=dinov2_b14 target=sketch method=domain_balance repeat=-1 evaluated=150/227
validate encoder=dinov2_b14 target=sketch method=domain_balance repeat=-1 evaluated=200/227
validate encoder=dinov2_b14 target=sketch method=domain_balance repeat=-1 evaluated=227/227
validate encoder=dinov2_b14 target=sketch method=dpp_subspace repeat=-1 evaluated=50/227
validate encoder=dinov2_b14 target=sketch method=dpp_subspace repeat=-1 evaluated=100/227
validate encoder=dinov2_b14 target=sketch method=dpp_subspace repeat=-1 evaluated=150/227
validate encoder=dinov2_b14 target=sketch method=dpp_subspace repeat=-1 evaluated=200/227
validate encoder=dinov2_b14 target=sketch method=dpp_subspace repeat=-1 evaluated=227/227
validate encoder=dinov2_b14 target=sketch method=merged_effective_rank repeat=-1 evaluated=50/227
validate encoder=dinov2_b14 target=sketch method=merged_effective_rank repeat=-1 evaluated=100/227
validate encoder=dinov2_b14 target=sketch method=merged_effective_rank repeat=-1 evaluated=150/227
validate encoder=dinov2_b14 target=sketch method=merged_effective_rank repeat=-1 evaluated=200/227
validate encoder=dinov2_b14 target=sketch method=merged_effective_rank repeat=-1 evaluated=227/227
validate encoder=dinov2_b14 target=sketch method=random repeat=0 evaluated=50/227
validate encoder=dinov2_b14 target=sketch method=random repeat=0 evaluated=100/227
validate encoder=dinov2_b14 target=sketch method=random repeat=0 evaluated=150/227
validate encoder=dinov2_b14 target=sketch method=random repeat=0 evaluated=200/227
validate encoder=dinov2_b14 target=sketch method=random repeat=0 evaluated=227/227
validate encoder=dinov2_b14 target=sketch method=random repeat=1 evaluated=50/227
validate encoder=dinov2_b14 target=sketch method=random repeat=1 evaluated=100/227
validate encoder=dinov2_b14 target=sketch method=random repeat=1 evaluated=150/227
validate encoder=dinov2_b14 target=sketch method=random repeat=1 evaluated=200/227
validate encoder=dinov2_b14 target=sketch method=random repeat=1 evaluated=227/227
validate encoder=dinov2_b14 target=sketch method=random repeat=2 evaluated=50/227
validate encoder=dinov2_b14 target=sketch method=random repeat=2 evaluated=100/227
validate encoder=dinov2_b14 target=sketch method=random repeat=2 evaluated=150/227
validate encoder=dinov2_b14 target=sketch method=random repeat=2 evaluated=200/227
validate encoder=dinov2_b14 target=sketch method=random repeat=2 evaluated=227/227
validate encoder=dinov2_b14 target=sketch method=random repeat=3 evaluated=50/227
validate encoder=dinov2_b14 target=sketch method=random repeat=3 evaluated=100/227
validate encoder=dinov2_b14 target=sketch method=random repeat=3 evaluated=150/227
validate encoder=dinov2_b14 target=sketch method=random repeat=3 evaluated=200/227
validate encoder=dinov2_b14 target=sketch method=random repeat=3 evaluated=227/227
validate encoder=dinov2_b14 target=sketch method=random repeat=4 evaluated=50/227
validate encoder=dinov2_b14 target=sketch method=random repeat=4 evaluated=100/227
validate encoder=dinov2_b14 target=sketch method=random repeat=4 evaluated=150/227
validate encoder=dinov2_b14 target=sketch method=random repeat=4 evaluated=200/227
validate encoder=dinov2_b14 target=sketch method=random repeat=4 evaluated=227/227
validate encoder=dinov2_b14 target=sketch method=random repeat=5 evaluated=50/227
validate encoder=dinov2_b14 target=sketch method=random repeat=5 evaluated=100/227
validate encoder=dinov2_b14 target=sketch method=random repeat=5 evaluated=150/227
validate encoder=dinov2_b14 target=sketch method=random repeat=5 evaluated=200/227
validate encoder=dinov2_b14 target=sketch method=random repeat=5 evaluated=227/227
validate encoder=dinov2_b14 target=sketch method=random repeat=6 evaluated=50/227
validate encoder=dinov2_b14 target=sketch method=random repeat=6 evaluated=100/227
validate encoder=dinov2_b14 target=sketch method=random repeat=6 evaluated=150/227
validate encoder=dinov2_b14 target=sketch method=random repeat=6 evaluated=200/227
validate encoder=dinov2_b14 target=sketch method=random repeat=6 evaluated=227/227
validate encoder=dinov2_b14 target=sketch method=random repeat=7 evaluated=50/227
validate encoder=dinov2_b14 target=sketch method=random repeat=7 evaluated=100/227
validate encoder=dinov2_b14 target=sketch method=random repeat=7 evaluated=150/227
validate encoder=dinov2_b14 target=sketch method=random repeat=7 evaluated=200/227
validate encoder=dinov2_b14 target=sketch method=random repeat=7 evaluated=227/227
validate encoder=dinov2_b14 target=sketch method=random repeat=8 evaluated=50/227
validate encoder=dinov2_b14 target=sketch method=random repeat=8 evaluated=100/227
validate encoder=dinov2_b14 target=sketch method=random repeat=8 evaluated=150/227
validate encoder=dinov2_b14 target=sketch method=random repeat=8 evaluated=200/227
validate encoder=dinov2_b14 target=sketch method=random repeat=8 evaluated=227/227
validate encoder=dinov2_b14 target=sketch method=random repeat=9 evaluated=50/227
validate encoder=dinov2_b14 target=sketch method=random repeat=9 evaluated=100/227
validate encoder=dinov2_b14 target=sketch method=random repeat=9 evaluated=150/227
validate encoder=dinov2_b14 target=sketch method=random repeat=9 evaluated=200/227
validate encoder=dinov2_b14 target=sketch method=random repeat=9 evaluated=227/227
validate encoder=dinov2_b14 target=sketch method=random repeat=10 evaluated=50/227
validate encoder=dinov2_b14 target=sketch method=random repeat=10 evaluated=100/227
validate encoder=dinov2_b14 target=sketch method=random repeat=10 evaluated=150/227
validate encoder=dinov2_b14 target=sketch method=random repeat=10 evaluated=200/227
validate encoder=dinov2_b14 target=sketch method=random repeat=10 evaluated=227/227
validate encoder=dinov2_b14 target=sketch method=random repeat=11 evaluated=50/227
validate encoder=dinov2_b14 target=sketch method=random repeat=11 evaluated=100/227
validate encoder=dinov2_b14 target=sketch method=random repeat=11 evaluated=150/227
validate encoder=dinov2_b14 target=sketch method=random repeat=11 evaluated=200/227
validate encoder=dinov2_b14 target=sketch method=random repeat=11 evaluated=227/227
validate encoder=dinov2_b14 target=sketch method=random repeat=12 evaluated=50/227
validate encoder=dinov2_b14 target=sketch method=random repeat=12 evaluated=100/227
validate encoder=dinov2_b14 target=sketch method=random repeat=12 evaluated=150/227
validate encoder=dinov2_b14 target=sketch method=random repeat=12 evaluated=200/227
validate encoder=dinov2_b14 target=sketch method=random repeat=12 evaluated=227/227
validate encoder=dinov2_b14 target=sketch method=random repeat=13 evaluated=50/227
validate encoder=dinov2_b14 target=sketch method=random repeat=13 evaluated=100/227
validate encoder=dinov2_b14 target=sketch method=random repeat=13 evaluated=150/227
validate encoder=dinov2_b14 target=sketch method=random repeat=13 evaluated=200/227
validate encoder=dinov2_b14 target=sketch method=random repeat=13 evaluated=227/227
validate encoder=dinov2_b14 target=sketch method=random repeat=14 evaluated=50/227
validate encoder=dinov2_b14 target=sketch method=random repeat=14 evaluated=100/227
validate encoder=dinov2_b14 target=sketch method=random repeat=14 evaluated=150/227
validate encoder=dinov2_b14 target=sketch method=random repeat=14 evaluated=200/227
validate encoder=dinov2_b14 target=sketch method=random repeat=14 evaluated=227/227
validate encoder=dinov2_b14 target=sketch method=random repeat=15 evaluated=50/227
validate encoder=dinov2_b14 target=sketch method=random repeat=15 evaluated=100/227
validate encoder=dinov2_b14 target=sketch method=random repeat=15 evaluated=150/227
validate encoder=dinov2_b14 target=sketch method=random repeat=15 evaluated=200/227
validate encoder=dinov2_b14 target=sketch method=random repeat=15 evaluated=227/227
validate encoder=dinov2_b14 target=sketch method=random repeat=16 evaluated=50/227
validate encoder=dinov2_b14 target=sketch method=random repeat=16 evaluated=100/227
validate encoder=dinov2_b14 target=sketch method=random repeat=16 evaluated=150/227
validate encoder=dinov2_b14 target=sketch method=random repeat=16 evaluated=200/227
validate encoder=dinov2_b14 target=sketch method=random repeat=16 evaluated=227/227
validate encoder=dinov2_b14 target=sketch method=random repeat=17 evaluated=50/227
validate encoder=dinov2_b14 target=sketch method=random repeat=17 evaluated=100/227
validate encoder=dinov2_b14 target=sketch method=random repeat=17 evaluated=150/227
validate encoder=dinov2_b14 target=sketch method=random repeat=17 evaluated=200/227
validate encoder=dinov2_b14 target=sketch method=random repeat=17 evaluated=227/227
validate encoder=dinov2_b14 target=sketch method=random repeat=18 evaluated=50/227
validate encoder=dinov2_b14 target=sketch method=random repeat=18 evaluated=100/227
validate encoder=dinov2_b14 target=sketch method=random repeat=18 evaluated=150/227
validate encoder=dinov2_b14 target=sketch method=random repeat=18 evaluated=200/227
validate encoder=dinov2_b14 target=sketch method=random repeat=18 evaluated=227/227
validate encoder=dinov2_b14 target=sketch method=random repeat=19 evaluated=50/227
validate encoder=dinov2_b14 target=sketch method=random repeat=19 evaluated=100/227
validate encoder=dinov2_b14 target=sketch method=random repeat=19 evaluated=150/227
validate encoder=dinov2_b14 target=sketch method=random repeat=19 evaluated=200/227
validate encoder=dinov2_b14 target=sketch method=random repeat=19 evaluated=227/227
validate encoder=dinov2_b14 target=sketch method=second_moment_mmd repeat=-1 evaluated=50/227
validate encoder=dinov2_b14 target=sketch method=second_moment_mmd repeat=-1 evaluated=100/227
validate encoder=dinov2_b14 target=sketch method=second_moment_mmd repeat=-1 evaluated=150/227
validate encoder=dinov2_b14 target=sketch method=second_moment_mmd repeat=-1 evaluated=200/227
validate encoder=dinov2_b14 target=sketch method=second_moment_mmd repeat=-1 evaluated=227/227
validate encoder=dinov2_b14 target=sketch method=target_a repeat=-1 evaluated=50/227
validate encoder=dinov2_b14 target=sketch method=target_a repeat=-1 evaluated=100/227
validate encoder=dinov2_b14 target=sketch method=target_a repeat=-1 evaluated=150/227
validate encoder=dinov2_b14 target=sketch method=target_a repeat=-1 evaluated=200/227
validate encoder=dinov2_b14 target=sketch method=target_a repeat=-1 evaluated=227/227
validate encoder=dinov2_b14 target=sketch method=target_energy repeat=-1 evaluated=50/227
validate encoder=dinov2_b14 target=sketch method=target_energy repeat=-1 evaluated=100/227
validate encoder=dinov2_b14 target=sketch method=target_energy repeat=-1 evaluated=150/227
validate encoder=dinov2_b14 target=sketch method=target_energy repeat=-1 evaluated=200/227
validate encoder=dinov2_b14 target=sketch method=target_energy repeat=-1 evaluated=227/227
{"access": {"source_labels": true, "target_test_features": false, "target_test_labels": false, "target_validation_labels": true}, "candidate_set_id": "545fe86c8c9e830448f14f0ce0a300a33389f3eb9787e118572e7e78da87e9a8", "config_file_sha256": "5d405f4e3d9036d056f9c0f32d693c019e93f949f1c885fa3dcac694ffee1ed5", "created_utc": "2026-09-16T19:05:11.916733+00:00", "encoder": "dinov2_b14", "execution": {"cross_method_result_cache": false, "largest_nested_shortlist": 227, "physical_primary_combination_evaluations_per_target": 227, "rule": "evaluate-each-method-repeat-separately-through-largest-nested-shortlist"}, "feature_file_sha256": "69b83e5ad6cfe1e847f87ec53dd6848685bbc1b9461b475bfdfb191eab9fc9c2", "input_isolation": {"bundle_id": "640d07f15f08829a73b69a6b2aeec367243df8e6fea939eca9c8cc6ca4b5ce15", "mode": "role-separated-files", "os_sandbox": false, "stage": "validate"}, "manifest_id": "1ba25059df70be4d9d22ec1c3c25bdd03e6a83795fbb44a45b3a8e0bb6b20839", "metric_row_count": 36774, "metrics_file_sha256": "5e648ced0f43d1c61a2fb0b39e52171469a41d5ecafa886fe6a42d941766b156", "runner_revision": "566679a0ee59ace27f6da7ed44fbd18ebe6cd5ad", "runtime": {"device": "cpu", "elapsed_seconds": 166.85310842096806, "finished_utc": "2026-09-16T19:05:11.935406+00:00", "numpy_version": "1.26.4", "python_version": "3.12.3", "started_utc": "2026-09-16T19:02:25.082311+00:00"}, "schema_version": "target-conditioned-e2b-validation-v2", "screen_id": "fcc5fb9b3d6d846da9ceced2d751b097b12935ec4f00b8a445a86365307b7d53", "screen_manifest_file_sha256": "2e59c9a82d6298a91fbeaf43446673dd7eb715c10ffb7276560059e7f2e380a2", "screen_rankings_file_sha256": "7f8e24bcb819b95f4d6093d6854d6d6089ddcd9b5f19d4abc24613a1d829ca0a", "selection_frozen_before_target_test": true, "selection_row_count": 810, "selections_file_sha256": "de13eca9ba6f54d7440c8bc24d6ee687f863d8dcde5e9a5e88f444a828fce0ba", "tasks": [{"cross_method_result_cache": false, "evaluations_by_method_repeat": [{"method": "bayesian_d", "physical_combination_evaluations": 227, "repeat": -1}, {"method": "domain_balance", "physical_combination_evaluations": 227, "repeat": -1}, {"method": "dpp_subspace", "physical_combination_evaluations": 227, "repeat": -1}, {"method": "merged_effective_rank", "physical_combination_evaluations": 227, "repeat": -1}, {"method": "random", "physical_combination_evaluations": 227, "repeat": 0}, {"method": "random", "physical_combination_evaluations": 227, "repeat": 1}, {"method": "random", "physical_combination_evaluations": 227, "repeat": 2}, {"method": "random", "physical_combination_evaluations": 227, "repeat": 3}, {"method": "random", "physical_combination_evaluations": 227, "repeat": 4}, {"method": "random", "physical_combination_evaluations": 227, "repeat": 5}, {"method": "random", "physical_combination_evaluations": 227, "repeat": 6}, {"method": "random", "physical_combination_evaluations": 227, "repeat": 7}, {"method": "random", "physical_combination_evaluations": 227, "repeat": 8}, {"method": "random", "physical_combination_evaluations": 227, "repeat": 9}, {"method": "random", "physical_combination_evaluations": 227, "repeat": 10}, {"method": "random", "physical_combination_evaluations": 227, "repeat": 11}, {"method": "random", "physical_combination_evaluations": 227, "repeat": 12}, {"method": "random", "physical_combination_evaluations": 227, "repeat": 13}, {"method": "random", "physical_combination_evaluations": 227, "repeat": 14}, {"method": "random", "physical_combination_evaluations": 227, "repeat": 15}, {"method": "random", "physical_combination_evaluations": 227, "repeat": 16}, {"method": "random", "physical_combination_evaluations": 227, "repeat": 17}, {"method": "random", "physical_combination_evaluations": 227, "repeat": 18}, {"method": "random", "physical_combination_evaluations": 227, "repeat": 19}, {"method": "second_moment_mmd", "physical_combination_evaluations": 227, "repeat": -1}, {"method": "target_a", "physical_combination_evaluations": 227, "repeat": -1}, {"method": "target_energy", "physical_combination_evaluations": 227, "repeat": -1}], "logical_evaluations_per_method_and_size": [10, 25, 50, 100, 227], "physical_primary_combination_evaluations": 227, "target_domain": "clipart", "target_validation_count": 1024, "target_validation_ids_sha256": "9be4059fa7dc7e64beb2d848759deb9605718aa2901404ff6a51cd0110067c7e"}, {"cross_method_result_cache": false, "evaluations_by_method_repeat": [{"method": "bayesian_d", "physical_combination_evaluations": 227, "repeat": -1}, {"method": "domain_balance", "physical_combination_evaluations": 227, "repeat": -1}, {"method": "dpp_subspace", "physical_combination_evaluations": 227, "repeat": -1}, {"method": "merged_effective_rank", "physical_combination_evaluations": 227, "repeat": -1}, {"method": "random", "physical_combination_evaluations": 227, "repeat": 0}, {"method": "random", "physical_combination_evaluations": 227, "repeat": 1}, {"method": "random", "physical_combination_evaluations": 227, "repeat": 2}, {"method": "random", "physical_combination_evaluations": 227, "repeat": 3}, {"method": "random", "physical_combination_evaluations": 227, "repeat": 4}, {"method": "random", "physical_combination_evaluations": 227, "repeat": 5}, {"method": "random", "physical_combination_evaluations": 227, "repeat": 6}, {"method": "random", "physical_combination_evaluations": 227, "repeat": 7}, {"method": "random", "physical_combination_evaluations": 227, "repeat": 8}, {"method": "random", "physical_combination_evaluations": 227, "repeat": 9}, {"method": "random", "physical_combination_evaluations": 227, "repeat": 10}, {"method": "random", "physical_combination_evaluations": 227, "repeat": 11}, {"method": "random", "physical_combination_evaluations": 227, "repeat": 12}, {"method": "random", "physical_combination_evaluations": 227, "repeat": 13}, {"method": "random", "physical_combination_evaluations": 227, "repeat": 14}, {"method": "random", "physical_combination_evaluations": 227, "repeat": 15}, {"method": "random", "physical_combination_evaluations": 227, "repeat": 16}, {"method": "random", "physical_combination_evaluations": 227, "repeat": 17}, {"method": "random", "physical_combination_evaluations": 227, "repeat": 18}, {"method": "random", "physical_combination_evaluations": 227, "repeat": 19}, {"method": "second_moment_mmd", "physical_combination_evaluations": 227, "repeat": -1}, {"method": "target_a", "physical_combination_evaluations": 227, "repeat": -1}, {"method": "target_energy", "physical_combination_evaluations": 227, "repeat": -1}], "logical_evaluations_per_method_and_size": [10, 25, 50, 100, 227], "physical_primary_combination_evaluations": 227, "target_domain": "infograph", "target_validation_count": 1024, "target_validation_ids_sha256": "1595b393af4ea3df2e4d5a816e1be2de4e84d142fc19fbf645866b3dcbb568c0"}, {"cross_method_result_cache": false, "evaluations_by_method_repeat": [{"method": "bayesian_d", "physical_combination_evaluations": 227, "repeat": -1}, {"method": "domain_balance", "physical_combination_evaluations": 227, "repeat": -1}, {"method": "dpp_subspace", "physical_combination_evaluations": 227, "repeat": -1}, {"method": "merged_effective_rank", "physical_combination_evaluations": 227, "repeat": -1}, {"method": "random", "physical_combination_evaluations": 227, "repeat": 0}, {"method": "random", "physical_combination_evaluations": 227, "repeat": 1}, {"method": "random", "physical_combination_evaluations": 227, "repeat": 2}, {"method": "random", "physical_combination_evaluations": 227, "repeat": 3}, {"method": "random", "physical_combination_evaluations": 227, "repeat": 4}, {"method": "random", "physical_combination_evaluations": 227, "repeat": 5}, {"method": "random", "physical_combination_evaluations": 227, "repeat": 6}, {"method": "random", "physical_combination_evaluations": 227, "repeat": 7}, {"method": "random", "physical_combination_evaluations": 227, "repeat": 8}, {"method": "random", "physical_combination_evaluations": 227, "repeat": 9}, {"method": "random", "physical_combination_evaluations": 227, "repeat": 10}, {"method": "random", "physical_combination_evaluations": 227, "repeat": 11}, {"method": "random", "physical_combination_evaluations": 227, "repeat": 12}, {"method": "random", "physical_combination_evaluations": 227, "repeat": 13}, {"method": "random", "physical_combination_evaluations": 227, "repeat": 14}, {"method": "random", "physical_combination_evaluations": 227, "repeat": 15}, {"method": "random", "physical_combination_evaluations": 227, "repeat": 16}, {"method": "random", "physical_combination_evaluations": 227, "repeat": 17}, {"method": "random", "physical_combination_evaluations": 227, "repeat": 18}, {"method": "random", "physical_combination_evaluations": 227, "repeat": 19}, {"method": "second_moment_mmd", "physical_combination_evaluations": 227, "repeat": -1}, {"method": "target_a", "physical_combination_evaluations": 227, "repeat": -1}, {"method": "target_energy", "physical_combination_evaluations": 227, "repeat": -1}], "logical_evaluations_per_method_and_size": [10, 25, 50, 100, 227], "physical_primary_combination_evaluations": 227, "target_domain": "painting", "target_validation_count": 1024, "target_validation_ids_sha256": "e0a03311588f53088ffde279c3b0cb704fa64b13658241d03e293b2451d82e5d"}, {"cross_method_result_cache": false, "evaluations_by_method_repeat": [{"method": "bayesian_d", "physical_combination_evaluations": 227, "repeat": -1}, {"method": "domain_balance", "physical_combination_evaluations": 227, "repeat": -1}, {"method": "dpp_subspace", "physical_combination_evaluations": 227, "repeat": -1}, {"method": "merged_effective_rank", "physical_combination_evaluations": 227, "repeat": -1}, {"method": "random", "physical_combination_evaluations": 227, "repeat": 0}, {"method": "random", "physical_combination_evaluations": 227, "repeat": 1}, {"method": "random", "physical_combination_evaluations": 227, "repeat": 2}, {"method": "random", "physical_combination_evaluations": 227, "repeat": 3}, {"method": "random", "physical_combination_evaluations": 227, "repeat": 4}, {"method": "random", "physical_combination_evaluations": 227, "repeat": 5}, {"method": "random", "physical_combination_evaluations": 227, "repeat": 6}, {"method": "random", "physical_combination_evaluations": 227, "repeat": 7}, {"method": "random", "physical_combination_evaluations": 227, "repeat": 8}, {"method": "random", "physical_combination_evaluations": 227, "repeat": 9}, {"method": "random", "physical_combination_evaluations": 227, "repeat": 10}, {"method": "random", "physical_combination_evaluations": 227, "repeat": 11}, {"method": "random", "physical_combination_evaluations": 227, "repeat": 12}, {"method": "random", "physical_combination_evaluations": 227, "repeat": 13}, {"method": "random", "physical_combination_evaluations": 227, "repeat": 14}, {"method": "random", "physical_combination_evaluations": 227, "repeat": 15}, {"method": "random", "physical_combination_evaluations": 227, "repeat": 16}, {"method": "random", "physical_combination_evaluations": 227, "repeat": 17}, {"method": "random", "physical_combination_evaluations": 227, "repeat": 18}, {"method": "random", "physical_combination_evaluations": 227, "repeat": 19}, {"method": "second_moment_mmd", "physical_combination_evaluations": 227, "repeat": -1}, {"method": "target_a", "physical_combination_evaluations": 227, "repeat": -1}, {"method": "target_energy", "physical_combination_evaluations": 227, "repeat": -1}], "logical_evaluations_per_method_and_size": [10, 25, 50, 100, 227], "physical_primary_combination_evaluations": 227, "target_domain": "quickdraw", "target_validation_count": 1024, "target_validation_ids_sha256": "2763767c45c4ec31c7f7f11abb81db6fe3ec3ae541887abe769b28d0622111f2"}, {"cross_method_result_cache": false, "evaluations_by_method_repeat": [{"method": "bayesian_d", "physical_combination_evaluations": 227, "repeat": -1}, {"method": "domain_balance", "physical_combination_evaluations": 227, "repeat": -1}, {"method": "dpp_subspace", "physical_combination_evaluations": 227, "repeat": -1}, {"method": "merged_effective_rank", "physical_combination_evaluations": 227, "repeat": -1}, {"method": "random", "physical_combination_evaluations": 227, "repeat": 0}, {"method": "random", "physical_combination_evaluations": 227, "repeat": 1}, {"method": "random", "physical_combination_evaluations": 227, "repeat": 2}, {"method": "random", "physical_combination_evaluations": 227, "repeat": 3}, {"method": "random", "physical_combination_evaluations": 227, "repeat": 4}, {"method": "random", "physical_combination_evaluations": 227, "repeat": 5}, {"method": "random", "physical_combination_evaluations": 227, "repeat": 6}, {"method": "random", "physical_combination_evaluations": 227, "repeat": 7}, {"method": "random", "physical_combination_evaluations": 227, "repeat": 8}, {"method": "random", "physical_combination_evaluations": 227, "repeat": 9}, {"method": "random", "physical_combination_evaluations": 227, "repeat": 10}, {"method": "random", "physical_combination_evaluations": 227, "repeat": 11}, {"method": "random", "physical_combination_evaluations": 227, "repeat": 12}, {"method": "random", "physical_combination_evaluations": 227, "repeat": 13}, {"method": "random", "physical_combination_evaluations": 227, "repeat": 14}, {"method": "random", "physical_combination_evaluations": 227, "repeat": 15}, {"method": "random", "physical_combination_evaluations": 227, "repeat": 16}, {"method": "random", "physical_combination_evaluations": 227, "repeat": 17}, {"method": "random", "physical_combination_evaluations": 227, "repeat": 18}, {"method": "random", "physical_combination_evaluations": 227, "repeat": 19}, {"method": "second_moment_mmd", "physical_combination_evaluations": 227, "repeat": -1}, {"method": "target_a", "physical_combination_evaluations": 227, "repeat": -1}, {"method": "target_energy", "physical_combination_evaluations": 227, "repeat": -1}], "logical_evaluations_per_method_and_size": [10, 25, 50, 100, 227], "physical_primary_combination_evaluations": 227, "target_domain": "real", "target_validation_count": 1024, "target_validation_ids_sha256": "420ea90bb429f590e00eed6c0125cf0594a91eaa9c6c0a2e0c1c1dc23a594b81"}, {"cross_method_result_cache": false, "evaluations_by_method_repeat": [{"method": "bayesian_d", "physical_combination_evaluations": 227, "repeat": -1}, {"method": "domain_balance", "physical_combination_evaluations": 227, "repeat": -1}, {"method": "dpp_subspace", "physical_combination_evaluations": 227, "repeat": -1}, {"method": "merged_effective_rank", "physical_combination_evaluations": 227, "repeat": -1}, {"method": "random", "physical_combination_evaluations": 227, "repeat": 0}, {"method": "random", "physical_combination_evaluations": 227, "repeat": 1}, {"method": "random", "physical_combination_evaluations": 227, "repeat": 2}, {"method": "random", "physical_combination_evaluations": 227, "repeat": 3}, {"method": "random", "physical_combination_evaluations": 227, "repeat": 4}, {"method": "random", "physical_combination_evaluations": 227, "repeat": 5}, {"method": "random", "physical_combination_evaluations": 227, "repeat": 6}, {"method": "random", "physical_combination_evaluations": 227, "repeat": 7}, {"method": "random", "physical_combination_evaluations": 227, "repeat": 8}, {"method": "random", "physical_combination_evaluations": 227, "repeat": 9}, {"method": "random", "physical_combination_evaluations": 227, "repeat": 10}, {"method": "random", "physical_combination_evaluations": 227, "repeat": 11}, {"method": "random", "physical_combination_evaluations": 227, "repeat": 12}, {"method": "random", "physical_combination_evaluations": 227, "repeat": 13}, {"method": "random", "physical_combination_evaluations": 227, "repeat": 14}, {"method": "random", "physical_combination_evaluations": 227, "repeat": 15}, {"method": "random", "physical_combination_evaluations": 227, "repeat": 16}, {"method": "random", "physical_combination_evaluations": 227, "repeat": 17}, {"method": "random", "physical_combination_evaluations": 227, "repeat": 18}, {"method": "random", "physical_combination_evaluations": 227, "repeat": 19}, {"method": "second_moment_mmd", "physical_combination_evaluations": 227, "repeat": -1}, {"method": "target_a", "physical_combination_evaluations": 227, "repeat": -1}, {"method": "target_energy", "physical_combination_evaluations": 227, "repeat": -1}], "logical_evaluations_per_method_and_size": [10, 25, 50, 100, 227], "physical_primary_combination_evaluations": 227, "target_domain": "sketch", "target_validation_count": 1024, "target_validation_ids_sha256": "42a2a4d7ef88358a64403996508e03bf7f13301d6e1fca250b968b3b8ad23be8"}], "validation_id": "6e9c7df52bc42e02abe781f8ea074a276b151d7485554f2592f2f8d28d78afe6"}
2026-09-16T19:05:12Z dinov2_b14 test-audit
test encoder=dinov2_b14 target=clipart evaluated=50/455
test encoder=dinov2_b14 target=clipart evaluated=100/455
test encoder=dinov2_b14 target=clipart evaluated=150/455
test encoder=dinov2_b14 target=clipart evaluated=200/455
test encoder=dinov2_b14 target=clipart evaluated=250/455
test encoder=dinov2_b14 target=clipart evaluated=300/455
test encoder=dinov2_b14 target=clipart evaluated=350/455
test encoder=dinov2_b14 target=clipart evaluated=400/455
test encoder=dinov2_b14 target=clipart evaluated=450/455
test encoder=dinov2_b14 target=clipart evaluated=455/455
test encoder=dinov2_b14 target=infograph evaluated=50/455
test encoder=dinov2_b14 target=infograph evaluated=100/455
test encoder=dinov2_b14 target=infograph evaluated=150/455
test encoder=dinov2_b14 target=infograph evaluated=200/455
test encoder=dinov2_b14 target=infograph evaluated=250/455
test encoder=dinov2_b14 target=infograph evaluated=300/455
test encoder=dinov2_b14 target=infograph evaluated=350/455
test encoder=dinov2_b14 target=infograph evaluated=400/455
test encoder=dinov2_b14 target=infograph evaluated=450/455
test encoder=dinov2_b14 target=infograph evaluated=455/455
test encoder=dinov2_b14 target=painting evaluated=50/455
test encoder=dinov2_b14 target=painting evaluated=100/455
test encoder=dinov2_b14 target=painting evaluated=150/455
test encoder=dinov2_b14 target=painting evaluated=200/455
test encoder=dinov2_b14 target=painting evaluated=250/455
test encoder=dinov2_b14 target=painting evaluated=300/455
test encoder=dinov2_b14 target=painting evaluated=350/455
test encoder=dinov2_b14 target=painting evaluated=400/455
test encoder=dinov2_b14 target=painting evaluated=450/455
test encoder=dinov2_b14 target=painting evaluated=455/455
test encoder=dinov2_b14 target=quickdraw evaluated=50/455
test encoder=dinov2_b14 target=quickdraw evaluated=100/455
test encoder=dinov2_b14 target=quickdraw evaluated=150/455
test encoder=dinov2_b14 target=quickdraw evaluated=200/455
test encoder=dinov2_b14 target=quickdraw evaluated=250/455
test encoder=dinov2_b14 target=quickdraw evaluated=300/455
test encoder=dinov2_b14 target=quickdraw evaluated=350/455
test encoder=dinov2_b14 target=quickdraw evaluated=400/455
test encoder=dinov2_b14 target=quickdraw evaluated=450/455
test encoder=dinov2_b14 target=quickdraw evaluated=455/455
test encoder=dinov2_b14 target=real evaluated=50/455
test encoder=dinov2_b14 target=real evaluated=100/455
test encoder=dinov2_b14 target=real evaluated=150/455
test encoder=dinov2_b14 target=real evaluated=200/455
test encoder=dinov2_b14 target=real evaluated=250/455
test encoder=dinov2_b14 target=real evaluated=300/455
test encoder=dinov2_b14 target=real evaluated=350/455
test encoder=dinov2_b14 target=real evaluated=400/455
test encoder=dinov2_b14 target=real evaluated=450/455
test encoder=dinov2_b14 target=real evaluated=455/455
test encoder=dinov2_b14 target=sketch evaluated=50/455
test encoder=dinov2_b14 target=sketch evaluated=100/455
test encoder=dinov2_b14 target=sketch evaluated=150/455
test encoder=dinov2_b14 target=sketch evaluated=200/455
test encoder=dinov2_b14 target=sketch evaluated=250/455
test encoder=dinov2_b14 target=sketch evaluated=300/455
test encoder=dinov2_b14 target=sketch evaluated=350/455
test encoder=dinov2_b14 target=sketch evaluated=400/455
test encoder=dinov2_b14 target=sketch evaluated=450/455
test encoder=dinov2_b14 target=sketch evaluated=455/455
{"access": {"screen_and_validation_hashes_verified_first": true, "target_test_features": true, "target_test_labels": true, "test_outcomes_change_screen_or_validation_selection": false}, "audit_file_sha256": "2c8e3831276b02f2647ace08dffb0234dea899cfd0d237f26d8f06f5eca231c8", "audit_row_count": 810, "candidate_set_id": "545fe86c8c9e830448f14f0ce0a300a33389f3eb9787e118572e7e78da87e9a8", "combination_row_count": 2730, "combinations_file_sha256": "ef0330a4f317d5269ae714afedd9df285e975d87d0f5e78e64d5a029f9f501db", "config_file_sha256": "5d405f4e3d9036d056f9c0f32d693c019e93f949f1c885fa3dcac694ffee1ed5", "created_utc": "2026-09-16T19:05:32.577646+00:00", "encoder": "dinov2_b14", "feature_file_sha256": "69b83e5ad6cfe1e847f87ec53dd6848685bbc1b9461b475bfdfb191eab9fc9c2", "input_isolation": {"bundle_id": "8483f959adc6e088195391774b9bde1382dd9b4b8a3a09f85fd65c632daff8e1", "mode": "role-separated-files", "os_sandbox": false, "stage": "test-audit"}, "manifest_id": "1ba25059df70be4d9d22ec1c3c25bdd03e6a83795fbb44a45b3a8e0bb6b20839", "runner_revision": "566679a0ee59ace27f6da7ed44fbd18ebe6cd5ad", "runtime": {"device": "cpu", "elapsed_seconds": 20.37313836067915, "finished_utc": "2026-09-16T19:05:32.578864+00:00", "numpy_version": "1.26.4", "python_version": "3.12.3", "started_utc": "2026-09-16T19:05:12.205737+00:00"}, "schema_version": "target-conditioned-e2b-test-audit-v1", "screen_id": "fcc5fb9b3d6d846da9ceced2d751b097b12935ec4f00b8a445a86365307b7d53", "tasks": [{"combination_count": 455, "target_domain": "clipart", "target_test_count": 2048, "target_test_ids_sha256": "b8f1203b7c259adc5e6364fd0eabd9407b6ff7211c589d72d41d5622f3a57464", "test_oracle_brier_score": 0.9845735231466439, "test_oracle_combination": "real__clip_pc1_low|sketch__clip_pc1_low|sketch__clip_pc1_middle"}, {"combination_count": 455, "target_domain": "infograph", "target_test_count": 2048, "target_test_ids_sha256": "e3a147c01c481f42161052f352d565f56e664ca04eab2efaeb24fbf4b2ebbee1", "test_oracle_brier_score": 0.986668906798051, "test_oracle_combination": "clipart__clip_pc1_low|clipart__clip_pc1_middle|sketch__clip_pc1_low"}, {"combination_count": 455, "target_domain": "painting", "target_test_count": 2048, "target_test_ids_sha256": "265374b7d770acf1c5e803b4ffd5aedc00d519ecd8aab991d125cbbad69e9b1e", "test_oracle_brier_score": 0.984469301966842, "test_oracle_combination": "real__clip_pc1_high|sketch__clip_pc1_high|sketch__clip_pc1_low"}, {"combination_count": 455, "target_domain": "quickdraw", "target_test_count": 2048, "target_test_ids_sha256": "cf39b0ddd35ef35d2f485408daf852126347bc4e806a1808ba683d4a5777370a", "test_oracle_brier_score": 0.9887810266418002, "test_oracle_combination": "clipart__clip_pc1_low|clipart__clip_pc1_middle|sketch__clip_pc1_low"}, {"combination_count": 455, "target_domain": "real", "target_test_count": 2048, "target_test_ids_sha256": "60384adbcc168b7512a6047eeb05a4074989921af1e14502c7091c9f3932eccb", "test_oracle_brier_score": 0.984347283949494, "test_oracle_combination": "clipart__clip_pc1_low|painting__clip_pc1_low|painting__clip_pc1_middle"}, {"combination_count": 455, "target_domain": "sketch", "target_test_count": 2048, "target_test_ids_sha256": "2746bec4ac2a6080a149c3b49ffb10fc50ac4c34f85395c3792675ff0aa9fb9f", "test_oracle_brier_score": 0.9848259755899641, "test_oracle_combination": "clipart__clip_pc1_low|clipart__clip_pc1_middle|painting__clip_pc1_middle"}], "test_audit_id": "ab07a852fe9f1d91c91ef1b5d43e843c80cb9eccef89ffc46c1bfecb1e5f4199", "validation_id": "6e9c7df52bc42e02abe781f8ea074a276b151d7485554f2592f2f8d28d78afe6", "validation_manifest_file_sha256": "d1b228756d3ef6d3e94e1992e54822bc6fc49af370565199e1e5b3bcd581742c", "validation_selections_file_sha256": "de13eca9ba6f54d7440c8bc24d6ee687f863d8dcde5e9a5e88f444a828fce0ba"}
