2026-09-16T19:02:17Z resnet50 screen
screen encoder=resnet50 target=clipart combinations=455
screen encoder=resnet50 target=infograph combinations=455
screen encoder=resnet50 target=painting combinations=455
screen encoder=resnet50 target=quickdraw combinations=455
screen encoder=resnet50 target=real combinations=455
screen encoder=resnet50 target=sketch combinations=455
{"access": {"source_candidate_features": true, "source_labels": false, "target_selection_features": true, "target_test_features_or_labels": false, "target_validation_features_or_labels": false}, "candidate_set_id": "545fe86c8c9e830448f14f0ce0a300a33389f3eb9787e118572e7e78da87e9a8", "config_file_sha256": "5d405f4e3d9036d056f9c0f32d693c019e93f949f1c885fa3dcac694ffee1ed5", "created_utc": "2026-09-16T19:02:25.485234+00:00", "encoder": "resnet50", "feature_file_sha256": "37725c82c24fa9284c1492f95ded412ea8c100b35ba7230cd2a01666ea30a7aa", "input_isolation": {"bundle_id": "c699e9d9f7f649e552678dada157004c024c6cdec262d93de1976b76546cb51c", "mode": "role-separated-files", "os_sandbox": false, "stage": "screen"}, "manifest_id": "1ba25059df70be4d9d22ec1c3c25bdd03e6a83795fbb44a45b3a8e0bb6b20839", "rankings_file_sha256": "f288e993e9e047ff19a4c26d950a59cd4c48ac899b1d70bb73be1fed12a090da", "row_count": 73710, "runner_revision": "566679a0ee59ace27f6da7ed44fbd18ebe6cd5ad", "runtime": {"device": "cpu", "elapsed_seconds": 8.207370147109032, "finished_utc": "2026-09-16T19:02:25.494619+00:00", "numpy_version": "1.26.4", "python_version": "3.12.3", "started_utc": "2026-09-16T19:02:17.287264+00:00"}, "schema_version": "target-conditioned-e2b-screen-v1", "screen_id": "9a934dec0321a0505ee5e05dfaf689daee5c59d41c791076d0cea5826fe9ff25", "tasks": [{"candidate_count": 15, "combination_count": 455, "elapsed_seconds": 1.2064104303717613, "target_domain": "clipart", "target_selection_count": 1536, "target_selection_ids_sha256": "462b0da57264470a6fb30ba46a7058d09cc751b0471bbd4985562786a3c4ef24"}, {"candidate_count": 15, "combination_count": 455, "elapsed_seconds": 1.066796563565731, "target_domain": "infograph", "target_selection_count": 1536, "target_selection_ids_sha256": "6349648f2da6b8aa55081876f1557fe59c662a32831f71fa926020ce990ad593"}, {"candidate_count": 15, "combination_count": 455, "elapsed_seconds": 1.0504308342933655, "target_domain": "painting", "target_selection_count": 1536, "target_selection_ids_sha256": "b88e0956b74a190bb6866b063be529815dab8f60d7959bf7c836e7fada88bb38"}, {"candidate_count": 15, "combination_count": 455, "elapsed_seconds": 1.0467436462640762, "target_domain": "quickdraw", "target_selection_count": 1536, "target_selection_ids_sha256": "6d8967b7e3b976306b4b1e60fb6f24df86170e277844e5f25bbb77ba297b49dd"}, {"candidate_count": 15, "combination_count": 455, "elapsed_seconds": 1.0739462971687317, "target_domain": "real", "target_selection_count": 1536, "target_selection_ids_sha256": "1af65d83ffd53a1c6d1d4c28cef51a3db89e18e6f0930c804db24888fc2906b3"}, {"candidate_count": 15, "combination_count": 455, "elapsed_seconds": 1.058250218629837, "target_domain": "sketch", "target_selection_count": 1536, "target_selection_ids_sha256": "7538cda8170e7320621a1f0a3548ce9933678d36fb3fd166ba9bcdbf0684af32"}]}
2026-09-16T19:02:25Z resnet50 validate
validate encoder=resnet50 target=clipart method=bayesian_d repeat=-1 evaluated=50/227
validate encoder=resnet50 target=clipart method=bayesian_d repeat=-1 evaluated=100/227
validate encoder=resnet50 target=clipart method=bayesian_d repeat=-1 evaluated=150/227
validate encoder=resnet50 target=clipart method=bayesian_d repeat=-1 evaluated=200/227
validate encoder=resnet50 target=clipart method=bayesian_d repeat=-1 evaluated=227/227
validate encoder=resnet50 target=clipart method=domain_balance repeat=-1 evaluated=50/227
validate encoder=resnet50 target=clipart method=domain_balance repeat=-1 evaluated=100/227
validate encoder=resnet50 target=clipart method=domain_balance repeat=-1 evaluated=150/227
validate encoder=resnet50 target=clipart method=domain_balance repeat=-1 evaluated=200/227
validate encoder=resnet50 target=clipart method=domain_balance repeat=-1 evaluated=227/227
validate encoder=resnet50 target=clipart method=dpp_subspace repeat=-1 evaluated=50/227
validate encoder=resnet50 target=clipart method=dpp_subspace repeat=-1 evaluated=100/227
validate encoder=resnet50 target=clipart method=dpp_subspace repeat=-1 evaluated=150/227
validate encoder=resnet50 target=clipart method=dpp_subspace repeat=-1 evaluated=200/227
validate encoder=resnet50 target=clipart method=dpp_subspace repeat=-1 evaluated=227/227
validate encoder=resnet50 target=clipart method=merged_effective_rank repeat=-1 evaluated=50/227
validate encoder=resnet50 target=clipart method=merged_effective_rank repeat=-1 evaluated=100/227
validate encoder=resnet50 target=clipart method=merged_effective_rank repeat=-1 evaluated=150/227
validate encoder=resnet50 target=clipart method=merged_effective_rank repeat=-1 evaluated=200/227
validate encoder=resnet50 target=clipart method=merged_effective_rank repeat=-1 evaluated=227/227
validate encoder=resnet50 target=clipart method=random repeat=0 evaluated=50/227
validate encoder=resnet50 target=clipart method=random repeat=0 evaluated=100/227
validate encoder=resnet50 target=clipart method=random repeat=0 evaluated=150/227
validate encoder=resnet50 target=clipart method=random repeat=0 evaluated=200/227
validate encoder=resnet50 target=clipart method=random repeat=0 evaluated=227/227
validate encoder=resnet50 target=clipart method=random repeat=1 evaluated=50/227
validate encoder=resnet50 target=clipart method=random repeat=1 evaluated=100/227
validate encoder=resnet50 target=clipart method=random repeat=1 evaluated=150/227
validate encoder=resnet50 target=clipart method=random repeat=1 evaluated=200/227
validate encoder=resnet50 target=clipart method=random repeat=1 evaluated=227/227
validate encoder=resnet50 target=clipart method=random repeat=2 evaluated=50/227
validate encoder=resnet50 target=clipart method=random repeat=2 evaluated=100/227
validate encoder=resnet50 target=clipart method=random repeat=2 evaluated=150/227
validate encoder=resnet50 target=clipart method=random repeat=2 evaluated=200/227
validate encoder=resnet50 target=clipart method=random repeat=2 evaluated=227/227
validate encoder=resnet50 target=clipart method=random repeat=3 evaluated=50/227
validate encoder=resnet50 target=clipart method=random repeat=3 evaluated=100/227
validate encoder=resnet50 target=clipart method=random repeat=3 evaluated=150/227
validate encoder=resnet50 target=clipart method=random repeat=3 evaluated=200/227
validate encoder=resnet50 target=clipart method=random repeat=3 evaluated=227/227
validate encoder=resnet50 target=clipart method=random repeat=4 evaluated=50/227
validate encoder=resnet50 target=clipart method=random repeat=4 evaluated=100/227
validate encoder=resnet50 target=clipart method=random repeat=4 evaluated=150/227
validate encoder=resnet50 target=clipart method=random repeat=4 evaluated=200/227
validate encoder=resnet50 target=clipart method=random repeat=4 evaluated=227/227
validate encoder=resnet50 target=clipart method=random repeat=5 evaluated=50/227
validate encoder=resnet50 target=clipart method=random repeat=5 evaluated=100/227
validate encoder=resnet50 target=clipart method=random repeat=5 evaluated=150/227
validate encoder=resnet50 target=clipart method=random repeat=5 evaluated=200/227
validate encoder=resnet50 target=clipart method=random repeat=5 evaluated=227/227
validate encoder=resnet50 target=clipart method=random repeat=6 evaluated=50/227
validate encoder=resnet50 target=clipart method=random repeat=6 evaluated=100/227
validate encoder=resnet50 target=clipart method=random repeat=6 evaluated=150/227
validate encoder=resnet50 target=clipart method=random repeat=6 evaluated=200/227
validate encoder=resnet50 target=clipart method=random repeat=6 evaluated=227/227
validate encoder=resnet50 target=clipart method=random repeat=7 evaluated=50/227
validate encoder=resnet50 target=clipart method=random repeat=7 evaluated=100/227
validate encoder=resnet50 target=clipart method=random repeat=7 evaluated=150/227
validate encoder=resnet50 target=clipart method=random repeat=7 evaluated=200/227
validate encoder=resnet50 target=clipart method=random repeat=7 evaluated=227/227
validate encoder=resnet50 target=clipart method=random repeat=8 evaluated=50/227
validate encoder=resnet50 target=clipart method=random repeat=8 evaluated=100/227
validate encoder=resnet50 target=clipart method=random repeat=8 evaluated=150/227
validate encoder=resnet50 target=clipart method=random repeat=8 evaluated=200/227
validate encoder=resnet50 target=clipart method=random repeat=8 evaluated=227/227
validate encoder=resnet50 target=clipart method=random repeat=9 evaluated=50/227
validate encoder=resnet50 target=clipart method=random repeat=9 evaluated=100/227
validate encoder=resnet50 target=clipart method=random repeat=9 evaluated=150/227
validate encoder=resnet50 target=clipart method=random repeat=9 evaluated=200/227
validate encoder=resnet50 target=clipart method=random repeat=9 evaluated=227/227
validate encoder=resnet50 target=clipart method=random repeat=10 evaluated=50/227
validate encoder=resnet50 target=clipart method=random repeat=10 evaluated=100/227
validate encoder=resnet50 target=clipart method=random repeat=10 evaluated=150/227
validate encoder=resnet50 target=clipart method=random repeat=10 evaluated=200/227
validate encoder=resnet50 target=clipart method=random repeat=10 evaluated=227/227
validate encoder=resnet50 target=clipart method=random repeat=11 evaluated=50/227
validate encoder=resnet50 target=clipart method=random repeat=11 evaluated=100/227
validate encoder=resnet50 target=clipart method=random repeat=11 evaluated=150/227
validate encoder=resnet50 target=clipart method=random repeat=11 evaluated=200/227
validate encoder=resnet50 target=clipart method=random repeat=11 evaluated=227/227
validate encoder=resnet50 target=clipart method=random repeat=12 evaluated=50/227
validate encoder=resnet50 target=clipart method=random repeat=12 evaluated=100/227
validate encoder=resnet50 target=clipart method=random repeat=12 evaluated=150/227
validate encoder=resnet50 target=clipart method=random repeat=12 evaluated=200/227
validate encoder=resnet50 target=clipart method=random repeat=12 evaluated=227/227
validate encoder=resnet50 target=clipart method=random repeat=13 evaluated=50/227
validate encoder=resnet50 target=clipart method=random repeat=13 evaluated=100/227
validate encoder=resnet50 target=clipart method=random repeat=13 evaluated=150/227
validate encoder=resnet50 target=clipart method=random repeat=13 evaluated=200/227
validate encoder=resnet50 target=clipart method=random repeat=13 evaluated=227/227
validate encoder=resnet50 target=clipart method=random repeat=14 evaluated=50/227
validate encoder=resnet50 target=clipart method=random repeat=14 evaluated=100/227
validate encoder=resnet50 target=clipart method=random repeat=14 evaluated=150/227
validate encoder=resnet50 target=clipart method=random repeat=14 evaluated=200/227
validate encoder=resnet50 target=clipart method=random repeat=14 evaluated=227/227
validate encoder=resnet50 target=clipart method=random repeat=15 evaluated=50/227
validate encoder=resnet50 target=clipart method=random repeat=15 evaluated=100/227
validate encoder=resnet50 target=clipart method=random repeat=15 evaluated=150/227
validate encoder=resnet50 target=clipart method=random repeat=15 evaluated=200/227
validate encoder=resnet50 target=clipart method=random repeat=15 evaluated=227/227
validate encoder=resnet50 target=clipart method=random repeat=16 evaluated=50/227
validate encoder=resnet50 target=clipart method=random repeat=16 evaluated=100/227
validate encoder=resnet50 target=clipart method=random repeat=16 evaluated=150/227
validate encoder=resnet50 target=clipart method=random repeat=16 evaluated=200/227
validate encoder=resnet50 target=clipart method=random repeat=16 evaluated=227/227
validate encoder=resnet50 target=clipart method=random repeat=17 evaluated=50/227
validate encoder=resnet50 target=clipart method=random repeat=17 evaluated=100/227
validate encoder=resnet50 target=clipart method=random repeat=17 evaluated=150/227
validate encoder=resnet50 target=clipart method=random repeat=17 evaluated=200/227
validate encoder=resnet50 target=clipart method=random repeat=17 evaluated=227/227
validate encoder=resnet50 target=clipart method=random repeat=18 evaluated=50/227
validate encoder=resnet50 target=clipart method=random repeat=18 evaluated=100/227
validate encoder=resnet50 target=clipart method=random repeat=18 evaluated=150/227
validate encoder=resnet50 target=clipart method=random repeat=18 evaluated=200/227
validate encoder=resnet50 target=clipart method=random repeat=18 evaluated=227/227
validate encoder=resnet50 target=clipart method=random repeat=19 evaluated=50/227
validate encoder=resnet50 target=clipart method=random repeat=19 evaluated=100/227
validate encoder=resnet50 target=clipart method=random repeat=19 evaluated=150/227
validate encoder=resnet50 target=clipart method=random repeat=19 evaluated=200/227
validate encoder=resnet50 target=clipart method=random repeat=19 evaluated=227/227
validate encoder=resnet50 target=clipart method=second_moment_mmd repeat=-1 evaluated=50/227
validate encoder=resnet50 target=clipart method=second_moment_mmd repeat=-1 evaluated=100/227
validate encoder=resnet50 target=clipart method=second_moment_mmd repeat=-1 evaluated=150/227
validate encoder=resnet50 target=clipart method=second_moment_mmd repeat=-1 evaluated=200/227
validate encoder=resnet50 target=clipart method=second_moment_mmd repeat=-1 evaluated=227/227
validate encoder=resnet50 target=clipart method=target_a repeat=-1 evaluated=50/227
validate encoder=resnet50 target=clipart method=target_a repeat=-1 evaluated=100/227
validate encoder=resnet50 target=clipart method=target_a repeat=-1 evaluated=150/227
validate encoder=resnet50 target=clipart method=target_a repeat=-1 evaluated=200/227
validate encoder=resnet50 target=clipart method=target_a repeat=-1 evaluated=227/227
validate encoder=resnet50 target=clipart method=target_energy repeat=-1 evaluated=50/227
validate encoder=resnet50 target=clipart method=target_energy repeat=-1 evaluated=100/227
validate encoder=resnet50 target=clipart method=target_energy repeat=-1 evaluated=150/227
validate encoder=resnet50 target=clipart method=target_energy repeat=-1 evaluated=200/227
validate encoder=resnet50 target=clipart method=target_energy repeat=-1 evaluated=227/227
validate encoder=resnet50 target=infograph method=bayesian_d repeat=-1 evaluated=50/227
validate encoder=resnet50 target=infograph method=bayesian_d repeat=-1 evaluated=100/227
validate encoder=resnet50 target=infograph method=bayesian_d repeat=-1 evaluated=150/227
validate encoder=resnet50 target=infograph method=bayesian_d repeat=-1 evaluated=200/227
validate encoder=resnet50 target=infograph method=bayesian_d repeat=-1 evaluated=227/227
validate encoder=resnet50 target=infograph method=domain_balance repeat=-1 evaluated=50/227
validate encoder=resnet50 target=infograph method=domain_balance repeat=-1 evaluated=100/227
validate encoder=resnet50 target=infograph method=domain_balance repeat=-1 evaluated=150/227
validate encoder=resnet50 target=infograph method=domain_balance repeat=-1 evaluated=200/227
validate encoder=resnet50 target=infograph method=domain_balance repeat=-1 evaluated=227/227
validate encoder=resnet50 target=infograph method=dpp_subspace repeat=-1 evaluated=50/227
validate encoder=resnet50 target=infograph method=dpp_subspace repeat=-1 evaluated=100/227
validate encoder=resnet50 target=infograph method=dpp_subspace repeat=-1 evaluated=150/227
validate encoder=resnet50 target=infograph method=dpp_subspace repeat=-1 evaluated=200/227
validate encoder=resnet50 target=infograph method=dpp_subspace repeat=-1 evaluated=227/227
validate encoder=resnet50 target=infograph method=merged_effective_rank repeat=-1 evaluated=50/227
validate encoder=resnet50 target=infograph method=merged_effective_rank repeat=-1 evaluated=100/227
validate encoder=resnet50 target=infograph method=merged_effective_rank repeat=-1 evaluated=150/227
validate encoder=resnet50 target=infograph method=merged_effective_rank repeat=-1 evaluated=200/227
validate encoder=resnet50 target=infograph method=merged_effective_rank repeat=-1 evaluated=227/227
validate encoder=resnet50 target=infograph method=random repeat=0 evaluated=50/227
validate encoder=resnet50 target=infograph method=random repeat=0 evaluated=100/227
validate encoder=resnet50 target=infograph method=random repeat=0 evaluated=150/227
validate encoder=resnet50 target=infograph method=random repeat=0 evaluated=200/227
validate encoder=resnet50 target=infograph method=random repeat=0 evaluated=227/227
validate encoder=resnet50 target=infograph method=random repeat=1 evaluated=50/227
validate encoder=resnet50 target=infograph method=random repeat=1 evaluated=100/227
validate encoder=resnet50 target=infograph method=random repeat=1 evaluated=150/227
validate encoder=resnet50 target=infograph method=random repeat=1 evaluated=200/227
validate encoder=resnet50 target=infograph method=random repeat=1 evaluated=227/227
validate encoder=resnet50 target=infograph method=random repeat=2 evaluated=50/227
validate encoder=resnet50 target=infograph method=random repeat=2 evaluated=100/227
validate encoder=resnet50 target=infograph method=random repeat=2 evaluated=150/227
validate encoder=resnet50 target=infograph method=random repeat=2 evaluated=200/227
validate encoder=resnet50 target=infograph method=random repeat=2 evaluated=227/227
validate encoder=resnet50 target=infograph method=random repeat=3 evaluated=50/227
validate encoder=resnet50 target=infograph method=random repeat=3 evaluated=100/227
validate encoder=resnet50 target=infograph method=random repeat=3 evaluated=150/227
validate encoder=resnet50 target=infograph method=random repeat=3 evaluated=200/227
validate encoder=resnet50 target=infograph method=random repeat=3 evaluated=227/227
validate encoder=resnet50 target=infograph method=random repeat=4 evaluated=50/227
validate encoder=resnet50 target=infograph method=random repeat=4 evaluated=100/227
validate encoder=resnet50 target=infograph method=random repeat=4 evaluated=150/227
validate encoder=resnet50 target=infograph method=random repeat=4 evaluated=200/227
validate encoder=resnet50 target=infograph method=random repeat=4 evaluated=227/227
validate encoder=resnet50 target=infograph method=random repeat=5 evaluated=50/227
validate encoder=resnet50 target=infograph method=random repeat=5 evaluated=100/227
validate encoder=resnet50 target=infograph method=random repeat=5 evaluated=150/227
validate encoder=resnet50 target=infograph method=random repeat=5 evaluated=200/227
validate encoder=resnet50 target=infograph method=random repeat=5 evaluated=227/227
validate encoder=resnet50 target=infograph method=random repeat=6 evaluated=50/227
validate encoder=resnet50 target=infograph method=random repeat=6 evaluated=100/227
validate encoder=resnet50 target=infograph method=random repeat=6 evaluated=150/227
validate encoder=resnet50 target=infograph method=random repeat=6 evaluated=200/227
validate encoder=resnet50 target=infograph method=random repeat=6 evaluated=227/227
validate encoder=resnet50 target=infograph method=random repeat=7 evaluated=50/227
validate encoder=resnet50 target=infograph method=random repeat=7 evaluated=100/227
validate encoder=resnet50 target=infograph method=random repeat=7 evaluated=150/227
validate encoder=resnet50 target=infograph method=random repeat=7 evaluated=200/227
validate encoder=resnet50 target=infograph method=random repeat=7 evaluated=227/227
validate encoder=resnet50 target=infograph method=random repeat=8 evaluated=50/227
validate encoder=resnet50 target=infograph method=random repeat=8 evaluated=100/227
validate encoder=resnet50 target=infograph method=random repeat=8 evaluated=150/227
validate encoder=resnet50 target=infograph method=random repeat=8 evaluated=200/227
validate encoder=resnet50 target=infograph method=random repeat=8 evaluated=227/227
validate encoder=resnet50 target=infograph method=random repeat=9 evaluated=50/227
validate encoder=resnet50 target=infograph method=random repeat=9 evaluated=100/227
validate encoder=resnet50 target=infograph method=random repeat=9 evaluated=150/227
validate encoder=resnet50 target=infograph method=random repeat=9 evaluated=200/227
validate encoder=resnet50 target=infograph method=random repeat=9 evaluated=227/227
validate encoder=resnet50 target=infograph method=random repeat=10 evaluated=50/227
validate encoder=resnet50 target=infograph method=random repeat=10 evaluated=100/227
validate encoder=resnet50 target=infograph method=random repeat=10 evaluated=150/227
validate encoder=resnet50 target=infograph method=random repeat=10 evaluated=200/227
validate encoder=resnet50 target=infograph method=random repeat=10 evaluated=227/227
validate encoder=resnet50 target=infograph method=random repeat=11 evaluated=50/227
validate encoder=resnet50 target=infograph method=random repeat=11 evaluated=100/227
validate encoder=resnet50 target=infograph method=random repeat=11 evaluated=150/227
validate encoder=resnet50 target=infograph method=random repeat=11 evaluated=200/227
validate encoder=resnet50 target=infograph method=random repeat=11 evaluated=227/227
validate encoder=resnet50 target=infograph method=random repeat=12 evaluated=50/227
validate encoder=resnet50 target=infograph method=random repeat=12 evaluated=100/227
validate encoder=resnet50 target=infograph method=random repeat=12 evaluated=150/227
validate encoder=resnet50 target=infograph method=random repeat=12 evaluated=200/227
validate encoder=resnet50 target=infograph method=random repeat=12 evaluated=227/227
validate encoder=resnet50 target=infograph method=random repeat=13 evaluated=50/227
validate encoder=resnet50 target=infograph method=random repeat=13 evaluated=100/227
validate encoder=resnet50 target=infograph method=random repeat=13 evaluated=150/227
validate encoder=resnet50 target=infograph method=random repeat=13 evaluated=200/227
validate encoder=resnet50 target=infograph method=random repeat=13 evaluated=227/227
validate encoder=resnet50 target=infograph method=random repeat=14 evaluated=50/227
validate encoder=resnet50 target=infograph method=random repeat=14 evaluated=100/227
validate encoder=resnet50 target=infograph method=random repeat=14 evaluated=150/227
validate encoder=resnet50 target=infograph method=random repeat=14 evaluated=200/227
validate encoder=resnet50 target=infograph method=random repeat=14 evaluated=227/227
validate encoder=resnet50 target=infograph method=random repeat=15 evaluated=50/227
validate encoder=resnet50 target=infograph method=random repeat=15 evaluated=100/227
validate encoder=resnet50 target=infograph method=random repeat=15 evaluated=150/227
validate encoder=resnet50 target=infograph method=random repeat=15 evaluated=200/227
validate encoder=resnet50 target=infograph method=random repeat=15 evaluated=227/227
validate encoder=resnet50 target=infograph method=random repeat=16 evaluated=50/227
validate encoder=resnet50 target=infograph method=random repeat=16 evaluated=100/227
validate encoder=resnet50 target=infograph method=random repeat=16 evaluated=150/227
validate encoder=resnet50 target=infograph method=random repeat=16 evaluated=200/227
validate encoder=resnet50 target=infograph method=random repeat=16 evaluated=227/227
validate encoder=resnet50 target=infograph method=random repeat=17 evaluated=50/227
validate encoder=resnet50 target=infograph method=random repeat=17 evaluated=100/227
validate encoder=resnet50 target=infograph method=random repeat=17 evaluated=150/227
validate encoder=resnet50 target=infograph method=random repeat=17 evaluated=200/227
validate encoder=resnet50 target=infograph method=random repeat=17 evaluated=227/227
validate encoder=resnet50 target=infograph method=random repeat=18 evaluated=50/227
validate encoder=resnet50 target=infograph method=random repeat=18 evaluated=100/227
validate encoder=resnet50 target=infograph method=random repeat=18 evaluated=150/227
validate encoder=resnet50 target=infograph method=random repeat=18 evaluated=200/227
validate encoder=resnet50 target=infograph method=random repeat=18 evaluated=227/227
validate encoder=resnet50 target=infograph method=random repeat=19 evaluated=50/227
validate encoder=resnet50 target=infograph method=random repeat=19 evaluated=100/227
validate encoder=resnet50 target=infograph method=random repeat=19 evaluated=150/227
validate encoder=resnet50 target=infograph method=random repeat=19 evaluated=200/227
validate encoder=resnet50 target=infograph method=random repeat=19 evaluated=227/227
validate encoder=resnet50 target=infograph method=second_moment_mmd repeat=-1 evaluated=50/227
validate encoder=resnet50 target=infograph method=second_moment_mmd repeat=-1 evaluated=100/227
validate encoder=resnet50 target=infograph method=second_moment_mmd repeat=-1 evaluated=150/227
validate encoder=resnet50 target=infograph method=second_moment_mmd repeat=-1 evaluated=200/227
validate encoder=resnet50 target=infograph method=second_moment_mmd repeat=-1 evaluated=227/227
validate encoder=resnet50 target=infograph method=target_a repeat=-1 evaluated=50/227
validate encoder=resnet50 target=infograph method=target_a repeat=-1 evaluated=100/227
validate encoder=resnet50 target=infograph method=target_a repeat=-1 evaluated=150/227
validate encoder=resnet50 target=infograph method=target_a repeat=-1 evaluated=200/227
validate encoder=resnet50 target=infograph method=target_a repeat=-1 evaluated=227/227
validate encoder=resnet50 target=infograph method=target_energy repeat=-1 evaluated=50/227
validate encoder=resnet50 target=infograph method=target_energy repeat=-1 evaluated=100/227
validate encoder=resnet50 target=infograph method=target_energy repeat=-1 evaluated=150/227
validate encoder=resnet50 target=infograph method=target_energy repeat=-1 evaluated=200/227
validate encoder=resnet50 target=infograph method=target_energy repeat=-1 evaluated=227/227
validate encoder=resnet50 target=painting method=bayesian_d repeat=-1 evaluated=50/227
validate encoder=resnet50 target=painting method=bayesian_d repeat=-1 evaluated=100/227
validate encoder=resnet50 target=painting method=bayesian_d repeat=-1 evaluated=150/227
validate encoder=resnet50 target=painting method=bayesian_d repeat=-1 evaluated=200/227
validate encoder=resnet50 target=painting method=bayesian_d repeat=-1 evaluated=227/227
validate encoder=resnet50 target=painting method=domain_balance repeat=-1 evaluated=50/227
validate encoder=resnet50 target=painting method=domain_balance repeat=-1 evaluated=100/227
validate encoder=resnet50 target=painting method=domain_balance repeat=-1 evaluated=150/227
validate encoder=resnet50 target=painting method=domain_balance repeat=-1 evaluated=200/227
validate encoder=resnet50 target=painting method=domain_balance repeat=-1 evaluated=227/227
validate encoder=resnet50 target=painting method=dpp_subspace repeat=-1 evaluated=50/227
validate encoder=resnet50 target=painting method=dpp_subspace repeat=-1 evaluated=100/227
validate encoder=resnet50 target=painting method=dpp_subspace repeat=-1 evaluated=150/227
validate encoder=resnet50 target=painting method=dpp_subspace repeat=-1 evaluated=200/227
validate encoder=resnet50 target=painting method=dpp_subspace repeat=-1 evaluated=227/227
validate encoder=resnet50 target=painting method=merged_effective_rank repeat=-1 evaluated=50/227
validate encoder=resnet50 target=painting method=merged_effective_rank repeat=-1 evaluated=100/227
validate encoder=resnet50 target=painting method=merged_effective_rank repeat=-1 evaluated=150/227
validate encoder=resnet50 target=painting method=merged_effective_rank repeat=-1 evaluated=200/227
validate encoder=resnet50 target=painting method=merged_effective_rank repeat=-1 evaluated=227/227
validate encoder=resnet50 target=painting method=random repeat=0 evaluated=50/227
validate encoder=resnet50 target=painting method=random repeat=0 evaluated=100/227
validate encoder=resnet50 target=painting method=random repeat=0 evaluated=150/227
validate encoder=resnet50 target=painting method=random repeat=0 evaluated=200/227
validate encoder=resnet50 target=painting method=random repeat=0 evaluated=227/227
validate encoder=resnet50 target=painting method=random repeat=1 evaluated=50/227
validate encoder=resnet50 target=painting method=random repeat=1 evaluated=100/227
validate encoder=resnet50 target=painting method=random repeat=1 evaluated=150/227
validate encoder=resnet50 target=painting method=random repeat=1 evaluated=200/227
validate encoder=resnet50 target=painting method=random repeat=1 evaluated=227/227
validate encoder=resnet50 target=painting method=random repeat=2 evaluated=50/227
validate encoder=resnet50 target=painting method=random repeat=2 evaluated=100/227
validate encoder=resnet50 target=painting method=random repeat=2 evaluated=150/227
validate encoder=resnet50 target=painting method=random repeat=2 evaluated=200/227
validate encoder=resnet50 target=painting method=random repeat=2 evaluated=227/227
validate encoder=resnet50 target=painting method=random repeat=3 evaluated=50/227
validate encoder=resnet50 target=painting method=random repeat=3 evaluated=100/227
validate encoder=resnet50 target=painting method=random repeat=3 evaluated=150/227
validate encoder=resnet50 target=painting method=random repeat=3 evaluated=200/227
validate encoder=resnet50 target=painting method=random repeat=3 evaluated=227/227
validate encoder=resnet50 target=painting method=random repeat=4 evaluated=50/227
validate encoder=resnet50 target=painting method=random repeat=4 evaluated=100/227
validate encoder=resnet50 target=painting method=random repeat=4 evaluated=150/227
validate encoder=resnet50 target=painting method=random repeat=4 evaluated=200/227
validate encoder=resnet50 target=painting method=random repeat=4 evaluated=227/227
validate encoder=resnet50 target=painting method=random repeat=5 evaluated=50/227
validate encoder=resnet50 target=painting method=random repeat=5 evaluated=100/227
validate encoder=resnet50 target=painting method=random repeat=5 evaluated=150/227
validate encoder=resnet50 target=painting method=random repeat=5 evaluated=200/227
validate encoder=resnet50 target=painting method=random repeat=5 evaluated=227/227
validate encoder=resnet50 target=painting method=random repeat=6 evaluated=50/227
validate encoder=resnet50 target=painting method=random repeat=6 evaluated=100/227
validate encoder=resnet50 target=painting method=random repeat=6 evaluated=150/227
validate encoder=resnet50 target=painting method=random repeat=6 evaluated=200/227
validate encoder=resnet50 target=painting method=random repeat=6 evaluated=227/227
validate encoder=resnet50 target=painting method=random repeat=7 evaluated=50/227
validate encoder=resnet50 target=painting method=random repeat=7 evaluated=100/227
validate encoder=resnet50 target=painting method=random repeat=7 evaluated=150/227
validate encoder=resnet50 target=painting method=random repeat=7 evaluated=200/227
validate encoder=resnet50 target=painting method=random repeat=7 evaluated=227/227
validate encoder=resnet50 target=painting method=random repeat=8 evaluated=50/227
validate encoder=resnet50 target=painting method=random repeat=8 evaluated=100/227
validate encoder=resnet50 target=painting method=random repeat=8 evaluated=150/227
validate encoder=resnet50 target=painting method=random repeat=8 evaluated=200/227
validate encoder=resnet50 target=painting method=random repeat=8 evaluated=227/227
validate encoder=resnet50 target=painting method=random repeat=9 evaluated=50/227
validate encoder=resnet50 target=painting method=random repeat=9 evaluated=100/227
validate encoder=resnet50 target=painting method=random repeat=9 evaluated=150/227
validate encoder=resnet50 target=painting method=random repeat=9 evaluated=200/227
validate encoder=resnet50 target=painting method=random repeat=9 evaluated=227/227
validate encoder=resnet50 target=painting method=random repeat=10 evaluated=50/227
validate encoder=resnet50 target=painting method=random repeat=10 evaluated=100/227
validate encoder=resnet50 target=painting method=random repeat=10 evaluated=150/227
validate encoder=resnet50 target=painting method=random repeat=10 evaluated=200/227
validate encoder=resnet50 target=painting method=random repeat=10 evaluated=227/227
validate encoder=resnet50 target=painting method=random repeat=11 evaluated=50/227
validate encoder=resnet50 target=painting method=random repeat=11 evaluated=100/227
validate encoder=resnet50 target=painting method=random repeat=11 evaluated=150/227
validate encoder=resnet50 target=painting method=random repeat=11 evaluated=200/227
validate encoder=resnet50 target=painting method=random repeat=11 evaluated=227/227
validate encoder=resnet50 target=painting method=random repeat=12 evaluated=50/227
validate encoder=resnet50 target=painting method=random repeat=12 evaluated=100/227
validate encoder=resnet50 target=painting method=random repeat=12 evaluated=150/227
validate encoder=resnet50 target=painting method=random repeat=12 evaluated=200/227
validate encoder=resnet50 target=painting method=random repeat=12 evaluated=227/227
validate encoder=resnet50 target=painting method=random repeat=13 evaluated=50/227
validate encoder=resnet50 target=painting method=random repeat=13 evaluated=100/227
validate encoder=resnet50 target=painting method=random repeat=13 evaluated=150/227
validate encoder=resnet50 target=painting method=random repeat=13 evaluated=200/227
validate encoder=resnet50 target=painting method=random repeat=13 evaluated=227/227
validate encoder=resnet50 target=painting method=random repeat=14 evaluated=50/227
validate encoder=resnet50 target=painting method=random repeat=14 evaluated=100/227
validate encoder=resnet50 target=painting method=random repeat=14 evaluated=150/227
validate encoder=resnet50 target=painting method=random repeat=14 evaluated=200/227
validate encoder=resnet50 target=painting method=random repeat=14 evaluated=227/227
validate encoder=resnet50 target=painting method=random repeat=15 evaluated=50/227
validate encoder=resnet50 target=painting method=random repeat=15 evaluated=100/227
validate encoder=resnet50 target=painting method=random repeat=15 evaluated=150/227
validate encoder=resnet50 target=painting method=random repeat=15 evaluated=200/227
validate encoder=resnet50 target=painting method=random repeat=15 evaluated=227/227
validate encoder=resnet50 target=painting method=random repeat=16 evaluated=50/227
validate encoder=resnet50 target=painting method=random repeat=16 evaluated=100/227
validate encoder=resnet50 target=painting method=random repeat=16 evaluated=150/227
validate encoder=resnet50 target=painting method=random repeat=16 evaluated=200/227
validate encoder=resnet50 target=painting method=random repeat=16 evaluated=227/227
validate encoder=resnet50 target=painting method=random repeat=17 evaluated=50/227
validate encoder=resnet50 target=painting method=random repeat=17 evaluated=100/227
validate encoder=resnet50 target=painting method=random repeat=17 evaluated=150/227
validate encoder=resnet50 target=painting method=random repeat=17 evaluated=200/227
validate encoder=resnet50 target=painting method=random repeat=17 evaluated=227/227
validate encoder=resnet50 target=painting method=random repeat=18 evaluated=50/227
validate encoder=resnet50 target=painting method=random repeat=18 evaluated=100/227
validate encoder=resnet50 target=painting method=random repeat=18 evaluated=150/227
validate encoder=resnet50 target=painting method=random repeat=18 evaluated=200/227
validate encoder=resnet50 target=painting method=random repeat=18 evaluated=227/227
validate encoder=resnet50 target=painting method=random repeat=19 evaluated=50/227
validate encoder=resnet50 target=painting method=random repeat=19 evaluated=100/227
validate encoder=resnet50 target=painting method=random repeat=19 evaluated=150/227
validate encoder=resnet50 target=painting method=random repeat=19 evaluated=200/227
validate encoder=resnet50 target=painting method=random repeat=19 evaluated=227/227
validate encoder=resnet50 target=painting method=second_moment_mmd repeat=-1 evaluated=50/227
validate encoder=resnet50 target=painting method=second_moment_mmd repeat=-1 evaluated=100/227
validate encoder=resnet50 target=painting method=second_moment_mmd repeat=-1 evaluated=150/227
validate encoder=resnet50 target=painting method=second_moment_mmd repeat=-1 evaluated=200/227
validate encoder=resnet50 target=painting method=second_moment_mmd repeat=-1 evaluated=227/227
validate encoder=resnet50 target=painting method=target_a repeat=-1 evaluated=50/227
validate encoder=resnet50 target=painting method=target_a repeat=-1 evaluated=100/227
validate encoder=resnet50 target=painting method=target_a repeat=-1 evaluated=150/227
validate encoder=resnet50 target=painting method=target_a repeat=-1 evaluated=200/227
validate encoder=resnet50 target=painting method=target_a repeat=-1 evaluated=227/227
validate encoder=resnet50 target=painting method=target_energy repeat=-1 evaluated=50/227
validate encoder=resnet50 target=painting method=target_energy repeat=-1 evaluated=100/227
validate encoder=resnet50 target=painting method=target_energy repeat=-1 evaluated=150/227
validate encoder=resnet50 target=painting method=target_energy repeat=-1 evaluated=200/227
validate encoder=resnet50 target=painting method=target_energy repeat=-1 evaluated=227/227
validate encoder=resnet50 target=quickdraw method=bayesian_d repeat=-1 evaluated=50/227
validate encoder=resnet50 target=quickdraw method=bayesian_d repeat=-1 evaluated=100/227
validate encoder=resnet50 target=quickdraw method=bayesian_d repeat=-1 evaluated=150/227
validate encoder=resnet50 target=quickdraw method=bayesian_d repeat=-1 evaluated=200/227
validate encoder=resnet50 target=quickdraw method=bayesian_d repeat=-1 evaluated=227/227
validate encoder=resnet50 target=quickdraw method=domain_balance repeat=-1 evaluated=50/227
validate encoder=resnet50 target=quickdraw method=domain_balance repeat=-1 evaluated=100/227
validate encoder=resnet50 target=quickdraw method=domain_balance repeat=-1 evaluated=150/227
validate encoder=resnet50 target=quickdraw method=domain_balance repeat=-1 evaluated=200/227
validate encoder=resnet50 target=quickdraw method=domain_balance repeat=-1 evaluated=227/227
validate encoder=resnet50 target=quickdraw method=dpp_subspace repeat=-1 evaluated=50/227
validate encoder=resnet50 target=quickdraw method=dpp_subspace repeat=-1 evaluated=100/227
validate encoder=resnet50 target=quickdraw method=dpp_subspace repeat=-1 evaluated=150/227
validate encoder=resnet50 target=quickdraw method=dpp_subspace repeat=-1 evaluated=200/227
validate encoder=resnet50 target=quickdraw method=dpp_subspace repeat=-1 evaluated=227/227
validate encoder=resnet50 target=quickdraw method=merged_effective_rank repeat=-1 evaluated=50/227
validate encoder=resnet50 target=quickdraw method=merged_effective_rank repeat=-1 evaluated=100/227
validate encoder=resnet50 target=quickdraw method=merged_effective_rank repeat=-1 evaluated=150/227
validate encoder=resnet50 target=quickdraw method=merged_effective_rank repeat=-1 evaluated=200/227
validate encoder=resnet50 target=quickdraw method=merged_effective_rank repeat=-1 evaluated=227/227
validate encoder=resnet50 target=quickdraw method=random repeat=0 evaluated=50/227
validate encoder=resnet50 target=quickdraw method=random repeat=0 evaluated=100/227
validate encoder=resnet50 target=quickdraw method=random repeat=0 evaluated=150/227
validate encoder=resnet50 target=quickdraw method=random repeat=0 evaluated=200/227
validate encoder=resnet50 target=quickdraw method=random repeat=0 evaluated=227/227
validate encoder=resnet50 target=quickdraw method=random repeat=1 evaluated=50/227
validate encoder=resnet50 target=quickdraw method=random repeat=1 evaluated=100/227
validate encoder=resnet50 target=quickdraw method=random repeat=1 evaluated=150/227
validate encoder=resnet50 target=quickdraw method=random repeat=1 evaluated=200/227
validate encoder=resnet50 target=quickdraw method=random repeat=1 evaluated=227/227
validate encoder=resnet50 target=quickdraw method=random repeat=2 evaluated=50/227
validate encoder=resnet50 target=quickdraw method=random repeat=2 evaluated=100/227
validate encoder=resnet50 target=quickdraw method=random repeat=2 evaluated=150/227
validate encoder=resnet50 target=quickdraw method=random repeat=2 evaluated=200/227
validate encoder=resnet50 target=quickdraw method=random repeat=2 evaluated=227/227
validate encoder=resnet50 target=quickdraw method=random repeat=3 evaluated=50/227
validate encoder=resnet50 target=quickdraw method=random repeat=3 evaluated=100/227
validate encoder=resnet50 target=quickdraw method=random repeat=3 evaluated=150/227
validate encoder=resnet50 target=quickdraw method=random repeat=3 evaluated=200/227
validate encoder=resnet50 target=quickdraw method=random repeat=3 evaluated=227/227
validate encoder=resnet50 target=quickdraw method=random repeat=4 evaluated=50/227
validate encoder=resnet50 target=quickdraw method=random repeat=4 evaluated=100/227
validate encoder=resnet50 target=quickdraw method=random repeat=4 evaluated=150/227
validate encoder=resnet50 target=quickdraw method=random repeat=4 evaluated=200/227
validate encoder=resnet50 target=quickdraw method=random repeat=4 evaluated=227/227
validate encoder=resnet50 target=quickdraw method=random repeat=5 evaluated=50/227
validate encoder=resnet50 target=quickdraw method=random repeat=5 evaluated=100/227
validate encoder=resnet50 target=quickdraw method=random repeat=5 evaluated=150/227
validate encoder=resnet50 target=quickdraw method=random repeat=5 evaluated=200/227
validate encoder=resnet50 target=quickdraw method=random repeat=5 evaluated=227/227
validate encoder=resnet50 target=quickdraw method=random repeat=6 evaluated=50/227
validate encoder=resnet50 target=quickdraw method=random repeat=6 evaluated=100/227
validate encoder=resnet50 target=quickdraw method=random repeat=6 evaluated=150/227
validate encoder=resnet50 target=quickdraw method=random repeat=6 evaluated=200/227
validate encoder=resnet50 target=quickdraw method=random repeat=6 evaluated=227/227
validate encoder=resnet50 target=quickdraw method=random repeat=7 evaluated=50/227
validate encoder=resnet50 target=quickdraw method=random repeat=7 evaluated=100/227
validate encoder=resnet50 target=quickdraw method=random repeat=7 evaluated=150/227
validate encoder=resnet50 target=quickdraw method=random repeat=7 evaluated=200/227
validate encoder=resnet50 target=quickdraw method=random repeat=7 evaluated=227/227
validate encoder=resnet50 target=quickdraw method=random repeat=8 evaluated=50/227
validate encoder=resnet50 target=quickdraw method=random repeat=8 evaluated=100/227
validate encoder=resnet50 target=quickdraw method=random repeat=8 evaluated=150/227
validate encoder=resnet50 target=quickdraw method=random repeat=8 evaluated=200/227
validate encoder=resnet50 target=quickdraw method=random repeat=8 evaluated=227/227
validate encoder=resnet50 target=quickdraw method=random repeat=9 evaluated=50/227
validate encoder=resnet50 target=quickdraw method=random repeat=9 evaluated=100/227
validate encoder=resnet50 target=quickdraw method=random repeat=9 evaluated=150/227
validate encoder=resnet50 target=quickdraw method=random repeat=9 evaluated=200/227
validate encoder=resnet50 target=quickdraw method=random repeat=9 evaluated=227/227
validate encoder=resnet50 target=quickdraw method=random repeat=10 evaluated=50/227
validate encoder=resnet50 target=quickdraw method=random repeat=10 evaluated=100/227
validate encoder=resnet50 target=quickdraw method=random repeat=10 evaluated=150/227
validate encoder=resnet50 target=quickdraw method=random repeat=10 evaluated=200/227
validate encoder=resnet50 target=quickdraw method=random repeat=10 evaluated=227/227
validate encoder=resnet50 target=quickdraw method=random repeat=11 evaluated=50/227
validate encoder=resnet50 target=quickdraw method=random repeat=11 evaluated=100/227
validate encoder=resnet50 target=quickdraw method=random repeat=11 evaluated=150/227
validate encoder=resnet50 target=quickdraw method=random repeat=11 evaluated=200/227
validate encoder=resnet50 target=quickdraw method=random repeat=11 evaluated=227/227
validate encoder=resnet50 target=quickdraw method=random repeat=12 evaluated=50/227
validate encoder=resnet50 target=quickdraw method=random repeat=12 evaluated=100/227
validate encoder=resnet50 target=quickdraw method=random repeat=12 evaluated=150/227
validate encoder=resnet50 target=quickdraw method=random repeat=12 evaluated=200/227
validate encoder=resnet50 target=quickdraw method=random repeat=12 evaluated=227/227
validate encoder=resnet50 target=quickdraw method=random repeat=13 evaluated=50/227
validate encoder=resnet50 target=quickdraw method=random repeat=13 evaluated=100/227
validate encoder=resnet50 target=quickdraw method=random repeat=13 evaluated=150/227
validate encoder=resnet50 target=quickdraw method=random repeat=13 evaluated=200/227
validate encoder=resnet50 target=quickdraw method=random repeat=13 evaluated=227/227
validate encoder=resnet50 target=quickdraw method=random repeat=14 evaluated=50/227
validate encoder=resnet50 target=quickdraw method=random repeat=14 evaluated=100/227
validate encoder=resnet50 target=quickdraw method=random repeat=14 evaluated=150/227
validate encoder=resnet50 target=quickdraw method=random repeat=14 evaluated=200/227
validate encoder=resnet50 target=quickdraw method=random repeat=14 evaluated=227/227
validate encoder=resnet50 target=quickdraw method=random repeat=15 evaluated=50/227
validate encoder=resnet50 target=quickdraw method=random repeat=15 evaluated=100/227
validate encoder=resnet50 target=quickdraw method=random repeat=15 evaluated=150/227
validate encoder=resnet50 target=quickdraw method=random repeat=15 evaluated=200/227
validate encoder=resnet50 target=quickdraw method=random repeat=15 evaluated=227/227
validate encoder=resnet50 target=quickdraw method=random repeat=16 evaluated=50/227
validate encoder=resnet50 target=quickdraw method=random repeat=16 evaluated=100/227
validate encoder=resnet50 target=quickdraw method=random repeat=16 evaluated=150/227
validate encoder=resnet50 target=quickdraw method=random repeat=16 evaluated=200/227
validate encoder=resnet50 target=quickdraw method=random repeat=16 evaluated=227/227
validate encoder=resnet50 target=quickdraw method=random repeat=17 evaluated=50/227
validate encoder=resnet50 target=quickdraw method=random repeat=17 evaluated=100/227
validate encoder=resnet50 target=quickdraw method=random repeat=17 evaluated=150/227
validate encoder=resnet50 target=quickdraw method=random repeat=17 evaluated=200/227
validate encoder=resnet50 target=quickdraw method=random repeat=17 evaluated=227/227
validate encoder=resnet50 target=quickdraw method=random repeat=18 evaluated=50/227
validate encoder=resnet50 target=quickdraw method=random repeat=18 evaluated=100/227
validate encoder=resnet50 target=quickdraw method=random repeat=18 evaluated=150/227
validate encoder=resnet50 target=quickdraw method=random repeat=18 evaluated=200/227
validate encoder=resnet50 target=quickdraw method=random repeat=18 evaluated=227/227
validate encoder=resnet50 target=quickdraw method=random repeat=19 evaluated=50/227
validate encoder=resnet50 target=quickdraw method=random repeat=19 evaluated=100/227
validate encoder=resnet50 target=quickdraw method=random repeat=19 evaluated=150/227
validate encoder=resnet50 target=quickdraw method=random repeat=19 evaluated=200/227
validate encoder=resnet50 target=quickdraw method=random repeat=19 evaluated=227/227
validate encoder=resnet50 target=quickdraw method=second_moment_mmd repeat=-1 evaluated=50/227
validate encoder=resnet50 target=quickdraw method=second_moment_mmd repeat=-1 evaluated=100/227
validate encoder=resnet50 target=quickdraw method=second_moment_mmd repeat=-1 evaluated=150/227
validate encoder=resnet50 target=quickdraw method=second_moment_mmd repeat=-1 evaluated=200/227
validate encoder=resnet50 target=quickdraw method=second_moment_mmd repeat=-1 evaluated=227/227
validate encoder=resnet50 target=quickdraw method=target_a repeat=-1 evaluated=50/227
validate encoder=resnet50 target=quickdraw method=target_a repeat=-1 evaluated=100/227
validate encoder=resnet50 target=quickdraw method=target_a repeat=-1 evaluated=150/227
validate encoder=resnet50 target=quickdraw method=target_a repeat=-1 evaluated=200/227
validate encoder=resnet50 target=quickdraw method=target_a repeat=-1 evaluated=227/227
validate encoder=resnet50 target=quickdraw method=target_energy repeat=-1 evaluated=50/227
validate encoder=resnet50 target=quickdraw method=target_energy repeat=-1 evaluated=100/227
validate encoder=resnet50 target=quickdraw method=target_energy repeat=-1 evaluated=150/227
validate encoder=resnet50 target=quickdraw method=target_energy repeat=-1 evaluated=200/227
validate encoder=resnet50 target=quickdraw method=target_energy repeat=-1 evaluated=227/227
validate encoder=resnet50 target=real method=bayesian_d repeat=-1 evaluated=50/227
validate encoder=resnet50 target=real method=bayesian_d repeat=-1 evaluated=100/227
validate encoder=resnet50 target=real method=bayesian_d repeat=-1 evaluated=150/227
validate encoder=resnet50 target=real method=bayesian_d repeat=-1 evaluated=200/227
validate encoder=resnet50 target=real method=bayesian_d repeat=-1 evaluated=227/227
validate encoder=resnet50 target=real method=domain_balance repeat=-1 evaluated=50/227
validate encoder=resnet50 target=real method=domain_balance repeat=-1 evaluated=100/227
validate encoder=resnet50 target=real method=domain_balance repeat=-1 evaluated=150/227
validate encoder=resnet50 target=real method=domain_balance repeat=-1 evaluated=200/227
validate encoder=resnet50 target=real method=domain_balance repeat=-1 evaluated=227/227
validate encoder=resnet50 target=real method=dpp_subspace repeat=-1 evaluated=50/227
validate encoder=resnet50 target=real method=dpp_subspace repeat=-1 evaluated=100/227
validate encoder=resnet50 target=real method=dpp_subspace repeat=-1 evaluated=150/227
validate encoder=resnet50 target=real method=dpp_subspace repeat=-1 evaluated=200/227
validate encoder=resnet50 target=real method=dpp_subspace repeat=-1 evaluated=227/227
validate encoder=resnet50 target=real method=merged_effective_rank repeat=-1 evaluated=50/227
validate encoder=resnet50 target=real method=merged_effective_rank repeat=-1 evaluated=100/227
validate encoder=resnet50 target=real method=merged_effective_rank repeat=-1 evaluated=150/227
validate encoder=resnet50 target=real method=merged_effective_rank repeat=-1 evaluated=200/227
validate encoder=resnet50 target=real method=merged_effective_rank repeat=-1 evaluated=227/227
validate encoder=resnet50 target=real method=random repeat=0 evaluated=50/227
validate encoder=resnet50 target=real method=random repeat=0 evaluated=100/227
validate encoder=resnet50 target=real method=random repeat=0 evaluated=150/227
validate encoder=resnet50 target=real method=random repeat=0 evaluated=200/227
validate encoder=resnet50 target=real method=random repeat=0 evaluated=227/227
validate encoder=resnet50 target=real method=random repeat=1 evaluated=50/227
validate encoder=resnet50 target=real method=random repeat=1 evaluated=100/227
validate encoder=resnet50 target=real method=random repeat=1 evaluated=150/227
validate encoder=resnet50 target=real method=random repeat=1 evaluated=200/227
validate encoder=resnet50 target=real method=random repeat=1 evaluated=227/227
validate encoder=resnet50 target=real method=random repeat=2 evaluated=50/227
validate encoder=resnet50 target=real method=random repeat=2 evaluated=100/227
validate encoder=resnet50 target=real method=random repeat=2 evaluated=150/227
validate encoder=resnet50 target=real method=random repeat=2 evaluated=200/227
validate encoder=resnet50 target=real method=random repeat=2 evaluated=227/227
validate encoder=resnet50 target=real method=random repeat=3 evaluated=50/227
validate encoder=resnet50 target=real method=random repeat=3 evaluated=100/227
validate encoder=resnet50 target=real method=random repeat=3 evaluated=150/227
validate encoder=resnet50 target=real method=random repeat=3 evaluated=200/227
validate encoder=resnet50 target=real method=random repeat=3 evaluated=227/227
validate encoder=resnet50 target=real method=random repeat=4 evaluated=50/227
validate encoder=resnet50 target=real method=random repeat=4 evaluated=100/227
validate encoder=resnet50 target=real method=random repeat=4 evaluated=150/227
validate encoder=resnet50 target=real method=random repeat=4 evaluated=200/227
validate encoder=resnet50 target=real method=random repeat=4 evaluated=227/227
validate encoder=resnet50 target=real method=random repeat=5 evaluated=50/227
validate encoder=resnet50 target=real method=random repeat=5 evaluated=100/227
validate encoder=resnet50 target=real method=random repeat=5 evaluated=150/227
validate encoder=resnet50 target=real method=random repeat=5 evaluated=200/227
validate encoder=resnet50 target=real method=random repeat=5 evaluated=227/227
validate encoder=resnet50 target=real method=random repeat=6 evaluated=50/227
validate encoder=resnet50 target=real method=random repeat=6 evaluated=100/227
validate encoder=resnet50 target=real method=random repeat=6 evaluated=150/227
validate encoder=resnet50 target=real method=random repeat=6 evaluated=200/227
validate encoder=resnet50 target=real method=random repeat=6 evaluated=227/227
validate encoder=resnet50 target=real method=random repeat=7 evaluated=50/227
validate encoder=resnet50 target=real method=random repeat=7 evaluated=100/227
validate encoder=resnet50 target=real method=random repeat=7 evaluated=150/227
validate encoder=resnet50 target=real method=random repeat=7 evaluated=200/227
validate encoder=resnet50 target=real method=random repeat=7 evaluated=227/227
validate encoder=resnet50 target=real method=random repeat=8 evaluated=50/227
validate encoder=resnet50 target=real method=random repeat=8 evaluated=100/227
validate encoder=resnet50 target=real method=random repeat=8 evaluated=150/227
validate encoder=resnet50 target=real method=random repeat=8 evaluated=200/227
validate encoder=resnet50 target=real method=random repeat=8 evaluated=227/227
validate encoder=resnet50 target=real method=random repeat=9 evaluated=50/227
validate encoder=resnet50 target=real method=random repeat=9 evaluated=100/227
validate encoder=resnet50 target=real method=random repeat=9 evaluated=150/227
validate encoder=resnet50 target=real method=random repeat=9 evaluated=200/227
validate encoder=resnet50 target=real method=random repeat=9 evaluated=227/227
validate encoder=resnet50 target=real method=random repeat=10 evaluated=50/227
validate encoder=resnet50 target=real method=random repeat=10 evaluated=100/227
validate encoder=resnet50 target=real method=random repeat=10 evaluated=150/227
validate encoder=resnet50 target=real method=random repeat=10 evaluated=200/227
validate encoder=resnet50 target=real method=random repeat=10 evaluated=227/227
validate encoder=resnet50 target=real method=random repeat=11 evaluated=50/227
validate encoder=resnet50 target=real method=random repeat=11 evaluated=100/227
validate encoder=resnet50 target=real method=random repeat=11 evaluated=150/227
validate encoder=resnet50 target=real method=random repeat=11 evaluated=200/227
validate encoder=resnet50 target=real method=random repeat=11 evaluated=227/227
validate encoder=resnet50 target=real method=random repeat=12 evaluated=50/227
validate encoder=resnet50 target=real method=random repeat=12 evaluated=100/227
validate encoder=resnet50 target=real method=random repeat=12 evaluated=150/227
validate encoder=resnet50 target=real method=random repeat=12 evaluated=200/227
validate encoder=resnet50 target=real method=random repeat=12 evaluated=227/227
validate encoder=resnet50 target=real method=random repeat=13 evaluated=50/227
validate encoder=resnet50 target=real method=random repeat=13 evaluated=100/227
validate encoder=resnet50 target=real method=random repeat=13 evaluated=150/227
validate encoder=resnet50 target=real method=random repeat=13 evaluated=200/227
validate encoder=resnet50 target=real method=random repeat=13 evaluated=227/227
validate encoder=resnet50 target=real method=random repeat=14 evaluated=50/227
validate encoder=resnet50 target=real method=random repeat=14 evaluated=100/227
validate encoder=resnet50 target=real method=random repeat=14 evaluated=150/227
validate encoder=resnet50 target=real method=random repeat=14 evaluated=200/227
validate encoder=resnet50 target=real method=random repeat=14 evaluated=227/227
validate encoder=resnet50 target=real method=random repeat=15 evaluated=50/227
validate encoder=resnet50 target=real method=random repeat=15 evaluated=100/227
validate encoder=resnet50 target=real method=random repeat=15 evaluated=150/227
validate encoder=resnet50 target=real method=random repeat=15 evaluated=200/227
validate encoder=resnet50 target=real method=random repeat=15 evaluated=227/227
validate encoder=resnet50 target=real method=random repeat=16 evaluated=50/227
validate encoder=resnet50 target=real method=random repeat=16 evaluated=100/227
validate encoder=resnet50 target=real method=random repeat=16 evaluated=150/227
validate encoder=resnet50 target=real method=random repeat=16 evaluated=200/227
validate encoder=resnet50 target=real method=random repeat=16 evaluated=227/227
validate encoder=resnet50 target=real method=random repeat=17 evaluated=50/227
validate encoder=resnet50 target=real method=random repeat=17 evaluated=100/227
validate encoder=resnet50 target=real method=random repeat=17 evaluated=150/227
validate encoder=resnet50 target=real method=random repeat=17 evaluated=200/227
validate encoder=resnet50 target=real method=random repeat=17 evaluated=227/227
validate encoder=resnet50 target=real method=random repeat=18 evaluated=50/227
validate encoder=resnet50 target=real method=random repeat=18 evaluated=100/227
validate encoder=resnet50 target=real method=random repeat=18 evaluated=150/227
validate encoder=resnet50 target=real method=random repeat=18 evaluated=200/227
validate encoder=resnet50 target=real method=random repeat=18 evaluated=227/227
validate encoder=resnet50 target=real method=random repeat=19 evaluated=50/227
validate encoder=resnet50 target=real method=random repeat=19 evaluated=100/227
validate encoder=resnet50 target=real method=random repeat=19 evaluated=150/227
validate encoder=resnet50 target=real method=random repeat=19 evaluated=200/227
validate encoder=resnet50 target=real method=random repeat=19 evaluated=227/227
validate encoder=resnet50 target=real method=second_moment_mmd repeat=-1 evaluated=50/227
validate encoder=resnet50 target=real method=second_moment_mmd repeat=-1 evaluated=100/227
validate encoder=resnet50 target=real method=second_moment_mmd repeat=-1 evaluated=150/227
validate encoder=resnet50 target=real method=second_moment_mmd repeat=-1 evaluated=200/227
validate encoder=resnet50 target=real method=second_moment_mmd repeat=-1 evaluated=227/227
validate encoder=resnet50 target=real method=target_a repeat=-1 evaluated=50/227
validate encoder=resnet50 target=real method=target_a repeat=-1 evaluated=100/227
validate encoder=resnet50 target=real method=target_a repeat=-1 evaluated=150/227
validate encoder=resnet50 target=real method=target_a repeat=-1 evaluated=200/227
validate encoder=resnet50 target=real method=target_a repeat=-1 evaluated=227/227
validate encoder=resnet50 target=real method=target_energy repeat=-1 evaluated=50/227
validate encoder=resnet50 target=real method=target_energy repeat=-1 evaluated=100/227
validate encoder=resnet50 target=real method=target_energy repeat=-1 evaluated=150/227
validate encoder=resnet50 target=real method=target_energy repeat=-1 evaluated=200/227
validate encoder=resnet50 target=real method=target_energy repeat=-1 evaluated=227/227
validate encoder=resnet50 target=sketch method=bayesian_d repeat=-1 evaluated=50/227
validate encoder=resnet50 target=sketch method=bayesian_d repeat=-1 evaluated=100/227
validate encoder=resnet50 target=sketch method=bayesian_d repeat=-1 evaluated=150/227
validate encoder=resnet50 target=sketch method=bayesian_d repeat=-1 evaluated=200/227
validate encoder=resnet50 target=sketch method=bayesian_d repeat=-1 evaluated=227/227
validate encoder=resnet50 target=sketch method=domain_balance repeat=-1 evaluated=50/227
validate encoder=resnet50 target=sketch method=domain_balance repeat=-1 evaluated=100/227
validate encoder=resnet50 target=sketch method=domain_balance repeat=-1 evaluated=150/227
validate encoder=resnet50 target=sketch method=domain_balance repeat=-1 evaluated=200/227
validate encoder=resnet50 target=sketch method=domain_balance repeat=-1 evaluated=227/227
validate encoder=resnet50 target=sketch method=dpp_subspace repeat=-1 evaluated=50/227
validate encoder=resnet50 target=sketch method=dpp_subspace repeat=-1 evaluated=100/227
validate encoder=resnet50 target=sketch method=dpp_subspace repeat=-1 evaluated=150/227
validate encoder=resnet50 target=sketch method=dpp_subspace repeat=-1 evaluated=200/227
validate encoder=resnet50 target=sketch method=dpp_subspace repeat=-1 evaluated=227/227
validate encoder=resnet50 target=sketch method=merged_effective_rank repeat=-1 evaluated=50/227
validate encoder=resnet50 target=sketch method=merged_effective_rank repeat=-1 evaluated=100/227
validate encoder=resnet50 target=sketch method=merged_effective_rank repeat=-1 evaluated=150/227
validate encoder=resnet50 target=sketch method=merged_effective_rank repeat=-1 evaluated=200/227
validate encoder=resnet50 target=sketch method=merged_effective_rank repeat=-1 evaluated=227/227
validate encoder=resnet50 target=sketch method=random repeat=0 evaluated=50/227
validate encoder=resnet50 target=sketch method=random repeat=0 evaluated=100/227
validate encoder=resnet50 target=sketch method=random repeat=0 evaluated=150/227
validate encoder=resnet50 target=sketch method=random repeat=0 evaluated=200/227
validate encoder=resnet50 target=sketch method=random repeat=0 evaluated=227/227
validate encoder=resnet50 target=sketch method=random repeat=1 evaluated=50/227
validate encoder=resnet50 target=sketch method=random repeat=1 evaluated=100/227
validate encoder=resnet50 target=sketch method=random repeat=1 evaluated=150/227
validate encoder=resnet50 target=sketch method=random repeat=1 evaluated=200/227
validate encoder=resnet50 target=sketch method=random repeat=1 evaluated=227/227
validate encoder=resnet50 target=sketch method=random repeat=2 evaluated=50/227
validate encoder=resnet50 target=sketch method=random repeat=2 evaluated=100/227
validate encoder=resnet50 target=sketch method=random repeat=2 evaluated=150/227
validate encoder=resnet50 target=sketch method=random repeat=2 evaluated=200/227
validate encoder=resnet50 target=sketch method=random repeat=2 evaluated=227/227
validate encoder=resnet50 target=sketch method=random repeat=3 evaluated=50/227
validate encoder=resnet50 target=sketch method=random repeat=3 evaluated=100/227
validate encoder=resnet50 target=sketch method=random repeat=3 evaluated=150/227
validate encoder=resnet50 target=sketch method=random repeat=3 evaluated=200/227
validate encoder=resnet50 target=sketch method=random repeat=3 evaluated=227/227
validate encoder=resnet50 target=sketch method=random repeat=4 evaluated=50/227
validate encoder=resnet50 target=sketch method=random repeat=4 evaluated=100/227
validate encoder=resnet50 target=sketch method=random repeat=4 evaluated=150/227
validate encoder=resnet50 target=sketch method=random repeat=4 evaluated=200/227
validate encoder=resnet50 target=sketch method=random repeat=4 evaluated=227/227
validate encoder=resnet50 target=sketch method=random repeat=5 evaluated=50/227
validate encoder=resnet50 target=sketch method=random repeat=5 evaluated=100/227
validate encoder=resnet50 target=sketch method=random repeat=5 evaluated=150/227
validate encoder=resnet50 target=sketch method=random repeat=5 evaluated=200/227
validate encoder=resnet50 target=sketch method=random repeat=5 evaluated=227/227
validate encoder=resnet50 target=sketch method=random repeat=6 evaluated=50/227
validate encoder=resnet50 target=sketch method=random repeat=6 evaluated=100/227
validate encoder=resnet50 target=sketch method=random repeat=6 evaluated=150/227
validate encoder=resnet50 target=sketch method=random repeat=6 evaluated=200/227
validate encoder=resnet50 target=sketch method=random repeat=6 evaluated=227/227
validate encoder=resnet50 target=sketch method=random repeat=7 evaluated=50/227
validate encoder=resnet50 target=sketch method=random repeat=7 evaluated=100/227
validate encoder=resnet50 target=sketch method=random repeat=7 evaluated=150/227
validate encoder=resnet50 target=sketch method=random repeat=7 evaluated=200/227
validate encoder=resnet50 target=sketch method=random repeat=7 evaluated=227/227
validate encoder=resnet50 target=sketch method=random repeat=8 evaluated=50/227
validate encoder=resnet50 target=sketch method=random repeat=8 evaluated=100/227
validate encoder=resnet50 target=sketch method=random repeat=8 evaluated=150/227
validate encoder=resnet50 target=sketch method=random repeat=8 evaluated=200/227
validate encoder=resnet50 target=sketch method=random repeat=8 evaluated=227/227
validate encoder=resnet50 target=sketch method=random repeat=9 evaluated=50/227
validate encoder=resnet50 target=sketch method=random repeat=9 evaluated=100/227
validate encoder=resnet50 target=sketch method=random repeat=9 evaluated=150/227
validate encoder=resnet50 target=sketch method=random repeat=9 evaluated=200/227
validate encoder=resnet50 target=sketch method=random repeat=9 evaluated=227/227
validate encoder=resnet50 target=sketch method=random repeat=10 evaluated=50/227
validate encoder=resnet50 target=sketch method=random repeat=10 evaluated=100/227
validate encoder=resnet50 target=sketch method=random repeat=10 evaluated=150/227
validate encoder=resnet50 target=sketch method=random repeat=10 evaluated=200/227
validate encoder=resnet50 target=sketch method=random repeat=10 evaluated=227/227
validate encoder=resnet50 target=sketch method=random repeat=11 evaluated=50/227
validate encoder=resnet50 target=sketch method=random repeat=11 evaluated=100/227
validate encoder=resnet50 target=sketch method=random repeat=11 evaluated=150/227
validate encoder=resnet50 target=sketch method=random repeat=11 evaluated=200/227
validate encoder=resnet50 target=sketch method=random repeat=11 evaluated=227/227
validate encoder=resnet50 target=sketch method=random repeat=12 evaluated=50/227
validate encoder=resnet50 target=sketch method=random repeat=12 evaluated=100/227
validate encoder=resnet50 target=sketch method=random repeat=12 evaluated=150/227
validate encoder=resnet50 target=sketch method=random repeat=12 evaluated=200/227
validate encoder=resnet50 target=sketch method=random repeat=12 evaluated=227/227
validate encoder=resnet50 target=sketch method=random repeat=13 evaluated=50/227
validate encoder=resnet50 target=sketch method=random repeat=13 evaluated=100/227
validate encoder=resnet50 target=sketch method=random repeat=13 evaluated=150/227
validate encoder=resnet50 target=sketch method=random repeat=13 evaluated=200/227
validate encoder=resnet50 target=sketch method=random repeat=13 evaluated=227/227
validate encoder=resnet50 target=sketch method=random repeat=14 evaluated=50/227
validate encoder=resnet50 target=sketch method=random repeat=14 evaluated=100/227
validate encoder=resnet50 target=sketch method=random repeat=14 evaluated=150/227
validate encoder=resnet50 target=sketch method=random repeat=14 evaluated=200/227
validate encoder=resnet50 target=sketch method=random repeat=14 evaluated=227/227
validate encoder=resnet50 target=sketch method=random repeat=15 evaluated=50/227
validate encoder=resnet50 target=sketch method=random repeat=15 evaluated=100/227
validate encoder=resnet50 target=sketch method=random repeat=15 evaluated=150/227
validate encoder=resnet50 target=sketch method=random repeat=15 evaluated=200/227
validate encoder=resnet50 target=sketch method=random repeat=15 evaluated=227/227
validate encoder=resnet50 target=sketch method=random repeat=16 evaluated=50/227
validate encoder=resnet50 target=sketch method=random repeat=16 evaluated=100/227
validate encoder=resnet50 target=sketch method=random repeat=16 evaluated=150/227
validate encoder=resnet50 target=sketch method=random repeat=16 evaluated=200/227
validate encoder=resnet50 target=sketch method=random repeat=16 evaluated=227/227
validate encoder=resnet50 target=sketch method=random repeat=17 evaluated=50/227
validate encoder=resnet50 target=sketch method=random repeat=17 evaluated=100/227
validate encoder=resnet50 target=sketch method=random repeat=17 evaluated=150/227
validate encoder=resnet50 target=sketch method=random repeat=17 evaluated=200/227
validate encoder=resnet50 target=sketch method=random repeat=17 evaluated=227/227
validate encoder=resnet50 target=sketch method=random repeat=18 evaluated=50/227
validate encoder=resnet50 target=sketch method=random repeat=18 evaluated=100/227
validate encoder=resnet50 target=sketch method=random repeat=18 evaluated=150/227
validate encoder=resnet50 target=sketch method=random repeat=18 evaluated=200/227
validate encoder=resnet50 target=sketch method=random repeat=18 evaluated=227/227
validate encoder=resnet50 target=sketch method=random repeat=19 evaluated=50/227
validate encoder=resnet50 target=sketch method=random repeat=19 evaluated=100/227
validate encoder=resnet50 target=sketch method=random repeat=19 evaluated=150/227
validate encoder=resnet50 target=sketch method=random repeat=19 evaluated=200/227
validate encoder=resnet50 target=sketch method=random repeat=19 evaluated=227/227
validate encoder=resnet50 target=sketch method=second_moment_mmd repeat=-1 evaluated=50/227
validate encoder=resnet50 target=sketch method=second_moment_mmd repeat=-1 evaluated=100/227
validate encoder=resnet50 target=sketch method=second_moment_mmd repeat=-1 evaluated=150/227
validate encoder=resnet50 target=sketch method=second_moment_mmd repeat=-1 evaluated=200/227
validate encoder=resnet50 target=sketch method=second_moment_mmd repeat=-1 evaluated=227/227
validate encoder=resnet50 target=sketch method=target_a repeat=-1 evaluated=50/227
validate encoder=resnet50 target=sketch method=target_a repeat=-1 evaluated=100/227
validate encoder=resnet50 target=sketch method=target_a repeat=-1 evaluated=150/227
validate encoder=resnet50 target=sketch method=target_a repeat=-1 evaluated=200/227
validate encoder=resnet50 target=sketch method=target_a repeat=-1 evaluated=227/227
validate encoder=resnet50 target=sketch method=target_energy repeat=-1 evaluated=50/227
validate encoder=resnet50 target=sketch method=target_energy repeat=-1 evaluated=100/227
validate encoder=resnet50 target=sketch method=target_energy repeat=-1 evaluated=150/227
validate encoder=resnet50 target=sketch method=target_energy repeat=-1 evaluated=200/227
validate encoder=resnet50 target=sketch method=target_energy repeat=-1 evaluated=227/227
{"access": {"source_labels": true, "target_test_features": false, "target_test_labels": false, "target_validation_labels": true}, "candidate_set_id": "545fe86c8c9e830448f14f0ce0a300a33389f3eb9787e118572e7e78da87e9a8", "config_file_sha256": "5d405f4e3d9036d056f9c0f32d693c019e93f949f1c885fa3dcac694ffee1ed5", "created_utc": "2026-09-16T19:05:11.625697+00:00", "encoder": "resnet50", "execution": {"cross_method_result_cache": false, "largest_nested_shortlist": 227, "physical_primary_combination_evaluations_per_target": 227, "rule": "evaluate-each-method-repeat-separately-through-largest-nested-shortlist"}, "feature_file_sha256": "37725c82c24fa9284c1492f95ded412ea8c100b35ba7230cd2a01666ea30a7aa", "input_isolation": {"bundle_id": "0bfca2b3ec6939cda768e14fa3805f2c71745bc58042948ae76a724d4bce7d6d", "mode": "role-separated-files", "os_sandbox": false, "stage": "validate"}, "manifest_id": "1ba25059df70be4d9d22ec1c3c25bdd03e6a83795fbb44a45b3a8e0bb6b20839", "metric_row_count": 36774, "metrics_file_sha256": "a9e80629736e55573b006a10063e7a54d7a1b04548749c22c8283170ab400737", "runner_revision": "566679a0ee59ace27f6da7ed44fbd18ebe6cd5ad", "runtime": {"device": "cpu", "elapsed_seconds": 165.8769427984953, "finished_utc": "2026-09-16T19:05:11.644601+00:00", "numpy_version": "1.26.4", "python_version": "3.12.3", "started_utc": "2026-09-16T19:02:25.767674+00:00"}, "schema_version": "target-conditioned-e2b-validation-v2", "screen_id": "9a934dec0321a0505ee5e05dfaf689daee5c59d41c791076d0cea5826fe9ff25", "screen_manifest_file_sha256": "a3f7ce5027791debd73f23600ccecb7f6f295c9aa09ddebfefec0f4094c752af", "screen_rankings_file_sha256": "f288e993e9e047ff19a4c26d950a59cd4c48ac899b1d70bb73be1fed12a090da", "selection_frozen_before_target_test": true, "selection_row_count": 810, "selections_file_sha256": "7d15c632e057f56cf1b881f88c7a75d93dd6518973d286721d0bd48d1ddac20c", "tasks": [{"cross_method_result_cache": false, "evaluations_by_method_repeat": [{"method": "bayesian_d", "physical_combination_evaluations": 227, "repeat": -1}, {"method": "domain_balance", "physical_combination_evaluations": 227, "repeat": -1}, {"method": "dpp_subspace", "physical_combination_evaluations": 227, "repeat": -1}, {"method": "merged_effective_rank", "physical_combination_evaluations": 227, "repeat": -1}, {"method": "random", "physical_combination_evaluations": 227, "repeat": 0}, {"method": "random", "physical_combination_evaluations": 227, "repeat": 1}, {"method": "random", "physical_combination_evaluations": 227, "repeat": 2}, {"method": "random", "physical_combination_evaluations": 227, "repeat": 3}, {"method": "random", "physical_combination_evaluations": 227, "repeat": 4}, {"method": "random", "physical_combination_evaluations": 227, "repeat": 5}, {"method": "random", "physical_combination_evaluations": 227, "repeat": 6}, {"method": "random", "physical_combination_evaluations": 227, "repeat": 7}, {"method": "random", "physical_combination_evaluations": 227, "repeat": 8}, {"method": "random", "physical_combination_evaluations": 227, "repeat": 9}, {"method": "random", "physical_combination_evaluations": 227, "repeat": 10}, {"method": "random", "physical_combination_evaluations": 227, "repeat": 11}, {"method": "random", "physical_combination_evaluations": 227, "repeat": 12}, {"method": "random", "physical_combination_evaluations": 227, "repeat": 13}, {"method": "random", "physical_combination_evaluations": 227, "repeat": 14}, {"method": "random", "physical_combination_evaluations": 227, "repeat": 15}, {"method": "random", "physical_combination_evaluations": 227, "repeat": 16}, {"method": "random", "physical_combination_evaluations": 227, "repeat": 17}, {"method": "random", "physical_combination_evaluations": 227, "repeat": 18}, {"method": "random", "physical_combination_evaluations": 227, "repeat": 19}, {"method": "second_moment_mmd", "physical_combination_evaluations": 227, "repeat": -1}, {"method": "target_a", "physical_combination_evaluations": 227, "repeat": -1}, {"method": "target_energy", "physical_combination_evaluations": 227, "repeat": -1}], "logical_evaluations_per_method_and_size": [10, 25, 50, 100, 227], "physical_primary_combination_evaluations": 227, "target_domain": "clipart", "target_validation_count": 1024, "target_validation_ids_sha256": "9be4059fa7dc7e64beb2d848759deb9605718aa2901404ff6a51cd0110067c7e"}, {"cross_method_result_cache": false, "evaluations_by_method_repeat": [{"method": "bayesian_d", "physical_combination_evaluations": 227, "repeat": -1}, {"method": "domain_balance", "physical_combination_evaluations": 227, "repeat": -1}, {"method": "dpp_subspace", "physical_combination_evaluations": 227, "repeat": -1}, {"method": "merged_effective_rank", "physical_combination_evaluations": 227, "repeat": -1}, {"method": "random", "physical_combination_evaluations": 227, "repeat": 0}, {"method": "random", "physical_combination_evaluations": 227, "repeat": 1}, {"method": "random", "physical_combination_evaluations": 227, "repeat": 2}, {"method": "random", "physical_combination_evaluations": 227, "repeat": 3}, {"method": "random", "physical_combination_evaluations": 227, "repeat": 4}, {"method": "random", "physical_combination_evaluations": 227, "repeat": 5}, {"method": "random", "physical_combination_evaluations": 227, "repeat": 6}, {"method": "random", "physical_combination_evaluations": 227, "repeat": 7}, {"method": "random", "physical_combination_evaluations": 227, "repeat": 8}, {"method": "random", "physical_combination_evaluations": 227, "repeat": 9}, {"method": "random", "physical_combination_evaluations": 227, "repeat": 10}, {"method": "random", "physical_combination_evaluations": 227, "repeat": 11}, {"method": "random", "physical_combination_evaluations": 227, "repeat": 12}, {"method": "random", "physical_combination_evaluations": 227, "repeat": 13}, {"method": "random", "physical_combination_evaluations": 227, "repeat": 14}, {"method": "random", "physical_combination_evaluations": 227, "repeat": 15}, {"method": "random", "physical_combination_evaluations": 227, "repeat": 16}, {"method": "random", "physical_combination_evaluations": 227, "repeat": 17}, {"method": "random", "physical_combination_evaluations": 227, "repeat": 18}, {"method": "random", "physical_combination_evaluations": 227, "repeat": 19}, {"method": "second_moment_mmd", "physical_combination_evaluations": 227, "repeat": -1}, {"method": "target_a", "physical_combination_evaluations": 227, "repeat": -1}, {"method": "target_energy", "physical_combination_evaluations": 227, "repeat": -1}], "logical_evaluations_per_method_and_size": [10, 25, 50, 100, 227], "physical_primary_combination_evaluations": 227, "target_domain": "infograph", "target_validation_count": 1024, "target_validation_ids_sha256": "1595b393af4ea3df2e4d5a816e1be2de4e84d142fc19fbf645866b3dcbb568c0"}, {"cross_method_result_cache": false, "evaluations_by_method_repeat": [{"method": "bayesian_d", "physical_combination_evaluations": 227, "repeat": -1}, {"method": "domain_balance", "physical_combination_evaluations": 227, "repeat": -1}, {"method": "dpp_subspace", "physical_combination_evaluations": 227, "repeat": -1}, {"method": "merged_effective_rank", "physical_combination_evaluations": 227, "repeat": -1}, {"method": "random", "physical_combination_evaluations": 227, "repeat": 0}, {"method": "random", "physical_combination_evaluations": 227, "repeat": 1}, {"method": "random", "physical_combination_evaluations": 227, "repeat": 2}, {"method": "random", "physical_combination_evaluations": 227, "repeat": 3}, {"method": "random", "physical_combination_evaluations": 227, "repeat": 4}, {"method": "random", "physical_combination_evaluations": 227, "repeat": 5}, {"method": "random", "physical_combination_evaluations": 227, "repeat": 6}, {"method": "random", "physical_combination_evaluations": 227, "repeat": 7}, {"method": "random", "physical_combination_evaluations": 227, "repeat": 8}, {"method": "random", "physical_combination_evaluations": 227, "repeat": 9}, {"method": "random", "physical_combination_evaluations": 227, "repeat": 10}, {"method": "random", "physical_combination_evaluations": 227, "repeat": 11}, {"method": "random", "physical_combination_evaluations": 227, "repeat": 12}, {"method": "random", "physical_combination_evaluations": 227, "repeat": 13}, {"method": "random", "physical_combination_evaluations": 227, "repeat": 14}, {"method": "random", "physical_combination_evaluations": 227, "repeat": 15}, {"method": "random", "physical_combination_evaluations": 227, "repeat": 16}, {"method": "random", "physical_combination_evaluations": 227, "repeat": 17}, {"method": "random", "physical_combination_evaluations": 227, "repeat": 18}, {"method": "random", "physical_combination_evaluations": 227, "repeat": 19}, {"method": "second_moment_mmd", "physical_combination_evaluations": 227, "repeat": -1}, {"method": "target_a", "physical_combination_evaluations": 227, "repeat": -1}, {"method": "target_energy", "physical_combination_evaluations": 227, "repeat": -1}], "logical_evaluations_per_method_and_size": [10, 25, 50, 100, 227], "physical_primary_combination_evaluations": 227, "target_domain": "painting", "target_validation_count": 1024, "target_validation_ids_sha256": "e0a03311588f53088ffde279c3b0cb704fa64b13658241d03e293b2451d82e5d"}, {"cross_method_result_cache": false, "evaluations_by_method_repeat": [{"method": "bayesian_d", "physical_combination_evaluations": 227, "repeat": -1}, {"method": "domain_balance", "physical_combination_evaluations": 227, "repeat": -1}, {"method": "dpp_subspace", "physical_combination_evaluations": 227, "repeat": -1}, {"method": "merged_effective_rank", "physical_combination_evaluations": 227, "repeat": -1}, {"method": "random", "physical_combination_evaluations": 227, "repeat": 0}, {"method": "random", "physical_combination_evaluations": 227, "repeat": 1}, {"method": "random", "physical_combination_evaluations": 227, "repeat": 2}, {"method": "random", "physical_combination_evaluations": 227, "repeat": 3}, {"method": "random", "physical_combination_evaluations": 227, "repeat": 4}, {"method": "random", "physical_combination_evaluations": 227, "repeat": 5}, {"method": "random", "physical_combination_evaluations": 227, "repeat": 6}, {"method": "random", "physical_combination_evaluations": 227, "repeat": 7}, {"method": "random", "physical_combination_evaluations": 227, "repeat": 8}, {"method": "random", "physical_combination_evaluations": 227, "repeat": 9}, {"method": "random", "physical_combination_evaluations": 227, "repeat": 10}, {"method": "random", "physical_combination_evaluations": 227, "repeat": 11}, {"method": "random", "physical_combination_evaluations": 227, "repeat": 12}, {"method": "random", "physical_combination_evaluations": 227, "repeat": 13}, {"method": "random", "physical_combination_evaluations": 227, "repeat": 14}, {"method": "random", "physical_combination_evaluations": 227, "repeat": 15}, {"method": "random", "physical_combination_evaluations": 227, "repeat": 16}, {"method": "random", "physical_combination_evaluations": 227, "repeat": 17}, {"method": "random", "physical_combination_evaluations": 227, "repeat": 18}, {"method": "random", "physical_combination_evaluations": 227, "repeat": 19}, {"method": "second_moment_mmd", "physical_combination_evaluations": 227, "repeat": -1}, {"method": "target_a", "physical_combination_evaluations": 227, "repeat": -1}, {"method": "target_energy", "physical_combination_evaluations": 227, "repeat": -1}], "logical_evaluations_per_method_and_size": [10, 25, 50, 100, 227], "physical_primary_combination_evaluations": 227, "target_domain": "quickdraw", "target_validation_count": 1024, "target_validation_ids_sha256": "2763767c45c4ec31c7f7f11abb81db6fe3ec3ae541887abe769b28d0622111f2"}, {"cross_method_result_cache": false, "evaluations_by_method_repeat": [{"method": "bayesian_d", "physical_combination_evaluations": 227, "repeat": -1}, {"method": "domain_balance", "physical_combination_evaluations": 227, "repeat": -1}, {"method": "dpp_subspace", "physical_combination_evaluations": 227, "repeat": -1}, {"method": "merged_effective_rank", "physical_combination_evaluations": 227, "repeat": -1}, {"method": "random", "physical_combination_evaluations": 227, "repeat": 0}, {"method": "random", "physical_combination_evaluations": 227, "repeat": 1}, {"method": "random", "physical_combination_evaluations": 227, "repeat": 2}, {"method": "random", "physical_combination_evaluations": 227, "repeat": 3}, {"method": "random", "physical_combination_evaluations": 227, "repeat": 4}, {"method": "random", "physical_combination_evaluations": 227, "repeat": 5}, {"method": "random", "physical_combination_evaluations": 227, "repeat": 6}, {"method": "random", "physical_combination_evaluations": 227, "repeat": 7}, {"method": "random", "physical_combination_evaluations": 227, "repeat": 8}, {"method": "random", "physical_combination_evaluations": 227, "repeat": 9}, {"method": "random", "physical_combination_evaluations": 227, "repeat": 10}, {"method": "random", "physical_combination_evaluations": 227, "repeat": 11}, {"method": "random", "physical_combination_evaluations": 227, "repeat": 12}, {"method": "random", "physical_combination_evaluations": 227, "repeat": 13}, {"method": "random", "physical_combination_evaluations": 227, "repeat": 14}, {"method": "random", "physical_combination_evaluations": 227, "repeat": 15}, {"method": "random", "physical_combination_evaluations": 227, "repeat": 16}, {"method": "random", "physical_combination_evaluations": 227, "repeat": 17}, {"method": "random", "physical_combination_evaluations": 227, "repeat": 18}, {"method": "random", "physical_combination_evaluations": 227, "repeat": 19}, {"method": "second_moment_mmd", "physical_combination_evaluations": 227, "repeat": -1}, {"method": "target_a", "physical_combination_evaluations": 227, "repeat": -1}, {"method": "target_energy", "physical_combination_evaluations": 227, "repeat": -1}], "logical_evaluations_per_method_and_size": [10, 25, 50, 100, 227], "physical_primary_combination_evaluations": 227, "target_domain": "real", "target_validation_count": 1024, "target_validation_ids_sha256": "420ea90bb429f590e00eed6c0125cf0594a91eaa9c6c0a2e0c1c1dc23a594b81"}, {"cross_method_result_cache": false, "evaluations_by_method_repeat": [{"method": "bayesian_d", "physical_combination_evaluations": 227, "repeat": -1}, {"method": "domain_balance", "physical_combination_evaluations": 227, "repeat": -1}, {"method": "dpp_subspace", "physical_combination_evaluations": 227, "repeat": -1}, {"method": "merged_effective_rank", "physical_combination_evaluations": 227, "repeat": -1}, {"method": "random", "physical_combination_evaluations": 227, "repeat": 0}, {"method": "random", "physical_combination_evaluations": 227, "repeat": 1}, {"method": "random", "physical_combination_evaluations": 227, "repeat": 2}, {"method": "random", "physical_combination_evaluations": 227, "repeat": 3}, {"method": "random", "physical_combination_evaluations": 227, "repeat": 4}, {"method": "random", "physical_combination_evaluations": 227, "repeat": 5}, {"method": "random", "physical_combination_evaluations": 227, "repeat": 6}, {"method": "random", "physical_combination_evaluations": 227, "repeat": 7}, {"method": "random", "physical_combination_evaluations": 227, "repeat": 8}, {"method": "random", "physical_combination_evaluations": 227, "repeat": 9}, {"method": "random", "physical_combination_evaluations": 227, "repeat": 10}, {"method": "random", "physical_combination_evaluations": 227, "repeat": 11}, {"method": "random", "physical_combination_evaluations": 227, "repeat": 12}, {"method": "random", "physical_combination_evaluations": 227, "repeat": 13}, {"method": "random", "physical_combination_evaluations": 227, "repeat": 14}, {"method": "random", "physical_combination_evaluations": 227, "repeat": 15}, {"method": "random", "physical_combination_evaluations": 227, "repeat": 16}, {"method": "random", "physical_combination_evaluations": 227, "repeat": 17}, {"method": "random", "physical_combination_evaluations": 227, "repeat": 18}, {"method": "random", "physical_combination_evaluations": 227, "repeat": 19}, {"method": "second_moment_mmd", "physical_combination_evaluations": 227, "repeat": -1}, {"method": "target_a", "physical_combination_evaluations": 227, "repeat": -1}, {"method": "target_energy", "physical_combination_evaluations": 227, "repeat": -1}], "logical_evaluations_per_method_and_size": [10, 25, 50, 100, 227], "physical_primary_combination_evaluations": 227, "target_domain": "sketch", "target_validation_count": 1024, "target_validation_ids_sha256": "42a2a4d7ef88358a64403996508e03bf7f13301d6e1fca250b968b3b8ad23be8"}], "validation_id": "bde920a89a7c731f34d9f9838b8c1f03db7737b4e6939fedc681eb39b5b5adb8"}
2026-09-16T19:05:11Z resnet50 test-audit
test encoder=resnet50 target=clipart evaluated=50/455
test encoder=resnet50 target=clipart evaluated=100/455
test encoder=resnet50 target=clipart evaluated=150/455
test encoder=resnet50 target=clipart evaluated=200/455
test encoder=resnet50 target=clipart evaluated=250/455
test encoder=resnet50 target=clipart evaluated=300/455
test encoder=resnet50 target=clipart evaluated=350/455
test encoder=resnet50 target=clipart evaluated=400/455
test encoder=resnet50 target=clipart evaluated=450/455
test encoder=resnet50 target=clipart evaluated=455/455
test encoder=resnet50 target=infograph evaluated=50/455
test encoder=resnet50 target=infograph evaluated=100/455
test encoder=resnet50 target=infograph evaluated=150/455
test encoder=resnet50 target=infograph evaluated=200/455
test encoder=resnet50 target=infograph evaluated=250/455
test encoder=resnet50 target=infograph evaluated=300/455
test encoder=resnet50 target=infograph evaluated=350/455
test encoder=resnet50 target=infograph evaluated=400/455
test encoder=resnet50 target=infograph evaluated=450/455
test encoder=resnet50 target=infograph evaluated=455/455
test encoder=resnet50 target=painting evaluated=50/455
test encoder=resnet50 target=painting evaluated=100/455
test encoder=resnet50 target=painting evaluated=150/455
test encoder=resnet50 target=painting evaluated=200/455
test encoder=resnet50 target=painting evaluated=250/455
test encoder=resnet50 target=painting evaluated=300/455
test encoder=resnet50 target=painting evaluated=350/455
test encoder=resnet50 target=painting evaluated=400/455
test encoder=resnet50 target=painting evaluated=450/455
test encoder=resnet50 target=painting evaluated=455/455
test encoder=resnet50 target=quickdraw evaluated=50/455
test encoder=resnet50 target=quickdraw evaluated=100/455
test encoder=resnet50 target=quickdraw evaluated=150/455
test encoder=resnet50 target=quickdraw evaluated=200/455
test encoder=resnet50 target=quickdraw evaluated=250/455
test encoder=resnet50 target=quickdraw evaluated=300/455
test encoder=resnet50 target=quickdraw evaluated=350/455
test encoder=resnet50 target=quickdraw evaluated=400/455
test encoder=resnet50 target=quickdraw evaluated=450/455
test encoder=resnet50 target=quickdraw evaluated=455/455
test encoder=resnet50 target=real evaluated=50/455
test encoder=resnet50 target=real evaluated=100/455
test encoder=resnet50 target=real evaluated=150/455
test encoder=resnet50 target=real evaluated=200/455
test encoder=resnet50 target=real evaluated=250/455
test encoder=resnet50 target=real evaluated=300/455
test encoder=resnet50 target=real evaluated=350/455
test encoder=resnet50 target=real evaluated=400/455
test encoder=resnet50 target=real evaluated=450/455
test encoder=resnet50 target=real evaluated=455/455
test encoder=resnet50 target=sketch evaluated=50/455
test encoder=resnet50 target=sketch evaluated=100/455
test encoder=resnet50 target=sketch evaluated=150/455
test encoder=resnet50 target=sketch evaluated=200/455
test encoder=resnet50 target=sketch evaluated=250/455
test encoder=resnet50 target=sketch evaluated=300/455
test encoder=resnet50 target=sketch evaluated=350/455
test encoder=resnet50 target=sketch evaluated=400/455
test encoder=resnet50 target=sketch evaluated=450/455
test encoder=resnet50 target=sketch evaluated=455/455
{"access": {"screen_and_validation_hashes_verified_first": true, "target_test_features": true, "target_test_labels": true, "test_outcomes_change_screen_or_validation_selection": false}, "audit_file_sha256": "0eaf3c2558af7ce4c42ee7cebadc73c842c915322e392d2b89ebed7315700420", "audit_row_count": 810, "candidate_set_id": "545fe86c8c9e830448f14f0ce0a300a33389f3eb9787e118572e7e78da87e9a8", "combination_row_count": 2730, "combinations_file_sha256": "e68cc40b7afe0b110aa2c96a2890420532e884f4f678fc2cb619027833dcc29e", "config_file_sha256": "5d405f4e3d9036d056f9c0f32d693c019e93f949f1c885fa3dcac694ffee1ed5", "created_utc": "2026-09-16T19:05:32.649362+00:00", "encoder": "resnet50", "feature_file_sha256": "37725c82c24fa9284c1492f95ded412ea8c100b35ba7230cd2a01666ea30a7aa", "input_isolation": {"bundle_id": "acef8b918aafb269a4a872fad7b9a04cf9e655446bb53de1cb1999fce1f7f4e6", "mode": "role-separated-files", "os_sandbox": false, "stage": "test-audit"}, "manifest_id": "1ba25059df70be4d9d22ec1c3c25bdd03e6a83795fbb44a45b3a8e0bb6b20839", "runner_revision": "566679a0ee59ace27f6da7ed44fbd18ebe6cd5ad", "runtime": {"device": "cpu", "elapsed_seconds": 20.737975627183914, "finished_utc": "2026-09-16T19:05:32.650584+00:00", "numpy_version": "1.26.4", "python_version": "3.12.3", "started_utc": "2026-09-16T19:05:11.912619+00:00"}, "schema_version": "target-conditioned-e2b-test-audit-v1", "screen_id": "9a934dec0321a0505ee5e05dfaf689daee5c59d41c791076d0cea5826fe9ff25", "tasks": [{"combination_count": 455, "target_domain": "clipart", "target_test_count": 2048, "target_test_ids_sha256": "b8f1203b7c259adc5e6364fd0eabd9407b6ff7211c589d72d41d5622f3a57464", "test_oracle_brier_score": 0.9875913627144375, "test_oracle_combination": "real__clip_pc1_high|real__clip_pc1_low|sketch__clip_pc1_low"}, {"combination_count": 455, "target_domain": "infograph", "target_test_count": 2048, "target_test_ids_sha256": "e3a147c01c481f42161052f352d565f56e664ca04eab2efaeb24fbf4b2ebbee1", "test_oracle_brier_score": 0.9885631651139348, "test_oracle_combination": "clipart__clip_pc1_low|real__clip_pc1_high|sketch__clip_pc1_low"}, {"combination_count": 455, "target_domain": "painting", "target_test_count": 2048, "target_test_ids_sha256": "265374b7d770acf1c5e803b4ffd5aedc00d519ecd8aab991d125cbbad69e9b1e", "test_oracle_brier_score": 0.9866744670075211, "test_oracle_combination": "real__clip_pc1_high|real__clip_pc1_low|sketch__clip_pc1_high"}, {"combination_count": 455, "target_domain": "quickdraw", "target_test_count": 2048, "target_test_ids_sha256": "cf39b0ddd35ef35d2f485408daf852126347bc4e806a1808ba683d4a5777370a", "test_oracle_brier_score": 0.9896562422376143, "test_oracle_combination": "clipart__clip_pc1_middle|sketch__clip_pc1_low|sketch__clip_pc1_middle"}, {"combination_count": 455, "target_domain": "real", "target_test_count": 2048, "target_test_ids_sha256": "60384adbcc168b7512a6047eeb05a4074989921af1e14502c7091c9f3932eccb", "test_oracle_brier_score": 0.9861273384833518, "test_oracle_combination": "painting__clip_pc1_high|painting__clip_pc1_low|painting__clip_pc1_middle"}, {"combination_count": 455, "target_domain": "sketch", "target_test_count": 2048, "target_test_ids_sha256": "2746bec4ac2a6080a149c3b49ffb10fc50ac4c34f85395c3792675ff0aa9fb9f", "test_oracle_brier_score": 0.9879000031727679, "test_oracle_combination": "clipart__clip_pc1_low|clipart__clip_pc1_middle|real__clip_pc1_high"}], "test_audit_id": "2a2a90544fec6f8a2f5af7371538bdacf892c57502076068569a78dfc3f50b89", "validation_id": "bde920a89a7c731f34d9f9838b8c1f03db7737b4e6939fedc681eb39b5b5adb8", "validation_manifest_file_sha256": "c7acf7576d4f98e504a084a7406cab81ce40b19dc24a0970fcff3d3f299fe2e1", "validation_selections_file_sha256": "7d15c632e057f56cf1b881f88c7a75d93dd6518973d286721d0bd48d1ddac20c"}
