[
  {
    "encoder": "dinov2_b14",
    "method": "dpp_subspace",
    "shortlist_size": 3,
    "rows": 7,
    "targets": 7,
    "best_candidate_recall_mean": 0.5714285714285714,
    "top3_candidate_recall_mean": 0.32653061224489793,
    "validation_regret_mean": 0.0009085229464939694,
    "normalized_validation_regret_mean": 0.04109927019221833,
    "test_regret_mean": -0.0007339358329773013,
    "removed_fraction": 0.8571428571428572,
    "passes_90pct_recall_at_50pct_removal": false
  },
  {
    "encoder": "dinov2_b14",
    "method": "dpp_subspace",
    "shortlist_size": 5,
    "rows": 7,
    "targets": 7,
    "best_candidate_recall_mean": 0.7142857142857143,
    "top3_candidate_recall_mean": 0.42176870748299317,
    "validation_regret_mean": 0.0007152131625584193,
    "normalized_validation_regret_mean": 0.03131460995211511,
    "test_regret_mean": -0.0008273822920663111,
    "removed_fraction": 0.7619047619047619,
    "passes_90pct_recall_at_50pct_removal": false
  },
  {
    "encoder": "dinov2_b14",
    "method": "dpp_subspace",
    "shortlist_size": 10,
    "rows": 7,
    "targets": 7,
    "best_candidate_recall_mean": 0.7142857142857143,
    "top3_candidate_recall_mean": 0.6326530612244897,
    "validation_regret_mean": 0.00016576051712036133,
    "normalized_validation_regret_mean": 0.0075050123464172665,
    "test_regret_mean": 0.00028868913650511744,
    "removed_fraction": 0.5238095238095238,
    "passes_90pct_recall_at_50pct_removal": false
  },
  {
    "encoder": "dinov2_b14",
    "method": "facility_subspace",
    "shortlist_size": 3,
    "rows": 7,
    "targets": 7,
    "best_candidate_recall_mean": 0.0,
    "top3_candidate_recall_mean": 0.14285714285714285,
    "validation_regret_mean": 0.005169313294546967,
    "normalized_validation_regret_mean": 0.1981005438353376,
    "test_regret_mean": 0.003897009577069954,
    "removed_fraction": 0.8571428571428572,
    "passes_90pct_recall_at_50pct_removal": false
  },
  {
    "encoder": "dinov2_b14",
    "method": "facility_subspace",
    "shortlist_size": 5,
    "rows": 7,
    "targets": 7,
    "best_candidate_recall_mean": 0.14285714285714285,
    "top3_candidate_recall_mean": 0.21088435374149658,
    "validation_regret_mean": 0.0037970866475786702,
    "normalized_validation_regret_mean": 0.12686250068813015,
    "test_regret_mean": 0.00015898602349416282,
    "removed_fraction": 0.7619047619047619,
    "passes_90pct_recall_at_50pct_removal": false
  },
  {
    "encoder": "dinov2_b14",
    "method": "facility_subspace",
    "shortlist_size": 10,
    "rows": 7,
    "targets": 7,
    "best_candidate_recall_mean": 0.2857142857142857,
    "top3_candidate_recall_mean": 0.32653061224489793,
    "validation_regret_mean": 0.0029068248612540426,
    "normalized_validation_regret_mean": 0.08441950625388994,
    "test_regret_mean": 0.0036427787372044058,
    "removed_fraction": 0.5238095238095238,
    "passes_90pct_recall_at_50pct_removal": false
  },
  {
    "encoder": "dinov2_b14",
    "method": "full_merged_rank",
    "shortlist_size": 3,
    "rows": 7,
    "targets": 7,
    "best_candidate_recall_mean": 0.7142857142857143,
    "top3_candidate_recall_mean": 0.35374149659863946,
    "validation_regret_mean": 0.001164989812033517,
    "normalized_validation_regret_mean": 0.05434786703326363,
    "test_regret_mean": 0.000969062532697383,
    "removed_fraction": 0.8571428571428572,
    "passes_90pct_recall_at_50pct_removal": false
  },
  {
    "encoder": "dinov2_b14",
    "method": "full_merged_rank",
    "shortlist_size": 5,
    "rows": 7,
    "targets": 7,
    "best_candidate_recall_mean": 0.7142857142857143,
    "top3_candidate_recall_mean": 0.5170068027210883,
    "validation_regret_mean": 0.0007152131625584193,
    "normalized_validation_regret_mean": 0.03131460995211511,
    "test_regret_mean": -0.0008273822920663111,
    "removed_fraction": 0.7619047619047619,
    "passes_90pct_recall_at_50pct_removal": false
  },
  {
    "encoder": "dinov2_b14",
    "method": "full_merged_rank",
    "shortlist_size": 10,
    "rows": 7,
    "targets": 7,
    "best_candidate_recall_mean": 0.7142857142857143,
    "top3_candidate_recall_mean": 0.564625850340136,
    "validation_regret_mean": 0.0007152131625584193,
    "normalized_validation_regret_mean": 0.03131460995211511,
    "test_regret_mean": -0.0008273822920663111,
    "removed_fraction": 0.5238095238095238,
    "passes_90pct_recall_at_50pct_removal": false
  },
  {
    "encoder": "dinov2_b14",
    "method": "kcenter_subspace",
    "shortlist_size": 3,
    "rows": 7,
    "targets": 7,
    "best_candidate_recall_mean": 0.5714285714285714,
    "top3_candidate_recall_mean": 0.21088435374149658,
    "validation_regret_mean": 0.001339743818555569,
    "normalized_validation_regret_mean": 0.0698087752818419,
    "test_regret_mean": 0.0022216762815202734,
    "removed_fraction": 0.8571428571428572,
    "passes_90pct_recall_at_50pct_removal": false
  },
  {
    "encoder": "dinov2_b14",
    "method": "kcenter_subspace",
    "shortlist_size": 5,
    "rows": 7,
    "targets": 7,
    "best_candidate_recall_mean": 0.5714285714285714,
    "top3_candidate_recall_mean": 0.2312925170068027,
    "validation_regret_mean": 0.0011409333774021915,
    "normalized_validation_regret_mean": 0.058939037003039936,
    "test_regret_mean": 0.0021943739482334556,
    "removed_fraction": 0.7619047619047619,
    "passes_90pct_recall_at_50pct_removal": false
  },
  {
    "encoder": "dinov2_b14",
    "method": "kcenter_subspace",
    "shortlist_size": 10,
    "rows": 7,
    "targets": 7,
    "best_candidate_recall_mean": 0.7142857142857143,
    "top3_candidate_recall_mean": 0.39455782312925175,
    "validation_regret_mean": 0.0006769827433994933,
    "normalized_validation_regret_mean": 0.03545551519588111,
    "test_regret_mean": 0.0008213843618120371,
    "removed_fraction": 0.5238095238095238,
    "passes_90pct_recall_at_50pct_removal": false
  },
  {
    "encoder": "dinov2_b14",
    "method": "pool_vendi_subspace",
    "shortlist_size": 3,
    "rows": 7,
    "targets": 7,
    "best_candidate_recall_mean": 0.5714285714285714,
    "top3_candidate_recall_mean": 0.21088435374149658,
    "validation_regret_mean": 0.001339743818555569,
    "normalized_validation_regret_mean": 0.0698087752818419,
    "test_regret_mean": 0.0022216762815202734,
    "removed_fraction": 0.8571428571428572,
    "passes_90pct_recall_at_50pct_removal": false
  },
  {
    "encoder": "dinov2_b14",
    "method": "pool_vendi_subspace",
    "shortlist_size": 5,
    "rows": 7,
    "targets": 7,
    "best_candidate_recall_mean": 0.7142857142857143,
    "top3_candidate_recall_mean": 0.30612244897959184,
    "validation_regret_mean": 0.0008757965905325753,
    "normalized_validation_regret_mean": 0.046325401067031376,
    "test_regret_mean": 0.002634400980813134,
    "removed_fraction": 0.7619047619047619,
    "passes_90pct_recall_at_50pct_removal": false
  },
  {
    "encoder": "dinov2_b14",
    "method": "pool_vendi_subspace",
    "shortlist_size": 10,
    "rows": 7,
    "targets": 7,
    "best_candidate_recall_mean": 0.7142857142857143,
    "top3_candidate_recall_mean": 0.39455782312925175,
    "validation_regret_mean": 0.0006769827433994933,
    "normalized_validation_regret_mean": 0.03545551519588111,
    "test_regret_mean": 0.0008213843618120371,
    "removed_fraction": 0.5238095238095238,
    "passes_90pct_recall_at_50pct_removal": false
  },
  {
    "encoder": "dinov2_b14",
    "method": "random",
    "shortlist_size": 3,
    "rows": 700,
    "targets": 7,
    "best_candidate_recall_mean": 0.23285714285714285,
    "top3_candidate_recall_mean": 0.15197278911564624,
    "validation_regret_mean": 0.005279799853052435,
    "normalized_validation_regret_mean": 0.17786496035944865,
    "test_regret_mean": 0.004225007074219836,
    "removed_fraction": 0.8571428571428572,
    "passes_90pct_recall_at_50pct_removal": false
  },
  {
    "encoder": "dinov2_b14",
    "method": "random",
    "shortlist_size": 5,
    "rows": 700,
    "targets": 7,
    "best_candidate_recall_mean": 0.32285714285714284,
    "top3_candidate_recall_mean": 0.23517006802721088,
    "validation_regret_mean": 0.0034600694179535135,
    "normalized_validation_regret_mean": 0.11601088087895757,
    "test_regret_mean": 0.0030710099084036665,
    "removed_fraction": 0.7619047619047619,
    "passes_90pct_recall_at_50pct_removal": false
  },
  {
    "encoder": "dinov2_b14",
    "method": "random",
    "shortlist_size": 10,
    "rows": 700,
    "targets": 7,
    "best_candidate_recall_mean": 0.57,
    "top3_candidate_recall_mean": 0.4873469387755102,
    "validation_regret_mean": 0.0015270998137337968,
    "normalized_validation_regret_mean": 0.048877717289947345,
    "test_regret_mean": 0.0019331846066883633,
    "removed_fraction": 0.5238095238095238,
    "passes_90pct_recall_at_50pct_removal": false
  },
  {
    "encoder": "dinov2_b14",
    "method": "rank_only",
    "shortlist_size": 3,
    "rows": 7,
    "targets": 7,
    "best_candidate_recall_mean": 0.5714285714285714,
    "top3_candidate_recall_mean": 0.3537414965986394,
    "validation_regret_mean": 0.0012391975947788783,
    "normalized_validation_regret_mean": 0.05683641603309238,
    "test_regret_mean": 0.0007418155670165952,
    "removed_fraction": 0.8571428571428572,
    "passes_90pct_recall_at_50pct_removal": false
  },
  {
    "encoder": "dinov2_b14",
    "method": "rank_only",
    "shortlist_size": 5,
    "rows": 7,
    "targets": 7,
    "best_candidate_recall_mean": 0.7142857142857143,
    "top3_candidate_recall_mean": 0.5170068027210883,
    "validation_regret_mean": 0.0007152131625584193,
    "normalized_validation_regret_mean": 0.03131460995211511,
    "test_regret_mean": -0.0008273822920663111,
    "removed_fraction": 0.7619047619047619,
    "passes_90pct_recall_at_50pct_removal": false
  },
  {
    "encoder": "dinov2_b14",
    "method": "rank_only",
    "shortlist_size": 10,
    "rows": 7,
    "targets": 7,
    "best_candidate_recall_mean": 0.7142857142857143,
    "top3_candidate_recall_mean": 0.6326530612244898,
    "validation_regret_mean": 0.0007152131625584193,
    "normalized_validation_regret_mean": 0.03131460995211511,
    "test_regret_mean": -0.0008273822920663111,
    "removed_fraction": 0.5238095238095238,
    "passes_90pct_recall_at_50pct_removal": false
  }
]
