[1/60] encoder=clip_b32 seed=20260910 overlap=0.00 rows=20 seconds=6.384 collapse_minus_rank=1.209232
[2/60] encoder=clip_b32 seed=20260910 overlap=0.10 rows=20 seconds=6.284 collapse_minus_rank=1.496288
[3/60] encoder=clip_b32 seed=20260910 overlap=0.25 rows=20 seconds=6.062 collapse_minus_rank=1.610408
[4/60] encoder=clip_b32 seed=20260910 overlap=0.50 rows=20 seconds=5.256 collapse_minus_rank=2.201562
[5/60] encoder=clip_b32 seed=20260910 overlap=0.75 rows=20 seconds=5.456 collapse_minus_rank=1.161111
[6/60] encoder=clip_b32 seed=20260910 overlap=1.00 rows=20 seconds=5.979 collapse_minus_rank=1.077140
[7/60] encoder=clip_b32 seed=20260911 overlap=0.00 rows=20 seconds=5.710 collapse_minus_rank=1.874668
[8/60] encoder=clip_b32 seed=20260911 overlap=0.10 rows=20 seconds=5.503 collapse_minus_rank=1.972342
[9/60] encoder=clip_b32 seed=20260911 overlap=0.25 rows=20 seconds=5.422 collapse_minus_rank=2.284693
[10/60] encoder=clip_b32 seed=20260911 overlap=0.50 rows=20 seconds=5.495 collapse_minus_rank=2.360146
[11/60] encoder=clip_b32 seed=20260911 overlap=0.75 rows=20 seconds=5.441 collapse_minus_rank=2.947283
[12/60] encoder=clip_b32 seed=20260911 overlap=1.00 rows=20 seconds=5.572 collapse_minus_rank=3.254721
[13/60] encoder=clip_b32 seed=20260912 overlap=0.00 rows=20 seconds=5.544 collapse_minus_rank=1.732547
[14/60] encoder=clip_b32 seed=20260912 overlap=0.10 rows=20 seconds=5.647 collapse_minus_rank=1.625201
[15/60] encoder=clip_b32 seed=20260912 overlap=0.25 rows=20 seconds=5.285 collapse_minus_rank=1.740214
[16/60] encoder=clip_b32 seed=20260912 overlap=0.50 rows=20 seconds=5.268 collapse_minus_rank=1.819689
[17/60] encoder=clip_b32 seed=20260912 overlap=0.75 rows=20 seconds=5.364 collapse_minus_rank=2.655930
[18/60] encoder=clip_b32 seed=20260912 overlap=1.00 rows=20 seconds=5.348 collapse_minus_rank=3.031658
[19/60] encoder=clip_b32 seed=20260913 overlap=0.00 rows=20 seconds=5.232 collapse_minus_rank=0.796753
[20/60] encoder=clip_b32 seed=20260913 overlap=0.10 rows=20 seconds=5.456 collapse_minus_rank=1.099050
[21/60] encoder=clip_b32 seed=20260913 overlap=0.25 rows=20 seconds=5.280 collapse_minus_rank=1.236020
[22/60] encoder=clip_b32 seed=20260913 overlap=0.50 rows=20 seconds=5.446 collapse_minus_rank=1.743626
[23/60] encoder=clip_b32 seed=20260913 overlap=0.75 rows=20 seconds=5.466 collapse_minus_rank=2.076513
[24/60] encoder=clip_b32 seed=20260913 overlap=1.00 rows=20 seconds=5.493 collapse_minus_rank=2.601074
[25/60] encoder=clip_b32 seed=20260914 overlap=0.00 rows=20 seconds=5.455 collapse_minus_rank=1.454386
[26/60] encoder=clip_b32 seed=20260914 overlap=0.10 rows=20 seconds=5.605 collapse_minus_rank=1.430765
[27/60] encoder=clip_b32 seed=20260914 overlap=0.25 rows=20 seconds=5.809 collapse_minus_rank=1.750189
[28/60] encoder=clip_b32 seed=20260914 overlap=0.50 rows=20 seconds=5.609 collapse_minus_rank=1.925109
[29/60] encoder=clip_b32 seed=20260914 overlap=0.75 rows=20 seconds=5.717 collapse_minus_rank=2.542201
[30/60] encoder=clip_b32 seed=20260914 overlap=1.00 rows=20 seconds=5.511 collapse_minus_rank=0.893123
[31/60] encoder=clip_b32 seed=20260915 overlap=0.00 rows=20 seconds=5.124 collapse_minus_rank=1.175947
[32/60] encoder=clip_b32 seed=20260915 overlap=0.10 rows=20 seconds=5.386 collapse_minus_rank=1.385003
[33/60] encoder=clip_b32 seed=20260915 overlap=0.25 rows=20 seconds=4.939 collapse_minus_rank=1.789325
[34/60] encoder=clip_b32 seed=20260915 overlap=0.50 rows=20 seconds=5.441 collapse_minus_rank=2.168374
[35/60] encoder=clip_b32 seed=20260915 overlap=0.75 rows=20 seconds=5.261 collapse_minus_rank=2.623659
[36/60] encoder=clip_b32 seed=20260915 overlap=1.00 rows=20 seconds=5.625 collapse_minus_rank=3.221750
[37/60] encoder=clip_b32 seed=20260916 overlap=0.00 rows=20 seconds=4.984 collapse_minus_rank=1.645735
[38/60] encoder=clip_b32 seed=20260916 overlap=0.10 rows=20 seconds=5.842 collapse_minus_rank=1.832852
[39/60] encoder=clip_b32 seed=20260916 overlap=0.25 rows=20 seconds=5.596 collapse_minus_rank=1.449645
[40/60] encoder=clip_b32 seed=20260916 overlap=0.50 rows=20 seconds=4.920 collapse_minus_rank=1.664528
[41/60] encoder=clip_b32 seed=20260916 overlap=0.75 rows=20 seconds=5.048 collapse_minus_rank=1.631038
[42/60] encoder=clip_b32 seed=20260916 overlap=1.00 rows=20 seconds=5.390 collapse_minus_rank=1.686057
[43/60] encoder=clip_b32 seed=20260917 overlap=0.00 rows=20 seconds=5.451 collapse_minus_rank=1.442307
[44/60] encoder=clip_b32 seed=20260917 overlap=0.10 rows=20 seconds=5.286 collapse_minus_rank=1.582232
[45/60] encoder=clip_b32 seed=20260917 overlap=0.25 rows=20 seconds=4.945 collapse_minus_rank=1.553167
[46/60] encoder=clip_b32 seed=20260917 overlap=0.50 rows=20 seconds=5.036 collapse_minus_rank=1.575796
[47/60] encoder=clip_b32 seed=20260917 overlap=0.75 rows=20 seconds=4.998 collapse_minus_rank=2.666564
[48/60] encoder=clip_b32 seed=20260917 overlap=1.00 rows=20 seconds=5.110 collapse_minus_rank=1.119269
[49/60] encoder=clip_b32 seed=20260918 overlap=0.00 rows=20 seconds=4.977 collapse_minus_rank=1.070084
[50/60] encoder=clip_b32 seed=20260918 overlap=0.10 rows=20 seconds=4.929 collapse_minus_rank=1.238143
[51/60] encoder=clip_b32 seed=20260918 overlap=0.25 rows=20 seconds=4.838 collapse_minus_rank=1.476834
[52/60] encoder=clip_b32 seed=20260918 overlap=0.50 rows=20 seconds=4.877 collapse_minus_rank=1.978370
[53/60] encoder=clip_b32 seed=20260918 overlap=0.75 rows=20 seconds=4.930 collapse_minus_rank=2.299216
[54/60] encoder=clip_b32 seed=20260918 overlap=1.00 rows=20 seconds=4.945 collapse_minus_rank=2.767345
[55/60] encoder=clip_b32 seed=20260919 overlap=0.00 rows=20 seconds=5.057 collapse_minus_rank=1.728837
[56/60] encoder=clip_b32 seed=20260919 overlap=0.10 rows=20 seconds=4.867 collapse_minus_rank=1.798571
[57/60] encoder=clip_b32 seed=20260919 overlap=0.25 rows=20 seconds=4.949 collapse_minus_rank=2.173458
[58/60] encoder=clip_b32 seed=20260919 overlap=0.50 rows=20 seconds=4.726 collapse_minus_rank=2.406493
[59/60] encoder=clip_b32 seed=20260919 overlap=0.75 rows=20 seconds=4.556 collapse_minus_rank=3.277303
[60/60] encoder=clip_b32 seed=20260919 overlap=1.00 rows=20 seconds=4.570 collapse_minus_rank=3.522383
wrote /home/67/collapsemodel-two-stage/results/multiencoder_controlled/controlled_stopping_clip_b32_shard0of1.csv rows=1200
	Command being timed: "python3 scripts/two_stage_multiencoder_controlled.py --feature-dir /data/Paper06/features/two_stage_official_n5000 --out-dir /home/67/collapsemodel-two-stage/results/multiencoder_controlled --encoder clip_b32 --n-random 0 --output-prefix controlled_stopping"
	User time (seconds): 10215.63
	System time (seconds): 13.69
	Percent of CPU this job got: 3194%
	Elapsed (wall clock) time (h:mm:ss or m:ss): 5:20.25
	Average shared text size (kbytes): 0
	Average unshared data size (kbytes): 0
	Average stack size (kbytes): 0
	Average total size (kbytes): 0
	Maximum resident set size (kbytes): 164708
	Average resident set size (kbytes): 0
	Major (requiring I/O) page faults: 109
	Minor (reclaiming a frame) page faults: 1795939
	Voluntary context switches: 1809
	Involuntary context switches: 87731
	Swaps: 0
	File system inputs: 0
	File system outputs: 1168
	Socket messages sent: 0
	Socket messages received: 0
	Signals delivered: 0
	Page size (bytes): 4096
	Exit status: 0
