[1/60] encoder=dinov2_b14 seed=20260910 overlap=0.00 rows=20 seconds=11.168 collapse_minus_rank=13.206515
[2/60] encoder=dinov2_b14 seed=20260910 overlap=0.10 rows=20 seconds=10.789 collapse_minus_rank=13.863935
[3/60] encoder=dinov2_b14 seed=20260910 overlap=0.25 rows=20 seconds=10.188 collapse_minus_rank=14.471580
[4/60] encoder=dinov2_b14 seed=20260910 overlap=0.50 rows=20 seconds=9.816 collapse_minus_rank=15.838424
[5/60] encoder=dinov2_b14 seed=20260910 overlap=0.75 rows=20 seconds=9.699 collapse_minus_rank=12.987549
[6/60] encoder=dinov2_b14 seed=20260910 overlap=1.00 rows=20 seconds=9.784 collapse_minus_rank=13.258083
[7/60] encoder=dinov2_b14 seed=20260911 overlap=0.00 rows=20 seconds=9.018 collapse_minus_rank=13.288358
[8/60] encoder=dinov2_b14 seed=20260911 overlap=0.10 rows=20 seconds=9.255 collapse_minus_rank=13.880751
[9/60] encoder=dinov2_b14 seed=20260911 overlap=0.25 rows=20 seconds=9.247 collapse_minus_rank=14.676112
[10/60] encoder=dinov2_b14 seed=20260911 overlap=0.50 rows=20 seconds=9.483 collapse_minus_rank=16.240770
[11/60] encoder=dinov2_b14 seed=20260911 overlap=0.75 rows=20 seconds=9.637 collapse_minus_rank=17.816645
[12/60] encoder=dinov2_b14 seed=20260911 overlap=1.00 rows=20 seconds=9.057 collapse_minus_rank=19.513948
[13/60] encoder=dinov2_b14 seed=20260912 overlap=0.00 rows=20 seconds=8.908 collapse_minus_rank=12.944133
[14/60] encoder=dinov2_b14 seed=20260912 overlap=0.10 rows=20 seconds=9.046 collapse_minus_rank=13.513236
[15/60] encoder=dinov2_b14 seed=20260912 overlap=0.25 rows=20 seconds=9.258 collapse_minus_rank=15.159324
[16/60] encoder=dinov2_b14 seed=20260912 overlap=0.50 rows=20 seconds=9.825 collapse_minus_rank=16.572837
[17/60] encoder=dinov2_b14 seed=20260912 overlap=0.75 rows=20 seconds=10.216 collapse_minus_rank=13.099465
[18/60] encoder=dinov2_b14 seed=20260912 overlap=1.00 rows=20 seconds=9.559 collapse_minus_rank=19.803141
[19/60] encoder=dinov2_b14 seed=20260913 overlap=0.00 rows=20 seconds=9.428 collapse_minus_rank=13.717201
[20/60] encoder=dinov2_b14 seed=20260913 overlap=0.10 rows=20 seconds=10.498 collapse_minus_rank=14.115107
[21/60] encoder=dinov2_b14 seed=20260913 overlap=0.25 rows=20 seconds=10.546 collapse_minus_rank=15.008399
[22/60] encoder=dinov2_b14 seed=20260913 overlap=0.50 rows=20 seconds=10.381 collapse_minus_rank=16.286363
[23/60] encoder=dinov2_b14 seed=20260913 overlap=0.75 rows=20 seconds=9.125 collapse_minus_rank=17.863940
[24/60] encoder=dinov2_b14 seed=20260913 overlap=1.00 rows=20 seconds=8.996 collapse_minus_rank=19.118841
[25/60] encoder=dinov2_b14 seed=20260914 overlap=0.00 rows=20 seconds=8.735 collapse_minus_rank=14.013063
[26/60] encoder=dinov2_b14 seed=20260914 overlap=0.10 rows=20 seconds=8.690 collapse_minus_rank=13.887859
[27/60] encoder=dinov2_b14 seed=20260914 overlap=0.25 rows=20 seconds=8.238 collapse_minus_rank=14.650345
[28/60] encoder=dinov2_b14 seed=20260914 overlap=0.50 rows=20 seconds=8.492 collapse_minus_rank=13.574448
[29/60] encoder=dinov2_b14 seed=20260914 overlap=0.75 rows=20 seconds=8.900 collapse_minus_rank=13.860755
[30/60] encoder=dinov2_b14 seed=20260914 overlap=1.00 rows=20 seconds=8.326 collapse_minus_rank=13.752421
[31/60] encoder=dinov2_b14 seed=20260915 overlap=0.00 rows=20 seconds=8.354 collapse_minus_rank=12.597920
[32/60] encoder=dinov2_b14 seed=20260915 overlap=0.10 rows=20 seconds=8.397 collapse_minus_rank=13.276192
[33/60] encoder=dinov2_b14 seed=20260915 overlap=0.25 rows=20 seconds=8.887 collapse_minus_rank=13.902618
[34/60] encoder=dinov2_b14 seed=20260915 overlap=0.50 rows=20 seconds=9.022 collapse_minus_rank=15.268950
[35/60] encoder=dinov2_b14 seed=20260915 overlap=0.75 rows=20 seconds=8.311 collapse_minus_rank=16.756313
[36/60] encoder=dinov2_b14 seed=20260915 overlap=1.00 rows=20 seconds=8.859 collapse_minus_rank=18.398373
[37/60] encoder=dinov2_b14 seed=20260916 overlap=0.00 rows=20 seconds=8.697 collapse_minus_rank=13.581272
[38/60] encoder=dinov2_b14 seed=20260916 overlap=0.10 rows=20 seconds=8.308 collapse_minus_rank=14.103223
[39/60] encoder=dinov2_b14 seed=20260916 overlap=0.25 rows=20 seconds=7.923 collapse_minus_rank=14.873728
[40/60] encoder=dinov2_b14 seed=20260916 overlap=0.50 rows=20 seconds=8.155 collapse_minus_rank=16.508666
[41/60] encoder=dinov2_b14 seed=20260916 overlap=0.75 rows=20 seconds=8.042 collapse_minus_rank=18.166708
[42/60] encoder=dinov2_b14 seed=20260916 overlap=1.00 rows=20 seconds=8.395 collapse_minus_rank=19.530278
[43/60] encoder=dinov2_b14 seed=20260917 overlap=0.00 rows=20 seconds=8.191 collapse_minus_rank=13.061846
[44/60] encoder=dinov2_b14 seed=20260917 overlap=0.10 rows=20 seconds=8.023 collapse_minus_rank=12.934350
[45/60] encoder=dinov2_b14 seed=20260917 overlap=0.25 rows=20 seconds=8.160 collapse_minus_rank=12.917627
[46/60] encoder=dinov2_b14 seed=20260917 overlap=0.50 rows=20 seconds=9.423 collapse_minus_rank=13.762209
[47/60] encoder=dinov2_b14 seed=20260917 overlap=0.75 rows=20 seconds=9.428 collapse_minus_rank=13.528660
[48/60] encoder=dinov2_b14 seed=20260917 overlap=1.00 rows=20 seconds=8.188 collapse_minus_rank=13.587718
[49/60] encoder=dinov2_b14 seed=20260918 overlap=0.00 rows=20 seconds=7.870 collapse_minus_rank=13.159883
[50/60] encoder=dinov2_b14 seed=20260918 overlap=0.10 rows=20 seconds=7.887 collapse_minus_rank=13.123731
[51/60] encoder=dinov2_b14 seed=20260918 overlap=0.25 rows=20 seconds=8.124 collapse_minus_rank=13.112145
[52/60] encoder=dinov2_b14 seed=20260918 overlap=0.50 rows=20 seconds=7.717 collapse_minus_rank=13.336265
[53/60] encoder=dinov2_b14 seed=20260918 overlap=0.75 rows=20 seconds=7.966 collapse_minus_rank=13.757767
[54/60] encoder=dinov2_b14 seed=20260918 overlap=1.00 rows=20 seconds=7.757 collapse_minus_rank=13.956271
[55/60] encoder=dinov2_b14 seed=20260919 overlap=0.00 rows=20 seconds=7.587 collapse_minus_rank=13.312220
[56/60] encoder=dinov2_b14 seed=20260919 overlap=0.10 rows=20 seconds=7.576 collapse_minus_rank=13.786109
[57/60] encoder=dinov2_b14 seed=20260919 overlap=0.25 rows=20 seconds=8.025 collapse_minus_rank=14.643629
[58/60] encoder=dinov2_b14 seed=20260919 overlap=0.50 rows=20 seconds=6.992 collapse_minus_rank=16.163553
[59/60] encoder=dinov2_b14 seed=20260919 overlap=0.75 rows=20 seconds=6.828 collapse_minus_rank=17.531433
[60/60] encoder=dinov2_b14 seed=20260919 overlap=1.00 rows=20 seconds=6.257 collapse_minus_rank=19.484908
wrote /home/67/collapsemodel-two-stage/results/multiencoder_controlled/controlled_stopping_dinov2_b14_shard0of1.csv rows=1200
	Command being timed: "python3 scripts/two_stage_multiencoder_controlled.py --feature-dir /data/Paper06/features/two_stage_official_n5000 --out-dir /home/67/collapsemodel-two-stage/results/multiencoder_controlled --encoder dinov2_b14 --n-random 0 --output-prefix controlled_stopping"
	User time (seconds): 16851.30
	System time (seconds): 17.57
	Percent of CPU this job got: 3192%
	Elapsed (wall clock) time (h:mm:ss or m:ss): 8:48.37
	Average shared text size (kbytes): 0
	Average unshared data size (kbytes): 0
	Average stack size (kbytes): 0
	Average total size (kbytes): 0
	Maximum resident set size (kbytes): 227584
	Average resident set size (kbytes): 0
	Major (requiring I/O) page faults: 123
	Minor (reclaiming a frame) page faults: 3574492
	Voluntary context switches: 4061
	Involuntary context switches: 141998
	Swaps: 0
	File system inputs: 0
	File system outputs: 1280
	Socket messages sent: 0
	Socket messages received: 0
	Signals delivered: 0
	Page size (bytes): 4096
	Exit status: 0
