[1/30] encoder=resnet50 seed=20260910 overlap=0.10 rows=20 seconds=27.116 collapse_minus_rank=0.000002
[2/30] encoder=resnet50 seed=20260910 overlap=0.50 rows=20 seconds=24.042 collapse_minus_rank=-0.000036
[3/30] encoder=resnet50 seed=20260910 overlap=1.00 rows=20 seconds=33.121 collapse_minus_rank=-0.005568
[4/30] encoder=resnet50 seed=20260911 overlap=0.10 rows=20 seconds=25.492 collapse_minus_rank=0.000024
[5/30] encoder=resnet50 seed=20260911 overlap=0.50 rows=20 seconds=24.305 collapse_minus_rank=0.000049
[6/30] encoder=resnet50 seed=20260911 overlap=1.00 rows=20 seconds=26.218 collapse_minus_rank=-0.003382
[7/30] encoder=resnet50 seed=20260912 overlap=0.10 rows=20 seconds=26.598 collapse_minus_rank=-0.000000
[8/30] encoder=resnet50 seed=20260912 overlap=0.50 rows=20 seconds=27.235 collapse_minus_rank=0.000012
[9/30] encoder=resnet50 seed=20260912 overlap=1.00 rows=20 seconds=26.528 collapse_minus_rank=-0.001104
[10/30] encoder=resnet50 seed=20260913 overlap=0.10 rows=20 seconds=32.920 collapse_minus_rank=-0.000024
[11/30] encoder=resnet50 seed=20260913 overlap=0.50 rows=20 seconds=31.628 collapse_minus_rank=-0.000011
[12/30] encoder=resnet50 seed=20260913 overlap=1.00 rows=20 seconds=35.141 collapse_minus_rank=-0.007548
[13/30] encoder=resnet50 seed=20260914 overlap=0.10 rows=20 seconds=33.409 collapse_minus_rank=0.000032
[14/30] encoder=resnet50 seed=20260914 overlap=0.50 rows=20 seconds=30.532 collapse_minus_rank=0.000043
[15/30] encoder=resnet50 seed=20260914 overlap=1.00 rows=20 seconds=31.360 collapse_minus_rank=-0.003408
[16/30] encoder=resnet50 seed=20260915 overlap=0.10 rows=20 seconds=32.169 collapse_minus_rank=-0.000004
[17/30] encoder=resnet50 seed=20260915 overlap=0.50 rows=20 seconds=31.450 collapse_minus_rank=-0.000070
[18/30] encoder=resnet50 seed=20260915 overlap=1.00 rows=20 seconds=29.878 collapse_minus_rank=-0.004765
[19/30] encoder=resnet50 seed=20260916 overlap=0.10 rows=20 seconds=31.926 collapse_minus_rank=0.000002
[20/30] encoder=resnet50 seed=20260916 overlap=0.50 rows=20 seconds=31.538 collapse_minus_rank=0.000007
[21/30] encoder=resnet50 seed=20260916 overlap=1.00 rows=20 seconds=31.084 collapse_minus_rank=-0.004081
[22/30] encoder=resnet50 seed=20260917 overlap=0.10 rows=20 seconds=32.511 collapse_minus_rank=-0.000006
[23/30] encoder=resnet50 seed=20260917 overlap=0.50 rows=20 seconds=35.470 collapse_minus_rank=-0.000014
[24/30] encoder=resnet50 seed=20260917 overlap=1.00 rows=20 seconds=32.597 collapse_minus_rank=-0.006110
[25/30] encoder=resnet50 seed=20260918 overlap=0.10 rows=20 seconds=33.374 collapse_minus_rank=-0.000004
[26/30] encoder=resnet50 seed=20260918 overlap=0.50 rows=20 seconds=32.855 collapse_minus_rank=-0.000004
[27/30] encoder=resnet50 seed=20260918 overlap=1.00 rows=20 seconds=34.114 collapse_minus_rank=-0.003601
[28/30] encoder=resnet50 seed=20260919 overlap=0.10 rows=20 seconds=32.203 collapse_minus_rank=0.000002
[29/30] encoder=resnet50 seed=20260919 overlap=0.50 rows=20 seconds=30.391 collapse_minus_rank=0.000053
[30/30] encoder=resnet50 seed=20260919 overlap=1.00 rows=20 seconds=29.511 collapse_minus_rank=-0.002090
wrote /home/67/collapsemodel-two-stage/results/multiencoder_controlled/controlled_stopping_resnet50_shard1of2.csv rows=600
	Command being timed: "python3 scripts/two_stage_multiencoder_controlled.py --feature-dir /data/Paper06/features/two_stage_official_n5000 --out-dir /home/67/collapsemodel-two-stage/results/multiencoder_controlled --encoder resnet50 --n-random 0 --output-prefix controlled_stopping --shard-count 2 --shard-index 1"
	User time (seconds): 26849.47
	System time (seconds): 219.22
	Percent of CPU this job got: 2948%
	Elapsed (wall clock) time (h:mm:ss or m:ss): 15:18.12
	Average shared text size (kbytes): 0
	Average unshared data size (kbytes): 0
	Average stack size (kbytes): 0
	Average total size (kbytes): 0
	Maximum resident set size (kbytes): 664652
	Average resident set size (kbytes): 0
	Major (requiring I/O) page faults: 92
	Minor (reclaiming a frame) page faults: 12951227
	Voluntary context switches: 73812
	Involuntary context switches: 150450
	Swaps: 0
	File system inputs: 0
	File system outputs: 640
	Socket messages sent: 0
	Socket messages received: 0
	Signals delivered: 0
	Page size (bytes): 4096
	Exit status: 0
