[1/30] encoder=resnet50 seed=20260910 overlap=0.00 rows=20 seconds=35.255 collapse_minus_rank=0.000029
[2/30] encoder=resnet50 seed=20260910 overlap=0.25 rows=20 seconds=34.102 collapse_minus_rank=-0.000001
[3/30] encoder=resnet50 seed=20260910 overlap=0.75 rows=20 seconds=32.884 collapse_minus_rank=-0.000016
[4/30] encoder=resnet50 seed=20260911 overlap=0.00 rows=20 seconds=37.051 collapse_minus_rank=-0.000001
[5/30] encoder=resnet50 seed=20260911 overlap=0.25 rows=20 seconds=35.718 collapse_minus_rank=0.000024
[6/30] encoder=resnet50 seed=20260911 overlap=0.75 rows=20 seconds=35.674 collapse_minus_rank=0.000049
[7/30] encoder=resnet50 seed=20260912 overlap=0.00 rows=20 seconds=31.884 collapse_minus_rank=-0.000007
[8/30] encoder=resnet50 seed=20260912 overlap=0.25 rows=20 seconds=33.682 collapse_minus_rank=0.000016
[9/30] encoder=resnet50 seed=20260912 overlap=0.75 rows=20 seconds=30.657 collapse_minus_rank=0.000076
[10/30] encoder=resnet50 seed=20260913 overlap=0.00 rows=20 seconds=31.674 collapse_minus_rank=-0.000026
[11/30] encoder=resnet50 seed=20260913 overlap=0.25 rows=20 seconds=32.015 collapse_minus_rank=-0.000011
[12/30] encoder=resnet50 seed=20260913 overlap=0.75 rows=20 seconds=33.996 collapse_minus_rank=-0.000081
[13/30] encoder=resnet50 seed=20260914 overlap=0.00 rows=20 seconds=32.384 collapse_minus_rank=0.000018
[14/30] encoder=resnet50 seed=20260914 overlap=0.25 rows=20 seconds=32.568 collapse_minus_rank=0.000012
[15/30] encoder=resnet50 seed=20260914 overlap=0.75 rows=20 seconds=31.972 collapse_minus_rank=0.000007
[16/30] encoder=resnet50 seed=20260915 overlap=0.00 rows=20 seconds=32.268 collapse_minus_rank=-0.000020
[17/30] encoder=resnet50 seed=20260915 overlap=0.25 rows=20 seconds=33.484 collapse_minus_rank=-0.000026
[18/30] encoder=resnet50 seed=20260915 overlap=0.75 rows=20 seconds=34.548 collapse_minus_rank=0.000040
[19/30] encoder=resnet50 seed=20260916 overlap=0.00 rows=20 seconds=32.841 collapse_minus_rank=0.000003
[20/30] encoder=resnet50 seed=20260916 overlap=0.25 rows=20 seconds=31.485 collapse_minus_rank=0.000021
[21/30] encoder=resnet50 seed=20260916 overlap=0.75 rows=20 seconds=32.564 collapse_minus_rank=-0.000065
[22/30] encoder=resnet50 seed=20260917 overlap=0.00 rows=20 seconds=33.671 collapse_minus_rank=0.000013
[23/30] encoder=resnet50 seed=20260917 overlap=0.25 rows=20 seconds=32.380 collapse_minus_rank=-0.000020
[24/30] encoder=resnet50 seed=20260917 overlap=0.75 rows=20 seconds=32.538 collapse_minus_rank=-0.000059
[25/30] encoder=resnet50 seed=20260918 overlap=0.00 rows=20 seconds=33.778 collapse_minus_rank=0.000001
[26/30] encoder=resnet50 seed=20260918 overlap=0.25 rows=20 seconds=32.493 collapse_minus_rank=-0.000005
[27/30] encoder=resnet50 seed=20260918 overlap=0.75 rows=20 seconds=31.571 collapse_minus_rank=0.000008
[28/30] encoder=resnet50 seed=20260919 overlap=0.00 rows=20 seconds=32.968 collapse_minus_rank=0.000006
[29/30] encoder=resnet50 seed=20260919 overlap=0.25 rows=20 seconds=33.226 collapse_minus_rank=0.000003
[30/30] encoder=resnet50 seed=20260919 overlap=0.75 rows=20 seconds=32.352 collapse_minus_rank=0.000049
wrote /home/67/collapsemodel-two-stage/results/multiencoder_controlled/controlled_stopping_resnet50_shard0of2.csv rows=600
	Command being timed: "python3 scripts/two_stage_multiencoder_controlled.py --feature-dir /data/Paper06/features/two_stage_official_n5000 --out-dir /home/67/collapsemodel-two-stage/results/multiencoder_controlled --encoder resnet50 --n-random 0 --output-prefix controlled_stopping --shard-count 2 --shard-index 0"
	User time (seconds): 29143.40
	System time (seconds): 271.26
	Percent of CPU this job got: 2955%
	Elapsed (wall clock) time (h:mm:ss or m:ss): 16:35.24
	Average shared text size (kbytes): 0
	Average unshared data size (kbytes): 0
	Average stack size (kbytes): 0
	Average total size (kbytes): 0
	Maximum resident set size (kbytes): 665364
	Average resident set size (kbytes): 0
	Major (requiring I/O) page faults: 114
	Minor (reclaiming a frame) page faults: 14296406
	Voluntary context switches: 84090
	Involuntary context switches: 229327
	Swaps: 0
	File system inputs: 0
	File system outputs: 632
	Socket messages sent: 0
	Socket messages received: 0
	Signals delivered: 0
	Page size (bytes): 4096
	Exit status: 0
