[1/60] encoder=vit_b16 seed=20260910 overlap=0.00 rows=20 seconds=8.711 collapse_minus_rank=4.115081
[2/60] encoder=vit_b16 seed=20260910 overlap=0.10 rows=20 seconds=8.066 collapse_minus_rank=4.414482
[3/60] encoder=vit_b16 seed=20260910 overlap=0.25 rows=20 seconds=7.662 collapse_minus_rank=5.276232
[4/60] encoder=vit_b16 seed=20260910 overlap=0.50 rows=20 seconds=7.729 collapse_minus_rank=6.985885
[5/60] encoder=vit_b16 seed=20260910 overlap=0.75 rows=20 seconds=7.643 collapse_minus_rank=8.305307
[6/60] encoder=vit_b16 seed=20260910 overlap=1.00 rows=20 seconds=7.681 collapse_minus_rank=9.921451
[7/60] encoder=vit_b16 seed=20260911 overlap=0.00 rows=20 seconds=7.462 collapse_minus_rank=4.138659
[8/60] encoder=vit_b16 seed=20260911 overlap=0.10 rows=20 seconds=7.586 collapse_minus_rank=4.665696
[9/60] encoder=vit_b16 seed=20260911 overlap=0.25 rows=20 seconds=8.397 collapse_minus_rank=5.213108
[10/60] encoder=vit_b16 seed=20260911 overlap=0.50 rows=20 seconds=7.432 collapse_minus_rank=7.000913
[11/60] encoder=vit_b16 seed=20260911 overlap=0.75 rows=20 seconds=7.355 collapse_minus_rank=8.624053
[12/60] encoder=vit_b16 seed=20260911 overlap=1.00 rows=20 seconds=7.455 collapse_minus_rank=9.874490
[13/60] encoder=vit_b16 seed=20260912 overlap=0.00 rows=20 seconds=7.273 collapse_minus_rank=4.672973
[14/60] encoder=vit_b16 seed=20260912 overlap=0.10 rows=20 seconds=7.154 collapse_minus_rank=4.740133
[15/60] encoder=vit_b16 seed=20260912 overlap=0.25 rows=20 seconds=7.363 collapse_minus_rank=4.728138
[16/60] encoder=vit_b16 seed=20260912 overlap=0.50 rows=20 seconds=7.429 collapse_minus_rank=4.847526
[17/60] encoder=vit_b16 seed=20260912 overlap=0.75 rows=20 seconds=7.214 collapse_minus_rank=8.857599
[18/60] encoder=vit_b16 seed=20260912 overlap=1.00 rows=20 seconds=7.239 collapse_minus_rank=10.598820
[19/60] encoder=vit_b16 seed=20260913 overlap=0.00 rows=20 seconds=7.048 collapse_minus_rank=3.903840
[20/60] encoder=vit_b16 seed=20260913 overlap=0.10 rows=20 seconds=8.637 collapse_minus_rank=4.458941
[21/60] encoder=vit_b16 seed=20260913 overlap=0.25 rows=20 seconds=9.603 collapse_minus_rank=5.086371
[22/60] encoder=vit_b16 seed=20260913 overlap=0.50 rows=20 seconds=9.200 collapse_minus_rank=6.386510
[23/60] encoder=vit_b16 seed=20260913 overlap=0.75 rows=20 seconds=7.988 collapse_minus_rank=8.042061
[24/60] encoder=vit_b16 seed=20260913 overlap=1.00 rows=20 seconds=7.509 collapse_minus_rank=15.751620
[25/60] encoder=vit_b16 seed=20260914 overlap=0.00 rows=20 seconds=7.506 collapse_minus_rank=3.831887
[26/60] encoder=vit_b16 seed=20260914 overlap=0.10 rows=20 seconds=7.508 collapse_minus_rank=4.886306
[27/60] encoder=vit_b16 seed=20260914 overlap=0.25 rows=20 seconds=7.284 collapse_minus_rank=5.767372
[28/60] encoder=vit_b16 seed=20260914 overlap=0.50 rows=20 seconds=7.291 collapse_minus_rank=6.972982
[29/60] encoder=vit_b16 seed=20260914 overlap=0.75 rows=20 seconds=7.291 collapse_minus_rank=8.708693
[30/60] encoder=vit_b16 seed=20260914 overlap=1.00 rows=20 seconds=7.258 collapse_minus_rank=10.173865
[31/60] encoder=vit_b16 seed=20260915 overlap=0.00 rows=20 seconds=7.450 collapse_minus_rank=3.871807
[32/60] encoder=vit_b16 seed=20260915 overlap=0.10 rows=20 seconds=7.295 collapse_minus_rank=4.414583
[33/60] encoder=vit_b16 seed=20260915 overlap=0.25 rows=20 seconds=6.963 collapse_minus_rank=5.213228
[34/60] encoder=vit_b16 seed=20260915 overlap=0.50 rows=20 seconds=7.267 collapse_minus_rank=6.580547
[35/60] encoder=vit_b16 seed=20260915 overlap=0.75 rows=20 seconds=8.460 collapse_minus_rank=8.294762
[36/60] encoder=vit_b16 seed=20260915 overlap=1.00 rows=20 seconds=7.428 collapse_minus_rank=9.993201
[37/60] encoder=vit_b16 seed=20260916 overlap=0.00 rows=20 seconds=7.670 collapse_minus_rank=3.440479
[38/60] encoder=vit_b16 seed=20260916 overlap=0.10 rows=20 seconds=7.370 collapse_minus_rank=3.740904
[39/60] encoder=vit_b16 seed=20260916 overlap=0.25 rows=20 seconds=7.534 collapse_minus_rank=3.750613
[40/60] encoder=vit_b16 seed=20260916 overlap=0.50 rows=20 seconds=7.887 collapse_minus_rank=6.197223
[41/60] encoder=vit_b16 seed=20260916 overlap=0.75 rows=20 seconds=7.643 collapse_minus_rank=7.763790
[42/60] encoder=vit_b16 seed=20260916 overlap=1.00 rows=20 seconds=7.556 collapse_minus_rank=9.522619
[43/60] encoder=vit_b16 seed=20260917 overlap=0.00 rows=20 seconds=8.506 collapse_minus_rank=5.470007
[44/60] encoder=vit_b16 seed=20260917 overlap=0.10 rows=20 seconds=7.890 collapse_minus_rank=5.900396
[45/60] encoder=vit_b16 seed=20260917 overlap=0.25 rows=20 seconds=8.429 collapse_minus_rank=6.657165
[46/60] encoder=vit_b16 seed=20260917 overlap=0.50 rows=20 seconds=7.295 collapse_minus_rank=7.816957
[47/60] encoder=vit_b16 seed=20260917 overlap=0.75 rows=20 seconds=8.340 collapse_minus_rank=9.465915
[48/60] encoder=vit_b16 seed=20260917 overlap=1.00 rows=20 seconds=7.480 collapse_minus_rank=16.510270
[49/60] encoder=vit_b16 seed=20260918 overlap=0.00 rows=20 seconds=7.891 collapse_minus_rank=4.050767
[50/60] encoder=vit_b16 seed=20260918 overlap=0.10 rows=20 seconds=7.750 collapse_minus_rank=4.067896
[51/60] encoder=vit_b16 seed=20260918 overlap=0.25 rows=20 seconds=8.082 collapse_minus_rank=3.993708
[52/60] encoder=vit_b16 seed=20260918 overlap=0.50 rows=20 seconds=8.274 collapse_minus_rank=6.628690
[53/60] encoder=vit_b16 seed=20260918 overlap=0.75 rows=20 seconds=8.842 collapse_minus_rank=7.970432
[54/60] encoder=vit_b16 seed=20260918 overlap=1.00 rows=20 seconds=9.942 collapse_minus_rank=9.531590
[55/60] encoder=vit_b16 seed=20260919 overlap=0.00 rows=20 seconds=9.509 collapse_minus_rank=4.234270
[56/60] encoder=vit_b16 seed=20260919 overlap=0.10 rows=20 seconds=9.488 collapse_minus_rank=4.263439
[57/60] encoder=vit_b16 seed=20260919 overlap=0.25 rows=20 seconds=9.023 collapse_minus_rank=4.223236
[58/60] encoder=vit_b16 seed=20260919 overlap=0.50 rows=20 seconds=9.105 collapse_minus_rank=4.036836
[59/60] encoder=vit_b16 seed=20260919 overlap=0.75 rows=20 seconds=8.956 collapse_minus_rank=4.127192
[60/60] encoder=vit_b16 seed=20260919 overlap=1.00 rows=20 seconds=7.852 collapse_minus_rank=4.185528
wrote /home/67/collapsemodel-two-stage/results/multiencoder_controlled/controlled_stopping_vit_b16_shard0of1.csv rows=1200
	Command being timed: "python3 scripts/two_stage_multiencoder_controlled.py --feature-dir /data/Paper06/features/two_stage_official_n5000 --out-dir /home/67/collapsemodel-two-stage/results/multiencoder_controlled --encoder vit_b16 --n-random 0 --output-prefix controlled_stopping"
	User time (seconds): 15149.31
	System time (seconds): 17.41
	Percent of CPU this job got: 3193%
	Elapsed (wall clock) time (h:mm:ss or m:ss): 7:54.88
	Average shared text size (kbytes): 0
	Average unshared data size (kbytes): 0
	Average stack size (kbytes): 0
	Average total size (kbytes): 0
	Maximum resident set size (kbytes): 227908
	Average resident set size (kbytes): 0
	Major (requiring I/O) page faults: 57
	Minor (reclaiming a frame) page faults: 3488073
	Voluntary context switches: 3717
	Involuntary context switches: 107889
	Swaps: 0
	File system inputs: 0
	File system outputs: 1248
	Socket messages sent: 0
	Socket messages received: 0
	Signals delivered: 0
	Page size (bytes): 4096
	Exit status: 0
