[W831 17:20:16.448566069 compiler_depend.ts:250] Warning: CAUTION: The operator 'aten::_linalg_solve_ex.result' is not currently supported on the NPU backend and will fall back to run on the CPU. This may have performance implications. (function npu_cpu_fallback)
seed20260831_overlap0.25_k3 collapse 0 0.5994094666093588
seed20260831_overlap0.25_k3 collapse 1 0.5802958663553
seed20260831_overlap0.25_k3 collapse 2 0.60356570687145
seed20260831_overlap0.25_k3 r_sum 0 0.5973513834178448
seed20260831_overlap0.25_k3 r_sum 1 0.5892956480383873
seed20260831_overlap0.25_k3 r_sum 2 0.6032065898180008
seed20260831_overlap0.25_k3 centroid_ff 0 0.5913225673139095
seed20260831_overlap0.25_k3 centroid_ff 1 0.5856327675282955
seed20260831_overlap0.25_k3 centroid_ff 2 0.6007631346583366
seed20260831_overlap0.25_k3 family_rank 0 0.588493469171226
seed20260831_overlap0.25_k3 family_rank 1 0.5923739615827799
seed20260831_overlap0.25_k3 family_rank 2 0.6000101305544376
seed20260831_overlap0.25_k3 random_0 0 0.5982935689389706
seed20260831_overlap0.25_k3 random_0 1 0.5712299514561892
seed20260831_overlap0.25_k3 random_0 2 0.5761596225202084
seed20260831_overlap0.25_k3 random_1 0 0.5894783809781075
seed20260831_overlap0.25_k3 random_1 1 0.5878574177622795
seed20260831_overlap0.25_k3 random_1 2 0.5846116226166487
seed20260831_overlap0.25_k3 random_2 0 0.5975642278790474
seed20260831_overlap0.25_k3 random_2 1 0.5789857748895884
seed20260831_overlap0.25_k3 random_2 2 0.6077395230531693
seed20260831_overlap0.25_k3 random_3 0 0.60511489585042
seed20260831_overlap0.25_k3 random_3 1 0.5735596045851707
seed20260831_overlap0.25_k3 random_3 2 0.5973073095083237
seed20260831_overlap0.25_k3 random_4 0 0.589386722072959
seed20260831_overlap0.25_k3 random_4 1 0.5730251036584377
seed20260831_overlap0.25_k3 random_4 2 0.5936812311410904
seed20260831_overlap0.25_k5 collapse 0 0.6019579228013754
seed20260831_overlap0.25_k5 collapse 1 0.5881435163319111
seed20260831_overlap0.25_k5 collapse 2 0.590945940464735
seed20260831_overlap0.25_k5 r_sum 0 0.6149614565074444
seed20260831_overlap0.25_k5 r_sum 1 0.5794397387653589
seed20260831_overlap0.25_k5 r_sum 2 0.5881426623091102
seed20260831_overlap0.25_k5 centroid_ff 0 0.5886371806263924
seed20260831_overlap0.25_k5 centroid_ff 1 0.5779397636651993
seed20260831_overlap0.25_k5 centroid_ff 2 0.5878166295588017
seed20260831_overlap0.25_k5 family_rank 0 0.5946991704404354
seed20260831_overlap0.25_k5 family_rank 1 0.5869989059865475
seed20260831_overlap0.25_k5 family_rank 2 0.600999042391777
seed20260831_overlap0.25_k5 random_0 0 0.5907100802287459
seed20260831_overlap0.25_k5 random_0 1 0.5805886834859848
seed20260831_overlap0.25_k5 random_0 2 0.5903015378862619
seed20260831_overlap0.25_k5 random_1 0 0.5803757421672344
seed20260831_overlap0.25_k5 random_1 1 0.5662744045257568
seed20260831_overlap0.25_k5 random_1 2 0.5985785974189639
seed20260831_overlap0.25_k5 random_2 0 0.5924998540431261
seed20260831_overlap0.25_k5 random_2 1 0.5814178138971329
seed20260831_overlap0.25_k5 random_2 2 0.6031653434038162
seed20260831_overlap0.25_k5 random_3 0 0.5887541379779577
seed20260831_overlap0.25_k5 random_3 1 0.5877337045967579
seed20260831_overlap0.25_k5 random_3 2 0.5874384315684438
seed20260831_overlap0.25_k5 random_4 0 0.5969580821692944
seed20260831_overlap0.25_k5 random_4 1 0.588320042937994
seed20260831_overlap0.25_k5 random_4 2 0.5846901312470436
seed20260831_overlap0.50_k3 collapse 0 0.5859362445771694
seed20260831_overlap0.50_k3 collapse 1 0.5822990173473954
seed20260831_overlap0.50_k3 collapse 2 0.6092415070161223
seed20260831_overlap0.50_k3 r_sum 0 0.606772355735302
seed20260831_overlap0.50_k3 r_sum 1 0.5923426263034344
seed20260831_overlap0.50_k3 r_sum 2 0.5965809058398008
seed20260831_overlap0.50_k3 centroid_ff 0 0.5903943805024028
seed20260831_overlap0.50_k3 centroid_ff 1 0.5797296427190304
seed20260831_overlap0.50_k3 centroid_ff 2 0.5954442508518696
seed20260831_overlap0.50_k3 family_rank 0 0.5974855665117502
seed20260831_overlap0.50_k3 family_rank 1 0.5925297550857067
seed20260831_overlap0.50_k3 family_rank 2 0.606786884367466
seed20260831_overlap0.50_k3 random_0 0 0.5809272788465023
seed20260831_overlap0.50_k3 random_0 1 0.5656860796734691
seed20260831_overlap0.50_k3 random_0 2 0.5691373236477375
seed20260831_overlap0.50_k3 random_1 0 0.5879249088466167
seed20260831_overlap0.50_k3 random_1 1 0.5942168645560741
seed20260831_overlap0.50_k3 random_1 2 0.5991777973249555
seed20260831_overlap0.50_k3 random_2 0 0.5933337453752756
seed20260831_overlap0.50_k3 random_2 1 0.578132638707757
seed20260831_overlap0.50_k3 random_2 2 0.5936853215098381
seed20260831_overlap0.50_k3 random_3 0 0.5919867269694805
seed20260831_overlap0.50_k3 random_3 1 0.582141051068902
seed20260831_overlap0.50_k3 random_3 2 0.5989187099039555
seed20260831_overlap0.50_k3 random_4 0 0.5740594938397408
seed20260831_overlap0.50_k3 random_4 1 0.5664953608065844
seed20260831_overlap0.50_k3 random_4 2 0.5866870675235987
seed20260831_overlap0.50_k5 collapse 0 0.6000889595597982
seed20260831_overlap0.50_k5 collapse 1 0.5843930933624506
seed20260831_overlap0.50_k5 collapse 2 0.6053077895194292
seed20260831_overlap0.50_k5 r_sum 0 0.5935050621628761
seed20260831_overlap0.50_k5 r_sum 1 0.600164920091629
seed20260831_overlap0.50_k5 r_sum 2 0.5937381237745285
seed20260831_overlap0.50_k5 centroid_ff 0 0.5971325878053904
seed20260831_overlap0.50_k5 centroid_ff 1 0.5792545154690742
seed20260831_overlap0.50_k5 centroid_ff 2 0.5948513336479664
seed20260831_overlap0.50_k5 family_rank 0 0.5828119777143002
seed20260831_overlap0.50_k5 family_rank 1 0.585885789245367
seed20260831_overlap0.50_k5 family_rank 2 0.600828061811626
seed20260831_overlap0.50_k5 random_0 0 0.5883599435910583
seed20260831_overlap0.50_k5 random_0 1 0.5771279074251652
seed20260831_overlap0.50_k5 random_0 2 0.5980327613651752
seed20260831_overlap0.50_k5 random_1 0 0.602443840354681
seed20260831_overlap0.50_k5 random_1 1 0.582803450524807
seed20260831_overlap0.50_k5 random_1 2 0.5942804757505655
seed20260831_overlap0.50_k5 random_2 0 0.5839743986725807
seed20260831_overlap0.50_k5 random_2 1 0.5847463347017765
seed20260831_overlap0.50_k5 random_2 2 0.5987905170768499
seed20260831_overlap0.50_k5 random_3 0 0.5983932372182608
seed20260831_overlap0.50_k5 random_3 1 0.569683913141489
seed20260831_overlap0.50_k5 random_3 2 0.592206310480833
seed20260831_overlap0.50_k5 random_4 0 0.5933482609689236
seed20260831_overlap0.50_k5 random_4 1 0.5673510506749153
seed20260831_overlap0.50_k5 random_4 2 0.5881709512323141
seed20260831_overlap0.75_k3 collapse 0 0.5924538029357791
seed20260831_overlap0.75_k3 collapse 1 0.5844633048400283
seed20260831_overlap0.75_k3 collapse 2 0.6022441908717155
seed20260831_overlap0.75_k3 r_sum 0 0.5940750073641539
seed20260831_overlap0.75_k3 r_sum 1 0.5849945433437824
seed20260831_overlap0.75_k3 r_sum 2 0.6068844925612211
seed20260831_overlap0.75_k3 centroid_ff 0 0.5920730829238892
seed20260831_overlap0.75_k3 centroid_ff 1 0.5896805264055729
seed20260831_overlap0.75_k3 centroid_ff 2 0.5974309295415878
seed20260831_overlap0.75_k3 family_rank 0 0.5966098271310329
seed20260831_overlap0.75_k3 family_rank 1 0.5892883036285639
seed20260831_overlap0.75_k3 family_rank 2 0.6096560498699546
seed20260831_overlap0.75_k3 random_0 0 0.6011548265814781
seed20260831_overlap0.75_k3 random_0 1 0.5785274440422654
seed20260831_overlap0.75_k3 random_0 2 0.5957728810608387
seed20260831_overlap0.75_k3 random_1 0 0.5960909333080053
seed20260831_overlap0.75_k3 random_1 1 0.5785756325349212
seed20260831_overlap0.75_k3 random_1 2 0.5884588724002242
seed20260831_overlap0.75_k3 random_2 0 0.5949851162731647
seed20260831_overlap0.75_k3 random_2 1 0.5698320884257555
seed20260831_overlap0.75_k3 random_2 2 0.5778434760868549
seed20260831_overlap0.75_k3 random_3 0 0.5669245794415474
seed20260831_overlap0.75_k3 random_3 1 0.5672138947993517
seed20260831_overlap0.75_k3 random_3 2 0.5741728339344263
seed20260831_overlap0.75_k3 random_4 0 0.5876136338338256
seed20260831_overlap0.75_k3 random_4 1 0.5597707778215408
seed20260831_overlap0.75_k3 random_4 2 0.5879709161818027
seed20260831_overlap0.75_k5 collapse 0 0.6086045950651169
seed20260831_overlap0.75_k5 collapse 1 0.5924678444862366
seed20260831_overlap0.75_k5 collapse 2 0.5970461005344987
seed20260831_overlap0.75_k5 r_sum 0 0.6054105088114738
seed20260831_overlap0.75_k5 r_sum 1 0.5923587046563625
seed20260831_overlap0.75_k5 r_sum 2 0.6089564319700003
seed20260831_overlap0.75_k5 centroid_ff 0 0.5970874102786183
seed20260831_overlap0.75_k5 centroid_ff 1 0.5860471539199352
seed20260831_overlap0.75_k5 centroid_ff 2 0.5860897302627563
seed20260831_overlap0.75_k5 family_rank 0 0.5868780054152012
seed20260831_overlap0.75_k5 family_rank 1 0.5890316814184189
seed20260831_overlap0.75_k5 family_rank 2 0.5815796181559563
seed20260831_overlap0.75_k5 random_0 0 0.5989302396774292
seed20260831_overlap0.75_k5 random_0 1 0.5746048232540488
seed20260831_overlap0.75_k5 random_0 2 0.590212844312191
seed20260831_overlap0.75_k5 random_1 0 0.5942202741280198
seed20260831_overlap0.75_k5 random_1 1 0.5838307496160269
seed20260831_overlap0.75_k5 random_1 2 0.5938083156943321
seed20260831_overlap0.75_k5 random_2 0 0.5974996909499168
seed20260831_overlap0.75_k5 random_2 1 0.5941611230373383
seed20260831_overlap0.75_k5 random_2 2 0.5887047136202455
seed20260831_overlap0.75_k5 random_3 0 0.5847678119316697
seed20260831_overlap0.75_k5 random_3 1 0.5706742182374
seed20260831_overlap0.75_k5 random_3 2 0.5913333538919687
seed20260831_overlap0.75_k5 random_4 0 0.5940788071602583
seed20260831_overlap0.75_k5 random_4 1 0.5737703023478389
seed20260831_overlap0.75_k5 random_4 2 0.5843894183635712
seed20260831_overlap1.00_k3 collapse 0 0.5915267067030072
seed20260831_overlap1.00_k3 collapse 1 0.5901337843388319
seed20260831_overlap1.00_k3 collapse 2 0.598187604919076
seed20260831_overlap1.00_k3 r_sum 0 0.5859682597219944
seed20260831_overlap1.00_k3 r_sum 1 0.596498005092144
seed20260831_overlap1.00_k3 r_sum 2 0.6030991496518254
seed20260831_overlap1.00_k3 centroid_ff 0 0.5923056751489639
seed20260831_overlap1.00_k3 centroid_ff 1 0.5858651548624039
seed20260831_overlap1.00_k3 centroid_ff 2 0.605304405093193
seed20260831_overlap1.00_k3 family_rank 0 0.606839282438159
seed20260831_overlap1.00_k3 family_rank 1 0.5872007086873055
seed20260831_overlap1.00_k3 family_rank 2 0.6038872208446264
seed20260831_overlap1.00_k3 random_0 0 0.5797899831086397
seed20260831_overlap1.00_k3 random_0 1 0.5765145188197494
seed20260831_overlap1.00_k3 random_0 2 0.5791042279452085
seed20260831_overlap1.00_k3 random_1 0 0.5791743751615286
seed20260831_overlap1.00_k3 random_1 1 0.5748748360201716
seed20260831_overlap1.00_k3 random_1 2 0.5880689788609743
seed20260831_overlap1.00_k3 random_2 0 0.5882813651114702
seed20260831_overlap1.00_k3 random_2 1 0.5731615107506514
seed20260831_overlap1.00_k3 random_2 2 0.6054469551891088
seed20260831_overlap1.00_k3 random_3 0 0.587162559852004
seed20260831_overlap1.00_k3 random_3 1 0.5620110537856817
seed20260831_overlap1.00_k3 random_3 2 0.5815430041402578
seed20260831_overlap1.00_k3 random_4 0 0.5922767128795385
seed20260831_overlap1.00_k3 random_4 1 0.5834984574466944
seed20260831_overlap1.00_k3 random_4 2 0.5917193870991468
seed20260831_overlap1.00_k5 collapse 0 0.5982294268906116
seed20260831_overlap1.00_k5 collapse 1 0.586197592318058
seed20260831_overlap1.00_k5 collapse 2 0.596171522513032
seed20260831_overlap1.00_k5 r_sum 0 0.593402735888958
seed20260831_overlap1.00_k5 r_sum 1 0.5839111637324095
seed20260831_overlap1.00_k5 r_sum 2 0.6092201936990023
seed20260831_overlap1.00_k5 centroid_ff 0 0.5951024685055017
seed20260831_overlap1.00_k5 centroid_ff 1 0.5830876547843218
seed20260831_overlap1.00_k5 centroid_ff 2 0.5934861078858376
seed20260831_overlap1.00_k5 family_rank 0 0.6020147483795881
seed20260831_overlap1.00_k5 family_rank 1 0.598828804679215
seed20260831_overlap1.00_k5 family_rank 2 0.592498891055584
seed20260831_overlap1.00_k5 random_0 0 0.5865094549953938
seed20260831_overlap1.00_k5 random_0 1 0.5823075994849205
seed20260831_overlap1.00_k5 random_0 2 0.594452609308064
seed20260831_overlap1.00_k5 random_1 0 0.5708644110709429
seed20260831_overlap1.00_k5 random_1 1 0.5830877125263214
seed20260831_overlap1.00_k5 random_1 2 0.5864020250737667
seed20260831_overlap1.00_k5 random_2 0 0.5904071824625134
seed20260831_overlap1.00_k5 random_2 1 0.5783373340964317
seed20260831_overlap1.00_k5 random_2 2 0.5858362466096878
seed20260831_overlap1.00_k5 random_3 0 0.5882624257355928
seed20260831_overlap1.00_k5 random_3 1 0.5640999022871256
seed20260831_overlap1.00_k5 random_3 2 0.5757913552224636
seed20260831_overlap1.00_k5 random_4 0 0.6039013974368572
seed20260831_overlap1.00_k5 random_4 1 0.5870010182261467
seed20260831_overlap1.00_k5 random_4 2 0.6093664094805717
seed20260832_overlap0.25_k3 collapse 0 0.6053046733140945
seed20260832_overlap0.25_k3 collapse 1 0.5902366936206818
seed20260832_overlap0.25_k3 collapse 2 0.5985050275921822
seed20260832_overlap0.25_k3 r_sum 0 0.594061735086143
seed20260832_overlap0.25_k3 r_sum 1 0.592349587008357
seed20260832_overlap0.25_k3 r_sum 2 0.603911742568016
seed20260832_overlap0.25_k3 centroid_ff 0 0.6002235813066363
seed20260832_overlap0.25_k3 centroid_ff 1 0.5847204234451056
seed20260832_overlap0.25_k3 centroid_ff 2 0.6097050588577986
seed20260832_overlap0.25_k3 family_rank 0 0.6003040913492441
seed20260832_overlap0.25_k3 family_rank 1 0.5855752062052488
seed20260832_overlap0.25_k3 family_rank 2 0.6056582275778055
seed20260832_overlap0.25_k3 random_0 0 0.5895803645253181
seed20260832_overlap0.25_k3 random_0 1 0.580984702333808
seed20260832_overlap0.25_k3 random_0 2 0.6002602865919471
seed20260832_overlap0.25_k3 random_1 0 0.5911639742553234
seed20260832_overlap0.25_k3 random_1 1 0.578238164074719
seed20260832_overlap0.25_k3 random_1 2 0.5926613789051771
seed20260832_overlap0.25_k3 random_2 0 0.5913438349962234
seed20260832_overlap0.25_k3 random_2 1 0.5662936000153422
seed20260832_overlap0.25_k3 random_2 2 0.5843386687338352
seed20260832_overlap0.25_k3 random_3 0 0.6057242471724749
seed20260832_overlap0.25_k3 random_3 1 0.5840513464063406
seed20260832_overlap0.25_k3 random_3 2 0.6030671298503876
seed20260832_overlap0.25_k3 random_4 0 0.5921887587755919
seed20260832_overlap0.25_k3 random_4 1 0.5620438978075981
seed20260832_overlap0.25_k3 random_4 2 0.5782159501686692
seed20260832_overlap0.25_k5 collapse 0 0.6027859710156918
seed20260832_overlap0.25_k5 collapse 1 0.5786370225250721
seed20260832_overlap0.25_k5 collapse 2 0.5863875485956669
seed20260832_overlap0.25_k5 r_sum 0 0.6180819422006607
seed20260832_overlap0.25_k5 r_sum 1 0.5788931269198656
seed20260832_overlap0.25_k5 r_sum 2 0.5939957872033119
seed20260832_overlap0.25_k5 centroid_ff 0 0.580340726301074
seed20260832_overlap0.25_k5 centroid_ff 1 0.5703628454357386
seed20260832_overlap0.25_k5 centroid_ff 2 0.5902919284999371
seed20260832_overlap0.25_k5 family_rank 0 0.61654950119555
seed20260832_overlap0.25_k5 family_rank 1 0.5888361055403948
seed20260832_overlap0.25_k5 family_rank 2 0.6025969740003347
seed20260832_overlap0.25_k5 random_0 0 0.5833327285945415
seed20260832_overlap0.25_k5 random_0 1 0.5885009765625
seed20260832_overlap0.25_k5 random_0 2 0.5851589273661375
seed20260832_overlap0.25_k5 random_1 0 0.6039395071566105
seed20260832_overlap0.25_k5 random_1 1 0.5835473537445068
seed20260832_overlap0.25_k5 random_1 2 0.6050482708960772
seed20260832_overlap0.25_k5 random_2 0 0.5980835296213627
seed20260832_overlap0.25_k5 random_2 1 0.576529111713171
seed20260832_overlap0.25_k5 random_2 2 0.6037202160805464
seed20260832_overlap0.25_k5 random_3 0 0.5978914611041546
seed20260832_overlap0.25_k5 random_3 1 0.580692014656961
seed20260832_overlap0.25_k5 random_3 2 0.5991463018581271
seed20260832_overlap0.25_k5 random_4 0 0.5901813488453627
seed20260832_overlap0.25_k5 random_4 1 0.5786752216517925
seed20260832_overlap0.25_k5 random_4 2 0.5997283272445202
seed20260832_overlap0.50_k3 collapse 0 0.5999122150242329
seed20260832_overlap0.50_k3 collapse 1 0.5870215995237231
seed20260832_overlap0.50_k3 collapse 2 0.5933826565742493
seed20260832_overlap0.50_k3 r_sum 0 0.6010341197252274
seed20260832_overlap0.50_k3 r_sum 1 0.5998055972158909
seed20260832_overlap0.50_k3 r_sum 2 0.6062867362052202
seed20260832_overlap0.50_k3 centroid_ff 0 0.5958497393876314
seed20260832_overlap0.50_k3 centroid_ff 1 0.5881289476528764
seed20260832_overlap0.50_k3 centroid_ff 2 0.5885044988244772
seed20260832_overlap0.50_k3 family_rank 0 0.5956246107816696
seed20260832_overlap0.50_k3 family_rank 1 0.5921079339459538
seed20260832_overlap0.50_k3 family_rank 2 0.5931764589622617
seed20260832_overlap0.50_k3 random_0 0 0.5847027916461229
seed20260832_overlap0.50_k3 random_0 1 0.5711176879703999
seed20260832_overlap0.50_k3 random_0 2 0.6047191843390465
seed20260832_overlap0.50_k3 random_1 0 0.5950849819928408
seed20260832_overlap0.50_k3 random_1 1 0.5770693542435765
seed20260832_overlap0.50_k3 random_1 2 0.6029356606304646
seed20260832_overlap0.50_k3 random_2 0 0.5887362211942673
seed20260832_overlap0.50_k3 random_2 1 0.5673676449805498
seed20260832_overlap0.50_k3 random_2 2 0.5957763437181711
seed20260832_overlap0.50_k3 random_3 0 0.5828691804781556
seed20260832_overlap0.50_k3 random_3 1 0.5787958344444633
seed20260832_overlap0.50_k3 random_3 2 0.5852851634845138
seed20260832_overlap0.50_k3 random_4 0 0.5862948084250093
seed20260832_overlap0.50_k3 random_4 1 0.5820302441716194
seed20260832_overlap0.50_k3 random_4 2 0.5990004297345877
seed20260832_overlap0.50_k5 collapse 0 0.5973741263151169
seed20260832_overlap0.50_k5 collapse 1 0.5890471003949642
seed20260832_overlap0.50_k5 collapse 2 0.5852500237524509
seed20260832_overlap0.50_k5 r_sum 0 0.6039173323661089
seed20260832_overlap0.50_k5 r_sum 1 0.5908736912533641
seed20260832_overlap0.50_k5 r_sum 2 0.5859836060553789
seed20260832_overlap0.50_k5 centroid_ff 0 0.5892044454813004
seed20260832_overlap0.50_k5 centroid_ff 1 0.5726987384259701
seed20260832_overlap0.50_k5 centroid_ff 2 0.6009085346013308
seed20260832_overlap0.50_k5 family_rank 0 0.6102846302092075
seed20260832_overlap0.50_k5 family_rank 1 0.5908727589994669
seed20260832_overlap0.50_k5 family_rank 2 0.5915992818772793
seed20260832_overlap0.50_k5 random_0 0 0.6041148118674755
seed20260832_overlap0.50_k5 random_0 1 0.5730293951928616
seed20260832_overlap0.50_k5 random_0 2 0.589873168617487
seed20260832_overlap0.50_k5 random_1 0 0.5901955775916576
seed20260832_overlap0.50_k5 random_1 1 0.5907512158155441
seed20260832_overlap0.50_k5 random_1 2 0.5956586971879005
seed20260832_overlap0.50_k5 random_2 0 0.5870841704308987
seed20260832_overlap0.50_k5 random_2 1 0.5683743050321937
seed20260832_overlap0.50_k5 random_2 2 0.5901115387678146
seed20260832_overlap0.50_k5 random_3 0 0.5925819259136915
seed20260832_overlap0.50_k5 random_3 1 0.5825986173003912
seed20260832_overlap0.50_k5 random_3 2 0.6046682707965374
seed20260832_overlap0.50_k5 random_4 0 0.5804460300132632
seed20260832_overlap0.50_k5 random_4 1 0.5722441151738167
seed20260832_overlap0.50_k5 random_4 2 0.5983364200219512
seed20260832_overlap0.75_k3 collapse 0 0.593134667724371
seed20260832_overlap0.75_k3 collapse 1 0.5993974544107914
seed20260832_overlap0.75_k3 collapse 2 0.5966488383710384
seed20260832_overlap0.75_k3 r_sum 0 0.587353803217411
seed20260832_overlap0.75_k3 r_sum 1 0.6016464997082949
seed20260832_overlap0.75_k3 r_sum 2 0.598297843709588
seed20260832_overlap0.75_k3 centroid_ff 0 0.5958497393876314
seed20260832_overlap0.75_k3 centroid_ff 1 0.5881289476528764
seed20260832_overlap0.75_k3 centroid_ff 2 0.5885044988244772
seed20260832_overlap0.75_k3 family_rank 0 0.5941555462777615
seed20260832_overlap0.75_k3 family_rank 1 0.5956177115440369
seed20260832_overlap0.75_k3 family_rank 2 0.6055684639140964
seed20260832_overlap0.75_k3 random_0 0 0.5868511693552136
seed20260832_overlap0.75_k3 random_0 1 0.5697016809135675
seed20260832_overlap0.75_k3 random_0 2 0.5921738334000111
seed20260832_overlap0.75_k3 random_1 0 0.5942727662622929
seed20260832_overlap0.75_k3 random_1 1 0.5753735788166523
seed20260832_overlap0.75_k3 random_1 2 0.5882992073893547
seed20260832_overlap0.75_k3 random_2 0 0.5897906627506018
seed20260832_overlap0.75_k3 random_2 1 0.5878930492326617
seed20260832_overlap0.75_k3 random_2 2 0.6032543443143368
seed20260832_overlap0.75_k3 random_3 0 0.594970403239131
seed20260832_overlap0.75_k3 random_3 1 0.5854317843914032
seed20260832_overlap0.75_k3 random_3 2 0.5943085849285126
seed20260832_overlap0.75_k3 random_4 0 0.5825213817879558
seed20260832_overlap0.75_k3 random_4 1 0.5802924716845155
seed20260832_overlap0.75_k3 random_4 2 0.5853515155613422
seed20260832_overlap0.75_k5 collapse 0 0.5998089211061597
seed20260832_overlap0.75_k5 collapse 1 0.5877896063029766
seed20260832_overlap0.75_k5 collapse 2 0.5938443876802921
seed20260832_overlap0.75_k5 r_sum 0 0.6030517183244228
seed20260832_overlap0.75_k5 r_sum 1 0.5805808864533901
seed20260832_overlap0.75_k5 r_sum 2 0.5996057167649269
seed20260832_overlap0.75_k5 centroid_ff 0 0.5892044454813004
seed20260832_overlap0.75_k5 centroid_ff 1 0.5721668265759945
seed20260832_overlap0.75_k5 centroid_ff 2 0.5976052675396204
seed20260832_overlap0.75_k5 family_rank 0 0.5906688999384642
seed20260832_overlap0.75_k5 family_rank 1 0.5804903535172343
seed20260832_overlap0.75_k5 family_rank 2 0.5922989640384912
seed20260832_overlap0.75_k5 random_0 0 0.5739167025312781
seed20260832_overlap0.75_k5 random_0 1 0.5585116948932409
seed20260832_overlap0.75_k5 random_0 2 0.583478931337595
seed20260832_overlap0.75_k5 random_1 0 0.5950694717466831
seed20260832_overlap0.75_k5 random_1 1 0.5804639114066958
seed20260832_overlap0.75_k5 random_1 2 0.5888594686985016
seed20260832_overlap0.75_k5 random_2 0 0.596254700794816
seed20260832_overlap0.75_k5 random_2 1 0.5979107283055782
seed20260832_overlap0.75_k5 random_2 2 0.6041202489286661
seed20260832_overlap0.75_k5 random_3 0 0.5778590012341738
seed20260832_overlap0.75_k5 random_3 1 0.5819550761952996
seed20260832_overlap0.75_k5 random_3 2 0.6030415948480368
seed20260832_overlap0.75_k5 random_4 0 0.6045985724776983
seed20260832_overlap0.75_k5 random_4 1 0.5926255360245705
seed20260832_overlap0.75_k5 random_4 2 0.6018682941794395
seed20260832_overlap1.00_k3 collapse 0 0.5873809801414609
seed20260832_overlap1.00_k3 collapse 1 0.5898846816271544
seed20260832_overlap1.00_k3 collapse 2 0.5962860155850649
seed20260832_overlap1.00_k3 r_sum 0 0.5955846328288317
seed20260832_overlap1.00_k3 r_sum 1 0.5913680624216795
seed20260832_overlap1.00_k3 r_sum 2 0.5960955806076527
seed20260832_overlap1.00_k3 centroid_ff 0 0.5958497393876314
seed20260832_overlap1.00_k3 centroid_ff 1 0.5881289476528764
seed20260832_overlap1.00_k3 centroid_ff 2 0.5885044988244772
seed20260832_overlap1.00_k3 family_rank 0 0.6012339610606432
seed20260832_overlap1.00_k3 family_rank 1 0.5873631378635764
seed20260832_overlap1.00_k3 family_rank 2 0.6019811127334833
seed20260832_overlap1.00_k3 random_0 0 0.6049951799213886
seed20260832_overlap1.00_k3 random_0 1 0.5870074611157179
seed20260832_overlap1.00_k3 random_0 2 0.6009890288114548
seed20260832_overlap1.00_k3 random_1 0 0.6071107443422079
seed20260832_overlap1.00_k3 random_1 1 0.57177659496665
seed20260832_overlap1.00_k3 random_1 2 0.6026523727923632
seed20260832_overlap1.00_k3 random_2 0 0.5769908362999558
seed20260832_overlap1.00_k3 random_2 1 0.58456801623106
seed20260832_overlap1.00_k3 random_2 2 0.587718065828085
seed20260832_overlap1.00_k3 random_3 0 0.5913211554288864
seed20260832_overlap1.00_k3 random_3 1 0.5762216560542583
seed20260832_overlap1.00_k3 random_3 2 0.5910653546452522
seed20260832_overlap1.00_k3 random_4 0 0.5935927834361792
seed20260832_overlap1.00_k3 random_4 1 0.5825183317065239
seed20260832_overlap1.00_k3 random_4 2 0.5987271349877119
seed20260832_overlap1.00_k5 collapse 0 0.5984644815325737
seed20260832_overlap1.00_k5 collapse 1 0.5747162261977792
seed20260832_overlap1.00_k5 collapse 2 0.5976503398269415
seed20260832_overlap1.00_k5 r_sum 0 0.6042228974401951
seed20260832_overlap1.00_k5 r_sum 1 0.5932898074388504
seed20260832_overlap1.00_k5 r_sum 2 0.5951161850243807
seed20260832_overlap1.00_k5 centroid_ff 0 0.5892044454813004
seed20260832_overlap1.00_k5 centroid_ff 1 0.5732306577265263
seed20260832_overlap1.00_k5 centroid_ff 2 0.6027306392788887
seed20260832_overlap1.00_k5 family_rank 0 0.5992987062782049
seed20260832_overlap1.00_k5 family_rank 1 0.5930629195645452
seed20260832_overlap1.00_k5 family_rank 2 0.5906372629106045
seed20260832_overlap1.00_k5 random_0 0 0.5835528895258904
seed20260832_overlap1.00_k5 random_0 1 0.5704764733090997
seed20260832_overlap1.00_k5 random_0 2 0.5915856547653675
seed20260832_overlap1.00_k5 random_1 0 0.5838858988136053
seed20260832_overlap1.00_k5 random_1 1 0.5719381235539913
seed20260832_overlap1.00_k5 random_1 2 0.5908675659447908
seed20260832_overlap1.00_k5 random_2 0 0.5888762604445219
seed20260832_overlap1.00_k5 random_2 1 0.5753348600119352
seed20260832_overlap1.00_k5 random_2 2 0.5855455957353115
seed20260832_overlap1.00_k5 random_3 0 0.5833761263638735
seed20260832_overlap1.00_k5 random_3 1 0.5694070719182491
seed20260832_overlap1.00_k5 random_3 2 0.5964227318763733
seed20260832_overlap1.00_k5 random_4 0 0.5864926176145673
seed20260832_overlap1.00_k5 random_4 1 0.5796601101756096
seed20260832_overlap1.00_k5 random_4 2 0.5841708444058895
seed20260833_overlap0.25_k3 collapse 0 0.6043553426861763
seed20260833_overlap0.25_k3 collapse 1 0.5901653990149498
seed20260833_overlap0.25_k3 collapse 2 0.6126135438680649
seed20260833_overlap0.25_k3 r_sum 0 0.5887511046603322
seed20260833_overlap0.25_k3 r_sum 1 0.5872541014105082
seed20260833_overlap0.25_k3 r_sum 2 0.5984045211225748
seed20260833_overlap0.25_k3 centroid_ff 0 0.6075206343084574
seed20260833_overlap0.25_k3 centroid_ff 1 0.5868971897289157
seed20260833_overlap0.25_k3 centroid_ff 2 0.6017464455217123
seed20260833_overlap0.25_k3 family_rank 0 0.5927787497639656
seed20260833_overlap0.25_k3 family_rank 1 0.585847869515419
seed20260833_overlap0.25_k3 family_rank 2 0.6007611509412527
seed20260833_overlap0.25_k3 random_0 0 0.5930066164582968
seed20260833_overlap0.25_k3 random_0 1 0.5962358433753252
seed20260833_overlap0.25_k3 random_0 2 0.5903054438531399
seed20260833_overlap0.25_k3 random_1 0 0.5961033962666988
seed20260833_overlap0.25_k3 random_1 1 0.5810508877038956
seed20260833_overlap0.25_k3 random_1 2 0.5954757211729884
seed20260833_overlap0.25_k3 random_2 0 0.5848604552447796
seed20260833_overlap0.25_k3 random_2 1 0.5778327593579888
seed20260833_overlap0.25_k3 random_2 2 0.593325411900878
seed20260833_overlap0.25_k3 random_3 0 0.5900962576270103
seed20260833_overlap0.25_k3 random_3 1 0.5753892008215189
seed20260833_overlap0.25_k3 random_3 2 0.5927724875509739
seed20260833_overlap0.25_k3 random_4 0 0.592274883762002
seed20260833_overlap0.25_k3 random_4 1 0.5744642950594425
seed20260833_overlap0.25_k3 random_4 2 0.5934888049960136
seed20260833_overlap0.25_k5 collapse 0 0.6034000217914581
seed20260833_overlap0.25_k5 collapse 1 0.5899218991398811
seed20260833_overlap0.25_k5 collapse 2 0.6024720892310143
seed20260833_overlap0.25_k5 r_sum 0 0.5980813354253769
seed20260833_overlap0.25_k5 r_sum 1 0.5881373751908541
seed20260833_overlap0.25_k5 r_sum 2 0.5991945313289762
seed20260833_overlap0.25_k5 centroid_ff 0 0.5949783185496926
seed20260833_overlap0.25_k5 centroid_ff 1 0.5683904560282826
seed20260833_overlap0.25_k5 centroid_ff 2 0.5984644405543804
seed20260833_overlap0.25_k5 family_rank 0 0.5866392720490694
seed20260833_overlap0.25_k5 family_rank 1 0.5857437383383512
seed20260833_overlap0.25_k5 family_rank 2 0.5986283048987389
seed20260833_overlap0.25_k5 random_0 0 0.5753632225096226
seed20260833_overlap0.25_k5 random_0 1 0.5798405883833766
seed20260833_overlap0.25_k5 random_0 2 0.5972835030406713
seed20260833_overlap0.25_k5 random_1 0 0.5827273279428482
seed20260833_overlap0.25_k5 random_1 1 0.5774160139262676
seed20260833_overlap0.25_k5 random_1 2 0.5959839802235365
seed20260833_overlap0.25_k5 random_2 0 0.5994888581335545
seed20260833_overlap0.25_k5 random_2 1 0.5859243208542466
seed20260833_overlap0.25_k5 random_2 2 0.5994746061041951
seed20260833_overlap0.25_k5 random_3 0 0.590336381457746
seed20260833_overlap0.25_k5 random_3 1 0.574663856998086
seed20260833_overlap0.25_k5 random_3 2 0.5815435126423836
seed20260833_overlap0.25_k5 random_4 0 0.5930261854082346
seed20260833_overlap0.25_k5 random_4 1 0.5842148065567017
seed20260833_overlap0.25_k5 random_4 2 0.5813525570556521
seed20260833_overlap0.50_k3 collapse 0 0.6033343821763992
seed20260833_overlap0.50_k3 collapse 1 0.5947703961282969
seed20260833_overlap0.50_k3 collapse 2 0.5981156406924129
seed20260833_overlap0.50_k3 r_sum 0 0.608775669708848
seed20260833_overlap0.50_k3 r_sum 1 0.5855367965996265
seed20260833_overlap0.50_k3 r_sum 2 0.5922233182936907
seed20260833_overlap0.50_k3 centroid_ff 0 0.6075206343084574
seed20260833_overlap0.50_k3 centroid_ff 1 0.5868971897289157
seed20260833_overlap0.50_k3 centroid_ff 2 0.6017464455217123
seed20260833_overlap0.50_k3 family_rank 0 0.5927787497639656
seed20260833_overlap0.50_k3 family_rank 1 0.585847869515419
seed20260833_overlap0.50_k3 family_rank 2 0.6007611509412527
seed20260833_overlap0.50_k3 random_0 0 0.5902203638106585
seed20260833_overlap0.50_k3 random_0 1 0.5760544128715992
seed20260833_overlap0.50_k3 random_0 2 0.6018272191286087
seed20260833_overlap0.50_k3 random_1 0 0.5921833142638206
seed20260833_overlap0.50_k3 random_1 1 0.580877635627985
seed20260833_overlap0.50_k3 random_1 2 0.5894338516518474
seed20260833_overlap0.50_k3 random_2 0 0.5944173391908407
seed20260833_overlap0.50_k3 random_2 1 0.5772001324221492
seed20260833_overlap0.50_k3 random_2 2 0.5885720495134592
seed20260833_overlap0.50_k3 random_3 0 0.5852084569633007
seed20260833_overlap0.50_k3 random_3 1 0.5832217261195183
seed20260833_overlap0.50_k3 random_3 2 0.586868061684072
seed20260833_overlap0.50_k3 random_4 0 0.5745203997939825
seed20260833_overlap0.50_k3 random_4 1 0.5670997463166714
seed20260833_overlap0.50_k3 random_4 2 0.5853959210216999
seed20260833_overlap0.50_k5 collapse 0 0.6086430232971907
seed20260833_overlap0.50_k5 collapse 1 0.6014363821595907
seed20260833_overlap0.50_k5 collapse 2 0.596214447170496
seed20260833_overlap0.50_k5 r_sum 0 0.6012219693511724
seed20260833_overlap0.50_k5 r_sum 1 0.5908049512654543
seed20260833_overlap0.50_k5 r_sum 2 0.5983686055988073
seed20260833_overlap0.50_k5 centroid_ff 0 0.5949783185496926
seed20260833_overlap0.50_k5 centroid_ff 1 0.5683904560282826
seed20260833_overlap0.50_k5 centroid_ff 2 0.5967777967453003
seed20260833_overlap0.50_k5 family_rank 0 0.6036688387393951
seed20260833_overlap0.50_k5 family_rank 1 0.5947336778044701
seed20260833_overlap0.50_k5 family_rank 2 0.6063645435497165
seed20260833_overlap0.50_k5 random_0 0 0.5894451588392258
seed20260833_overlap0.50_k5 random_0 1 0.5865316055715084
seed20260833_overlap0.50_k5 random_0 2 0.5894218748435378
seed20260833_overlap0.50_k5 random_1 0 0.5823721941560507
seed20260833_overlap0.50_k5 random_1 1 0.5701499432325363
seed20260833_overlap0.50_k5 random_1 2 0.5934334583580494
seed20260833_overlap0.50_k5 random_2 0 0.5785307101905346
seed20260833_overlap0.50_k5 random_2 1 0.5682896710932255
seed20260833_overlap0.50_k5 random_2 2 0.5781795037910342
seed20260833_overlap0.50_k5 random_3 0 0.5862232018262148
seed20260833_overlap0.50_k5 random_3 1 0.5891830194741488
seed20260833_overlap0.50_k5 random_3 2 0.5887156929820776
seed20260833_overlap0.50_k5 random_4 0 0.5853201393038034
seed20260833_overlap0.50_k5 random_4 1 0.5907340012490749
seed20260833_overlap0.50_k5 random_4 2 0.5930003449320793
seed20260833_overlap0.75_k3 collapse 0 0.6003267373889685
seed20260833_overlap0.75_k3 collapse 1 0.5882970234379172
seed20260833_overlap0.75_k3 collapse 2 0.5873765684664249
seed20260833_overlap0.75_k3 r_sum 0 0.6180896377190948
seed20260833_overlap0.75_k3 r_sum 1 0.5884902365505695
seed20260833_overlap0.75_k3 r_sum 2 0.5972610451281071
seed20260833_overlap0.75_k3 centroid_ff 0 0.6075206343084574
seed20260833_overlap0.75_k3 centroid_ff 1 0.5868971897289157
seed20260833_overlap0.75_k3 centroid_ff 2 0.6017464455217123
seed20260833_overlap0.75_k3 family_rank 0 0.5927787497639656
seed20260833_overlap0.75_k3 family_rank 1 0.585847869515419
seed20260833_overlap0.75_k3 family_rank 2 0.6007611509412527
seed20260833_overlap0.75_k3 random_0 0 0.5865480452775955
seed20260833_overlap0.75_k3 random_0 1 0.5876144850626588
seed20260833_overlap0.75_k3 random_0 2 0.6053823381662369
seed20260833_overlap0.75_k3 random_1 0 0.5890209339559078
seed20260833_overlap0.75_k3 random_1 1 0.5806582327932119
seed20260833_overlap0.75_k3 random_1 2 0.5705502638593316
seed20260833_overlap0.75_k3 random_2 0 0.6031358223408461
seed20260833_overlap0.75_k3 random_2 1 0.5873165316879749
seed20260833_overlap0.75_k3 random_2 2 0.5870005339384079
seed20260833_overlap0.75_k3 random_3 0 0.5844888165593147
seed20260833_overlap0.75_k3 random_3 1 0.58467947691679
seed20260833_overlap0.75_k3 random_3 2 0.5930711161345243
seed20260833_overlap0.75_k3 random_4 0 0.5931899892166257
seed20260833_overlap0.75_k3 random_4 1 0.5901734810322523
seed20260833_overlap0.75_k3 random_4 2 0.5917730610817671
seed20260833_overlap0.75_k5 collapse 0 0.594376502558589
seed20260833_overlap0.75_k5 collapse 1 0.5907666496932507
seed20260833_overlap0.75_k5 collapse 2 0.5841531623154879
seed20260833_overlap0.75_k5 r_sum 0 0.590160084888339
seed20260833_overlap0.75_k5 r_sum 1 0.5879847351461649
seed20260833_overlap0.75_k5 r_sum 2 0.600295539945364
seed20260833_overlap0.75_k5 centroid_ff 0 0.5949783185496926
seed20260833_overlap0.75_k5 centroid_ff 1 0.5689223678782582
seed20260833_overlap0.75_k5 centroid_ff 2 0.5912080444395542
seed20260833_overlap0.75_k5 family_rank 0 0.6103023793548346
seed20260833_overlap0.75_k5 family_rank 1 0.5945988353341818
seed20260833_overlap0.75_k5 family_rank 2 0.6023891773074865
seed20260833_overlap0.75_k5 random_0 0 0.6097368914633989
seed20260833_overlap0.75_k5 random_0 1 0.5725140944123268
seed20260833_overlap0.75_k5 random_0 2 0.5786102768033743
seed20260833_overlap0.75_k5 random_1 0 0.5937282778322697
seed20260833_overlap0.75_k5 random_1 1 0.5717240050435066
seed20260833_overlap0.75_k5 random_1 2 0.5982820242643356
seed20260833_overlap0.75_k5 random_2 0 0.5769273163750768
seed20260833_overlap0.75_k5 random_2 1 0.5836923029273748
seed20260833_overlap0.75_k5 random_2 2 0.5961300609633327
seed20260833_overlap0.75_k5 random_3 0 0.5873709600418806
seed20260833_overlap0.75_k5 random_3 1 0.5718457400798798
seed20260833_overlap0.75_k5 random_3 2 0.6015346609055996
seed20260833_overlap0.75_k5 random_4 0 0.5955040156841278
seed20260833_overlap0.75_k5 random_4 1 0.5770894400775433
seed20260833_overlap0.75_k5 random_4 2 0.5842709522694349
seed20260833_overlap1.00_k3 collapse 0 0.6040449179708958
seed20260833_overlap1.00_k3 collapse 1 0.5921723302453756
seed20260833_overlap1.00_k3 collapse 2 0.5979827465489507
seed20260833_overlap1.00_k3 r_sum 0 0.6091213803738356
seed20260833_overlap1.00_k3 r_sum 1 0.5921388100832701
seed20260833_overlap1.00_k3 r_sum 2 0.5861934032291174
seed20260833_overlap1.00_k3 centroid_ff 0 0.6075206343084574
seed20260833_overlap1.00_k3 centroid_ff 1 0.5868971897289157
seed20260833_overlap1.00_k3 centroid_ff 2 0.6017464455217123
seed20260833_overlap1.00_k3 family_rank 0 0.5927787497639656
seed20260833_overlap1.00_k3 family_rank 1 0.585847869515419
seed20260833_overlap1.00_k3 family_rank 2 0.6007611509412527
seed20260833_overlap1.00_k3 random_0 0 0.5879037044942379
seed20260833_overlap1.00_k3 random_0 1 0.5792913772165775
seed20260833_overlap1.00_k3 random_0 2 0.5947457477450371
seed20260833_overlap1.00_k3 random_1 0 0.5879683764651418
seed20260833_overlap1.00_k3 random_1 1 0.5704937810078263
seed20260833_overlap1.00_k3 random_1 2 0.5852644639089704
seed20260833_overlap1.00_k3 random_2 0 0.5891726985573769
seed20260833_overlap1.00_k3 random_2 1 0.5780758671462536
seed20260833_overlap1.00_k3 random_2 2 0.5836244849488139
seed20260833_overlap1.00_k3 random_3 0 0.5951829701662064
seed20260833_overlap1.00_k3 random_3 1 0.57516173645854
seed20260833_overlap1.00_k3 random_3 2 0.587913641706109
seed20260833_overlap1.00_k3 random_4 0 0.5986005384474993
seed20260833_overlap1.00_k3 random_4 1 0.5833644159138203
seed20260833_overlap1.00_k3 random_4 2 0.5997363142669201
seed20260833_overlap1.00_k5 collapse 0 0.6009529922157526
seed20260833_overlap1.00_k5 collapse 1 0.5882678311318159
seed20260833_overlap1.00_k5 collapse 2 0.5959505662322044
seed20260833_overlap1.00_k5 r_sum 0 0.6001466922461987
seed20260833_overlap1.00_k5 r_sum 1 0.5900553241372108
seed20260833_overlap1.00_k5 r_sum 2 0.581746993586421
seed20260833_overlap1.00_k5 centroid_ff 0 0.5949783185496926
seed20260833_overlap1.00_k5 centroid_ff 1 0.5677100913599133
seed20260833_overlap1.00_k5 centroid_ff 2 0.5916404984891415
seed20260833_overlap1.00_k5 family_rank 0 0.6041015759110451
seed20260833_overlap1.00_k5 family_rank 1 0.5930270552635193
seed20260833_overlap1.00_k5 family_rank 2 0.6051800940185785
seed20260833_overlap1.00_k5 random_0 0 0.5962545750662684
seed20260833_overlap1.00_k5 random_0 1 0.6052231937646866
seed20260833_overlap1.00_k5 random_0 2 0.6128819584846497
seed20260833_overlap1.00_k5 random_1 0 0.5880289357155561
seed20260833_overlap1.00_k5 random_1 1 0.5667386297136545
seed20260833_overlap1.00_k5 random_1 2 0.5775580536574125
seed20260833_overlap1.00_k5 random_2 0 0.602254681289196
seed20260833_overlap1.00_k5 random_2 1 0.5867492845281959
seed20260833_overlap1.00_k5 random_2 2 0.5812066905200481
seed20260833_overlap1.00_k5 random_3 0 0.5907793249934912
seed20260833_overlap1.00_k5 random_3 1 0.578668748959899
seed20260833_overlap1.00_k5 random_3 2 0.5894932076334953
seed20260833_overlap1.00_k5 random_4 0 0.6002393923699856
seed20260833_overlap1.00_k5 random_4 1 0.5829703640192747
seed20260833_overlap1.00_k5 random_4 2 0.5960102397948503
