[W901 14:48:34.136882219 compiler_depend.ts:250] Warning: CAUTION: The operator 'aten::_linalg_solve_ex.result' is not currently supported on the NPU backend and will fall back to run on the CPU. This may have performance implications. (function npu_cpu_fallback)
seed20260831_overlap0.25_k3 collapse 3 0.5836649592965841
seed20260831_overlap0.25_k3 collapse 4 0.5988210663199425
seed20260831_overlap0.25_k3 collapse 5 0.5988562703132629
seed20260831_overlap0.25_k3 collapse 6 0.5934055764228106
seed20260831_overlap0.25_k3 collapse 7 0.585554706864059
seed20260831_overlap0.25_k3 collapse 8 0.5766924750059843
seed20260831_overlap0.25_k3 collapse 9 0.5972492955625057
seed20260831_overlap0.25_k3 collapse 10 0.6044608736410737
seed20260831_overlap0.25_k3 collapse 11 0.587349358946085
seed20260831_overlap0.25_k3 collapse 12 0.573999309912324
seed20260831_overlap0.25_k3 r_sum 3 0.5898810755461454
seed20260831_overlap0.25_k3 r_sum 4 0.5822001025080681
seed20260831_overlap0.25_k3 r_sum 5 0.5904747992753983
seed20260831_overlap0.25_k3 r_sum 6 0.6001321766525507
seed20260831_overlap0.25_k3 r_sum 7 0.589710371568799
seed20260831_overlap0.25_k3 r_sum 8 0.6027486994862556
seed20260831_overlap0.25_k3 r_sum 9 0.6016271375119686
seed20260831_overlap0.25_k3 r_sum 10 0.6039737313985825
seed20260831_overlap0.25_k3 r_sum 11 0.5708528254181147
seed20260831_overlap0.25_k3 r_sum 12 0.5756656443700194
seed20260831_overlap0.25_k3 centroid_ff 3 0.5850798785686493
seed20260831_overlap0.25_k3 centroid_ff 4 0.5788716105744243
seed20260831_overlap0.25_k3 centroid_ff 5 0.5817371550947428
seed20260831_overlap0.25_k3 centroid_ff 6 0.5915302708745003
seed20260831_overlap0.25_k3 centroid_ff 7 0.5760399922728539
seed20260831_overlap0.25_k3 centroid_ff 8 0.5897742733359337
seed20260831_overlap0.25_k3 centroid_ff 9 0.583956016227603
seed20260831_overlap0.25_k3 centroid_ff 10 0.5944764204323292
seed20260831_overlap0.25_k3 centroid_ff 11 0.5659243240952492
seed20260831_overlap0.25_k3 centroid_ff 12 0.5851537995040417
seed20260831_overlap0.25_k3 family_rank 3 0.5899653676897287
seed20260831_overlap0.25_k3 family_rank 4 0.590554267168045
seed20260831_overlap0.25_k3 family_rank 5 0.5964784100651741
seed20260831_overlap0.25_k3 family_rank 6 0.5961773097515106
seed20260831_overlap0.25_k3 family_rank 7 0.581236238591373
seed20260831_overlap0.25_k3 family_rank 8 0.5988114830106497
seed20260831_overlap0.25_k3 family_rank 9 0.5970314871519804
seed20260831_overlap0.25_k3 family_rank 10 0.5863308822736144
seed20260831_overlap0.25_k3 family_rank 11 0.5842896997928619
seed20260831_overlap0.25_k3 family_rank 12 0.5734506659209728
seed20260831_overlap0.25_k3 random_0 3 0.5668659713119268
seed20260831_overlap0.25_k3 random_0 4 0.5838459627702832
seed20260831_overlap0.25_k3 random_0 5 0.5788675490766764
seed20260831_overlap0.25_k3 random_0 6 0.5705343782901764
seed20260831_overlap0.25_k3 random_0 7 0.5662989746779203
seed20260831_overlap0.25_k3 random_0 8 0.5810405500233173
seed20260831_overlap0.25_k3 random_0 9 0.5799749027937651
seed20260831_overlap0.25_k3 random_0 10 0.5746463229879737
seed20260831_overlap0.25_k3 random_0 11 0.5542724318802357
seed20260831_overlap0.25_k3 random_0 12 0.57593859359622
seed20260831_overlap0.25_k3 random_1 3 0.5871844738721848
seed20260831_overlap0.25_k3 random_1 4 0.5849179048091173
seed20260831_overlap0.25_k3 random_1 5 0.585326362401247
seed20260831_overlap0.25_k3 random_1 6 0.5900540892034769
seed20260831_overlap0.25_k3 random_1 7 0.5888462578877807
seed20260831_overlap0.25_k3 random_1 8 0.580006580799818
seed20260831_overlap0.25_k3 random_1 9 0.5883451830595732
seed20260831_overlap0.25_k3 random_1 10 0.603941161185503
seed20260831_overlap0.25_k3 random_1 11 0.5727944597601891
seed20260831_overlap0.25_k3 random_1 12 0.5771621130406857
seed20260831_overlap0.25_k3 random_2 3 0.5856095720082521
seed20260831_overlap0.25_k3 random_2 4 0.598133847117424
seed20260831_overlap0.25_k3 random_2 5 0.5918735340237617
seed20260831_overlap0.25_k3 random_2 6 0.592069786041975
seed20260831_overlap0.25_k3 random_2 7 0.5797804556787014
seed20260831_overlap0.25_k3 random_2 8 0.5977139659225941
seed20260831_overlap0.25_k3 random_2 9 0.5948022082448006
seed20260831_overlap0.25_k3 random_2 10 0.6011654641479254
seed20260831_overlap0.25_k3 random_2 11 0.5675492910668254
seed20260831_overlap0.25_k3 random_2 12 0.5821310933679342
seed20260831_overlap0.25_k3 random_3 3 0.5984439495950937
seed20260831_overlap0.25_k3 random_3 4 0.5891961865127087
seed20260831_overlap0.25_k3 random_3 5 0.587652575224638
seed20260831_overlap0.25_k3 random_3 6 0.592982436530292
seed20260831_overlap0.25_k3 random_3 7 0.5811183042824268
seed20260831_overlap0.25_k3 random_3 8 0.5950991101562977
seed20260831_overlap0.25_k3 random_3 9 0.5879560327157378
seed20260831_overlap0.25_k3 random_3 10 0.5974002070724964
seed20260831_overlap0.25_k3 random_3 11 0.5846667587757111
seed20260831_overlap0.25_k3 random_3 12 0.5913338661193848
seed20260831_overlap0.25_k3 random_4 3 0.5822748579084873
seed20260831_overlap0.25_k3 random_4 4 0.5959575800225139
seed20260831_overlap0.25_k3 random_4 5 0.5831114035099745
seed20260831_overlap0.25_k3 random_4 6 0.5877705430611968
seed20260831_overlap0.25_k3 random_4 7 0.5778241716325283
seed20260831_overlap0.25_k3 random_4 8 0.5931977815926075
seed20260831_overlap0.25_k3 random_4 9 0.5982568562030792
seed20260831_overlap0.25_k3 random_4 10 0.5957539174705744
seed20260831_overlap0.25_k3 random_4 11 0.5790978791192174
seed20260831_overlap0.25_k3 random_4 12 0.5833211075514555
seed20260831_overlap0.75_k3 collapse 3 0.6010388415306807
seed20260831_overlap0.75_k3 collapse 4 0.5871470645070076
seed20260831_overlap0.75_k3 collapse 5 0.595630219206214
seed20260831_overlap0.75_k3 collapse 6 0.6015573926270008
seed20260831_overlap0.75_k3 collapse 7 0.5707276677712798
seed20260831_overlap0.75_k3 collapse 8 0.5922259408980608
seed20260831_overlap0.75_k3 collapse 9 0.604546332731843
seed20260831_overlap0.75_k3 collapse 10 0.6016623536124825
seed20260831_overlap0.75_k3 collapse 11 0.5702640153467655
seed20260831_overlap0.75_k3 collapse 12 0.5760707333683968
seed20260831_overlap0.75_k3 r_sum 3 0.5734050944447517
seed20260831_overlap0.75_k3 r_sum 4 0.5866390010342002
seed20260831_overlap0.75_k3 r_sum 5 0.5895027797669172
seed20260831_overlap0.75_k3 r_sum 6 0.5910686030983925
seed20260831_overlap0.75_k3 r_sum 7 0.5836459565907717
seed20260831_overlap0.75_k3 r_sum 8 0.594409640878439
seed20260831_overlap0.75_k3 r_sum 9 0.603959696367383
seed20260831_overlap0.75_k3 r_sum 10 0.5983615089207888
seed20260831_overlap0.75_k3 r_sum 11 0.5801262408494949
seed20260831_overlap0.75_k3 r_sum 12 0.59770861081779
seed20260831_overlap0.75_k3 centroid_ff 3 0.5800877641886473
seed20260831_overlap0.75_k3 centroid_ff 4 0.5903568603098392
seed20260831_overlap0.75_k3 centroid_ff 5 0.5830734446644783
seed20260831_overlap0.75_k3 centroid_ff 6 0.5891059525310993
seed20260831_overlap0.75_k3 centroid_ff 7 0.5814953176304698
seed20260831_overlap0.75_k3 centroid_ff 8 0.5935487449169159
seed20260831_overlap0.75_k3 centroid_ff 9 0.5904036611318588
seed20260831_overlap0.75_k3 centroid_ff 10 0.6060670064762235
seed20260831_overlap0.75_k3 centroid_ff 11 0.5860091671347618
seed20260831_overlap0.75_k3 centroid_ff 12 0.5841644555330276
seed20260831_overlap0.75_k3 family_rank 3 0.5903914552181959
seed20260831_overlap0.75_k3 family_rank 4 0.5879973396658897
seed20260831_overlap0.75_k3 family_rank 5 0.5879291631281376
seed20260831_overlap0.75_k3 family_rank 6 0.5791356293484569
seed20260831_overlap0.75_k3 family_rank 7 0.5790100526064634
seed20260831_overlap0.75_k3 family_rank 8 0.5769062973558903
seed20260831_overlap0.75_k3 family_rank 9 0.6024177949875593
seed20260831_overlap0.75_k3 family_rank 10 0.6031485889106989
seed20260831_overlap0.75_k3 family_rank 11 0.5832639429718256
seed20260831_overlap0.75_k3 family_rank 12 0.5794470254331827
seed20260831_overlap0.75_k3 random_0 3 0.5964653268456459
seed20260831_overlap0.75_k3 random_0 4 0.59395697619766
seed20260831_overlap0.75_k3 random_0 5 0.5971805937588215
seed20260831_overlap0.75_k3 random_0 6 0.5786364525556564
seed20260831_overlap0.75_k3 random_0 7 0.5811889339238405
seed20260831_overlap0.75_k3 random_0 8 0.5980979092419147
seed20260831_overlap0.75_k3 random_0 9 0.6052508521825075
seed20260831_overlap0.75_k3 random_0 10 0.6018043980002403
seed20260831_overlap0.75_k3 random_0 11 0.570510121062398
seed20260831_overlap0.75_k3 random_0 12 0.5827400209382176
seed20260831_overlap0.75_k3 random_1 3 0.5834955209866166
seed20260831_overlap0.75_k3 random_1 4 0.5957411304116249
seed20260831_overlap0.75_k3 random_1 5 0.5935285594314337
seed20260831_overlap0.75_k3 random_1 6 0.5983332246541977
seed20260831_overlap0.75_k3 random_1 7 0.5844499533995986
seed20260831_overlap0.75_k3 random_1 8 0.5907129924744368
seed20260831_overlap0.75_k3 random_1 9 0.5966553241014481
seed20260831_overlap0.75_k3 random_1 10 0.5978277707472444
seed20260831_overlap0.75_k3 random_1 11 0.5761615261435509
seed20260831_overlap0.75_k3 random_1 12 0.5754741411656141
seed20260831_overlap0.75_k3 random_2 3 0.5761014800518751
seed20260831_overlap0.75_k3 random_2 4 0.5796131454408169
seed20260831_overlap0.75_k3 random_2 5 0.5658972263336182
seed20260831_overlap0.75_k3 random_2 6 0.5832543848082423
seed20260831_overlap0.75_k3 random_2 7 0.57597616314888
seed20260831_overlap0.75_k3 random_2 8 0.5831284616142511
seed20260831_overlap0.75_k3 random_2 9 0.5879132188856602
seed20260831_overlap0.75_k3 random_2 10 0.573240420781076
seed20260831_overlap0.75_k3 random_2 11 0.5804172307252884
seed20260831_overlap0.75_k3 random_2 12 0.5657387897372246
seed20260831_overlap0.75_k3 random_3 3 0.5715410197153687
seed20260831_overlap0.75_k3 random_3 4 0.564818468876183
seed20260831_overlap0.75_k3 random_3 5 0.5728353885933757
seed20260831_overlap0.75_k3 random_3 6 0.5767888780683279
seed20260831_overlap0.75_k3 random_3 7 0.5536735467612743
seed20260831_overlap0.75_k3 random_3 8 0.5820296742022038
seed20260831_overlap0.75_k3 random_3 9 0.5745759569108486
seed20260831_overlap0.75_k3 random_3 10 0.5656106527894735
seed20260831_overlap0.75_k3 random_3 11 0.5610271617770195
seed20260831_overlap0.75_k3 random_3 12 0.566476191394031
seed20260831_overlap0.75_k3 random_4 3 0.5873451568186283
seed20260831_overlap0.75_k3 random_4 4 0.5739787369966507
seed20260831_overlap0.75_k3 random_4 5 0.5774664878845215
seed20260831_overlap0.75_k3 random_4 6 0.578196082264185
seed20260831_overlap0.75_k3 random_4 7 0.5672659045085311
seed20260831_overlap0.75_k3 random_4 8 0.5817643105983734
seed20260831_overlap0.75_k3 random_4 9 0.5735172778367996
seed20260831_overlap0.75_k3 random_4 10 0.5886085378006101
seed20260831_overlap0.75_k3 random_4 11 0.5780211929231882
seed20260831_overlap0.75_k3 random_4 12 0.5656581819057465
seed20260832_overlap0.25_k3 collapse 3 0.5836884500458837
seed20260832_overlap0.25_k3 collapse 4 0.6018280200660229
seed20260832_overlap0.25_k3 collapse 5 0.5985232163220644
seed20260832_overlap0.25_k3 collapse 6 0.5927456459030509
seed20260832_overlap0.25_k3 collapse 7 0.5811982471495867
seed20260832_overlap0.25_k3 collapse 8 0.5990615654736757
seed20260832_overlap0.25_k3 collapse 9 0.5953649021685123
seed20260832_overlap0.25_k3 collapse 10 0.6094100009649992
seed20260832_overlap0.25_k3 collapse 11 0.5926669389009476
seed20260832_overlap0.25_k3 collapse 12 0.5844984035938978
seed20260832_overlap0.25_k3 r_sum 3 0.5966871678829193
seed20260832_overlap0.25_k3 r_sum 4 0.600844094529748
seed20260832_overlap0.25_k3 r_sum 5 0.591331634670496
seed20260832_overlap0.25_k3 r_sum 6 0.5911320615559816
seed20260832_overlap0.25_k3 r_sum 7 0.5980527084320784
seed20260832_overlap0.25_k3 r_sum 8 0.5951383300125599
seed20260832_overlap0.25_k3 r_sum 9 0.60010533221066
seed20260832_overlap0.25_k3 r_sum 10 0.5987758319824934
seed20260832_overlap0.25_k3 r_sum 11 0.5800341572612524
seed20260832_overlap0.25_k3 r_sum 12 0.5789106748998165
seed20260832_overlap0.25_k3 centroid_ff 3 0.591450110077858
seed20260832_overlap0.25_k3 centroid_ff 4 0.5841284552589059
seed20260832_overlap0.25_k3 centroid_ff 5 0.598115460947156
seed20260832_overlap0.25_k3 centroid_ff 6 0.6042119227349758
seed20260832_overlap0.25_k3 centroid_ff 7 0.5806818939745426
seed20260832_overlap0.25_k3 centroid_ff 8 0.5989553295075893
seed20260832_overlap0.25_k3 centroid_ff 9 0.6017295811325312
seed20260832_overlap0.25_k3 centroid_ff 10 0.6042138077318668
seed20260832_overlap0.25_k3 centroid_ff 11 0.5866575576364994
seed20260832_overlap0.25_k3 centroid_ff 12 0.5749943405389786
seed20260832_overlap0.25_k3 family_rank 3 0.5781024433672428
seed20260832_overlap0.25_k3 family_rank 4 0.5979969371110201
seed20260832_overlap0.25_k3 family_rank 5 0.5935188084840775
seed20260832_overlap0.25_k3 family_rank 6 0.6004240214824677
seed20260832_overlap0.25_k3 family_rank 7 0.5702380463480949
seed20260832_overlap0.25_k3 family_rank 8 0.5966737754642963
seed20260832_overlap0.25_k3 family_rank 9 0.603519881144166
seed20260832_overlap0.25_k3 family_rank 10 0.5900390222668648
seed20260832_overlap0.25_k3 family_rank 11 0.5829724781215191
seed20260832_overlap0.25_k3 family_rank 12 0.5849013924598694
seed20260832_overlap0.25_k3 random_0 3 0.5812380611896515
seed20260832_overlap0.25_k3 random_0 4 0.5936519596725702
seed20260832_overlap0.25_k3 random_0 5 0.5827142279595137
seed20260832_overlap0.25_k3 random_0 6 0.573494765907526
seed20260832_overlap0.25_k3 random_0 7 0.5773860104382038
seed20260832_overlap0.25_k3 random_0 8 0.5865087658166885
seed20260832_overlap0.25_k3 random_0 9 0.6007434856146574
seed20260832_overlap0.25_k3 random_0 10 0.5874216398224235
seed20260832_overlap0.25_k3 random_0 11 0.5816179448738694
seed20260832_overlap0.25_k3 random_0 12 0.5815798155963421
seed20260832_overlap0.25_k3 random_1 3 0.5983299501240253
seed20260832_overlap0.25_k3 random_1 4 0.6029944680631161
seed20260832_overlap0.25_k3 random_1 5 0.5854461286216974
seed20260832_overlap0.25_k3 random_1 6 0.5854341331869364
seed20260832_overlap0.25_k3 random_1 7 0.5737156197428703
seed20260832_overlap0.25_k3 random_1 8 0.5898178815841675
seed20260832_overlap0.25_k3 random_1 9 0.5863516479730606
seed20260832_overlap0.25_k3 random_1 10 0.5991814443841577
seed20260832_overlap0.25_k3 random_1 11 0.5931696463376284
seed20260832_overlap0.25_k3 random_1 12 0.5849867574870586
seed20260832_overlap0.25_k3 random_2 3 0.5733227767050266
seed20260832_overlap0.25_k3 random_2 4 0.578047601506114
seed20260832_overlap0.25_k3 random_2 5 0.568673100322485
seed20260832_overlap0.25_k3 random_2 6 0.5969702787697315
seed20260832_overlap0.25_k3 random_2 7 0.5710241980850697
seed20260832_overlap0.25_k3 random_2 8 0.6021082028746605
seed20260832_overlap0.25_k3 random_2 9 0.5806540250778198
seed20260832_overlap0.25_k3 random_2 10 0.5871890038251877
seed20260832_overlap0.25_k3 random_2 11 0.5679939929395914
seed20260832_overlap0.25_k3 random_2 12 0.5723210573196411
seed20260832_overlap0.25_k3 random_3 3 0.5803691148757935
seed20260832_overlap0.25_k3 random_3 4 0.5905830878764391
seed20260832_overlap0.25_k3 random_3 5 0.5822262093424797
seed20260832_overlap0.25_k3 random_3 6 0.5911084245890379
seed20260832_overlap0.25_k3 random_3 7 0.590061079710722
seed20260832_overlap0.25_k3 random_3 8 0.5943384189158678
seed20260832_overlap0.25_k3 random_3 9 0.5866568945348263
seed20260832_overlap0.25_k3 random_3 10 0.5980287753045559
seed20260832_overlap0.25_k3 random_3 11 0.5785979721695185
seed20260832_overlap0.25_k3 random_3 12 0.5755410809069872
seed20260832_overlap0.25_k3 random_4 3 0.5831503067165613
seed20260832_overlap0.25_k3 random_4 4 0.563144245184958
seed20260832_overlap0.25_k3 random_4 5 0.5689866952598095
seed20260832_overlap0.25_k3 random_4 6 0.5715624745935202
seed20260832_overlap0.25_k3 random_4 7 0.5729501396417618
seed20260832_overlap0.25_k3 random_4 8 0.5784542486071587
seed20260832_overlap0.25_k3 random_4 9 0.5839053094387054
seed20260832_overlap0.25_k3 random_4 10 0.5854916227981448
seed20260832_overlap0.25_k3 random_4 11 0.5602082405239344
seed20260832_overlap0.25_k3 random_4 12 0.5589770190417767
seed20260832_overlap0.75_k3 collapse 3 0.5844537820667028
seed20260832_overlap0.75_k3 collapse 4 0.5828646374866366
seed20260832_overlap0.75_k3 collapse 5 0.5801131911575794
seed20260832_overlap0.75_k3 collapse 6 0.5838032588362694
seed20260832_overlap0.75_k3 collapse 7 0.5811014156788588
seed20260832_overlap0.75_k3 collapse 8 0.5959147037938237
seed20260832_overlap0.75_k3 collapse 9 0.5922709032893181
seed20260832_overlap0.75_k3 collapse 10 0.6023057047277689
seed20260832_overlap0.75_k3 collapse 11 0.5839255414903164
seed20260832_overlap0.75_k3 collapse 12 0.5832502748817205
seed20260832_overlap0.75_k3 r_sum 3 0.5785352531820536
seed20260832_overlap0.75_k3 r_sum 4 0.5885365633293986
seed20260832_overlap0.75_k3 r_sum 5 0.5922320429235697
seed20260832_overlap0.75_k3 r_sum 6 0.586348881945014
seed20260832_overlap0.75_k3 r_sum 7 0.5896445624530315
seed20260832_overlap0.75_k3 r_sum 8 0.5944664292037487
seed20260832_overlap0.75_k3 r_sum 9 0.5926870107650757
seed20260832_overlap0.75_k3 r_sum 10 0.6021354701370001
seed20260832_overlap0.75_k3 r_sum 11 0.5908180475234985
seed20260832_overlap0.75_k3 r_sum 12 0.5792554579675198
seed20260832_overlap0.75_k3 centroid_ff 3 0.5873859338462353
seed20260832_overlap0.75_k3 centroid_ff 4 0.5968896504491568
seed20260832_overlap0.75_k3 centroid_ff 5 0.5896454825997353
seed20260832_overlap0.75_k3 centroid_ff 6 0.5947841322049499
seed20260832_overlap0.75_k3 centroid_ff 7 0.5736164748668671
seed20260832_overlap0.75_k3 centroid_ff 8 0.5885007940232754
seed20260832_overlap0.75_k3 centroid_ff 9 0.5886443145573139
seed20260832_overlap0.75_k3 centroid_ff 10 0.5954984212294221
seed20260832_overlap0.75_k3 centroid_ff 11 0.5879172794520855
seed20260832_overlap0.75_k3 centroid_ff 12 0.5822320189327002
seed20260832_overlap0.75_k3 family_rank 3 0.5817298777401447
seed20260832_overlap0.75_k3 family_rank 4 0.5921276286244392
seed20260832_overlap0.75_k3 family_rank 5 0.5998931396752596
seed20260832_overlap0.75_k3 family_rank 6 0.5966326519846916
seed20260832_overlap0.75_k3 family_rank 7 0.5801241341978312
seed20260832_overlap0.75_k3 family_rank 8 0.5847705826163292
seed20260832_overlap0.75_k3 family_rank 9 0.5934787262231112
seed20260832_overlap0.75_k3 family_rank 10 0.6036370638757944
seed20260832_overlap0.75_k3 family_rank 11 0.582697918638587
seed20260832_overlap0.75_k3 family_rank 12 0.5817147325724363
seed20260832_overlap0.75_k3 random_0 3 0.582009925507009
seed20260832_overlap0.75_k3 random_0 4 0.5887814741581678
seed20260832_overlap0.75_k3 random_0 5 0.5973011013120413
seed20260832_overlap0.75_k3 random_0 6 0.580272538587451
seed20260832_overlap0.75_k3 random_0 7 0.5775760654360056
seed20260832_overlap0.75_k3 random_0 8 0.5998346358537674
seed20260832_overlap0.75_k3 random_0 9 0.5771681535989046
seed20260832_overlap0.75_k3 random_0 10 0.5923708872869611
seed20260832_overlap0.75_k3 random_0 11 0.5620792908594012
seed20260832_overlap0.75_k3 random_0 12 0.5838389657437801
seed20260832_overlap0.75_k3 random_1 3 0.5831003412604332
seed20260832_overlap0.75_k3 random_1 4 0.5868047848343849
seed20260832_overlap0.75_k3 random_1 5 0.5876432433724403
seed20260832_overlap0.75_k3 random_1 6 0.5798769695684314
seed20260832_overlap0.75_k3 random_1 7 0.5880220625549555
seed20260832_overlap0.75_k3 random_1 8 0.5923535358160734
seed20260832_overlap0.75_k3 random_1 9 0.5837641349062324
seed20260832_overlap0.75_k3 random_1 10 0.5849625561386347
seed20260832_overlap0.75_k3 random_1 11 0.5815204922109842
seed20260832_overlap0.75_k3 random_1 12 0.5670630084350705
seed20260832_overlap0.75_k3 random_2 3 0.5924435053020716
seed20260832_overlap0.75_k3 random_2 4 0.575736977159977
seed20260832_overlap0.75_k3 random_2 5 0.5818991996347904
seed20260832_overlap0.75_k3 random_2 6 0.5824702074751258
seed20260832_overlap0.75_k3 random_2 7 0.5699602952226996
seed20260832_overlap0.75_k3 random_2 8 0.5904847737401724
seed20260832_overlap0.75_k3 random_2 9 0.606100095435977
seed20260832_overlap0.75_k3 random_2 10 0.6069315504282713
seed20260832_overlap0.75_k3 random_2 11 0.5756262503564358
seed20260832_overlap0.75_k3 random_2 12 0.568495768122375
seed20260832_overlap0.75_k3 random_3 3 0.5756561569869518
seed20260832_overlap0.75_k3 random_3 4 0.5911716306582093
seed20260832_overlap0.75_k3 random_3 5 0.5866632796823978
seed20260832_overlap0.75_k3 random_3 6 0.5780092747882009
seed20260832_overlap0.75_k3 random_3 7 0.5946588218212128
seed20260832_overlap0.75_k3 random_3 8 0.595217919908464
seed20260832_overlap0.75_k3 random_3 9 0.5915139056742191
seed20260832_overlap0.75_k3 random_3 10 0.5792827056720853
seed20260832_overlap0.75_k3 random_3 11 0.5837364103645086
seed20260832_overlap0.75_k3 random_3 12 0.5837974436581135
seed20260832_overlap0.75_k3 random_4 3 0.5701571609824896
seed20260832_overlap0.75_k3 random_4 4 0.574562793597579
seed20260832_overlap0.75_k3 random_4 5 0.5738863311707973
seed20260832_overlap0.75_k3 random_4 6 0.5894604157656431
seed20260832_overlap0.75_k3 random_4 7 0.5558153372257948
seed20260832_overlap0.75_k3 random_4 8 0.5912359226495028
seed20260832_overlap0.75_k3 random_4 9 0.5722235906869173
seed20260832_overlap0.75_k3 random_4 10 0.5815445203334093
seed20260832_overlap0.75_k3 random_4 11 0.5690146125853062
seed20260832_overlap0.75_k3 random_4 12 0.5737705966457725
seed20260833_overlap0.25_k3 collapse 3 0.5944363018497825
seed20260833_overlap0.25_k3 collapse 4 0.5957905696704984
seed20260833_overlap0.25_k3 collapse 5 0.5894393529742956
seed20260833_overlap0.25_k3 collapse 6 0.5939855221658945
seed20260833_overlap0.25_k3 collapse 7 0.586722357198596
seed20260833_overlap0.25_k3 collapse 8 0.5912421829998493
seed20260833_overlap0.25_k3 collapse 9 0.5938326418399811
seed20260833_overlap0.25_k3 collapse 10 0.6096356883645058
seed20260833_overlap0.25_k3 collapse 11 0.5832362081855536
seed20260833_overlap0.25_k3 collapse 12 0.5836719451472163
seed20260833_overlap0.25_k3 r_sum 3 0.5994873009622097
seed20260833_overlap0.25_k3 r_sum 4 0.5900879167020321
seed20260833_overlap0.25_k3 r_sum 5 0.5944609567523003
seed20260833_overlap0.25_k3 r_sum 6 0.5882378630340099
seed20260833_overlap0.25_k3 r_sum 7 0.5816803863272071
seed20260833_overlap0.25_k3 r_sum 8 0.5942816808819771
seed20260833_overlap0.25_k3 r_sum 9 0.5956314206123352
seed20260833_overlap0.25_k3 r_sum 10 0.6085149347782135
seed20260833_overlap0.25_k3 r_sum 11 0.5898511484265327
seed20260833_overlap0.25_k3 r_sum 12 0.582226375117898
seed20260833_overlap0.25_k3 centroid_ff 3 0.588459531776607
seed20260833_overlap0.25_k3 centroid_ff 4 0.5898463614284992
seed20260833_overlap0.25_k3 centroid_ff 5 0.5959625653922558
seed20260833_overlap0.25_k3 centroid_ff 6 0.5930446153506637
seed20260833_overlap0.25_k3 centroid_ff 7 0.5808931086212397
seed20260833_overlap0.25_k3 centroid_ff 8 0.6060837097465992
seed20260833_overlap0.25_k3 centroid_ff 9 0.6022816970944405
seed20260833_overlap0.25_k3 centroid_ff 10 0.604207918047905
seed20260833_overlap0.25_k3 centroid_ff 11 0.5769320530816913
seed20260833_overlap0.25_k3 centroid_ff 12 0.5753065291792154
seed20260833_overlap0.25_k3 family_rank 3 0.5891881193965673
seed20260833_overlap0.25_k3 family_rank 4 0.5797200696542859
seed20260833_overlap0.25_k3 family_rank 5 0.5891290865838528
seed20260833_overlap0.25_k3 family_rank 6 0.5909297838807106
seed20260833_overlap0.25_k3 family_rank 7 0.580144302919507
seed20260833_overlap0.25_k3 family_rank 8 0.6084419321268797
seed20260833_overlap0.25_k3 family_rank 9 0.5904811881482601
seed20260833_overlap0.25_k3 family_rank 10 0.6045158058404922
seed20260833_overlap0.25_k3 family_rank 11 0.5698704421520233
seed20260833_overlap0.25_k3 family_rank 12 0.5817111041396856
seed20260833_overlap0.25_k3 random_0 3 0.5974291656166315
seed20260833_overlap0.25_k3 random_0 4 0.5881990604102612
seed20260833_overlap0.25_k3 random_0 5 0.5882394602522254
seed20260833_overlap0.25_k3 random_0 6 0.5994640840217471
seed20260833_overlap0.25_k3 random_0 7 0.5821610130369663
seed20260833_overlap0.25_k3 random_0 8 0.5986962951719761
seed20260833_overlap0.25_k3 random_0 9 0.5840295944362879
seed20260833_overlap0.25_k3 random_0 10 0.6055545881390572
seed20260833_overlap0.25_k3 random_0 11 0.5838244250044227
seed20260833_overlap0.25_k3 random_0 12 0.5698397560045123
seed20260833_overlap0.25_k3 random_1 3 0.5829995842650533
seed20260833_overlap0.25_k3 random_1 4 0.5925118885934353
seed20260833_overlap0.25_k3 random_1 5 0.5931356549263
seed20260833_overlap0.25_k3 random_1 6 0.5717092361301184
seed20260833_overlap0.25_k3 random_1 7 0.5807849802076817
seed20260833_overlap0.25_k3 random_1 8 0.596155658364296
seed20260833_overlap0.25_k3 random_1 9 0.5781647190451622
seed20260833_overlap0.25_k3 random_1 10 0.5962948277592659
seed20260833_overlap0.25_k3 random_1 11 0.5755301583558321
seed20260833_overlap0.25_k3 random_1 12 0.5779422298073769
seed20260833_overlap0.25_k3 random_2 3 0.5821106638759375
seed20260833_overlap0.25_k3 random_2 4 0.5863821506500244
seed20260833_overlap0.25_k3 random_2 5 0.5926833339035511
seed20260833_overlap0.25_k3 random_2 6 0.5833935476839542
seed20260833_overlap0.25_k3 random_2 7 0.5682093864306808
seed20260833_overlap0.25_k3 random_2 8 0.5843718182295561
seed20260833_overlap0.25_k3 random_2 9 0.5769245382398367
seed20260833_overlap0.25_k3 random_2 10 0.5859106071293354
seed20260833_overlap0.25_k3 random_2 11 0.5732845179736614
seed20260833_overlap0.25_k3 random_2 12 0.5564344208687544
seed20260833_overlap0.25_k3 random_3 3 0.5838111601769924
seed20260833_overlap0.25_k3 random_3 4 0.5840106923133135
seed20260833_overlap0.25_k3 random_3 5 0.5926066190004349
seed20260833_overlap0.25_k3 random_3 6 0.5779532697051764
seed20260833_overlap0.25_k3 random_3 7 0.5852238815277815
seed20260833_overlap0.25_k3 random_3 8 0.5923989526927471
seed20260833_overlap0.25_k3 random_3 9 0.5918669477105141
seed20260833_overlap0.25_k3 random_3 10 0.5945761632174253
seed20260833_overlap0.25_k3 random_3 11 0.5878517851233482
seed20260833_overlap0.25_k3 random_3 12 0.5630140881985426
seed20260833_overlap0.25_k3 random_4 3 0.5739553738385439
seed20260833_overlap0.25_k3 random_4 4 0.5974389873445034
seed20260833_overlap0.25_k3 random_4 5 0.5812151599675417
seed20260833_overlap0.25_k3 random_4 6 0.5901419138535857
seed20260833_overlap0.25_k3 random_4 7 0.5679946653544903
seed20260833_overlap0.25_k3 random_4 8 0.5786702632904053
seed20260833_overlap0.25_k3 random_4 9 0.5871027950197458
seed20260833_overlap0.25_k3 random_4 10 0.59080452285707
seed20260833_overlap0.25_k3 random_4 11 0.5597896240651608
seed20260833_overlap0.25_k3 random_4 12 0.5791171863675117
seed20260833_overlap0.75_k3 collapse 3 0.5924788992851973
seed20260833_overlap0.75_k3 collapse 4 0.606314173899591
seed20260833_overlap0.75_k3 collapse 5 0.593520438298583
seed20260833_overlap0.75_k3 collapse 6 0.6024594809859991
seed20260833_overlap0.75_k3 collapse 7 0.5859511438757181
seed20260833_overlap0.75_k3 collapse 8 0.6001761853694916
seed20260833_overlap0.75_k3 collapse 9 0.6061214227229357
seed20260833_overlap0.75_k3 collapse 10 0.6112565826624632
seed20260833_overlap0.75_k3 collapse 11 0.5854000430554152
seed20260833_overlap0.75_k3 collapse 12 0.585931989364326
seed20260833_overlap0.75_k3 r_sum 3 0.5910523105412722
seed20260833_overlap0.75_k3 r_sum 4 0.5959703978151083
seed20260833_overlap0.75_k3 r_sum 5 0.59880480915308
seed20260833_overlap0.75_k3 r_sum 6 0.6009034682065248
seed20260833_overlap0.75_k3 r_sum 7 0.5874619893729687
seed20260833_overlap0.75_k3 r_sum 8 0.6000783797353506
seed20260833_overlap0.75_k3 r_sum 9 0.600744940340519
seed20260833_overlap0.75_k3 r_sum 10 0.6017709262669086
seed20260833_overlap0.75_k3 r_sum 11 0.5880404897034168
seed20260833_overlap0.75_k3 r_sum 12 0.5811547497287393
seed20260833_overlap0.75_k3 centroid_ff 3 0.588459531776607
seed20260833_overlap0.75_k3 centroid_ff 4 0.5898463614284992
seed20260833_overlap0.75_k3 centroid_ff 5 0.5959625653922558
seed20260833_overlap0.75_k3 centroid_ff 6 0.5930446153506637
seed20260833_overlap0.75_k3 centroid_ff 7 0.5808931086212397
seed20260833_overlap0.75_k3 centroid_ff 8 0.6060837097465992
seed20260833_overlap0.75_k3 centroid_ff 9 0.6022816970944405
seed20260833_overlap0.75_k3 centroid_ff 10 0.604207918047905
seed20260833_overlap0.75_k3 centroid_ff 11 0.5769320530816913
seed20260833_overlap0.75_k3 centroid_ff 12 0.5753065291792154
seed20260833_overlap0.75_k3 family_rank 3 0.5891881193965673
seed20260833_overlap0.75_k3 family_rank 4 0.5797200696542859
seed20260833_overlap0.75_k3 family_rank 5 0.5891290865838528
seed20260833_overlap0.75_k3 family_rank 6 0.5909297838807106
seed20260833_overlap0.75_k3 family_rank 7 0.580144302919507
seed20260833_overlap0.75_k3 family_rank 8 0.6084419321268797
seed20260833_overlap0.75_k3 family_rank 9 0.5904811881482601
seed20260833_overlap0.75_k3 family_rank 10 0.6045158058404922
seed20260833_overlap0.75_k3 family_rank 11 0.5698704421520233
seed20260833_overlap0.75_k3 family_rank 12 0.5817111041396856
seed20260833_overlap0.75_k3 random_0 3 0.5830535963177681
seed20260833_overlap0.75_k3 random_0 4 0.5884827636182308
seed20260833_overlap0.75_k3 random_0 5 0.5995553582906723
seed20260833_overlap0.75_k3 random_0 6 0.586123663932085
seed20260833_overlap0.75_k3 random_0 7 0.5790617391467094
seed20260833_overlap0.75_k3 random_0 8 0.6036477517336607
seed20260833_overlap0.75_k3 random_0 9 0.5929433479905128
seed20260833_overlap0.75_k3 random_0 10 0.5989630185067654
seed20260833_overlap0.75_k3 random_0 11 0.5817648125812411
seed20260833_overlap0.75_k3 random_0 12 0.5750039899721742
seed20260833_overlap0.75_k3 random_1 3 0.5728904353454709
seed20260833_overlap0.75_k3 random_1 4 0.5814599841833115
seed20260833_overlap0.75_k3 random_1 5 0.5750891342759132
seed20260833_overlap0.75_k3 random_1 6 0.5741779245436192
seed20260833_overlap0.75_k3 random_1 7 0.5571563486009836
seed20260833_overlap0.75_k3 random_1 8 0.5860776323825121
seed20260833_overlap0.75_k3 random_1 9 0.582035481929779
seed20260833_overlap0.75_k3 random_1 10 0.5741969253867865
seed20260833_overlap0.75_k3 random_1 11 0.5575673338025808
seed20260833_overlap0.75_k3 random_1 12 0.5645393198356032
seed20260833_overlap0.75_k3 random_2 3 0.5966980308294296
seed20260833_overlap0.75_k3 random_2 4 0.5886391531676054
seed20260833_overlap0.75_k3 random_2 5 0.5938156861811876
seed20260833_overlap0.75_k3 random_2 6 0.5783410873264074
seed20260833_overlap0.75_k3 random_2 7 0.5829973332583904
seed20260833_overlap0.75_k3 random_2 8 0.5987588670104742
seed20260833_overlap0.75_k3 random_2 9 0.5980012491345406
seed20260833_overlap0.75_k3 random_2 10 0.5912046106532216
seed20260833_overlap0.75_k3 random_2 11 0.585610568523407
seed20260833_overlap0.75_k3 random_2 12 0.5857365690171719
seed20260833_overlap0.75_k3 random_3 3 0.5863273125141859
seed20260833_overlap0.75_k3 random_3 4 0.583106866106391
seed20260833_overlap0.75_k3 random_3 5 0.5803363723680377
seed20260833_overlap0.75_k3 random_3 6 0.5843802466988564
seed20260833_overlap0.75_k3 random_3 7 0.562267211265862
seed20260833_overlap0.75_k3 random_3 8 0.5853102160617709
seed20260833_overlap0.75_k3 random_3 9 0.5786746349185705
seed20260833_overlap0.75_k3 random_3 10 0.5862430613487959
seed20260833_overlap0.75_k3 random_3 11 0.5689709149301052
seed20260833_overlap0.75_k3 random_3 12 0.5697312094271183
seed20260833_overlap0.75_k3 random_4 3 0.5885422891005874
seed20260833_overlap0.75_k3 random_4 4 0.5816080123186111
seed20260833_overlap0.75_k3 random_4 5 0.589325862005353
seed20260833_overlap0.75_k3 random_4 6 0.5802104286849499
seed20260833_overlap0.75_k3 random_4 7 0.5789618557319045
seed20260833_overlap0.75_k3 random_4 8 0.5936151519417763
seed20260833_overlap0.75_k3 random_4 9 0.5952691715210676
seed20260833_overlap0.75_k3 random_4 10 0.5980876861140132
seed20260833_overlap0.75_k3 random_4 11 0.5719899861142039
seed20260833_overlap0.75_k3 random_4 12 0.5892664529383183
