[W901 14:48:40.510579622 compiler_depend.ts:250] Warning: CAUTION: The operator 'aten::_linalg_solve_ex.result' is not currently supported on the NPU backend and will fall back to run on the CPU. This may have performance implications. (function npu_cpu_fallback)
seed20260831_overlap0.25_k5 collapse 3 0.5910341590642929
seed20260831_overlap0.25_k5 collapse 4 0.6037738546729088
seed20260831_overlap0.25_k5 collapse 5 0.594673790037632
seed20260831_overlap0.25_k5 collapse 6 0.5901895007118583
seed20260831_overlap0.25_k5 collapse 7 0.6021943632513285
seed20260831_overlap0.25_k5 collapse 8 0.5984464380890131
seed20260831_overlap0.25_k5 collapse 9 0.6021286267787218
seed20260831_overlap0.25_k5 collapse 10 0.6083087213337421
seed20260831_overlap0.25_k5 collapse 11 0.5833579190075397
seed20260831_overlap0.25_k5 collapse 12 0.580254340544343
seed20260831_overlap0.25_k5 r_sum 3 0.572097328491509
seed20260831_overlap0.25_k5 r_sum 4 0.5858340710401535
seed20260831_overlap0.25_k5 r_sum 5 0.5902070496231318
seed20260831_overlap0.25_k5 r_sum 6 0.5876430757343769
seed20260831_overlap0.25_k5 r_sum 7 0.5717327632009983
seed20260831_overlap0.25_k5 r_sum 8 0.5973587352782488
seed20260831_overlap0.25_k5 r_sum 9 0.6051616836339235
seed20260831_overlap0.25_k5 r_sum 10 0.5856042187660933
seed20260831_overlap0.25_k5 r_sum 11 0.5976765602827072
seed20260831_overlap0.25_k5 r_sum 12 0.5810118736699224
seed20260831_overlap0.25_k5 centroid_ff 3 0.5750727383419871
seed20260831_overlap0.25_k5 centroid_ff 4 0.5827088197693229
seed20260831_overlap0.25_k5 centroid_ff 5 0.5845095198601484
seed20260831_overlap0.25_k5 centroid_ff 6 0.5939792580902576
seed20260831_overlap0.25_k5 centroid_ff 7 0.5775123573839664
seed20260831_overlap0.25_k5 centroid_ff 8 0.588313102722168
seed20260831_overlap0.25_k5 centroid_ff 9 0.585417041555047
seed20260831_overlap0.25_k5 centroid_ff 10 0.5954700745642185
seed20260831_overlap0.25_k5 centroid_ff 11 0.5564371198415756
seed20260831_overlap0.25_k5 centroid_ff 12 0.5722610978409648
seed20260831_overlap0.25_k5 family_rank 3 0.5994041180238128
seed20260831_overlap0.25_k5 family_rank 4 0.5973491296172142
seed20260831_overlap0.25_k5 family_rank 5 0.5905858688056469
seed20260831_overlap0.25_k5 family_rank 6 0.5916968379169703
seed20260831_overlap0.25_k5 family_rank 7 0.5951714478433132
seed20260831_overlap0.25_k5 family_rank 8 0.5945349484682083
seed20260831_overlap0.25_k5 family_rank 9 0.5861871652305126
seed20260831_overlap0.25_k5 family_rank 10 0.5986612178385258
seed20260831_overlap0.25_k5 family_rank 11 0.5965997129678726
seed20260831_overlap0.25_k5 family_rank 12 0.5764881707727909
seed20260831_overlap0.25_k5 random_0 3 0.5860787332057953
seed20260831_overlap0.25_k5 random_0 4 0.5845778770744801
seed20260831_overlap0.25_k5 random_0 5 0.5881613381206989
seed20260831_overlap0.25_k5 random_0 6 0.5914702732115984
seed20260831_overlap0.25_k5 random_0 7 0.5775323463603854
seed20260831_overlap0.25_k5 random_0 8 0.6004183683544397
seed20260831_overlap0.25_k5 random_0 9 0.5880859475582838
seed20260831_overlap0.25_k5 random_0 10 0.5898098032921553
seed20260831_overlap0.25_k5 random_0 11 0.5709933638572693
seed20260831_overlap0.25_k5 random_0 12 0.5736117446795106
seed20260831_overlap0.25_k5 random_1 3 0.5696948133409023
seed20260831_overlap0.25_k5 random_1 4 0.5767071843147278
seed20260831_overlap0.25_k5 random_1 5 0.5904843099415302
seed20260831_overlap0.25_k5 random_1 6 0.5771093312650919
seed20260831_overlap0.25_k5 random_1 7 0.5648570470511913
seed20260831_overlap0.25_k5 random_1 8 0.5695864725857973
seed20260831_overlap0.25_k5 random_1 9 0.5854689236730337
seed20260831_overlap0.25_k5 random_1 10 0.5902720410376787
seed20260831_overlap0.25_k5 random_1 11 0.5756688127294183
seed20260831_overlap0.25_k5 random_1 12 0.5754269864410162
seed20260831_overlap0.25_k5 random_2 3 0.5876377495005727
seed20260831_overlap0.25_k5 random_2 4 0.5901757478713989
seed20260831_overlap0.25_k5 random_2 5 0.5845546312630177
seed20260831_overlap0.25_k5 random_2 6 0.5828606486320496
seed20260831_overlap0.25_k5 random_2 7 0.5821228055283427
seed20260831_overlap0.25_k5 random_2 8 0.5916229877620935
seed20260831_overlap0.25_k5 random_2 9 0.596169026568532
seed20260831_overlap0.25_k5 random_2 10 0.5982601772993803
seed20260831_overlap0.25_k5 random_2 11 0.5799560844898224
seed20260831_overlap0.25_k5 random_2 12 0.580138536170125
seed20260831_overlap0.25_k5 random_3 3 0.5815974455326796
seed20260831_overlap0.25_k5 random_3 4 0.5824069958180189
seed20260831_overlap0.25_k5 random_3 5 0.5903660580515862
seed20260831_overlap0.25_k5 random_3 6 0.5899488963186741
seed20260831_overlap0.25_k5 random_3 7 0.5771630294620991
seed20260831_overlap0.25_k5 random_3 8 0.5881691742688417
seed20260831_overlap0.25_k5 random_3 9 0.5933383516967297
seed20260831_overlap0.25_k5 random_3 10 0.6013432405889034
seed20260831_overlap0.25_k5 random_3 11 0.5738261016085744
seed20260831_overlap0.25_k5 random_3 12 0.5719096101820469
seed20260831_overlap0.25_k5 random_4 3 0.5872199237346649
seed20260831_overlap0.25_k5 random_4 4 0.5832303622737527
seed20260831_overlap0.25_k5 random_4 5 0.5727750025689602
seed20260831_overlap0.25_k5 random_4 6 0.5866907425224781
seed20260831_overlap0.25_k5 random_4 7 0.5743990819901228
seed20260831_overlap0.25_k5 random_4 8 0.6017807517200708
seed20260831_overlap0.25_k5 random_4 9 0.5867503043264151
seed20260831_overlap0.25_k5 random_4 10 0.5963244624435902
seed20260831_overlap0.25_k5 random_4 11 0.5773474499583244
seed20260831_overlap0.25_k5 random_4 12 0.5784896649420261
seed20260831_overlap0.75_k5 collapse 3 0.5908230114728212
seed20260831_overlap0.75_k5 collapse 4 0.5904441401362419
seed20260831_overlap0.75_k5 collapse 5 0.5898697823286057
seed20260831_overlap0.75_k5 collapse 6 0.6005450841039419
seed20260831_overlap0.75_k5 collapse 7 0.581159595400095
seed20260831_overlap0.75_k5 collapse 8 0.5871245339512825
seed20260831_overlap0.75_k5 collapse 9 0.5992877222597599
seed20260831_overlap0.75_k5 collapse 10 0.5999075435101986
seed20260831_overlap0.75_k5 collapse 11 0.5687809223309159
seed20260831_overlap0.75_k5 collapse 12 0.5679890923202038
seed20260831_overlap0.75_k5 r_sum 3 0.6031110547482967
seed20260831_overlap0.75_k5 r_sum 4 0.5689397463575006
seed20260831_overlap0.75_k5 r_sum 5 0.5817986978217959
seed20260831_overlap0.75_k5 r_sum 6 0.5925948191434145
seed20260831_overlap0.75_k5 r_sum 7 0.5814026482403278
seed20260831_overlap0.75_k5 r_sum 8 0.5990272425115108
seed20260831_overlap0.75_k5 r_sum 9 0.600135138258338
seed20260831_overlap0.75_k5 r_sum 10 0.5947966501116753
seed20260831_overlap0.75_k5 r_sum 11 0.5832618549466133
seed20260831_overlap0.75_k5 r_sum 12 0.5868914239108562
seed20260831_overlap0.75_k5 centroid_ff 3 0.5760364811867476
seed20260831_overlap0.75_k5 centroid_ff 4 0.5843692673370242
seed20260831_overlap0.75_k5 centroid_ff 5 0.5896932259202003
seed20260831_overlap0.75_k5 centroid_ff 6 0.5840188190340996
seed20260831_overlap0.75_k5 centroid_ff 7 0.584726957604289
seed20260831_overlap0.75_k5 centroid_ff 8 0.5811823103576899
seed20260831_overlap0.75_k5 centroid_ff 9 0.5799563368782401
seed20260831_overlap0.75_k5 centroid_ff 10 0.6055621849372983
seed20260831_overlap0.75_k5 centroid_ff 11 0.5768714305013418
seed20260831_overlap0.75_k5 centroid_ff 12 0.5747980661690235
seed20260831_overlap0.75_k5 family_rank 3 0.5894134743139148
seed20260831_overlap0.75_k5 family_rank 4 0.5903112534433603
seed20260831_overlap0.75_k5 family_rank 5 0.5991547293961048
seed20260831_overlap0.75_k5 family_rank 6 0.592105096206069
seed20260831_overlap0.75_k5 family_rank 7 0.5902769342064857
seed20260831_overlap0.75_k5 family_rank 8 0.6035464685410261
seed20260831_overlap0.75_k5 family_rank 9 0.6077755242586136
seed20260831_overlap0.75_k5 family_rank 10 0.596435010433197
seed20260831_overlap0.75_k5 family_rank 11 0.5845439657568932
seed20260831_overlap0.75_k5 family_rank 12 0.5944727472960949
seed20260831_overlap0.75_k5 random_0 3 0.5827652113512158
seed20260831_overlap0.75_k5 random_0 4 0.5867651496082544
seed20260831_overlap0.75_k5 random_0 5 0.5957033708691597
seed20260831_overlap0.75_k5 random_0 6 0.5957013070583344
seed20260831_overlap0.75_k5 random_0 7 0.5710245482623577
seed20260831_overlap0.75_k5 random_0 8 0.5798855740576982
seed20260831_overlap0.75_k5 random_0 9 0.5877349227666855
seed20260831_overlap0.75_k5 random_0 10 0.5860453238710761
seed20260831_overlap0.75_k5 random_0 11 0.579702228307724
seed20260831_overlap0.75_k5 random_0 12 0.5689646052196622
seed20260831_overlap0.75_k5 random_1 3 0.5759857092052698
seed20260831_overlap0.75_k5 random_1 4 0.5983177162706852
seed20260831_overlap0.75_k5 random_1 5 0.5890610460191965
seed20260831_overlap0.75_k5 random_1 6 0.6002066731452942
seed20260831_overlap0.75_k5 random_1 7 0.575242661871016
seed20260831_overlap0.75_k5 random_1 8 0.5809879479929805
seed20260831_overlap0.75_k5 random_1 9 0.5867992825806141
seed20260831_overlap0.75_k5 random_1 10 0.571768794208765
seed20260831_overlap0.75_k5 random_1 11 0.5841581234708428
seed20260831_overlap0.75_k5 random_1 12 0.5796264931559563
seed20260831_overlap0.75_k5 random_2 3 0.5752693489193916
seed20260831_overlap0.75_k5 random_2 4 0.5786912506446242
seed20260831_overlap0.75_k5 random_2 5 0.5839291773736477
seed20260831_overlap0.75_k5 random_2 6 0.5842010397464037
seed20260831_overlap0.75_k5 random_2 7 0.5863392539322376
seed20260831_overlap0.75_k5 random_2 8 0.5932287387549877
seed20260831_overlap0.75_k5 random_2 9 0.5836688876152039
seed20260831_overlap0.75_k5 random_2 10 0.5919244941323996
seed20260831_overlap0.75_k5 random_2 11 0.566030029207468
seed20260831_overlap0.75_k5 random_2 12 0.5774291772395372
seed20260831_overlap0.75_k5 random_3 3 0.584735345095396
seed20260831_overlap0.75_k5 random_3 4 0.5762509517371655
seed20260831_overlap0.75_k5 random_3 5 0.5792152471840382
seed20260831_overlap0.75_k5 random_3 6 0.5766407530754805
seed20260831_overlap0.75_k5 random_3 7 0.5711008738726377
seed20260831_overlap0.75_k5 random_3 8 0.5857221893966198
seed20260831_overlap0.75_k5 random_3 9 0.597301734611392
seed20260831_overlap0.75_k5 random_3 10 0.5920413974672556
seed20260831_overlap0.75_k5 random_3 11 0.5734476745128632
seed20260831_overlap0.75_k5 random_3 12 0.5895571634173393
seed20260831_overlap0.75_k5 random_4 3 0.571201715618372
seed20260831_overlap0.75_k5 random_4 4 0.5785688497126102
seed20260831_overlap0.75_k5 random_4 5 0.5797836445271969
seed20260831_overlap0.75_k5 random_4 6 0.5868261456489563
seed20260831_overlap0.75_k5 random_4 7 0.5722320843487978
seed20260831_overlap0.75_k5 random_4 8 0.5809754086658359
seed20260831_overlap0.75_k5 random_4 9 0.575126021169126
seed20260831_overlap0.75_k5 random_4 10 0.5857453877106309
seed20260831_overlap0.75_k5 random_4 11 0.5668431129306555
seed20260831_overlap0.75_k5 random_4 12 0.581017741933465
seed20260832_overlap0.25_k5 collapse 3 0.5800340436398983
seed20260832_overlap0.25_k5 collapse 4 0.5951349176466465
seed20260832_overlap0.25_k5 collapse 5 0.5769662605598569
seed20260832_overlap0.25_k5 collapse 6 0.5967122502624989
seed20260832_overlap0.25_k5 collapse 7 0.5782449496909976
seed20260832_overlap0.25_k5 collapse 8 0.5875682756304741
seed20260832_overlap0.25_k5 collapse 9 0.6056739017367363
seed20260832_overlap0.25_k5 collapse 10 0.5892756385728717
seed20260832_overlap0.25_k5 collapse 11 0.5932514760643244
seed20260832_overlap0.25_k5 collapse 12 0.5823066867887974
seed20260832_overlap0.25_k5 r_sum 3 0.594176771119237
seed20260832_overlap0.25_k5 r_sum 4 0.5946489553898573
seed20260832_overlap0.25_k5 r_sum 5 0.5838951915502548
seed20260832_overlap0.25_k5 r_sum 6 0.591156605631113
seed20260832_overlap0.25_k5 r_sum 7 0.5876049809157848
seed20260832_overlap0.25_k5 r_sum 8 0.598369225859642
seed20260832_overlap0.25_k5 r_sum 9 0.5952704437077045
seed20260832_overlap0.25_k5 r_sum 10 0.6006489377468824
seed20260832_overlap0.25_k5 r_sum 11 0.5855996496975422
seed20260832_overlap0.25_k5 r_sum 12 0.5913039706647396
seed20260832_overlap0.25_k5 centroid_ff 3 0.598082534968853
seed20260832_overlap0.25_k5 centroid_ff 4 0.5785709861665964
seed20260832_overlap0.25_k5 centroid_ff 5 0.5858851186931133
seed20260832_overlap0.25_k5 centroid_ff 6 0.5903954207897186
seed20260832_overlap0.25_k5 centroid_ff 7 0.5871895104646683
seed20260832_overlap0.25_k5 centroid_ff 8 0.5851563066244125
seed20260832_overlap0.25_k5 centroid_ff 9 0.5937102735042572
seed20260832_overlap0.25_k5 centroid_ff 10 0.5988108273595572
seed20260832_overlap0.25_k5 centroid_ff 11 0.5779639286920428
seed20260832_overlap0.25_k5 centroid_ff 12 0.5747174229472876
seed20260832_overlap0.25_k5 family_rank 3 0.5871644765138626
seed20260832_overlap0.25_k5 family_rank 4 0.5896857660263777
seed20260832_overlap0.25_k5 family_rank 5 0.5926395300775766
seed20260832_overlap0.25_k5 family_rank 6 0.592392809689045
seed20260832_overlap0.25_k5 family_rank 7 0.5870480127632618
seed20260832_overlap0.25_k5 family_rank 8 0.5979015659540892
seed20260832_overlap0.25_k5 family_rank 9 0.5981059819459915
seed20260832_overlap0.25_k5 family_rank 10 0.5931458175182343
seed20260832_overlap0.25_k5 family_rank 11 0.5774695947766304
seed20260832_overlap0.25_k5 family_rank 12 0.5858333148062229
seed20260832_overlap0.25_k5 random_0 3 0.5764591675251722
seed20260832_overlap0.25_k5 random_0 4 0.594763221219182
seed20260832_overlap0.25_k5 random_0 5 0.5876567922532558
seed20260832_overlap0.25_k5 random_0 6 0.5878335265442729
seed20260832_overlap0.25_k5 random_0 7 0.5832667518407106
seed20260832_overlap0.25_k5 random_0 8 0.5945218503475189
seed20260832_overlap0.25_k5 random_0 9 0.5768068619072437
seed20260832_overlap0.25_k5 random_0 10 0.5935412850230932
seed20260832_overlap0.25_k5 random_0 11 0.5730375293642282
seed20260832_overlap0.25_k5 random_0 12 0.5761050842702389
seed20260832_overlap0.25_k5 random_1 3 0.5877626668661833
seed20260832_overlap0.25_k5 random_1 4 0.5889200903475285
seed20260832_overlap0.25_k5 random_1 5 0.5882698651403189
seed20260832_overlap0.25_k5 random_1 6 0.5830850228667259
seed20260832_overlap0.25_k5 random_1 7 0.5799711793661118
seed20260832_overlap0.25_k5 random_1 8 0.5847289338707924
seed20260832_overlap0.25_k5 random_1 9 0.5791333913803101
seed20260832_overlap0.25_k5 random_1 10 0.5861470624804497
seed20260832_overlap0.25_k5 random_1 11 0.5650530820712447
seed20260832_overlap0.25_k5 random_1 12 0.5851117055863142
seed20260832_overlap0.25_k5 random_2 3 0.5916711557656527
seed20260832_overlap0.25_k5 random_2 4 0.5859988145530224
seed20260832_overlap0.25_k5 random_2 5 0.5939267110079527
seed20260832_overlap0.25_k5 random_2 6 0.5931136272847652
seed20260832_overlap0.25_k5 random_2 7 0.589984156191349
seed20260832_overlap0.25_k5 random_2 8 0.5912946201860905
seed20260832_overlap0.25_k5 random_2 9 0.5890657939016819
seed20260832_overlap0.25_k5 random_2 10 0.58681970089674
seed20260832_overlap0.25_k5 random_2 11 0.578416695818305
seed20260832_overlap0.25_k5 random_2 12 0.5840308209881186
seed20260832_overlap0.25_k5 random_3 3 0.5825616922229528
seed20260832_overlap0.25_k5 random_3 4 0.5944166574627161
seed20260832_overlap0.25_k5 random_3 5 0.5990025140345097
seed20260832_overlap0.25_k5 random_3 6 0.5848025409504771
seed20260832_overlap0.25_k5 random_3 7 0.5766637399792671
seed20260832_overlap0.25_k5 random_3 8 0.5938494727015495
seed20260832_overlap0.25_k5 random_3 9 0.6035922784358263
seed20260832_overlap0.25_k5 random_3 10 0.5907324207946658
seed20260832_overlap0.25_k5 random_3 11 0.5739887617528439
seed20260832_overlap0.25_k5 random_3 12 0.5739452466368675
seed20260832_overlap0.25_k5 random_4 3 0.5818653423339128
seed20260832_overlap0.25_k5 random_4 4 0.5703238025307655
seed20260832_overlap0.25_k5 random_4 5 0.5963988229632378
seed20260832_overlap0.25_k5 random_4 6 0.5746060404926538
seed20260832_overlap0.25_k5 random_4 7 0.5700144832953811
seed20260832_overlap0.25_k5 random_4 8 0.5984844993799925
seed20260832_overlap0.25_k5 random_4 9 0.5982847725972533
seed20260832_overlap0.25_k5 random_4 10 0.5880679301917553
seed20260832_overlap0.25_k5 random_4 11 0.5649869292974472
seed20260832_overlap0.25_k5 random_4 12 0.5730007346719503
seed20260832_overlap0.75_k5 collapse 3 0.5645980536937714
seed20260832_overlap0.75_k5 collapse 4 0.5907674189656973
seed20260832_overlap0.75_k5 collapse 5 0.5863199476152658
seed20260832_overlap0.75_k5 collapse 6 0.6019774712622166
seed20260832_overlap0.75_k5 collapse 7 0.5777965728193521
seed20260832_overlap0.75_k5 collapse 8 0.5980300828814507
seed20260832_overlap0.75_k5 collapse 9 0.5966915786266327
seed20260832_overlap0.75_k5 collapse 10 0.600683307275176
seed20260832_overlap0.75_k5 collapse 11 0.5906980587169528
seed20260832_overlap0.75_k5 collapse 12 0.5716234445571899
seed20260832_overlap0.75_k5 r_sum 3 0.5847602784633636
seed20260832_overlap0.75_k5 r_sum 4 0.581434871070087
seed20260832_overlap0.75_k5 r_sum 5 0.5829205233603716
seed20260832_overlap0.75_k5 r_sum 6 0.5983321256935596
seed20260832_overlap0.75_k5 r_sum 7 0.5741156172007322
seed20260832_overlap0.75_k5 r_sum 8 0.5880585070699453
seed20260832_overlap0.75_k5 r_sum 9 0.5903199054300785
seed20260832_overlap0.75_k5 r_sum 10 0.6014216784387827
seed20260832_overlap0.75_k5 r_sum 11 0.5795648563653231
seed20260832_overlap0.75_k5 r_sum 12 0.5777507722377777
seed20260832_overlap0.75_k5 centroid_ff 3 0.5864842105656862
seed20260832_overlap0.75_k5 centroid_ff 4 0.5924503728747368
seed20260832_overlap0.75_k5 centroid_ff 5 0.5880296397954226
seed20260832_overlap0.75_k5 centroid_ff 6 0.5979179814457893
seed20260832_overlap0.75_k5 centroid_ff 7 0.5684735476970673
seed20260832_overlap0.75_k5 centroid_ff 8 0.5806050859391689
seed20260832_overlap0.75_k5 centroid_ff 9 0.5813407059758902
seed20260832_overlap0.75_k5 centroid_ff 10 0.5940676331520081
seed20260832_overlap0.75_k5 centroid_ff 11 0.5799160655587912
seed20260832_overlap0.75_k5 centroid_ff 12 0.570545656606555
seed20260832_overlap0.75_k5 family_rank 3 0.5869793631136417
seed20260832_overlap0.75_k5 family_rank 4 0.5923229847103357
seed20260832_overlap0.75_k5 family_rank 5 0.5971066579222679
seed20260832_overlap0.75_k5 family_rank 6 0.5917730955407023
seed20260832_overlap0.75_k5 family_rank 7 0.5779913906008005
seed20260832_overlap0.75_k5 family_rank 8 0.5895375031977892
seed20260832_overlap0.75_k5 family_rank 9 0.6013704836368561
seed20260832_overlap0.75_k5 family_rank 10 0.5911374948918819
seed20260832_overlap0.75_k5 family_rank 11 0.588473541662097
seed20260832_overlap0.75_k5 family_rank 12 0.5826692469418049
seed20260832_overlap0.75_k5 random_0 3 0.5616638660430908
seed20260832_overlap0.75_k5 random_0 4 0.5881632147356868
seed20260832_overlap0.75_k5 random_0 5 0.5737260244786739
seed20260832_overlap0.75_k5 random_0 6 0.5715758446604013
seed20260832_overlap0.75_k5 random_0 7 0.5591117953881621
seed20260832_overlap0.75_k5 random_0 8 0.5741723412647843
seed20260832_overlap0.75_k5 random_0 9 0.5714210197329521
seed20260832_overlap0.75_k5 random_0 10 0.5637058988213539
seed20260832_overlap0.75_k5 random_0 11 0.5649705771356821
seed20260832_overlap0.75_k5 random_0 12 0.5681922929361463
seed20260832_overlap0.75_k5 random_1 3 0.5769744012504816
seed20260832_overlap0.75_k5 random_1 4 0.5911795757710934
seed20260832_overlap0.75_k5 random_1 5 0.5797697957605124
seed20260832_overlap0.75_k5 random_1 6 0.5723739471286535
seed20260832_overlap0.75_k5 random_1 7 0.5711398106068373
seed20260832_overlap0.75_k5 random_1 8 0.5949371941387653
seed20260832_overlap0.75_k5 random_1 9 0.5713464133441448
seed20260832_overlap0.75_k5 random_1 10 0.598607269115746
seed20260832_overlap0.75_k5 random_1 11 0.5584240350872278
seed20260832_overlap0.75_k5 random_1 12 0.5772112086415291
seed20260832_overlap0.75_k5 random_2 3 0.5921430950984359
seed20260832_overlap0.75_k5 random_2 4 0.5908393431454897
seed20260832_overlap0.75_k5 random_2 5 0.6005705986171961
seed20260832_overlap0.75_k5 random_2 6 0.5886807031929493
seed20260832_overlap0.75_k5 random_2 7 0.5947914626449347
seed20260832_overlap0.75_k5 random_2 8 0.594444990158081
seed20260832_overlap0.75_k5 random_2 9 0.5946543551981449
seed20260832_overlap0.75_k5 random_2 10 0.5822468250989914
seed20260832_overlap0.75_k5 random_2 11 0.5936462692916393
seed20260832_overlap0.75_k5 random_2 12 0.5935076624155045
seed20260832_overlap0.75_k5 random_3 3 0.5832724403589964
seed20260832_overlap0.75_k5 random_3 4 0.5811327919363976
seed20260832_overlap0.75_k5 random_3 5 0.5878478996455669
seed20260832_overlap0.75_k5 random_3 6 0.5992808118462563
seed20260832_overlap0.75_k5 random_3 7 0.581885851919651
seed20260832_overlap0.75_k5 random_3 8 0.5888821333646774
seed20260832_overlap0.75_k5 random_3 9 0.5857422985136509
seed20260832_overlap0.75_k5 random_3 10 0.5933183878660202
seed20260832_overlap0.75_k5 random_3 11 0.5837672557681799
seed20260832_overlap0.75_k5 random_3 12 0.5817124461755157
seed20260832_overlap0.75_k5 random_4 3 0.5886134393513203
seed20260832_overlap0.75_k5 random_4 4 0.5891084894537926
seed20260832_overlap0.75_k5 random_4 5 0.5961045026779175
seed20260832_overlap0.75_k5 random_4 6 0.5927674882113934
seed20260832_overlap0.75_k5 random_4 7 0.5863400176167488
seed20260832_overlap0.75_k5 random_4 8 0.6082534901797771
seed20260832_overlap0.75_k5 random_4 9 0.6003762409090996
seed20260832_overlap0.75_k5 random_4 10 0.5973395900800824
seed20260832_overlap0.75_k5 random_4 11 0.5843033455312252
seed20260832_overlap0.75_k5 random_4 12 0.5844897674396634
seed20260833_overlap0.25_k5 collapse 3 0.5830690730363131
seed20260833_overlap0.25_k5 collapse 4 0.5838800091296434
seed20260833_overlap0.25_k5 collapse 5 0.5888646319508553
seed20260833_overlap0.25_k5 collapse 6 0.6009518196806312
seed20260833_overlap0.25_k5 collapse 7 0.5921111740171909
seed20260833_overlap0.25_k5 collapse 8 0.5839387085288763
seed20260833_overlap0.25_k5 collapse 9 0.5975214634090662
seed20260833_overlap0.25_k5 collapse 10 0.6032737269997597
seed20260833_overlap0.25_k5 collapse 11 0.5783140901476145
seed20260833_overlap0.25_k5 collapse 12 0.5735016036778688
seed20260833_overlap0.25_k5 r_sum 3 0.5827543884515762
seed20260833_overlap0.25_k5 r_sum 4 0.5888249333947897
seed20260833_overlap0.25_k5 r_sum 5 0.587782209739089
seed20260833_overlap0.25_k5 r_sum 6 0.5941040366888046
seed20260833_overlap0.25_k5 r_sum 7 0.5761112459003925
seed20260833_overlap0.25_k5 r_sum 8 0.5897388160228729
seed20260833_overlap0.25_k5 r_sum 9 0.5938841113820672
seed20260833_overlap0.25_k5 r_sum 10 0.6114796157926321
seed20260833_overlap0.25_k5 r_sum 11 0.589674124494195
seed20260833_overlap0.25_k5 r_sum 12 0.5776530113071203
seed20260833_overlap0.25_k5 centroid_ff 3 0.5796389579772949
seed20260833_overlap0.25_k5 centroid_ff 4 0.5805356651544571
seed20260833_overlap0.25_k5 centroid_ff 5 0.5873812381178141
seed20260833_overlap0.25_k5 centroid_ff 6 0.5744104404002428
seed20260833_overlap0.25_k5 centroid_ff 7 0.584671700373292
seed20260833_overlap0.25_k5 centroid_ff 8 0.5874347649514675
seed20260833_overlap0.25_k5 centroid_ff 9 0.584933515638113
seed20260833_overlap0.25_k5 centroid_ff 10 0.602641835808754
seed20260833_overlap0.25_k5 centroid_ff 11 0.5942994616925716
seed20260833_overlap0.25_k5 centroid_ff 12 0.5922826807945967
seed20260833_overlap0.25_k5 family_rank 3 0.5906405746936798
seed20260833_overlap0.25_k5 family_rank 4 0.5874760951846838
seed20260833_overlap0.25_k5 family_rank 5 0.5965692736208439
seed20260833_overlap0.25_k5 family_rank 6 0.6094459947198629
seed20260833_overlap0.25_k5 family_rank 7 0.5752961691468954
seed20260833_overlap0.25_k5 family_rank 8 0.605634031817317
seed20260833_overlap0.25_k5 family_rank 9 0.5999209098517895
seed20260833_overlap0.25_k5 family_rank 10 0.6069571413099766
seed20260833_overlap0.25_k5 family_rank 11 0.5881703235208988
seed20260833_overlap0.25_k5 family_rank 12 0.5817038491368294
seed20260833_overlap0.25_k5 random_0 3 0.5845871223136783
seed20260833_overlap0.25_k5 random_0 4 0.5745999393984675
seed20260833_overlap0.25_k5 random_0 5 0.5745066851377487
seed20260833_overlap0.25_k5 random_0 6 0.5849762838333845
seed20260833_overlap0.25_k5 random_0 7 0.5664132460951805
seed20260833_overlap0.25_k5 random_0 8 0.5899327713996172
seed20260833_overlap0.25_k5 random_0 9 0.5851835012435913
seed20260833_overlap0.25_k5 random_0 10 0.6078842170536518
seed20260833_overlap0.25_k5 random_0 11 0.5781212672591209
seed20260833_overlap0.25_k5 random_0 12 0.5785291939973831
seed20260833_overlap0.25_k5 random_1 3 0.58981161005795
seed20260833_overlap0.25_k5 random_1 4 0.5771686844527721
seed20260833_overlap0.25_k5 random_1 5 0.5745292026549578
seed20260833_overlap0.25_k5 random_1 6 0.586291816085577
seed20260833_overlap0.25_k5 random_1 7 0.5683050155639648
seed20260833_overlap0.25_k5 random_1 8 0.5949623286724091
seed20260833_overlap0.25_k5 random_1 9 0.5935143548995256
seed20260833_overlap0.25_k5 random_1 10 0.5890877693891525
seed20260833_overlap0.25_k5 random_1 11 0.5641903728246689
seed20260833_overlap0.25_k5 random_1 12 0.5690295789390802
seed20260833_overlap0.25_k5 random_2 3 0.578571854159236
seed20260833_overlap0.25_k5 random_2 4 0.5959818670526147
seed20260833_overlap0.25_k5 random_2 5 0.594673752784729
seed20260833_overlap0.25_k5 random_2 6 0.5867614522576332
seed20260833_overlap0.25_k5 random_2 7 0.5978407878428698
seed20260833_overlap0.25_k5 random_2 8 0.6030004732310772
seed20260833_overlap0.25_k5 random_2 9 0.5960971042513847
seed20260833_overlap0.25_k5 random_2 10 0.6046659527346492
seed20260833_overlap0.25_k5 random_2 11 0.5783006325364113
seed20260833_overlap0.25_k5 random_2 12 0.5765380170196295
seed20260833_overlap0.25_k5 random_3 3 0.575497604906559
seed20260833_overlap0.25_k5 random_3 4 0.5840759333223104
seed20260833_overlap0.25_k5 random_3 5 0.5766225140541792
seed20260833_overlap0.25_k5 random_3 6 0.57514906860888
seed20260833_overlap0.25_k5 random_3 7 0.5718727149069309
seed20260833_overlap0.25_k5 random_3 8 0.5829315930604935
seed20260833_overlap0.25_k5 random_3 9 0.583204323425889
seed20260833_overlap0.25_k5 random_3 10 0.5863426299765706
seed20260833_overlap0.25_k5 random_3 11 0.5623000832274556
seed20260833_overlap0.25_k5 random_3 12 0.5855297315865755
seed20260833_overlap0.25_k5 random_4 3 0.5680340323597193
seed20260833_overlap0.25_k5 random_4 4 0.5806143702939153
seed20260833_overlap0.25_k5 random_4 5 0.5792529359459877
seed20260833_overlap0.25_k5 random_4 6 0.5736823491752148
seed20260833_overlap0.25_k5 random_4 7 0.5775822401046753
seed20260833_overlap0.25_k5 random_4 8 0.5917766373604536
seed20260833_overlap0.25_k5 random_4 9 0.5935961995273829
seed20260833_overlap0.25_k5 random_4 10 0.5710541494190693
seed20260833_overlap0.25_k5 random_4 11 0.5660983640700579
seed20260833_overlap0.25_k5 random_4 12 0.5666274446994066
seed20260833_overlap0.75_k5 collapse 3 0.5851542465388775
seed20260833_overlap0.75_k5 collapse 4 0.5942779434844851
seed20260833_overlap0.75_k5 collapse 5 0.5876939464360476
seed20260833_overlap0.75_k5 collapse 6 0.5999868810176849
seed20260833_overlap0.75_k5 collapse 7 0.5877831224352121
seed20260833_overlap0.75_k5 collapse 8 0.5853312630206347
seed20260833_overlap0.75_k5 collapse 9 0.5948556754738092
seed20260833_overlap0.75_k5 collapse 10 0.5977207627147436
seed20260833_overlap0.75_k5 collapse 11 0.5816034842282534
seed20260833_overlap0.75_k5 collapse 12 0.585615174844861
seed20260833_overlap0.75_k5 r_sum 3 0.5803630948066711
seed20260833_overlap0.75_k5 r_sum 4 0.5863721054047346
seed20260833_overlap0.75_k5 r_sum 5 0.5973167438060045
seed20260833_overlap0.75_k5 r_sum 6 0.59279958717525
seed20260833_overlap0.75_k5 r_sum 7 0.5737967118620872
seed20260833_overlap0.75_k5 r_sum 8 0.5838072597980499
seed20260833_overlap0.75_k5 r_sum 9 0.5923853553831577
seed20260833_overlap0.75_k5 r_sum 10 0.6020362209528685
seed20260833_overlap0.75_k5 r_sum 11 0.5815335940569639
seed20260833_overlap0.75_k5 r_sum 12 0.5859470590949059
seed20260833_overlap0.75_k5 centroid_ff 3 0.5796389579772949
seed20260833_overlap0.75_k5 centroid_ff 4 0.5805356651544571
seed20260833_overlap0.75_k5 centroid_ff 5 0.5873812381178141
seed20260833_overlap0.75_k5 centroid_ff 6 0.5737976962700486
seed20260833_overlap0.75_k5 centroid_ff 7 0.5852905120700598
seed20260833_overlap0.75_k5 centroid_ff 8 0.5874347649514675
seed20260833_overlap0.75_k5 centroid_ff 9 0.584933515638113
seed20260833_overlap0.75_k5 centroid_ff 10 0.602641835808754
seed20260833_overlap0.75_k5 centroid_ff 11 0.593012223020196
seed20260833_overlap0.75_k5 centroid_ff 12 0.5969778206199408
seed20260833_overlap0.75_k5 family_rank 3 0.5850448021665215
seed20260833_overlap0.75_k5 family_rank 4 0.6020083669573069
seed20260833_overlap0.75_k5 family_rank 5 0.5920765055343509
seed20260833_overlap0.75_k5 family_rank 6 0.5871575549244881
seed20260833_overlap0.75_k5 family_rank 7 0.5824913047254086
seed20260833_overlap0.75_k5 family_rank 8 0.5988089963793755
seed20260833_overlap0.75_k5 family_rank 9 0.5958521980792284
seed20260833_overlap0.75_k5 family_rank 10 0.599932724609971
seed20260833_overlap0.75_k5 family_rank 11 0.5956434337422252
seed20260833_overlap0.75_k5 family_rank 12 0.5814980082213879
seed20260833_overlap0.75_k5 random_0 3 0.5751763805747032
seed20260833_overlap0.75_k5 random_0 4 0.5793416034430265
seed20260833_overlap0.75_k5 random_0 5 0.5712002236396074
seed20260833_overlap0.75_k5 random_0 6 0.5823633391410112
seed20260833_overlap0.75_k5 random_0 7 0.5700011514127254
seed20260833_overlap0.75_k5 random_0 8 0.5744227170944214
seed20260833_overlap0.75_k5 random_0 9 0.5814246963709593
seed20260833_overlap0.75_k5 random_0 10 0.5772695224732161
seed20260833_overlap0.75_k5 random_0 11 0.5747727863490582
seed20260833_overlap0.75_k5 random_0 12 0.5690719913691282
seed20260833_overlap0.75_k5 random_1 3 0.5899115828797221
seed20260833_overlap0.75_k5 random_1 4 0.5896594543009996
seed20260833_overlap0.75_k5 random_1 5 0.5835565812885761
seed20260833_overlap0.75_k5 random_1 6 0.5877438932657242
seed20260833_overlap0.75_k5 random_1 7 0.5874694343656301
seed20260833_overlap0.75_k5 random_1 8 0.6082789078354836
seed20260833_overlap0.75_k5 random_1 9 0.5878511406481266
seed20260833_overlap0.75_k5 random_1 10 0.5966098252683878
seed20260833_overlap0.75_k5 random_1 11 0.5784830693155527
seed20260833_overlap0.75_k5 random_1 12 0.5802791472524405
seed20260833_overlap0.75_k5 random_2 3 0.5895481109619141
seed20260833_overlap0.75_k5 random_2 4 0.5814382284879684
seed20260833_overlap0.75_k5 random_2 5 0.5919077694416046
seed20260833_overlap0.75_k5 random_2 6 0.5780145488679409
seed20260833_overlap0.75_k5 random_2 7 0.5809322353452444
seed20260833_overlap0.75_k5 random_2 8 0.5903320759534836
seed20260833_overlap0.75_k5 random_2 9 0.5798552110791206
seed20260833_overlap0.75_k5 random_2 10 0.5895821005105972
seed20260833_overlap0.75_k5 random_2 11 0.5794206177815795
seed20260833_overlap0.75_k5 random_2 12 0.5778101645410061
seed20260833_overlap0.75_k5 random_3 3 0.5889101065695286
seed20260833_overlap0.75_k5 random_3 4 0.5741512328386307
seed20260833_overlap0.75_k5 random_3 5 0.5749453324824572
seed20260833_overlap0.75_k5 random_3 6 0.5780476946383715
seed20260833_overlap0.75_k5 random_3 7 0.5703237187117338
seed20260833_overlap0.75_k5 random_3 8 0.5824255328625441
seed20260833_overlap0.75_k5 random_3 9 0.5778340809047222
seed20260833_overlap0.75_k5 random_3 10 0.5953250862658024
seed20260833_overlap0.75_k5 random_3 11 0.5695343185216188
seed20260833_overlap0.75_k5 random_3 12 0.5703652920201421
seed20260833_overlap0.75_k5 random_4 3 0.583487069234252
seed20260833_overlap0.75_k5 random_4 4 0.5854491582140326
seed20260833_overlap0.75_k5 random_4 5 0.5781281683593988
seed20260833_overlap0.75_k5 random_4 6 0.5771620087325573
seed20260833_overlap0.75_k5 random_4 7 0.5735818818211555
seed20260833_overlap0.75_k5 random_4 8 0.5833410983905196
seed20260833_overlap0.75_k5 random_4 9 0.5899320747703314
seed20260833_overlap0.75_k5 random_4 10 0.6011565197259188
seed20260833_overlap0.75_k5 random_4 11 0.5805371813476086
seed20260833_overlap0.75_k5 random_4 12 0.5865463502705097
