[W901 14:48:49.985188524 compiler_depend.ts:250] Warning: CAUTION: The operator 'aten::_linalg_solve_ex.result' is not currently supported on the NPU backend and will fall back to run on the CPU. This may have performance implications. (function npu_cpu_fallback)
seed20260831_overlap0.50_k3 collapse 3 0.583663135766983
seed20260831_overlap0.50_k3 collapse 4 0.603043831884861
seed20260831_overlap0.50_k3 collapse 5 0.592622671276331
seed20260831_overlap0.50_k3 collapse 6 0.5872560208663344
seed20260831_overlap0.50_k3 collapse 7 0.5896641612052917
seed20260831_overlap0.50_k3 collapse 8 0.592235054820776
seed20260831_overlap0.50_k3 collapse 9 0.5993998795747757
seed20260831_overlap0.50_k3 collapse 10 0.6049365848302841
seed20260831_overlap0.50_k3 collapse 11 0.5936586260795593
seed20260831_overlap0.50_k3 collapse 12 0.5871399864554405
seed20260831_overlap0.50_k3 r_sum 3 0.5933423321694136
seed20260831_overlap0.50_k3 r_sum 4 0.5953839048743248
seed20260831_overlap0.50_k3 r_sum 5 0.5846371408551931
seed20260831_overlap0.50_k3 r_sum 6 0.6024316865950823
seed20260831_overlap0.50_k3 r_sum 7 0.5783849451690912
seed20260831_overlap0.50_k3 r_sum 8 0.584304777905345
seed20260831_overlap0.50_k3 r_sum 9 0.5948575902730227
seed20260831_overlap0.50_k3 r_sum 10 0.5878068525344133
seed20260831_overlap0.50_k3 r_sum 11 0.5761905563995242
seed20260831_overlap0.50_k3 r_sum 12 0.5908955410122871
seed20260831_overlap0.50_k3 centroid_ff 3 0.5905567165464163
seed20260831_overlap0.50_k3 centroid_ff 4 0.5934446947649121
seed20260831_overlap0.50_k3 centroid_ff 5 0.5863643363118172
seed20260831_overlap0.50_k3 centroid_ff 6 0.5941027905791998
seed20260831_overlap0.50_k3 centroid_ff 7 0.5846043359488249
seed20260831_overlap0.50_k3 centroid_ff 8 0.5992557499557734
seed20260831_overlap0.50_k3 centroid_ff 9 0.582683514803648
seed20260831_overlap0.50_k3 centroid_ff 10 0.5971978064626455
seed20260831_overlap0.50_k3 centroid_ff 11 0.5748069044202566
seed20260831_overlap0.50_k3 centroid_ff 12 0.5637465063482523
seed20260831_overlap0.50_k3 family_rank 3 0.5872642267495394
seed20260831_overlap0.50_k3 family_rank 4 0.5909408051520586
seed20260831_overlap0.50_k3 family_rank 5 0.5985054690390825
seed20260831_overlap0.50_k3 family_rank 6 0.5927673168480396
seed20260831_overlap0.50_k3 family_rank 7 0.5934849269688129
seed20260831_overlap0.50_k3 family_rank 8 0.5930304620414972
seed20260831_overlap0.50_k3 family_rank 9 0.5998810585588217
seed20260831_overlap0.50_k3 family_rank 10 0.6005394794046879
seed20260831_overlap0.50_k3 family_rank 11 0.5858398415148258
seed20260831_overlap0.50_k3 family_rank 12 0.5824261009693146
seed20260831_overlap0.50_k3 random_0 3 0.5827023945748806
seed20260831_overlap0.50_k3 random_0 4 0.5767523106187582
seed20260831_overlap0.50_k3 random_0 5 0.5800093710422516
seed20260831_overlap0.50_k3 random_0 6 0.5660190917551517
seed20260831_overlap0.50_k3 random_0 7 0.5657330537214875
seed20260831_overlap0.50_k3 random_0 8 0.5789768360555172
seed20260831_overlap0.50_k3 random_0 9 0.5647557433694601
seed20260831_overlap0.50_k3 random_0 10 0.5739952372387052
seed20260831_overlap0.50_k3 random_0 11 0.5678936513140798
seed20260831_overlap0.50_k3 random_0 12 0.5699486946687102
seed20260831_overlap0.50_k3 random_1 3 0.5721130017191172
seed20260831_overlap0.50_k3 random_1 4 0.5891067376360297
seed20260831_overlap0.50_k3 random_1 5 0.588553199544549
seed20260831_overlap0.50_k3 random_1 6 0.5799041511490941
seed20260831_overlap0.50_k3 random_1 7 0.5749557111412287
seed20260831_overlap0.50_k3 random_1 8 0.5941953016445041
seed20260831_overlap0.50_k3 random_1 9 0.5730698145925999
seed20260831_overlap0.50_k3 random_1 10 0.5791668174788356
seed20260831_overlap0.50_k3 random_1 11 0.569884167984128
seed20260831_overlap0.50_k3 random_1 12 0.5820069564506412
seed20260831_overlap0.50_k3 random_2 3 0.5751270987093449
seed20260831_overlap0.50_k3 random_2 4 0.5764616653323174
seed20260831_overlap0.50_k3 random_2 5 0.574732718989253
seed20260831_overlap0.50_k3 random_2 6 0.5798184294253588
seed20260831_overlap0.50_k3 random_2 7 0.5811856016516685
seed20260831_overlap0.50_k3 random_2 8 0.5754315908998251
seed20260831_overlap0.50_k3 random_2 9 0.5848138574510813
seed20260831_overlap0.50_k3 random_2 10 0.5852629579603672
seed20260831_overlap0.50_k3 random_2 11 0.5742691401392221
seed20260831_overlap0.50_k3 random_2 12 0.5759222246706486
seed20260831_overlap0.50_k3 random_3 3 0.5915532931685448
seed20260831_overlap0.50_k3 random_3 4 0.5828770864754915
seed20260831_overlap0.50_k3 random_3 5 0.5905991829931736
seed20260831_overlap0.50_k3 random_3 6 0.5822511836886406
seed20260831_overlap0.50_k3 random_3 7 0.5783265084028244
seed20260831_overlap0.50_k3 random_3 8 0.5879719089716673
seed20260831_overlap0.50_k3 random_3 9 0.5880430527031422
seed20260831_overlap0.50_k3 random_3 10 0.5886173713952303
seed20260831_overlap0.50_k3 random_3 11 0.5804277528077364
seed20260831_overlap0.50_k3 random_3 12 0.5702907238155603
seed20260831_overlap0.50_k3 random_4 3 0.5802187491208315
seed20260831_overlap0.50_k3 random_4 4 0.5803637793287635
seed20260831_overlap0.50_k3 random_4 5 0.5931651573628187
seed20260831_overlap0.50_k3 random_4 6 0.5640060054138303
seed20260831_overlap0.50_k3 random_4 7 0.5710815340280533
seed20260831_overlap0.50_k3 random_4 8 0.5830617249011993
seed20260831_overlap0.50_k3 random_4 9 0.5814891010522842
seed20260831_overlap0.50_k3 random_4 10 0.5961185861378908
seed20260831_overlap0.50_k3 random_4 11 0.560979176312685
seed20260831_overlap0.50_k3 random_4 12 0.5799682773649693
seed20260831_overlap1.00_k3 collapse 3 0.5993318241089582
seed20260831_overlap1.00_k3 collapse 4 0.5854927580803633
seed20260831_overlap1.00_k3 collapse 5 0.5917929634451866
seed20260831_overlap1.00_k3 collapse 6 0.5882456637918949
seed20260831_overlap1.00_k3 collapse 7 0.5880644517019391
seed20260831_overlap1.00_k3 collapse 8 0.5948070511221886
seed20260831_overlap1.00_k3 collapse 9 0.5966610740870237
seed20260831_overlap1.00_k3 collapse 10 0.6051698559895158
seed20260831_overlap1.00_k3 collapse 11 0.5836896589025855
seed20260831_overlap1.00_k3 collapse 12 0.5850409008562565
seed20260831_overlap1.00_k3 r_sum 3 0.5771564114838839
seed20260831_overlap1.00_k3 r_sum 4 0.5940998112782836
seed20260831_overlap1.00_k3 r_sum 5 0.5848511680960655
seed20260831_overlap1.00_k3 r_sum 6 0.587054792791605
seed20260831_overlap1.00_k3 r_sum 7 0.5880001410841942
seed20260831_overlap1.00_k3 r_sum 8 0.5944531932473183
seed20260831_overlap1.00_k3 r_sum 9 0.5977614335715771
seed20260831_overlap1.00_k3 r_sum 10 0.5989051284268498
seed20260831_overlap1.00_k3 r_sum 11 0.5680013447999954
seed20260831_overlap1.00_k3 r_sum 12 0.5874438043683767
seed20260831_overlap1.00_k3 centroid_ff 3 0.5877144075930119
seed20260831_overlap1.00_k3 centroid_ff 4 0.6046137288212776
seed20260831_overlap1.00_k3 centroid_ff 5 0.5877173244953156
seed20260831_overlap1.00_k3 centroid_ff 6 0.5796217508614063
seed20260831_overlap1.00_k3 centroid_ff 7 0.5924453530460596
seed20260831_overlap1.00_k3 centroid_ff 8 0.5810468420386314
seed20260831_overlap1.00_k3 centroid_ff 9 0.5912528466433287
seed20260831_overlap1.00_k3 centroid_ff 10 0.5877411067485809
seed20260831_overlap1.00_k3 centroid_ff 11 0.5929048638790846
seed20260831_overlap1.00_k3 centroid_ff 12 0.5780511135235429
seed20260831_overlap1.00_k3 family_rank 3 0.5923146493732929
seed20260831_overlap1.00_k3 family_rank 4 0.6087382100522518
seed20260831_overlap1.00_k3 family_rank 5 0.5885570365935564
seed20260831_overlap1.00_k3 family_rank 6 0.5748165920376778
seed20260831_overlap1.00_k3 family_rank 7 0.587346438318491
seed20260831_overlap1.00_k3 family_rank 8 0.5838199807330966
seed20260831_overlap1.00_k3 family_rank 9 0.5944060366600752
seed20260831_overlap1.00_k3 family_rank 10 0.6079004853963852
seed20260831_overlap1.00_k3 family_rank 11 0.5773631911724806
seed20260831_overlap1.00_k3 family_rank 12 0.576009095646441
seed20260831_overlap1.00_k3 random_0 3 0.5722256163135171
seed20260831_overlap1.00_k3 random_0 4 0.5859257318079472
seed20260831_overlap1.00_k3 random_0 5 0.597949804738164
seed20260831_overlap1.00_k3 random_0 6 0.5862619467079639
seed20260831_overlap1.00_k3 random_0 7 0.578752270899713
seed20260831_overlap1.00_k3 random_0 8 0.5799188241362572
seed20260831_overlap1.00_k3 random_0 9 0.5686607379466295
seed20260831_overlap1.00_k3 random_0 10 0.601063460111618
seed20260831_overlap1.00_k3 random_0 11 0.5898745954036713
seed20260831_overlap1.00_k3 random_0 12 0.5661754216998816
seed20260831_overlap1.00_k3 random_1 3 0.5741621432825923
seed20260831_overlap1.00_k3 random_1 4 0.5764279356226325
seed20260831_overlap1.00_k3 random_1 5 0.5774034708738327
seed20260831_overlap1.00_k3 random_1 6 0.5852862615138292
seed20260831_overlap1.00_k3 random_1 7 0.5817934982478619
seed20260831_overlap1.00_k3 random_1 8 0.590452816337347
seed20260831_overlap1.00_k3 random_1 9 0.5864036902785301
seed20260831_overlap1.00_k3 random_1 10 0.588102575391531
seed20260831_overlap1.00_k3 random_1 11 0.5724871065467596
seed20260831_overlap1.00_k3 random_1 12 0.5880414796993136
seed20260831_overlap1.00_k3 random_2 3 0.5733729619532824
seed20260831_overlap1.00_k3 random_2 4 0.586733172647655
seed20260831_overlap1.00_k3 random_2 5 0.5841666534543037
seed20260831_overlap1.00_k3 random_2 6 0.5887534935027361
seed20260831_overlap1.00_k3 random_2 7 0.5727317528799176
seed20260831_overlap1.00_k3 random_2 8 0.5920740496367216
seed20260831_overlap1.00_k3 random_2 9 0.5918953530490398
seed20260831_overlap1.00_k3 random_2 10 0.579481715336442
seed20260831_overlap1.00_k3 random_2 11 0.5708765489980578
seed20260831_overlap1.00_k3 random_2 12 0.5744251608848572
seed20260831_overlap1.00_k3 random_3 3 0.5701052714139223
seed20260831_overlap1.00_k3 random_3 4 0.5616129711270332
seed20260831_overlap1.00_k3 random_3 5 0.5731688775122166
seed20260831_overlap1.00_k3 random_3 6 0.5720192082226276
seed20260831_overlap1.00_k3 random_3 7 0.5610280856490135
seed20260831_overlap1.00_k3 random_3 8 0.5766664519906044
seed20260831_overlap1.00_k3 random_3 9 0.5799371749162674
seed20260831_overlap1.00_k3 random_3 10 0.573264897800982
seed20260831_overlap1.00_k3 random_3 11 0.5606019385159016
seed20260831_overlap1.00_k3 random_3 12 0.5596620738506317
seed20260831_overlap1.00_k3 random_4 3 0.5688622556626797
seed20260831_overlap1.00_k3 random_4 4 0.5760215651243925
seed20260831_overlap1.00_k3 random_4 5 0.5844942014664412
seed20260831_overlap1.00_k3 random_4 6 0.579929780215025
seed20260831_overlap1.00_k3 random_4 7 0.5772127071395516
seed20260831_overlap1.00_k3 random_4 8 0.5851139146834612
seed20260831_overlap1.00_k3 random_4 9 0.581458505243063
seed20260831_overlap1.00_k3 random_4 10 0.5832226267084479
seed20260831_overlap1.00_k3 random_4 11 0.5742089785635471
seed20260831_overlap1.00_k3 random_4 12 0.5651484522968531
seed20260832_overlap0.50_k3 collapse 3 0.5882957810536027
seed20260832_overlap0.50_k3 collapse 4 0.5901147332042456
seed20260832_overlap0.50_k3 collapse 5 0.5920258387923241
seed20260832_overlap0.50_k3 collapse 6 0.586658613756299
seed20260832_overlap0.50_k3 collapse 7 0.5810937164351344
seed20260832_overlap0.50_k3 collapse 8 0.5892442744225264
seed20260832_overlap0.50_k3 collapse 9 0.5903091682121158
seed20260832_overlap0.50_k3 collapse 10 0.598587904125452
seed20260832_overlap0.50_k3 collapse 11 0.5788932032883167
seed20260832_overlap0.50_k3 collapse 12 0.5892913434654474
seed20260832_overlap0.50_k3 r_sum 3 0.5757537316530943
seed20260832_overlap0.50_k3 r_sum 4 0.5922557767480612
seed20260832_overlap0.50_k3 r_sum 5 0.5927624106407166
seed20260832_overlap0.50_k3 r_sum 6 0.5918214805424213
seed20260832_overlap0.50_k3 r_sum 7 0.585663678124547
seed20260832_overlap0.50_k3 r_sum 8 0.5896336995065212
seed20260832_overlap0.50_k3 r_sum 9 0.5994179882109165
seed20260832_overlap0.50_k3 r_sum 10 0.6096598748117685
seed20260832_overlap0.50_k3 r_sum 11 0.586500508710742
seed20260832_overlap0.50_k3 r_sum 12 0.5878678131848574
seed20260832_overlap0.50_k3 centroid_ff 3 0.5873859338462353
seed20260832_overlap0.50_k3 centroid_ff 4 0.5968896504491568
seed20260832_overlap0.50_k3 centroid_ff 5 0.5896454825997353
seed20260832_overlap0.50_k3 centroid_ff 6 0.5947841322049499
seed20260832_overlap0.50_k3 centroid_ff 7 0.5736164748668671
seed20260832_overlap0.50_k3 centroid_ff 8 0.5885007940232754
seed20260832_overlap0.50_k3 centroid_ff 9 0.5886443145573139
seed20260832_overlap0.50_k3 centroid_ff 10 0.5954984212294221
seed20260832_overlap0.50_k3 centroid_ff 11 0.5879172794520855
seed20260832_overlap0.50_k3 centroid_ff 12 0.5822320189327002
seed20260832_overlap0.50_k3 family_rank 3 0.5805752091109753
seed20260832_overlap0.50_k3 family_rank 4 0.5894140629097819
seed20260832_overlap0.50_k3 family_rank 5 0.5998218655586243
seed20260832_overlap0.50_k3 family_rank 6 0.5973677542060614
seed20260832_overlap0.50_k3 family_rank 7 0.5702643319964409
seed20260832_overlap0.50_k3 family_rank 8 0.5903737358748913
seed20260832_overlap0.50_k3 family_rank 9 0.5870977528393269
seed20260832_overlap0.50_k3 family_rank 10 0.6050816792994738
seed20260832_overlap0.50_k3 family_rank 11 0.5683310516178608
seed20260832_overlap0.50_k3 family_rank 12 0.585269620642066
seed20260832_overlap0.50_k3 random_0 3 0.5642873123288155
seed20260832_overlap0.50_k3 random_0 4 0.5898562278598547
seed20260832_overlap0.50_k3 random_0 5 0.5820521339774132
seed20260832_overlap0.50_k3 random_0 6 0.5903266947716475
seed20260832_overlap0.50_k3 random_0 7 0.5615196041762829
seed20260832_overlap0.50_k3 random_0 8 0.5881584957242012
seed20260832_overlap0.50_k3 random_0 9 0.5732005126774311
seed20260832_overlap0.50_k3 random_0 10 0.5878396229818463
seed20260832_overlap0.50_k3 random_0 11 0.5725722722709179
seed20260832_overlap0.50_k3 random_0 12 0.5744074638932943
seed20260832_overlap0.50_k3 random_1 3 0.572142843157053
seed20260832_overlap0.50_k3 random_1 4 0.5855567352846265
seed20260832_overlap0.50_k3 random_1 5 0.5939233228564262
seed20260832_overlap0.50_k3 random_1 6 0.597579350695014
seed20260832_overlap0.50_k3 random_1 7 0.5751030426472425
seed20260832_overlap0.50_k3 random_1 8 0.601109130308032
seed20260832_overlap0.50_k3 random_1 9 0.5869132801890373
seed20260832_overlap0.50_k3 random_1 10 0.5965024493634701
seed20260832_overlap0.50_k3 random_1 11 0.5762584283947945
seed20260832_overlap0.50_k3 random_1 12 0.5748336296528578
seed20260832_overlap0.50_k3 random_2 3 0.5747711267322302
seed20260832_overlap0.50_k3 random_2 4 0.5661023817956448
seed20260832_overlap0.50_k3 random_2 5 0.5779964923858643
seed20260832_overlap0.50_k3 random_2 6 0.5713408570736647
seed20260832_overlap0.50_k3 random_2 7 0.5838864520192146
seed20260832_overlap0.50_k3 random_2 8 0.5749719422310591
seed20260832_overlap0.50_k3 random_2 9 0.5788847412914038
seed20260832_overlap0.50_k3 random_2 10 0.5966119207441807
seed20260832_overlap0.50_k3 random_2 11 0.5833695754408836
seed20260832_overlap0.50_k3 random_2 12 0.57525335252285
seed20260832_overlap0.50_k3 random_3 3 0.5763623788952827
seed20260832_overlap0.50_k3 random_3 4 0.5788507517427206
seed20260832_overlap0.50_k3 random_3 5 0.582676162943244
seed20260832_overlap0.50_k3 random_3 6 0.5864352565258741
seed20260832_overlap0.50_k3 random_3 7 0.5833723992109299
seed20260832_overlap0.50_k3 random_3 8 0.5814692471176386
seed20260832_overlap0.50_k3 random_3 9 0.5847311392426491
seed20260832_overlap0.50_k3 random_3 10 0.5845546508207917
seed20260832_overlap0.50_k3 random_3 11 0.5820156494155526
seed20260832_overlap0.50_k3 random_3 12 0.5586455771699548
seed20260832_overlap0.50_k3 random_4 3 0.5859407586976886
seed20260832_overlap0.50_k3 random_4 4 0.5766413155943155
seed20260832_overlap0.50_k3 random_4 5 0.58628133777529
seed20260832_overlap0.50_k3 random_4 6 0.5856544990092516
seed20260832_overlap0.50_k3 random_4 7 0.5864954721182585
seed20260832_overlap0.50_k3 random_4 8 0.6027180217206478
seed20260832_overlap0.50_k3 random_4 9 0.578879477456212
seed20260832_overlap0.50_k3 random_4 10 0.5782734602689743
seed20260832_overlap0.50_k3 random_4 11 0.5592461451888084
seed20260832_overlap0.50_k3 random_4 12 0.5823583658784628
seed20260832_overlap1.00_k3 collapse 3 0.5837666681036353
seed20260832_overlap1.00_k3 collapse 4 0.58994085714221
seed20260832_overlap1.00_k3 collapse 5 0.5942323803901672
seed20260832_overlap1.00_k3 collapse 6 0.5891300560906529
seed20260832_overlap1.00_k3 collapse 7 0.5830336771905422
seed20260832_overlap1.00_k3 collapse 8 0.5890595838427544
seed20260832_overlap1.00_k3 collapse 9 0.5976699367165565
seed20260832_overlap1.00_k3 collapse 10 0.6027595289051533
seed20260832_overlap1.00_k3 collapse 11 0.6027255710214376
seed20260832_overlap1.00_k3 collapse 12 0.5895070983096957
seed20260832_overlap1.00_k3 r_sum 3 0.5892378017306328
seed20260832_overlap1.00_k3 r_sum 4 0.5877986764535308
seed20260832_overlap1.00_k3 r_sum 5 0.576598085463047
seed20260832_overlap1.00_k3 r_sum 6 0.6030228026211262
seed20260832_overlap1.00_k3 r_sum 7 0.5814518816769123
seed20260832_overlap1.00_k3 r_sum 8 0.5972839314490557
seed20260832_overlap1.00_k3 r_sum 9 0.5772754484787583
seed20260832_overlap1.00_k3 r_sum 10 0.601226014085114
seed20260832_overlap1.00_k3 r_sum 11 0.5845844969153404
seed20260832_overlap1.00_k3 r_sum 12 0.5826712474226952
seed20260832_overlap1.00_k3 centroid_ff 3 0.5873859338462353
seed20260832_overlap1.00_k3 centroid_ff 4 0.5968896504491568
seed20260832_overlap1.00_k3 centroid_ff 5 0.5896454825997353
seed20260832_overlap1.00_k3 centroid_ff 6 0.5947841322049499
seed20260832_overlap1.00_k3 centroid_ff 7 0.5736164748668671
seed20260832_overlap1.00_k3 centroid_ff 8 0.5885007940232754
seed20260832_overlap1.00_k3 centroid_ff 9 0.5886443145573139
seed20260832_overlap1.00_k3 centroid_ff 10 0.5954984212294221
seed20260832_overlap1.00_k3 centroid_ff 11 0.5879172794520855
seed20260832_overlap1.00_k3 centroid_ff 12 0.5822320189327002
seed20260832_overlap1.00_k3 family_rank 3 0.5871933903545141
seed20260832_overlap1.00_k3 family_rank 4 0.5832108948379755
seed20260832_overlap1.00_k3 family_rank 5 0.5929053444415331
seed20260832_overlap1.00_k3 family_rank 6 0.596235103905201
seed20260832_overlap1.00_k3 family_rank 7 0.5753814205527306
seed20260832_overlap1.00_k3 family_rank 8 0.5877065639942884
seed20260832_overlap1.00_k3 family_rank 9 0.601118927821517
seed20260832_overlap1.00_k3 family_rank 10 0.6027832394465804
seed20260832_overlap1.00_k3 family_rank 11 0.5827321261167526
seed20260832_overlap1.00_k3 family_rank 12 0.5903446972370148
seed20260832_overlap1.00_k3 random_0 3 0.5952047733590007
seed20260832_overlap1.00_k3 random_0 4 0.5858347099274397
seed20260832_overlap1.00_k3 random_0 5 0.5957184620201588
seed20260832_overlap1.00_k3 random_0 6 0.5985225159674883
seed20260832_overlap1.00_k3 random_0 7 0.5830457154661417
seed20260832_overlap1.00_k3 random_0 8 0.5855233762413263
seed20260832_overlap1.00_k3 random_0 9 0.5941429119557142
seed20260832_overlap1.00_k3 random_0 10 0.605014756321907
seed20260832_overlap1.00_k3 random_0 11 0.5817923359572887
seed20260832_overlap1.00_k3 random_0 12 0.5796939507126808
seed20260832_overlap1.00_k3 random_1 3 0.5736105162650347
seed20260832_overlap1.00_k3 random_1 4 0.5841443128883839
seed20260832_overlap1.00_k3 random_1 5 0.5862653534859419
seed20260832_overlap1.00_k3 random_1 6 0.5860110446810722
seed20260832_overlap1.00_k3 random_1 7 0.5605336744338274
seed20260832_overlap1.00_k3 random_1 8 0.5978626366704702
seed20260832_overlap1.00_k3 random_1 9 0.5795168420299888
seed20260832_overlap1.00_k3 random_1 10 0.587517473846674
seed20260832_overlap1.00_k3 random_1 11 0.5774741722270846
seed20260832_overlap1.00_k3 random_1 12 0.5729232057929039
seed20260832_overlap1.00_k3 random_2 3 0.5781126171350479
seed20260832_overlap1.00_k3 random_2 4 0.5819971077144146
seed20260832_overlap1.00_k3 random_2 5 0.5864311698824167
seed20260832_overlap1.00_k3 random_2 6 0.572356715798378
seed20260832_overlap1.00_k3 random_2 7 0.5707906279712915
seed20260832_overlap1.00_k3 random_2 8 0.5946315415203571
seed20260832_overlap1.00_k3 random_2 9 0.5870600892230868
seed20260832_overlap1.00_k3 random_2 10 0.5949840163812041
seed20260832_overlap1.00_k3 random_2 11 0.5852992972359061
seed20260832_overlap1.00_k3 random_2 12 0.5742605878040195
seed20260832_overlap1.00_k3 random_3 3 0.5655725207179785
seed20260832_overlap1.00_k3 random_3 4 0.5753623098134995
seed20260832_overlap1.00_k3 random_3 5 0.58551025390625
seed20260832_overlap1.00_k3 random_3 6 0.5714191645383835
seed20260832_overlap1.00_k3 random_3 7 0.5732739381492138
seed20260832_overlap1.00_k3 random_3 8 0.6037268377840519
seed20260832_overlap1.00_k3 random_3 9 0.5730921607464552
seed20260832_overlap1.00_k3 random_3 10 0.580411977134645
seed20260832_overlap1.00_k3 random_3 11 0.5828332845121622
seed20260832_overlap1.00_k3 random_3 12 0.5723366960883141
seed20260832_overlap1.00_k3 random_4 3 0.5881668962538242
seed20260832_overlap1.00_k3 random_4 4 0.5819495115429163
seed20260832_overlap1.00_k3 random_4 5 0.581424661912024
seed20260832_overlap1.00_k3 random_4 6 0.5803731586784124
seed20260832_overlap1.00_k3 random_4 7 0.5768235363066196
seed20260832_overlap1.00_k3 random_4 8 0.5928400717675686
seed20260832_overlap1.00_k3 random_4 9 0.5840598084032536
seed20260832_overlap1.00_k3 random_4 10 0.5915281418710947
seed20260832_overlap1.00_k3 random_4 11 0.573887282051146
seed20260832_overlap1.00_k3 random_4 12 0.5886724218726158
seed20260833_overlap0.50_k3 collapse 3 0.605374988168478
seed20260833_overlap0.50_k3 collapse 4 0.5938838003203273
seed20260833_overlap0.50_k3 collapse 5 0.5840111710131168
seed20260833_overlap0.50_k3 collapse 6 0.5906011015176773
seed20260833_overlap0.50_k3 collapse 7 0.5867854775860906
seed20260833_overlap0.50_k3 collapse 8 0.5916769430041313
seed20260833_overlap0.50_k3 collapse 9 0.5984564404934645
seed20260833_overlap0.50_k3 collapse 10 0.6073118727654219
seed20260833_overlap0.50_k3 collapse 11 0.5862770210951567
seed20260833_overlap0.50_k3 collapse 12 0.5928686019033194
seed20260833_overlap0.50_k3 r_sum 3 0.5944730266928673
seed20260833_overlap0.50_k3 r_sum 4 0.5845957072451711
seed20260833_overlap0.50_k3 r_sum 5 0.6096707284450531
seed20260833_overlap0.50_k3 r_sum 6 0.6008713869377971
seed20260833_overlap0.50_k3 r_sum 7 0.5784300165250897
seed20260833_overlap0.50_k3 r_sum 8 0.5927079692482948
seed20260833_overlap0.50_k3 r_sum 9 0.6043848991394043
seed20260833_overlap0.50_k3 r_sum 10 0.5918638221919537
seed20260833_overlap0.50_k3 r_sum 11 0.5801209360361099
seed20260833_overlap0.50_k3 r_sum 12 0.5862907078117132
seed20260833_overlap0.50_k3 centroid_ff 3 0.588459531776607
seed20260833_overlap0.50_k3 centroid_ff 4 0.5898463614284992
seed20260833_overlap0.50_k3 centroid_ff 5 0.5959625653922558
seed20260833_overlap0.50_k3 centroid_ff 6 0.5930446153506637
seed20260833_overlap0.50_k3 centroid_ff 7 0.5808931086212397
seed20260833_overlap0.50_k3 centroid_ff 8 0.6060837097465992
seed20260833_overlap0.50_k3 centroid_ff 9 0.6022816970944405
seed20260833_overlap0.50_k3 centroid_ff 10 0.604207918047905
seed20260833_overlap0.50_k3 centroid_ff 11 0.5769320530816913
seed20260833_overlap0.50_k3 centroid_ff 12 0.5753065291792154
seed20260833_overlap0.50_k3 family_rank 3 0.5891881193965673
seed20260833_overlap0.50_k3 family_rank 4 0.5797200696542859
seed20260833_overlap0.50_k3 family_rank 5 0.5891290865838528
seed20260833_overlap0.50_k3 family_rank 6 0.5909297838807106
seed20260833_overlap0.50_k3 family_rank 7 0.580144302919507
seed20260833_overlap0.50_k3 family_rank 8 0.6084419321268797
seed20260833_overlap0.50_k3 family_rank 9 0.5904811881482601
seed20260833_overlap0.50_k3 family_rank 10 0.6045158058404922
seed20260833_overlap0.50_k3 family_rank 11 0.5698704421520233
seed20260833_overlap0.50_k3 family_rank 12 0.5817111041396856
seed20260833_overlap0.50_k3 random_0 3 0.5897478088736534
seed20260833_overlap0.50_k3 random_0 4 0.5864204568788409
seed20260833_overlap0.50_k3 random_0 5 0.5683410745114088
seed20260833_overlap0.50_k3 random_0 6 0.57574806176126
seed20260833_overlap0.50_k3 random_0 7 0.5639300560578704
seed20260833_overlap0.50_k3 random_0 8 0.5784573946148157
seed20260833_overlap0.50_k3 random_0 9 0.567990880459547
seed20260833_overlap0.50_k3 random_0 10 0.5951525047421455
seed20260833_overlap0.50_k3 random_0 11 0.5667303875088692
seed20260833_overlap0.50_k3 random_0 12 0.5685487017035484
seed20260833_overlap0.50_k3 random_1 3 0.5912078823894262
seed20260833_overlap0.50_k3 random_1 4 0.6027138754725456
seed20260833_overlap0.50_k3 random_1 5 0.5975267980247736
seed20260833_overlap0.50_k3 random_1 6 0.5897824261337519
seed20260833_overlap0.50_k3 random_1 7 0.5833013458177447
seed20260833_overlap0.50_k3 random_1 8 0.5878975838422775
seed20260833_overlap0.50_k3 random_1 9 0.5889692585915327
seed20260833_overlap0.50_k3 random_1 10 0.598104577511549
seed20260833_overlap0.50_k3 random_1 11 0.5890036644414067
seed20260833_overlap0.50_k3 random_1 12 0.5861338190734386
seed20260833_overlap0.50_k3 random_2 3 0.5778432311490178
seed20260833_overlap0.50_k3 random_2 4 0.5818984471261501
seed20260833_overlap0.50_k3 random_2 5 0.5837571267038584
seed20260833_overlap0.50_k3 random_2 6 0.5827755965292454
seed20260833_overlap0.50_k3 random_2 7 0.5836005490273237
seed20260833_overlap0.50_k3 random_2 8 0.5883297445252538
seed20260833_overlap0.50_k3 random_2 9 0.5970836542546749
seed20260833_overlap0.50_k3 random_2 10 0.5879842434078455
seed20260833_overlap0.50_k3 random_2 11 0.5831311345100403
seed20260833_overlap0.50_k3 random_2 12 0.5801693722605705
seed20260833_overlap0.50_k3 random_3 3 0.5773667600005865
seed20260833_overlap0.50_k3 random_3 4 0.5752635970711708
seed20260833_overlap0.50_k3 random_3 5 0.5918552465736866
seed20260833_overlap0.50_k3 random_3 6 0.5881046652793884
seed20260833_overlap0.50_k3 random_3 7 0.5730374865233898
seed20260833_overlap0.50_k3 random_3 8 0.5873544663190842
seed20260833_overlap0.50_k3 random_3 9 0.5833733975887299
seed20260833_overlap0.50_k3 random_3 10 0.578036486171186
seed20260833_overlap0.50_k3 random_3 11 0.5714649176225066
seed20260833_overlap0.50_k3 random_3 12 0.5818877257406712
seed20260833_overlap0.50_k3 random_4 3 0.5798964574933052
seed20260833_overlap0.50_k3 random_4 4 0.5881974715739489
seed20260833_overlap0.50_k3 random_4 5 0.5700966250151396
seed20260833_overlap0.50_k3 random_4 6 0.5756285432726145
seed20260833_overlap0.50_k3 random_4 7 0.5757314898073673
seed20260833_overlap0.50_k3 random_4 8 0.5746793746948242
seed20260833_overlap0.50_k3 random_4 9 0.5745740085840225
seed20260833_overlap0.50_k3 random_4 10 0.58305455558002
seed20260833_overlap0.50_k3 random_4 11 0.5590224359184504
seed20260833_overlap0.50_k3 random_4 12 0.5750641599297523
seed20260833_overlap1.00_k3 collapse 3 0.583267206326127
seed20260833_overlap1.00_k3 collapse 4 0.5980396289378405
seed20260833_overlap1.00_k3 collapse 5 0.5880692284554243
seed20260833_overlap1.00_k3 collapse 6 0.5963624585419893
seed20260833_overlap1.00_k3 collapse 7 0.5859411675482988
seed20260833_overlap1.00_k3 collapse 8 0.5837768241763115
seed20260833_overlap1.00_k3 collapse 9 0.5970067884773016
seed20260833_overlap1.00_k3 collapse 10 0.6093737399205565
seed20260833_overlap1.00_k3 collapse 11 0.5871742758899927
seed20260833_overlap1.00_k3 collapse 12 0.5894711688160896
seed20260833_overlap1.00_k3 r_sum 3 0.5822938587516546
seed20260833_overlap1.00_k3 r_sum 4 0.5885188234969974
seed20260833_overlap1.00_k3 r_sum 5 0.6003311648964882
seed20260833_overlap1.00_k3 r_sum 6 0.5961802750825882
seed20260833_overlap1.00_k3 r_sum 7 0.5774371474981308
seed20260833_overlap1.00_k3 r_sum 8 0.5996823543682694
seed20260833_overlap1.00_k3 r_sum 9 0.6163313928991556
seed20260833_overlap1.00_k3 r_sum 10 0.5961973499506712
seed20260833_overlap1.00_k3 r_sum 11 0.5964909195899963
seed20260833_overlap1.00_k3 r_sum 12 0.5900670886039734
seed20260833_overlap1.00_k3 centroid_ff 3 0.588459531776607
seed20260833_overlap1.00_k3 centroid_ff 4 0.5898463614284992
seed20260833_overlap1.00_k3 centroid_ff 5 0.5959625653922558
seed20260833_overlap1.00_k3 centroid_ff 6 0.5930446153506637
seed20260833_overlap1.00_k3 centroid_ff 7 0.5808931086212397
seed20260833_overlap1.00_k3 centroid_ff 8 0.6060837097465992
seed20260833_overlap1.00_k3 centroid_ff 9 0.6022816970944405
seed20260833_overlap1.00_k3 centroid_ff 10 0.604207918047905
seed20260833_overlap1.00_k3 centroid_ff 11 0.5769320530816913
seed20260833_overlap1.00_k3 centroid_ff 12 0.5753065291792154
seed20260833_overlap1.00_k3 family_rank 3 0.5891881193965673
seed20260833_overlap1.00_k3 family_rank 4 0.5797200696542859
seed20260833_overlap1.00_k3 family_rank 5 0.5891290865838528
seed20260833_overlap1.00_k3 family_rank 6 0.5909297838807106
seed20260833_overlap1.00_k3 family_rank 7 0.580144302919507
seed20260833_overlap1.00_k3 family_rank 8 0.6084419321268797
seed20260833_overlap1.00_k3 family_rank 9 0.5904811881482601
seed20260833_overlap1.00_k3 family_rank 10 0.6051285490393639
seed20260833_overlap1.00_k3 family_rank 11 0.5698704421520233
seed20260833_overlap1.00_k3 family_rank 12 0.5817111041396856
seed20260833_overlap1.00_k3 random_0 3 0.5847446676343679
seed20260833_overlap1.00_k3 random_0 4 0.5911925472319126
seed20260833_overlap1.00_k3 random_0 5 0.5772678814828396
seed20260833_overlap1.00_k3 random_0 6 0.576329754665494
seed20260833_overlap1.00_k3 random_0 7 0.5777835128828883
seed20260833_overlap1.00_k3 random_0 8 0.5967830531299114
seed20260833_overlap1.00_k3 random_0 9 0.574823534116149
seed20260833_overlap1.00_k3 random_0 10 0.5874582529067993
seed20260833_overlap1.00_k3 random_0 11 0.5755562260746956
seed20260833_overlap1.00_k3 random_0 12 0.5808373168110847
seed20260833_overlap1.00_k3 random_1 3 0.568399234674871
seed20260833_overlap1.00_k3 random_1 4 0.5787471551448107
seed20260833_overlap1.00_k3 random_1 5 0.5847038812935352
seed20260833_overlap1.00_k3 random_1 6 0.5859474800527096
seed20260833_overlap1.00_k3 random_1 7 0.5710975639522076
seed20260833_overlap1.00_k3 random_1 8 0.5954248374328017
seed20260833_overlap1.00_k3 random_1 9 0.59192496817559
seed20260833_overlap1.00_k3 random_1 10 0.5833892915397882
seed20260833_overlap1.00_k3 random_1 11 0.5729113472625613
seed20260833_overlap1.00_k3 random_1 12 0.5582406651228666
seed20260833_overlap1.00_k3 random_2 3 0.5726512176916003
seed20260833_overlap1.00_k3 random_2 4 0.5955225517973304
seed20260833_overlap1.00_k3 random_2 5 0.5745247639715672
seed20260833_overlap1.00_k3 random_2 6 0.5773749258369207
seed20260833_overlap1.00_k3 random_2 7 0.5704847164452076
seed20260833_overlap1.00_k3 random_2 8 0.5864347331225872
seed20260833_overlap1.00_k3 random_2 9 0.5765350051224232
seed20260833_overlap1.00_k3 random_2 10 0.5864111296832561
seed20260833_overlap1.00_k3 random_2 11 0.5803242884576321
seed20260833_overlap1.00_k3 random_2 12 0.5632717795670033
seed20260833_overlap1.00_k3 random_3 3 0.5786649845540524
seed20260833_overlap1.00_k3 random_3 4 0.5800287947058678
seed20260833_overlap1.00_k3 random_3 5 0.5924487691372633
seed20260833_overlap1.00_k3 random_3 6 0.5816774778068066
seed20260833_overlap1.00_k3 random_3 7 0.5772863579913974
seed20260833_overlap1.00_k3 random_3 8 0.5913419760763645
seed20260833_overlap1.00_k3 random_3 9 0.5819757711142302
seed20260833_overlap1.00_k3 random_3 10 0.5849771369248629
seed20260833_overlap1.00_k3 random_3 11 0.5628520920872688
seed20260833_overlap1.00_k3 random_3 12 0.5760270431637764
seed20260833_overlap1.00_k3 random_4 3 0.5904053095728159
seed20260833_overlap1.00_k3 random_4 4 0.5994309261441231
seed20260833_overlap1.00_k3 random_4 5 0.595852205529809
seed20260833_overlap1.00_k3 random_4 6 0.6032738387584686
seed20260833_overlap1.00_k3 random_4 7 0.5901568308472633
seed20260833_overlap1.00_k3 random_4 8 0.6093950886279345
seed20260833_overlap1.00_k3 random_4 9 0.5875092446804047
seed20260833_overlap1.00_k3 random_4 10 0.5909979036077857
seed20260833_overlap1.00_k3 random_4 11 0.5881250482052565
seed20260833_overlap1.00_k3 random_4 12 0.5875923437997699
