[W901 14:49:02.842340314 compiler_depend.ts:250] Warning: CAUTION: The operator 'aten::_linalg_solve_ex.result' is not currently supported on the NPU backend and will fall back to run on the CPU. This may have performance implications. (function npu_cpu_fallback)
seed20260831_overlap0.50_k5 collapse 3 0.5927726831287146
seed20260831_overlap0.50_k5 collapse 4 0.5934189269319177
seed20260831_overlap0.50_k5 collapse 5 0.5863972119987011
seed20260831_overlap0.50_k5 collapse 6 0.58742231503129
seed20260831_overlap0.50_k5 collapse 7 0.5823861416429281
seed20260831_overlap0.50_k5 collapse 8 0.5836781691759825
seed20260831_overlap0.50_k5 collapse 9 0.6018357574939728
seed20260831_overlap0.50_k5 collapse 10 0.5942232012748718
seed20260831_overlap0.50_k5 collapse 11 0.583171084523201
seed20260831_overlap0.50_k5 collapse 12 0.5879677925258875
seed20260831_overlap0.50_k5 r_sum 3 0.5922255078330636
seed20260831_overlap0.50_k5 r_sum 4 0.595469806343317
seed20260831_overlap0.50_k5 r_sum 5 0.5971885342150927
seed20260831_overlap0.50_k5 r_sum 6 0.5975879821926355
seed20260831_overlap0.50_k5 r_sum 7 0.588674359023571
seed20260831_overlap0.50_k5 r_sum 8 0.5844565387815237
seed20260831_overlap0.50_k5 r_sum 9 0.5938686635345221
seed20260831_overlap0.50_k5 r_sum 10 0.6087557943537831
seed20260831_overlap0.50_k5 r_sum 11 0.5874571073800325
seed20260831_overlap0.50_k5 r_sum 12 0.5887836562469602
seed20260831_overlap0.50_k5 centroid_ff 3 0.5799446851015091
seed20260831_overlap0.50_k5 centroid_ff 4 0.5830372851341963
seed20260831_overlap0.50_k5 centroid_ff 5 0.5695286188274622
seed20260831_overlap0.50_k5 centroid_ff 6 0.5882184291258454
seed20260831_overlap0.50_k5 centroid_ff 7 0.5764201357960701
seed20260831_overlap0.50_k5 centroid_ff 8 0.5911819636821747
seed20260831_overlap0.50_k5 centroid_ff 9 0.590511854737997
seed20260831_overlap0.50_k5 centroid_ff 10 0.5989509280771017
seed20260831_overlap0.50_k5 centroid_ff 11 0.556716151535511
seed20260831_overlap0.50_k5 centroid_ff 12 0.5745482258498669
seed20260831_overlap0.50_k5 family_rank 3 0.5887657012790442
seed20260831_overlap0.50_k5 family_rank 4 0.5935850981622934
seed20260831_overlap0.50_k5 family_rank 5 0.5905267056077719
seed20260831_overlap0.50_k5 family_rank 6 0.6061231307685375
seed20260831_overlap0.50_k5 family_rank 7 0.5957549270242453
seed20260831_overlap0.50_k5 family_rank 8 0.594501556828618
seed20260831_overlap0.50_k5 family_rank 9 0.5921666137874126
seed20260831_overlap0.50_k5 family_rank 10 0.6034672632813454
seed20260831_overlap0.50_k5 family_rank 11 0.5723062176257372
seed20260831_overlap0.50_k5 family_rank 12 0.5832415502518415
seed20260831_overlap0.50_k5 random_0 3 0.5805928902700543
seed20260831_overlap0.50_k5 random_0 4 0.5697401519864798
seed20260831_overlap0.50_k5 random_0 5 0.57162912376225
seed20260831_overlap0.50_k5 random_0 6 0.576411796733737
seed20260831_overlap0.50_k5 random_0 7 0.582716554403305
seed20260831_overlap0.50_k5 random_0 8 0.5796445999294519
seed20260831_overlap0.50_k5 random_0 9 0.5912546552717686
seed20260831_overlap0.50_k5 random_0 10 0.579490166157484
seed20260831_overlap0.50_k5 random_0 11 0.5830396749079227
seed20260831_overlap0.50_k5 random_0 12 0.5772031880915165
seed20260831_overlap0.50_k5 random_1 3 0.5973933851346374
seed20260831_overlap0.50_k5 random_1 4 0.590848358348012
seed20260831_overlap0.50_k5 random_1 5 0.5783139858394861
seed20260831_overlap0.50_k5 random_1 6 0.5840091183781624
seed20260831_overlap0.50_k5 random_1 7 0.5937625952064991
seed20260831_overlap0.50_k5 random_1 8 0.5960957780480385
seed20260831_overlap0.50_k5 random_1 9 0.5875106155872345
seed20260831_overlap0.50_k5 random_1 10 0.5931482780724764
seed20260831_overlap0.50_k5 random_1 11 0.5920645445585251
seed20260831_overlap0.50_k5 random_1 12 0.5714876353740692
seed20260831_overlap0.50_k5 random_2 3 0.5882380176335573
seed20260831_overlap0.50_k5 random_2 4 0.5905384477227926
seed20260831_overlap0.50_k5 random_2 5 0.5869057923555374
seed20260831_overlap0.50_k5 random_2 6 0.5924827735871077
seed20260831_overlap0.50_k5 random_2 7 0.5889930948615074
seed20260831_overlap0.50_k5 random_2 8 0.5875534620136023
seed20260831_overlap0.50_k5 random_2 9 0.5915226172655821
seed20260831_overlap0.50_k5 random_2 10 0.6066867457702756
seed20260831_overlap0.50_k5 random_2 11 0.5809581726789474
seed20260831_overlap0.50_k5 random_2 12 0.5783102549612522
seed20260831_overlap0.50_k5 random_3 3 0.5908825304359198
seed20260831_overlap0.50_k5 random_3 4 0.5814835131168365
seed20260831_overlap0.50_k5 random_3 5 0.5831893607974052
seed20260831_overlap0.50_k5 random_3 6 0.5659026876091957
seed20260831_overlap0.50_k5 random_3 7 0.5719580389559269
seed20260831_overlap0.50_k5 random_3 8 0.5710114408284426
seed20260831_overlap0.50_k5 random_3 9 0.5762606747448444
seed20260831_overlap0.50_k5 random_3 10 0.5949935782700777
seed20260831_overlap0.50_k5 random_3 11 0.5793775729835033
seed20260831_overlap0.50_k5 random_3 12 0.5776467099785805
seed20260831_overlap0.50_k5 random_4 3 0.5804389752447605
seed20260831_overlap0.50_k5 random_4 4 0.5913292616605759
seed20260831_overlap0.50_k5 random_4 5 0.579069972038269
seed20260831_overlap0.50_k5 random_4 6 0.5907727107405663
seed20260831_overlap0.50_k5 random_4 7 0.571035398170352
seed20260831_overlap0.50_k5 random_4 8 0.5806646281853318
seed20260831_overlap0.50_k5 random_4 9 0.5825193542987108
seed20260831_overlap0.50_k5 random_4 10 0.5838387040421367
seed20260831_overlap0.50_k5 random_4 11 0.5954575333744287
seed20260831_overlap0.50_k5 random_4 12 0.5579790472984314
seed20260831_overlap1.00_k5 collapse 3 0.5996081251651049
seed20260831_overlap1.00_k5 collapse 4 0.5923640355467796
seed20260831_overlap1.00_k5 collapse 5 0.5900051537901163
seed20260831_overlap1.00_k5 collapse 6 0.5962405614554882
seed20260831_overlap1.00_k5 collapse 7 0.5776659529656172
seed20260831_overlap1.00_k5 collapse 8 0.5879404842853546
seed20260831_overlap1.00_k5 collapse 9 0.5856149215251207
seed20260831_overlap1.00_k5 collapse 10 0.6122886361554265
seed20260831_overlap1.00_k5 collapse 11 0.5794868879020214
seed20260831_overlap1.00_k5 collapse 12 0.5870785694569349
seed20260831_overlap1.00_k5 r_sum 3 0.5795227782800794
seed20260831_overlap1.00_k5 r_sum 4 0.587479967623949
seed20260831_overlap1.00_k5 r_sum 5 0.5900040855631232
seed20260831_overlap1.00_k5 r_sum 6 0.5917368642985821
seed20260831_overlap1.00_k5 r_sum 7 0.5922519005835056
seed20260831_overlap1.00_k5 r_sum 8 0.6026036962866783
seed20260831_overlap1.00_k5 r_sum 9 0.5912469625473022
seed20260831_overlap1.00_k5 r_sum 10 0.6028332430869341
seed20260831_overlap1.00_k5 r_sum 11 0.586940748617053
seed20260831_overlap1.00_k5 r_sum 12 0.5818336401134729
seed20260831_overlap1.00_k5 centroid_ff 3 0.5748332384973764
seed20260831_overlap1.00_k5 centroid_ff 4 0.6028347313404083
seed20260831_overlap1.00_k5 centroid_ff 5 0.5760715194046497
seed20260831_overlap1.00_k5 centroid_ff 6 0.5786626255139709
seed20260831_overlap1.00_k5 centroid_ff 7 0.5795697290450335
seed20260831_overlap1.00_k5 centroid_ff 8 0.5816132444888353
seed20260831_overlap1.00_k5 centroid_ff 9 0.6056128405034542
seed20260831_overlap1.00_k5 centroid_ff 10 0.5998997278511524
seed20260831_overlap1.00_k5 centroid_ff 11 0.5700119379907846
seed20260831_overlap1.00_k5 centroid_ff 12 0.5649888133630157
seed20260831_overlap1.00_k5 family_rank 3 0.5892091393470764
seed20260831_overlap1.00_k5 family_rank 4 0.5813266430050135
seed20260831_overlap1.00_k5 family_rank 5 0.5912674833089113
seed20260831_overlap1.00_k5 family_rank 6 0.5824299454689026
seed20260831_overlap1.00_k5 family_rank 7 0.5801675785332918
seed20260831_overlap1.00_k5 family_rank 8 0.5918669179081917
seed20260831_overlap1.00_k5 family_rank 9 0.598247766494751
seed20260831_overlap1.00_k5 family_rank 10 0.604259243234992
seed20260831_overlap1.00_k5 family_rank 11 0.5719775911420584
seed20260831_overlap1.00_k5 family_rank 12 0.5841033235192299
seed20260831_overlap1.00_k5 random_0 3 0.5753727443516254
seed20260831_overlap1.00_k5 random_0 4 0.578427417203784
seed20260831_overlap1.00_k5 random_0 5 0.5785912498831749
seed20260831_overlap1.00_k5 random_0 6 0.5819791685789824
seed20260831_overlap1.00_k5 random_0 7 0.5869997916743159
seed20260831_overlap1.00_k5 random_0 8 0.5872093811631203
seed20260831_overlap1.00_k5 random_0 9 0.5833265259861946
seed20260831_overlap1.00_k5 random_0 10 0.6050298046320677
seed20260831_overlap1.00_k5 random_0 11 0.5695548541843891
seed20260831_overlap1.00_k5 random_0 12 0.5723004005849361
seed20260831_overlap1.00_k5 random_1 3 0.5823425203561783
seed20260831_overlap1.00_k5 random_1 4 0.5864071436226368
seed20260831_overlap1.00_k5 random_1 5 0.5732512567192316
seed20260831_overlap1.00_k5 random_1 6 0.5779985291883349
seed20260831_overlap1.00_k5 random_1 7 0.5635442491620779
seed20260831_overlap1.00_k5 random_1 8 0.5739124901592731
seed20260831_overlap1.00_k5 random_1 9 0.5712193204089999
seed20260831_overlap1.00_k5 random_1 10 0.585058931261301
seed20260831_overlap1.00_k5 random_1 11 0.5770598743110895
seed20260831_overlap1.00_k5 random_1 12 0.5701404782012105
seed20260831_overlap1.00_k5 random_2 3 0.5820864727720618
seed20260831_overlap1.00_k5 random_2 4 0.5872417315840721
seed20260831_overlap1.00_k5 random_2 5 0.5875625647604465
seed20260831_overlap1.00_k5 random_2 6 0.5783911664038897
seed20260831_overlap1.00_k5 random_2 7 0.5819341968744993
seed20260831_overlap1.00_k5 random_2 8 0.5871440023183823
seed20260831_overlap1.00_k5 random_2 9 0.581313993781805
seed20260831_overlap1.00_k5 random_2 10 0.5823306543752551
seed20260831_overlap1.00_k5 random_2 11 0.5800175797194242
seed20260831_overlap1.00_k5 random_2 12 0.5887654302641749
seed20260831_overlap1.00_k5 random_3 3 0.5757830003276467
seed20260831_overlap1.00_k5 random_3 4 0.5740028508007526
seed20260831_overlap1.00_k5 random_3 5 0.558394830673933
seed20260831_overlap1.00_k5 random_3 6 0.5770370382815599
seed20260831_overlap1.00_k5 random_3 7 0.5621703416109085
seed20260831_overlap1.00_k5 random_3 8 0.5842633061110973
seed20260831_overlap1.00_k5 random_3 9 0.5889341151341796
seed20260831_overlap1.00_k5 random_3 10 0.583216292783618
seed20260831_overlap1.00_k5 random_3 11 0.5776716005057096
seed20260831_overlap1.00_k5 random_3 12 0.5630908077582717
seed20260831_overlap1.00_k5 random_4 3 0.5859203264117241
seed20260831_overlap1.00_k5 random_4 4 0.5762626547366381
seed20260831_overlap1.00_k5 random_4 5 0.5883950628340244
seed20260831_overlap1.00_k5 random_4 6 0.5884893368929625
seed20260831_overlap1.00_k5 random_4 7 0.5707384534180164
seed20260831_overlap1.00_k5 random_4 8 0.5763990310952067
seed20260831_overlap1.00_k5 random_4 9 0.587955329567194
seed20260831_overlap1.00_k5 random_4 10 0.5897772014141083
seed20260831_overlap1.00_k5 random_4 11 0.5840033683925867
seed20260831_overlap1.00_k5 random_4 12 0.5651304423809052
seed20260832_overlap0.50_k5 collapse 3 0.5876793386414647
seed20260832_overlap0.50_k5 collapse 4 0.6005724109709263
seed20260832_overlap0.50_k5 collapse 5 0.5891855545341969
seed20260832_overlap0.50_k5 collapse 6 0.6003267019987106
seed20260832_overlap0.50_k5 collapse 7 0.5759824588894844
seed20260832_overlap0.50_k5 collapse 8 0.6019650883972645
seed20260832_overlap0.50_k5 collapse 9 0.5983536392450333
seed20260832_overlap0.50_k5 collapse 10 0.6006672792136669
seed20260832_overlap0.50_k5 collapse 11 0.5845360886305571
seed20260832_overlap0.50_k5 collapse 12 0.5780456010252237
seed20260832_overlap0.50_k5 r_sum 3 0.5813374612480402
seed20260832_overlap0.50_k5 r_sum 4 0.5867024501785636
seed20260832_overlap0.50_k5 r_sum 5 0.5839326288551092
seed20260832_overlap0.50_k5 r_sum 6 0.597108568996191
seed20260832_overlap0.50_k5 r_sum 7 0.591034796088934
seed20260832_overlap0.50_k5 r_sum 8 0.5879465248435736
seed20260832_overlap0.50_k5 r_sum 9 0.6123422253876925
seed20260832_overlap0.50_k5 r_sum 10 0.6034990577027202
seed20260832_overlap0.50_k5 r_sum 11 0.5911883730441332
seed20260832_overlap0.50_k5 r_sum 12 0.5833096690475941
seed20260832_overlap0.50_k5 centroid_ff 3 0.5864842105656862
seed20260832_overlap0.50_k5 centroid_ff 4 0.5924503728747368
seed20260832_overlap0.50_k5 centroid_ff 5 0.5880296397954226
seed20260832_overlap0.50_k5 centroid_ff 6 0.5990312919020653
seed20260832_overlap0.50_k5 centroid_ff 7 0.5678921565413475
seed20260832_overlap0.50_k5 centroid_ff 8 0.5806050859391689
seed20260832_overlap0.50_k5 centroid_ff 9 0.5813407059758902
seed20260832_overlap0.50_k5 centroid_ff 10 0.5940676331520081
seed20260832_overlap0.50_k5 centroid_ff 11 0.578814810141921
seed20260832_overlap0.50_k5 centroid_ff 12 0.5742211323231459
seed20260832_overlap0.50_k5 family_rank 3 0.5774712916463614
seed20260832_overlap0.50_k5 family_rank 4 0.5855892635881901
seed20260832_overlap0.50_k5 family_rank 5 0.600499676540494
seed20260832_overlap0.50_k5 family_rank 6 0.5991514176130295
seed20260832_overlap0.50_k5 family_rank 7 0.5918974168598652
seed20260832_overlap0.50_k5 family_rank 8 0.6002680864185095
seed20260832_overlap0.50_k5 family_rank 9 0.5966089880093932
seed20260832_overlap0.50_k5 family_rank 10 0.5863749403506517
seed20260832_overlap0.50_k5 family_rank 11 0.5943594668060541
seed20260832_overlap0.50_k5 family_rank 12 0.5709151439368725
seed20260832_overlap0.50_k5 random_0 3 0.5817456413060427
seed20260832_overlap0.50_k5 random_0 4 0.5833874884992838
seed20260832_overlap0.50_k5 random_0 5 0.5883301049470901
seed20260832_overlap0.50_k5 random_0 6 0.5832397658377886
seed20260832_overlap0.50_k5 random_0 7 0.5750413499772549
seed20260832_overlap0.50_k5 random_0 8 0.5875426977872849
seed20260832_overlap0.50_k5 random_0 9 0.5787800997495651
seed20260832_overlap0.50_k5 random_0 10 0.5908374153077602
seed20260832_overlap0.50_k5 random_0 11 0.5799905993044376
seed20260832_overlap0.50_k5 random_0 12 0.5781145030632615
seed20260832_overlap0.50_k5 random_1 3 0.5750991571694613
seed20260832_overlap0.50_k5 random_1 4 0.5866303918883204
seed20260832_overlap0.50_k5 random_1 5 0.5858525335788727
seed20260832_overlap0.50_k5 random_1 6 0.566739659756422
seed20260832_overlap0.50_k5 random_1 7 0.5764332413673401
seed20260832_overlap0.50_k5 random_1 8 0.593565858900547
seed20260832_overlap0.50_k5 random_1 9 0.5727640576660633
seed20260832_overlap0.50_k5 random_1 10 0.5848307702690363
seed20260832_overlap0.50_k5 random_1 11 0.5859961379319429
seed20260832_overlap0.50_k5 random_1 12 0.5784289818257093
seed20260832_overlap0.50_k5 random_2 3 0.5826739929616451
seed20260832_overlap0.50_k5 random_2 4 0.5788602856919169
seed20260832_overlap0.50_k5 random_2 5 0.5613281186670065
seed20260832_overlap0.50_k5 random_2 6 0.5737287048250437
seed20260832_overlap0.50_k5 random_2 7 0.5791714647784829
seed20260832_overlap0.50_k5 random_2 8 0.5771196633577347
seed20260832_overlap0.50_k5 random_2 9 0.5664610806852579
seed20260832_overlap0.50_k5 random_2 10 0.5988534670323133
seed20260832_overlap0.50_k5 random_2 11 0.5702885445207357
seed20260832_overlap0.50_k5 random_2 12 0.5694187944754958
seed20260832_overlap0.50_k5 random_3 3 0.5733804535120726
seed20260832_overlap0.50_k5 random_3 4 0.5909347664564848
seed20260832_overlap0.50_k5 random_3 5 0.5806659869849682
seed20260832_overlap0.50_k5 random_3 6 0.5839334409683943
seed20260832_overlap0.50_k5 random_3 7 0.5730271162465215
seed20260832_overlap0.50_k5 random_3 8 0.5750290034338832
seed20260832_overlap0.50_k5 random_3 9 0.5693169739097357
seed20260832_overlap0.50_k5 random_3 10 0.5887685175985098
seed20260832_overlap0.50_k5 random_3 11 0.5792020708322525
seed20260832_overlap0.50_k5 random_3 12 0.576943788677454
seed20260832_overlap0.50_k5 random_4 3 0.5811442341655493
seed20260832_overlap0.50_k5 random_4 4 0.5828782580792904
seed20260832_overlap0.50_k5 random_4 5 0.5755693446844816
seed20260832_overlap0.50_k5 random_4 6 0.5926612038165331
seed20260832_overlap0.50_k5 random_4 7 0.5583993829786777
seed20260832_overlap0.50_k5 random_4 8 0.5748732853680849
seed20260832_overlap0.50_k5 random_4 9 0.5859305616468191
seed20260832_overlap0.50_k5 random_4 10 0.5976398009806871
seed20260832_overlap0.50_k5 random_4 11 0.5663457047194242
seed20260832_overlap0.50_k5 random_4 12 0.5771842934191227
seed20260832_overlap1.00_k5 collapse 3 0.5900014005601406
seed20260832_overlap1.00_k5 collapse 4 0.5903942147269845
seed20260832_overlap1.00_k5 collapse 5 0.5872634146362543
seed20260832_overlap1.00_k5 collapse 6 0.5998700857162476
seed20260832_overlap1.00_k5 collapse 7 0.5907292664051056
seed20260832_overlap1.00_k5 collapse 8 0.5954495240002871
seed20260832_overlap1.00_k5 collapse 9 0.59866145811975
seed20260832_overlap1.00_k5 collapse 10 0.5894122803583741
seed20260832_overlap1.00_k5 collapse 11 0.5918353907763958
seed20260832_overlap1.00_k5 collapse 12 0.5765371052548289
seed20260832_overlap1.00_k5 r_sum 3 0.5776755092665553
seed20260832_overlap1.00_k5 r_sum 4 0.586767353117466
seed20260832_overlap1.00_k5 r_sum 5 0.5891620423644781
seed20260832_overlap1.00_k5 r_sum 6 0.5985324550420046
seed20260832_overlap1.00_k5 r_sum 7 0.5853078663349152
seed20260832_overlap1.00_k5 r_sum 8 0.5885775797069073
seed20260832_overlap1.00_k5 r_sum 9 0.6034274753183126
seed20260832_overlap1.00_k5 r_sum 10 0.6065648915246129
seed20260832_overlap1.00_k5 r_sum 11 0.5849865674972534
seed20260832_overlap1.00_k5 r_sum 12 0.5841477140784264
seed20260832_overlap1.00_k5 centroid_ff 3 0.5864842105656862
seed20260832_overlap1.00_k5 centroid_ff 4 0.5924503728747368
seed20260832_overlap1.00_k5 centroid_ff 5 0.5880296397954226
seed20260832_overlap1.00_k5 centroid_ff 6 0.5979179814457893
seed20260832_overlap1.00_k5 centroid_ff 7 0.5684735476970673
seed20260832_overlap1.00_k5 centroid_ff 8 0.5806050859391689
seed20260832_overlap1.00_k5 centroid_ff 9 0.5813407059758902
seed20260832_overlap1.00_k5 centroid_ff 10 0.5946490243077278
seed20260832_overlap1.00_k5 centroid_ff 11 0.581197215244174
seed20260832_overlap1.00_k5 centroid_ff 12 0.5748613132163882
seed20260832_overlap1.00_k5 family_rank 3 0.5953749511390924
seed20260832_overlap1.00_k5 family_rank 4 0.5868036523461342
seed20260832_overlap1.00_k5 family_rank 5 0.592863392084837
seed20260832_overlap1.00_k5 family_rank 6 0.5872579021379352
seed20260832_overlap1.00_k5 family_rank 7 0.581357080489397
seed20260832_overlap1.00_k5 family_rank 8 0.5917260814458132
seed20260832_overlap1.00_k5 family_rank 9 0.6034669410437346
seed20260832_overlap1.00_k5 family_rank 10 0.5989049347117543
seed20260832_overlap1.00_k5 family_rank 11 0.5824447683990002
seed20260832_overlap1.00_k5 family_rank 12 0.5740861557424068
seed20260832_overlap1.00_k5 random_0 3 0.5724631296470761
seed20260832_overlap1.00_k5 random_0 4 0.5908362939953804
seed20260832_overlap1.00_k5 random_0 5 0.5800760388374329
seed20260832_overlap1.00_k5 random_0 6 0.5850669350475073
seed20260832_overlap1.00_k5 random_0 7 0.5707480115815997
seed20260832_overlap1.00_k5 random_0 8 0.5855266749858856
seed20260832_overlap1.00_k5 random_0 9 0.5852637402713299
seed20260832_overlap1.00_k5 random_0 10 0.5843129372224212
seed20260832_overlap1.00_k5 random_0 11 0.5683219321072102
seed20260832_overlap1.00_k5 random_0 12 0.5531848464161158
seed20260832_overlap1.00_k5 random_1 3 0.5867259260267019
seed20260832_overlap1.00_k5 random_1 4 0.5867735091596842
seed20260832_overlap1.00_k5 random_1 5 0.5855452939867973
seed20260832_overlap1.00_k5 random_1 6 0.5941853392869234
seed20260832_overlap1.00_k5 random_1 7 0.582331795245409
seed20260832_overlap1.00_k5 random_1 8 0.5845679696649313
seed20260832_overlap1.00_k5 random_1 9 0.5790176223963499
seed20260832_overlap1.00_k5 random_1 10 0.5878166686743498
seed20260832_overlap1.00_k5 random_1 11 0.5709799099713564
seed20260832_overlap1.00_k5 random_1 12 0.5760287549346685
seed20260832_overlap1.00_k5 random_2 3 0.569286641664803
seed20260832_overlap1.00_k5 random_2 4 0.5871143862605095
seed20260832_overlap1.00_k5 random_2 5 0.5979793295264244
seed20260832_overlap1.00_k5 random_2 6 0.5750203244388103
seed20260832_overlap1.00_k5 random_2 7 0.5779932420700788
seed20260832_overlap1.00_k5 random_2 8 0.5852355789393187
seed20260832_overlap1.00_k5 random_2 9 0.585746830329299
seed20260832_overlap1.00_k5 random_2 10 0.5778788914903998
seed20260832_overlap1.00_k5 random_2 11 0.5730711743235588
seed20260832_overlap1.00_k5 random_2 12 0.5663836859166622
seed20260832_overlap1.00_k5 random_3 3 0.5854337867349386
seed20260832_overlap1.00_k5 random_3 4 0.560941613279283
seed20260832_overlap1.00_k5 random_3 5 0.5817189440131187
seed20260832_overlap1.00_k5 random_3 6 0.5703315045684576
seed20260832_overlap1.00_k5 random_3 7 0.5661007575690746
seed20260832_overlap1.00_k5 random_3 8 0.6010365858674049
seed20260832_overlap1.00_k5 random_3 9 0.5915071461349726
seed20260832_overlap1.00_k5 random_3 10 0.5872743781656027
seed20260832_overlap1.00_k5 random_3 11 0.5644557792693377
seed20260832_overlap1.00_k5 random_3 12 0.5669283634051681
seed20260832_overlap1.00_k5 random_4 3 0.5734587125480175
seed20260832_overlap1.00_k5 random_4 4 0.5786210745573044
seed20260832_overlap1.00_k5 random_4 5 0.5755686108022928
seed20260832_overlap1.00_k5 random_4 6 0.5820210883393884
seed20260832_overlap1.00_k5 random_4 7 0.5819686744362116
seed20260832_overlap1.00_k5 random_4 8 0.5921359043568373
seed20260832_overlap1.00_k5 random_4 9 0.594433045014739
seed20260832_overlap1.00_k5 random_4 10 0.6090052463114262
seed20260832_overlap1.00_k5 random_4 11 0.5825891299173236
seed20260832_overlap1.00_k5 random_4 12 0.580990593880415
seed20260833_overlap0.50_k5 collapse 3 0.5967504549771547
seed20260833_overlap0.50_k5 collapse 4 0.5768870133906603
seed20260833_overlap0.50_k5 collapse 5 0.5979001484811306
seed20260833_overlap0.50_k5 collapse 6 0.5910483067855239
seed20260833_overlap0.50_k5 collapse 7 0.5845195250585675
seed20260833_overlap0.50_k5 collapse 8 0.5855460949242115
seed20260833_overlap0.50_k5 collapse 9 0.6010178364813328
seed20260833_overlap0.50_k5 collapse 10 0.614890243858099
seed20260833_overlap0.50_k5 collapse 11 0.577684672549367
seed20260833_overlap0.50_k5 collapse 12 0.5738445315510035
seed20260833_overlap0.50_k5 r_sum 3 0.5934790195897222
seed20260833_overlap0.50_k5 r_sum 4 0.5848876899108291
seed20260833_overlap0.50_k5 r_sum 5 0.5911767706274986
seed20260833_overlap0.50_k5 r_sum 6 0.5979121774435043
seed20260833_overlap0.50_k5 r_sum 7 0.575094404630363
seed20260833_overlap0.50_k5 r_sum 8 0.6021848507225513
seed20260833_overlap0.50_k5 r_sum 9 0.5985281299799681
seed20260833_overlap0.50_k5 r_sum 10 0.5986108127981424
seed20260833_overlap0.50_k5 r_sum 11 0.5988648794591427
seed20260833_overlap0.50_k5 r_sum 12 0.598778311163187
seed20260833_overlap0.50_k5 centroid_ff 3 0.5796389579772949
seed20260833_overlap0.50_k5 centroid_ff 4 0.5805356651544571
seed20260833_overlap0.50_k5 centroid_ff 5 0.5867562387138605
seed20260833_overlap0.50_k5 centroid_ff 6 0.5737976962700486
seed20260833_overlap0.50_k5 centroid_ff 7 0.5852905120700598
seed20260833_overlap0.50_k5 centroid_ff 8 0.5874347649514675
seed20260833_overlap0.50_k5 centroid_ff 9 0.584933515638113
seed20260833_overlap0.50_k5 centroid_ff 10 0.602641835808754
seed20260833_overlap0.50_k5 centroid_ff 11 0.5930741596966982
seed20260833_overlap0.50_k5 centroid_ff 12 0.5952802803367376
seed20260833_overlap0.50_k5 family_rank 3 0.5836054272949696
seed20260833_overlap0.50_k5 family_rank 4 0.5712169650942087
seed20260833_overlap0.50_k5 family_rank 5 0.588422141969204
seed20260833_overlap0.50_k5 family_rank 6 0.6011196579784155
seed20260833_overlap0.50_k5 family_rank 7 0.5891123740002513
seed20260833_overlap0.50_k5 family_rank 8 0.6079491786658764
seed20260833_overlap0.50_k5 family_rank 9 0.5936571136116982
seed20260833_overlap0.50_k5 family_rank 10 0.6023255996406078
seed20260833_overlap0.50_k5 family_rank 11 0.5796336494386196
seed20260833_overlap0.50_k5 family_rank 12 0.5851097926497459
seed20260833_overlap0.50_k5 random_0 3 0.5833500772714615
seed20260833_overlap0.50_k5 random_0 4 0.5914396457374096
seed20260833_overlap0.50_k5 random_0 5 0.587017459794879
seed20260833_overlap0.50_k5 random_0 6 0.5888004526495934
seed20260833_overlap0.50_k5 random_0 7 0.5772562697529793
seed20260833_overlap0.50_k5 random_0 8 0.5928117204457521
seed20260833_overlap0.50_k5 random_0 9 0.5891483686864376
seed20260833_overlap0.50_k5 random_0 10 0.6083583161234856
seed20260833_overlap0.50_k5 random_0 11 0.5789712779223919
seed20260833_overlap0.50_k5 random_0 12 0.5767265353351831
seed20260833_overlap0.50_k5 random_1 3 0.5708452332764864
seed20260833_overlap0.50_k5 random_1 4 0.575643383897841
seed20260833_overlap0.50_k5 random_1 5 0.573895612731576
seed20260833_overlap0.50_k5 random_1 6 0.5710551626980305
seed20260833_overlap0.50_k5 random_1 7 0.579625740647316
seed20260833_overlap0.50_k5 random_1 8 0.5842394940555096
seed20260833_overlap0.50_k5 random_1 9 0.5825523938983679
seed20260833_overlap0.50_k5 random_1 10 0.5855879448354244
seed20260833_overlap0.50_k5 random_1 11 0.57485506311059
seed20260833_overlap0.50_k5 random_1 12 0.5805637463927269
seed20260833_overlap0.50_k5 random_2 3 0.5566610358655453
seed20260833_overlap0.50_k5 random_2 4 0.589427761733532
seed20260833_overlap0.50_k5 random_2 5 0.573517195880413
seed20260833_overlap0.50_k5 random_2 6 0.5658838376402855
seed20260833_overlap0.50_k5 random_2 7 0.5687807165086269
seed20260833_overlap0.50_k5 random_2 8 0.573500364087522
seed20260833_overlap0.50_k5 random_2 9 0.5766161335632205
seed20260833_overlap0.50_k5 random_2 10 0.5779316611588001
seed20260833_overlap0.50_k5 random_2 11 0.5814489647746086
seed20260833_overlap0.50_k5 random_2 12 0.5689645586535335
seed20260833_overlap0.50_k5 random_3 3 0.5789317889139056
seed20260833_overlap0.50_k5 random_3 4 0.5864996798336506
seed20260833_overlap0.50_k5 random_3 5 0.5921116732060909
seed20260833_overlap0.50_k5 random_3 6 0.5996268671005964
seed20260833_overlap0.50_k5 random_3 7 0.5801696144044399
seed20260833_overlap0.50_k5 random_3 8 0.5896238498389721
seed20260833_overlap0.50_k5 random_3 9 0.5871736388653517
seed20260833_overlap0.50_k5 random_3 10 0.5937068909406662
seed20260833_overlap0.50_k5 random_3 11 0.5718571841716766
seed20260833_overlap0.50_k5 random_3 12 0.5901543041691184
seed20260833_overlap0.50_k5 random_4 3 0.5725656393915415
seed20260833_overlap0.50_k5 random_4 4 0.5841710884124041
seed20260833_overlap0.50_k5 random_4 5 0.567262314260006
seed20260833_overlap0.50_k5 random_4 6 0.5812311172485352
seed20260833_overlap0.50_k5 random_4 7 0.5780229847878218
seed20260833_overlap0.50_k5 random_4 8 0.5903469566255808
seed20260833_overlap0.50_k5 random_4 9 0.5882618054747581
seed20260833_overlap0.50_k5 random_4 10 0.5932102501392365
seed20260833_overlap0.50_k5 random_4 11 0.5631917295977473
seed20260833_overlap0.50_k5 random_4 12 0.5652859713882208
seed20260833_overlap1.00_k5 collapse 3 0.584651418030262
seed20260833_overlap1.00_k5 collapse 4 0.5769513016566634
seed20260833_overlap1.00_k5 collapse 5 0.5832114852964878
seed20260833_overlap1.00_k5 collapse 6 0.5886180773377419
seed20260833_overlap1.00_k5 collapse 7 0.5761489514261484
seed20260833_overlap1.00_k5 collapse 8 0.5926580801606178
seed20260833_overlap1.00_k5 collapse 9 0.5929232127964497
seed20260833_overlap1.00_k5 collapse 10 0.5971647733822465
seed20260833_overlap1.00_k5 collapse 11 0.5847406685352325
seed20260833_overlap1.00_k5 collapse 12 0.5757179576903582
seed20260833_overlap1.00_k5 r_sum 3 0.5792583040893078
seed20260833_overlap1.00_k5 r_sum 4 0.5767943998798728
seed20260833_overlap1.00_k5 r_sum 5 0.5844144932925701
seed20260833_overlap1.00_k5 r_sum 6 0.5885672457516193
seed20260833_overlap1.00_k5 r_sum 7 0.5789669007062912
seed20260833_overlap1.00_k5 r_sum 8 0.5859249997884035
seed20260833_overlap1.00_k5 r_sum 9 0.5958230830729008
seed20260833_overlap1.00_k5 r_sum 10 0.6022515948861837
seed20260833_overlap1.00_k5 r_sum 11 0.5879357066005468
seed20260833_overlap1.00_k5 r_sum 12 0.5718065164983273
seed20260833_overlap1.00_k5 centroid_ff 3 0.5796389579772949
seed20260833_overlap1.00_k5 centroid_ff 4 0.5805356651544571
seed20260833_overlap1.00_k5 centroid_ff 5 0.5861810278147459
seed20260833_overlap1.00_k5 centroid_ff 6 0.5750354398041964
seed20260833_overlap1.00_k5 centroid_ff 7 0.584671700373292
seed20260833_overlap1.00_k5 centroid_ff 8 0.5874347649514675
seed20260833_overlap1.00_k5 centroid_ff 9 0.584933515638113
seed20260833_overlap1.00_k5 centroid_ff 10 0.602641835808754
seed20260833_overlap1.00_k5 centroid_ff 11 0.5936372224241495
seed20260833_overlap1.00_k5 centroid_ff 12 0.5927674788981676
seed20260833_overlap1.00_k5 family_rank 3 0.5948462374508381
seed20260833_overlap1.00_k5 family_rank 4 0.5835369881242514
seed20260833_overlap1.00_k5 family_rank 5 0.5902444459497929
seed20260833_overlap1.00_k5 family_rank 6 0.5927233099937439
seed20260833_overlap1.00_k5 family_rank 7 0.579627450555563
seed20260833_overlap1.00_k5 family_rank 8 0.5994817987084389
seed20260833_overlap1.00_k5 family_rank 9 0.6043331269174814
seed20260833_overlap1.00_k5 family_rank 10 0.6059336047619581
seed20260833_overlap1.00_k5 family_rank 11 0.5803177990019321
seed20260833_overlap1.00_k5 family_rank 12 0.5752256456762552
seed20260833_overlap1.00_k5 random_0 3 0.5891095474362373
seed20260833_overlap1.00_k5 random_0 4 0.596025719307363
seed20260833_overlap1.00_k5 random_0 5 0.6017784960567951
seed20260833_overlap1.00_k5 random_0 6 0.5804924722760916
seed20260833_overlap1.00_k5 random_0 7 0.5765260541811585
seed20260833_overlap1.00_k5 random_0 8 0.5974075570702553
seed20260833_overlap1.00_k5 random_0 9 0.5864721462130547
seed20260833_overlap1.00_k5 random_0 10 0.6022348757833242
seed20260833_overlap1.00_k5 random_0 11 0.5805314583703876
seed20260833_overlap1.00_k5 random_0 12 0.583235826343298
seed20260833_overlap1.00_k5 random_1 3 0.5750660635530949
seed20260833_overlap1.00_k5 random_1 4 0.5848804181441665
seed20260833_overlap1.00_k5 random_1 5 0.5863609220832586
seed20260833_overlap1.00_k5 random_1 6 0.572151530534029
seed20260833_overlap1.00_k5 random_1 7 0.5634535420686007
seed20260833_overlap1.00_k5 random_1 8 0.5846085101366043
seed20260833_overlap1.00_k5 random_1 9 0.5839520692825317
seed20260833_overlap1.00_k5 random_1 10 0.5802709590643644
seed20260833_overlap1.00_k5 random_1 11 0.5691513661295176
seed20260833_overlap1.00_k5 random_1 12 0.5814678147435188
seed20260833_overlap1.00_k5 random_2 3 0.5804592510685325
seed20260833_overlap1.00_k5 random_2 4 0.5932779256254435
seed20260833_overlap1.00_k5 random_2 5 0.5918482821434736
seed20260833_overlap1.00_k5 random_2 6 0.5927948150783777
seed20260833_overlap1.00_k5 random_2 7 0.5832760445773602
seed20260833_overlap1.00_k5 random_2 8 0.5998764708638191
seed20260833_overlap1.00_k5 random_2 9 0.5883440058678389
seed20260833_overlap1.00_k5 random_2 10 0.5855911653488874
seed20260833_overlap1.00_k5 random_2 11 0.5761665441095829
seed20260833_overlap1.00_k5 random_2 12 0.5682078897953033
seed20260833_overlap1.00_k5 random_3 3 0.5717499414458871
seed20260833_overlap1.00_k5 random_3 4 0.5804232992231846
seed20260833_overlap1.00_k5 random_3 5 0.5908501092344522
seed20260833_overlap1.00_k5 random_3 6 0.5871479511260986
seed20260833_overlap1.00_k5 random_3 7 0.5759593192487955
seed20260833_overlap1.00_k5 random_3 8 0.5865687541663647
seed20260833_overlap1.00_k5 random_3 9 0.5865020118653774
seed20260833_overlap1.00_k5 random_3 10 0.583918733522296
seed20260833_overlap1.00_k5 random_3 11 0.5681502083316445
seed20260833_overlap1.00_k5 random_3 12 0.5688602942973375
seed20260833_overlap1.00_k5 random_4 3 0.5808394774794579
seed20260833_overlap1.00_k5 random_4 4 0.5894957203418016
seed20260833_overlap1.00_k5 random_4 5 0.5870666690170765
seed20260833_overlap1.00_k5 random_4 6 0.5987506350502372
seed20260833_overlap1.00_k5 random_4 7 0.5844317879527807
seed20260833_overlap1.00_k5 random_4 8 0.5958252418786287
seed20260833_overlap1.00_k5 random_4 9 0.6049431636929512
seed20260833_overlap1.00_k5 random_4 10 0.5882131475955248
seed20260833_overlap1.00_k5 random_4 11 0.5672577545046806
seed20260833_overlap1.00_k5 random_4 12 0.5941604450345039
