[
  {
    "encoder": "clip_b32",
    "method": "dpp_subspace",
    "shortlist_size": 3,
    "rows": 7,
    "targets": 7,
    "best_candidate_recall_mean": 0.7142857142857143,
    "top3_candidate_recall_mean": 0.5238095238095237,
    "best_candidate_family_recall_mean": 0.7142857142857143,
    "top3_candidate_family_recall_mean": 0.5476190476190476,
    "validation_regret_mean": 0.0013065389417707962,
    "normalized_validation_regret_mean": 0.06192179579763637,
    "test_regret_mean": 0.00167713846479145,
    "removed_fraction": 0.7,
    "selected_family_count_mean": 3.0,
    "removed_family_fraction_mean": 0.625,
    "passes_90pct_recall_at_50pct_removal": false
  },
  {
    "encoder": "clip_b32",
    "method": "dpp_subspace",
    "shortlist_size": 5,
    "rows": 7,
    "targets": 7,
    "best_candidate_recall_mean": 0.8571428571428571,
    "top3_candidate_recall_mean": 0.619047619047619,
    "best_candidate_family_recall_mean": 1.0,
    "top3_candidate_family_recall_mean": 0.8571428571428571,
    "validation_regret_mean": 0.0005788983617510045,
    "normalized_validation_regret_mean": 0.023005572085500803,
    "test_regret_mean": -0.00010857582092284521,
    "removed_fraction": 0.5,
    "selected_family_count_mean": 5.0,
    "removed_family_fraction_mean": 0.375,
    "passes_90pct_recall_at_50pct_removal": false
  },
  {
    "encoder": "clip_b32",
    "method": "facility_subspace",
    "shortlist_size": 3,
    "rows": 7,
    "targets": 7,
    "best_candidate_recall_mean": 0.14285714285714285,
    "top3_candidate_recall_mean": 0.47619047619047616,
    "best_candidate_family_recall_mean": 0.14285714285714285,
    "top3_candidate_family_recall_mean": 0.5952380952380951,
    "validation_regret_mean": 0.0024802625124369848,
    "normalized_validation_regret_mean": 0.1402860069283884,
    "test_regret_mean": 0.005621211869376046,
    "removed_fraction": 0.7,
    "selected_family_count_mean": 3.0,
    "removed_family_fraction_mean": 0.625,
    "passes_90pct_recall_at_50pct_removal": false
  },
  {
    "encoder": "clip_b32",
    "method": "facility_subspace",
    "shortlist_size": 5,
    "rows": 7,
    "targets": 7,
    "best_candidate_recall_mean": 0.2857142857142857,
    "top3_candidate_recall_mean": 0.5714285714285714,
    "best_candidate_family_recall_mean": 0.2857142857142857,
    "top3_candidate_family_recall_mean": 0.6904761904761905,
    "validation_regret_mean": 0.001752621932417193,
    "normalized_validation_regret_mean": 0.10136978321625281,
    "test_regret_mean": 0.003835497583661751,
    "removed_fraction": 0.5,
    "selected_family_count_mean": 5.0,
    "removed_family_fraction_mean": 0.375,
    "passes_90pct_recall_at_50pct_removal": false
  },
  {
    "encoder": "clip_b32",
    "method": "full_merged_rank",
    "shortlist_size": 3,
    "rows": 7,
    "targets": 7,
    "best_candidate_recall_mean": 0.7142857142857143,
    "top3_candidate_recall_mean": 0.5238095238095237,
    "best_candidate_family_recall_mean": 0.7142857142857143,
    "top3_candidate_family_recall_mean": 0.5476190476190476,
    "validation_regret_mean": 0.0013065389417707962,
    "normalized_validation_regret_mean": 0.06192179579763637,
    "test_regret_mean": 0.00167713846479145,
    "removed_fraction": 0.7,
    "selected_family_count_mean": 3.0,
    "removed_family_fraction_mean": 0.625,
    "passes_90pct_recall_at_50pct_removal": false
  },
  {
    "encoder": "clip_b32",
    "method": "full_merged_rank",
    "shortlist_size": 5,
    "rows": 7,
    "targets": 7,
    "best_candidate_recall_mean": 0.8571428571428571,
    "top3_candidate_recall_mean": 0.8095238095238094,
    "best_candidate_family_recall_mean": 0.8571428571428571,
    "top3_candidate_family_recall_mean": 0.8095238095238094,
    "validation_regret_mean": 0.0007276405800197917,
    "normalized_validation_regret_mean": 0.038916223712135566,
    "test_regret_mean": 0.0017857142857142952,
    "removed_fraction": 0.5,
    "selected_family_count_mean": 4.0,
    "removed_family_fraction_mean": 0.5,
    "passes_90pct_recall_at_50pct_removal": false
  },
  {
    "encoder": "clip_b32",
    "method": "kcenter_subspace",
    "shortlist_size": 3,
    "rows": 7,
    "targets": 7,
    "best_candidate_recall_mean": 0.0,
    "top3_candidate_recall_mean": 0.33333333333333337,
    "best_candidate_family_recall_mean": 0.0,
    "top3_candidate_family_recall_mean": 0.33333333333333337,
    "validation_regret_mean": 0.005995857566680878,
    "normalized_validation_regret_mean": 0.2956254320992557,
    "test_regret_mean": 0.008891505854470405,
    "removed_fraction": 0.7,
    "selected_family_count_mean": 3.0,
    "removed_family_fraction_mean": 0.625,
    "passes_90pct_recall_at_50pct_removal": false
  },
  {
    "encoder": "clip_b32",
    "method": "kcenter_subspace",
    "shortlist_size": 5,
    "rows": 7,
    "targets": 7,
    "best_candidate_recall_mean": 0.0,
    "top3_candidate_recall_mean": 0.38095238095238093,
    "best_candidate_family_recall_mean": 0.0,
    "top3_candidate_family_recall_mean": 0.38095238095238093,
    "validation_regret_mean": 0.005995857566680878,
    "normalized_validation_regret_mean": 0.2956254320992557,
    "test_regret_mean": 0.008891505854470405,
    "removed_fraction": 0.5,
    "selected_family_count_mean": 5.0,
    "removed_family_fraction_mean": 0.375,
    "passes_90pct_recall_at_50pct_removal": false
  },
  {
    "encoder": "clip_b32",
    "method": "pool_vendi_subspace",
    "shortlist_size": 3,
    "rows": 7,
    "targets": 7,
    "best_candidate_recall_mean": 0.0,
    "top3_candidate_recall_mean": 0.33333333333333337,
    "best_candidate_family_recall_mean": 0.0,
    "top3_candidate_family_recall_mean": 0.33333333333333337,
    "validation_regret_mean": 0.005995857566680878,
    "normalized_validation_regret_mean": 0.2956254320992557,
    "test_regret_mean": 0.008891505854470405,
    "removed_fraction": 0.7,
    "selected_family_count_mean": 3.0,
    "removed_family_fraction_mean": 0.625,
    "passes_90pct_recall_at_50pct_removal": false
  },
  {
    "encoder": "clip_b32",
    "method": "pool_vendi_subspace",
    "shortlist_size": 5,
    "rows": 7,
    "targets": 7,
    "best_candidate_recall_mean": 0.0,
    "top3_candidate_recall_mean": 0.38095238095238093,
    "best_candidate_family_recall_mean": 0.0,
    "top3_candidate_family_recall_mean": 0.38095238095238093,
    "validation_regret_mean": 0.005995857566680878,
    "normalized_validation_regret_mean": 0.2956254320992557,
    "test_regret_mean": 0.008891505854470405,
    "removed_fraction": 0.5,
    "selected_family_count_mean": 5.0,
    "removed_family_fraction_mean": 0.375,
    "passes_90pct_recall_at_50pct_removal": false
  },
  {
    "encoder": "clip_b32",
    "method": "random",
    "shortlist_size": 3,
    "rows": 700,
    "targets": 7,
    "best_candidate_recall_mean": 0.3142857142857143,
    "top3_candidate_recall_mean": 0.30666666666666664,
    "best_candidate_family_recall_mean": 0.3514285714285714,
    "top3_candidate_family_recall_mean": 0.3926190476190477,
    "validation_regret_mean": 0.004356974281751202,
    "normalized_validation_regret_mean": 0.23178881495351708,
    "test_regret_mean": 0.005726323093686787,
    "removed_fraction": 0.7,
    "selected_family_count_mean": 2.882857142857143,
    "removed_family_fraction_mean": 0.6396428571428572,
    "passes_90pct_recall_at_50pct_removal": false
  },
  {
    "encoder": "clip_b32",
    "method": "random",
    "shortlist_size": 5,
    "rows": 700,
    "targets": 7,
    "best_candidate_recall_mean": 0.5028571428571429,
    "top3_candidate_recall_mean": 0.5004761904761904,
    "best_candidate_family_recall_mean": 0.54,
    "top3_candidate_family_recall_mean": 0.6,
    "validation_regret_mean": 0.002325313717066598,
    "normalized_validation_regret_mean": 0.12479579372773823,
    "test_regret_mean": 0.0033323699065617193,
    "removed_fraction": 0.5,
    "selected_family_count_mean": 4.572857142857143,
    "removed_family_fraction_mean": 0.42839285714285713,
    "passes_90pct_recall_at_50pct_removal": false
  },
  {
    "encoder": "clip_b32",
    "method": "rank_only",
    "shortlist_size": 3,
    "rows": 7,
    "targets": 7,
    "best_candidate_recall_mean": 0.7142857142857143,
    "top3_candidate_recall_mean": 0.5238095238095237,
    "best_candidate_family_recall_mean": 0.7142857142857143,
    "top3_candidate_family_recall_mean": 0.5476190476190476,
    "validation_regret_mean": 0.0013065389417707962,
    "normalized_validation_regret_mean": 0.06192179579763637,
    "test_regret_mean": 0.00167713846479145,
    "removed_fraction": 0.7,
    "selected_family_count_mean": 3.0,
    "removed_family_fraction_mean": 0.625,
    "passes_90pct_recall_at_50pct_removal": false
  },
  {
    "encoder": "clip_b32",
    "method": "rank_only",
    "shortlist_size": 5,
    "rows": 7,
    "targets": 7,
    "best_candidate_recall_mean": 0.8571428571428571,
    "top3_candidate_recall_mean": 0.8095238095238094,
    "best_candidate_family_recall_mean": 0.8571428571428571,
    "top3_candidate_family_recall_mean": 0.8095238095238094,
    "validation_regret_mean": 0.0007276405800197917,
    "normalized_validation_regret_mean": 0.038916223712135566,
    "test_regret_mean": 0.0017857142857142952,
    "removed_fraction": 0.5,
    "selected_family_count_mean": 4.0,
    "removed_family_fraction_mean": 0.5,
    "passes_90pct_recall_at_50pct_removal": false
  }
]
