[
  {
    "encoder": "resnet50",
    "method": "dpp_subspace",
    "shortlist_size": 3,
    "rows": 7,
    "targets": 7,
    "best_candidate_recall_mean": 0.2857142857142857,
    "top3_candidate_recall_mean": 0.2738095238095238,
    "validation_regret_mean": 0.003283851487295978,
    "normalized_validation_regret_mean": 0.09663992940403236,
    "test_regret_mean": -0.0007033296993800524,
    "removed_fraction": 0.8571428571428572,
    "passes_90pct_recall_at_50pct_removal": false
  },
  {
    "encoder": "resnet50",
    "method": "dpp_subspace",
    "shortlist_size": 5,
    "rows": 7,
    "targets": 7,
    "best_candidate_recall_mean": 0.42857142857142855,
    "top3_candidate_recall_mean": 0.34523809523809523,
    "validation_regret_mean": 0.002941904749189111,
    "normalized_validation_regret_mean": 0.09087437298715022,
    "test_regret_mean": -0.0001562203679765863,
    "removed_fraction": 0.7619047619047619,
    "passes_90pct_recall_at_50pct_removal": false
  },
  {
    "encoder": "resnet50",
    "method": "dpp_subspace",
    "shortlist_size": 10,
    "rows": 7,
    "targets": 7,
    "best_candidate_recall_mean": 0.7142857142857143,
    "top3_candidate_recall_mean": 0.5238095238095238,
    "validation_regret_mean": 0.0018422859055655344,
    "normalized_validation_regret_mean": 0.042135531573932614,
    "test_regret_mean": -0.0008103592055184421,
    "removed_fraction": 0.5238095238095238,
    "passes_90pct_recall_at_50pct_removal": false
  },
  {
    "encoder": "resnet50",
    "method": "facility_subspace",
    "shortlist_size": 3,
    "rows": 7,
    "targets": 7,
    "best_candidate_recall_mean": 0.14285714285714285,
    "top3_candidate_recall_mean": 0.13095238095238093,
    "validation_regret_mean": 0.009280149425779078,
    "normalized_validation_regret_mean": 0.21216005424939044,
    "test_regret_mean": -0.00030787757464817433,
    "removed_fraction": 0.8571428571428572,
    "passes_90pct_recall_at_50pct_removal": false
  },
  {
    "encoder": "resnet50",
    "method": "facility_subspace",
    "shortlist_size": 5,
    "rows": 7,
    "targets": 7,
    "best_candidate_recall_mean": 0.2857142857142857,
    "top3_candidate_recall_mean": 0.17857142857142858,
    "validation_regret_mean": 0.00790652803012303,
    "normalized_validation_regret_mean": 0.18041412745802568,
    "test_regret_mean": -0.0018703775746481807,
    "removed_fraction": 0.7619047619047619,
    "passes_90pct_recall_at_50pct_removal": false
  },
  {
    "encoder": "resnet50",
    "method": "facility_subspace",
    "shortlist_size": 10,
    "rows": 7,
    "targets": 7,
    "best_candidate_recall_mean": 0.42857142857142855,
    "top3_candidate_recall_mean": 0.4523809523809523,
    "validation_regret_mean": 0.005547351496560223,
    "normalized_validation_regret_mean": 0.13158046274714666,
    "test_regret_mean": 0.0027905396052769283,
    "removed_fraction": 0.5238095238095238,
    "passes_90pct_recall_at_50pct_removal": false
  },
  {
    "encoder": "resnet50",
    "method": "full_merged_rank",
    "shortlist_size": 3,
    "rows": 7,
    "targets": 7,
    "best_candidate_recall_mean": 0.2857142857142857,
    "top3_candidate_recall_mean": 0.2738095238095238,
    "validation_regret_mean": 0.003283851487295978,
    "normalized_validation_regret_mean": 0.09663992940403236,
    "test_regret_mean": -0.0007033296993800524,
    "removed_fraction": 0.8571428571428572,
    "passes_90pct_recall_at_50pct_removal": false
  },
  {
    "encoder": "resnet50",
    "method": "full_merged_rank",
    "shortlist_size": 5,
    "rows": 7,
    "targets": 7,
    "best_candidate_recall_mean": 0.5714285714285714,
    "top3_candidate_recall_mean": 0.3928571428571428,
    "validation_regret_mean": 0.0026328751019069224,
    "normalized_validation_regret_mean": 0.08537991058155357,
    "test_regret_mean": 0.0003923535346984879,
    "removed_fraction": 0.7619047619047619,
    "passes_90pct_recall_at_50pct_removal": false
  },
  {
    "encoder": "resnet50",
    "method": "full_merged_rank",
    "shortlist_size": 10,
    "rows": 7,
    "targets": 7,
    "best_candidate_recall_mean": 0.5714285714285714,
    "top3_candidate_recall_mean": 0.5238095238095238,
    "validation_regret_mean": 0.002083422456468864,
    "normalized_validation_regret_mean": 0.07268144540580732,
    "test_regret_mean": -0.0002772893224443629,
    "removed_fraction": 0.5238095238095238,
    "passes_90pct_recall_at_50pct_removal": false
  },
  {
    "encoder": "resnet50",
    "method": "kcenter_subspace",
    "shortlist_size": 3,
    "rows": 7,
    "targets": 7,
    "best_candidate_recall_mean": 0.42857142857142855,
    "top3_candidate_recall_mean": 0.2857142857142857,
    "validation_regret_mean": 0.0013043590954371828,
    "normalized_validation_regret_mean": 0.0436646700207539,
    "test_regret_mean": -0.0045396651540483635,
    "removed_fraction": 0.8571428571428572,
    "passes_90pct_recall_at_50pct_removal": false
  },
  {
    "encoder": "resnet50",
    "method": "kcenter_subspace",
    "shortlist_size": 5,
    "rows": 7,
    "targets": 7,
    "best_candidate_recall_mean": 0.42857142857142855,
    "top3_candidate_recall_mean": 0.2857142857142857,
    "validation_regret_mean": 0.0013043590954371828,
    "normalized_validation_regret_mean": 0.0436646700207539,
    "test_regret_mean": -0.0045396651540483635,
    "removed_fraction": 0.7619047619047619,
    "passes_90pct_recall_at_50pct_removal": false
  },
  {
    "encoder": "resnet50",
    "method": "kcenter_subspace",
    "shortlist_size": 10,
    "rows": 7,
    "targets": 7,
    "best_candidate_recall_mean": 0.7142857142857143,
    "top3_candidate_recall_mean": 0.5595238095238095,
    "validation_regret_mean": 0.0006509763853890556,
    "normalized_validation_regret_mean": 0.011260018822478787,
    "test_regret_mean": -0.0010956832340785403,
    "removed_fraction": 0.5238095238095238,
    "passes_90pct_recall_at_50pct_removal": false
  },
  {
    "encoder": "resnet50",
    "method": "pool_vendi_subspace",
    "shortlist_size": 3,
    "rows": 7,
    "targets": 7,
    "best_candidate_recall_mean": 0.42857142857142855,
    "top3_candidate_recall_mean": 0.2857142857142857,
    "validation_regret_mean": 0.0013043590954371828,
    "normalized_validation_regret_mean": 0.0436646700207539,
    "test_regret_mean": -0.0045396651540483635,
    "removed_fraction": 0.8571428571428572,
    "passes_90pct_recall_at_50pct_removal": false
  },
  {
    "encoder": "resnet50",
    "method": "pool_vendi_subspace",
    "shortlist_size": 5,
    "rows": 7,
    "targets": 7,
    "best_candidate_recall_mean": 0.42857142857142855,
    "top3_candidate_recall_mean": 0.2857142857142857,
    "validation_regret_mean": 0.0013043590954371828,
    "normalized_validation_regret_mean": 0.0436646700207539,
    "test_regret_mean": -0.0045396651540483635,
    "removed_fraction": 0.7619047619047619,
    "passes_90pct_recall_at_50pct_removal": false
  },
  {
    "encoder": "resnet50",
    "method": "pool_vendi_subspace",
    "shortlist_size": 10,
    "rows": 7,
    "targets": 7,
    "best_candidate_recall_mean": 0.7142857142857143,
    "top3_candidate_recall_mean": 0.5595238095238095,
    "validation_regret_mean": 0.0006509763853890556,
    "normalized_validation_regret_mean": 0.011260018822478787,
    "test_regret_mean": -0.0010956832340785403,
    "removed_fraction": 0.5238095238095238,
    "passes_90pct_recall_at_50pct_removal": false
  },
  {
    "encoder": "resnet50",
    "method": "random",
    "shortlist_size": 3,
    "rows": 700,
    "targets": 7,
    "best_candidate_recall_mean": 0.16285714285714287,
    "top3_candidate_recall_mean": 0.14988095238095236,
    "validation_regret_mean": 0.009886803090572356,
    "normalized_validation_regret_mean": 0.215196562489151,
    "test_regret_mean": 0.0017842385768890446,
    "removed_fraction": 0.8571428571428572,
    "passes_90pct_recall_at_50pct_removal": false
  },
  {
    "encoder": "resnet50",
    "method": "random",
    "shortlist_size": 5,
    "rows": 700,
    "targets": 7,
    "best_candidate_recall_mean": 0.24857142857142858,
    "top3_candidate_recall_mean": 0.2416666666666667,
    "validation_regret_mean": 0.007494279648576467,
    "normalized_validation_regret_mean": 0.16271272509074525,
    "test_regret_mean": 0.001172733604907995,
    "removed_fraction": 0.7619047619047619,
    "passes_90pct_recall_at_50pct_removal": false
  },
  {
    "encoder": "resnet50",
    "method": "random",
    "shortlist_size": 10,
    "rows": 700,
    "targets": 7,
    "best_candidate_recall_mean": 0.4342857142857143,
    "top3_candidate_recall_mean": 0.4651190476190476,
    "validation_regret_mean": 0.004774889366967343,
    "normalized_validation_regret_mean": 0.10023364743361017,
    "test_regret_mean": 0.0006764018109866577,
    "removed_fraction": 0.5238095238095238,
    "passes_90pct_recall_at_50pct_removal": false
  },
  {
    "encoder": "resnet50",
    "method": "rank_only",
    "shortlist_size": 3,
    "rows": 7,
    "targets": 7,
    "best_candidate_recall_mean": 0.42857142857142855,
    "top3_candidate_recall_mean": 0.2738095238095238,
    "validation_regret_mean": 0.002784849916185661,
    "normalized_validation_regret_mean": 0.0879423545765462,
    "test_regret_mean": -0.0013401644570486934,
    "removed_fraction": 0.8571428571428572,
    "passes_90pct_recall_at_50pct_removal": false
  },
  {
    "encoder": "resnet50",
    "method": "rank_only",
    "shortlist_size": 5,
    "rows": 7,
    "targets": 7,
    "best_candidate_recall_mean": 0.5714285714285714,
    "top3_candidate_recall_mean": 0.3928571428571428,
    "validation_regret_mean": 0.0026328751019069224,
    "normalized_validation_regret_mean": 0.08537991058155357,
    "test_regret_mean": 0.0003923535346984879,
    "removed_fraction": 0.7619047619047619,
    "passes_90pct_recall_at_50pct_removal": false
  },
  {
    "encoder": "resnet50",
    "method": "rank_only",
    "shortlist_size": 10,
    "rows": 7,
    "targets": 7,
    "best_candidate_recall_mean": 0.5714285714285714,
    "top3_candidate_recall_mean": 0.5238095238095238,
    "validation_regret_mean": 0.002083422456468864,
    "normalized_validation_regret_mean": 0.07268144540580732,
    "test_regret_mean": -0.0002772893224443629,
    "removed_fraction": 0.5238095238095238,
    "passes_90pct_recall_at_50pct_removal": false
  }
]
