[
  {
    "encoder": "resnet50",
    "method": "dpp_subspace",
    "shortlist_size": 3,
    "rows": 7,
    "targets": 7,
    "best_candidate_recall_mean": 0.7142857142857143,
    "top3_candidate_recall_mean": 0.42857142857142855,
    "best_candidate_family_recall_mean": 0.7142857142857143,
    "top3_candidate_family_recall_mean": 0.6666666666666666,
    "validation_regret_mean": 0.00295528838211147,
    "normalized_validation_regret_mean": 0.09765178938978905,
    "test_regret_mean": -0.005367725236075268,
    "removed_fraction": 0.8235294117647058,
    "selected_family_count_mean": 3.0,
    "removed_family_fraction_mean": 0.7857142857142857,
    "passes_90pct_recall_at_50pct_removal": false
  },
  {
    "encoder": "resnet50",
    "method": "dpp_subspace",
    "shortlist_size": 5,
    "rows": 7,
    "targets": 7,
    "best_candidate_recall_mean": 0.7142857142857143,
    "top3_candidate_recall_mean": 0.4761904761904762,
    "best_candidate_family_recall_mean": 0.7142857142857143,
    "top3_candidate_family_recall_mean": 0.7142857142857143,
    "validation_regret_mean": 0.0024210708540671594,
    "normalized_validation_regret_mean": 0.08117919318031673,
    "test_regret_mean": -0.000903439521789554,
    "removed_fraction": 0.7058823529411764,
    "selected_family_count_mean": 5.0,
    "removed_family_fraction_mean": 0.6428571428571429,
    "passes_90pct_recall_at_50pct_removal": false
  },
  {
    "encoder": "resnet50",
    "method": "dpp_subspace",
    "shortlist_size": 8,
    "rows": 7,
    "targets": 7,
    "best_candidate_recall_mean": 0.7142857142857143,
    "top3_candidate_recall_mean": 0.761904761904762,
    "best_candidate_family_recall_mean": 0.7142857142857143,
    "top3_candidate_family_recall_mean": 0.761904761904762,
    "validation_regret_mean": 0.002384880997878528,
    "normalized_validation_regret_mean": 0.07821281406307208,
    "test_regret_mean": -0.0005436522620064935,
    "removed_fraction": 0.5294117647058824,
    "selected_family_count_mean": 6.0,
    "removed_family_fraction_mean": 0.5714285714285713,
    "passes_90pct_recall_at_50pct_removal": false
  },
  {
    "encoder": "resnet50",
    "method": "facility_subspace",
    "shortlist_size": 3,
    "rows": 7,
    "targets": 7,
    "best_candidate_recall_mean": 0.14285714285714285,
    "top3_candidate_recall_mean": 0.2857142857142857,
    "best_candidate_family_recall_mean": 0.14285714285714285,
    "top3_candidate_family_recall_mean": 0.35714285714285715,
    "validation_regret_mean": 0.004586247331453115,
    "normalized_validation_regret_mean": 0.13244062811016544,
    "test_regret_mean": 0.0016231485775538726,
    "removed_fraction": 0.8235294117647058,
    "selected_family_count_mean": 3.0,
    "removed_family_fraction_mean": 0.7857142857142857,
    "passes_90pct_recall_at_50pct_removal": false
  },
  {
    "encoder": "resnet50",
    "method": "facility_subspace",
    "shortlist_size": 5,
    "rows": 7,
    "targets": 7,
    "best_candidate_recall_mean": 0.2857142857142857,
    "top3_candidate_recall_mean": 0.42857142857142855,
    "best_candidate_family_recall_mean": 0.2857142857142857,
    "top3_candidate_family_recall_mean": 0.5,
    "validation_regret_mean": 0.004077675379042046,
    "normalized_validation_regret_mean": 0.09075443816276167,
    "test_regret_mean": 0.0011046324457441026,
    "removed_fraction": 0.7058823529411764,
    "selected_family_count_mean": 5.0,
    "removed_family_fraction_mean": 0.6428571428571429,
    "passes_90pct_recall_at_50pct_removal": false
  },
  {
    "encoder": "resnet50",
    "method": "facility_subspace",
    "shortlist_size": 8,
    "rows": 7,
    "targets": 7,
    "best_candidate_recall_mean": 0.2857142857142857,
    "top3_candidate_recall_mean": 0.5238095238095238,
    "best_candidate_family_recall_mean": 0.2857142857142857,
    "top3_candidate_family_recall_mean": 0.5952380952380951,
    "validation_regret_mean": 0.0034910084476172387,
    "normalized_validation_regret_mean": 0.08114115081810282,
    "test_regret_mean": -0.0005353672163827142,
    "removed_fraction": 0.5294117647058824,
    "selected_family_count_mean": 8.0,
    "removed_family_fraction_mean": 0.4285714285714287,
    "passes_90pct_recall_at_50pct_removal": false
  },
  {
    "encoder": "resnet50",
    "method": "full_merged_rank",
    "shortlist_size": 3,
    "rows": 7,
    "targets": 7,
    "best_candidate_recall_mean": 0.7142857142857143,
    "top3_candidate_recall_mean": 0.42857142857142855,
    "best_candidate_family_recall_mean": 0.7142857142857143,
    "top3_candidate_family_recall_mean": 0.6666666666666666,
    "validation_regret_mean": 0.00295528838211147,
    "normalized_validation_regret_mean": 0.09765178938978905,
    "test_regret_mean": -0.005367725236075268,
    "removed_fraction": 0.8235294117647058,
    "selected_family_count_mean": 3.0,
    "removed_family_fraction_mean": 0.7857142857142857,
    "passes_90pct_recall_at_50pct_removal": false
  },
  {
    "encoder": "resnet50",
    "method": "full_merged_rank",
    "shortlist_size": 5,
    "rows": 7,
    "targets": 7,
    "best_candidate_recall_mean": 0.7142857142857143,
    "top3_candidate_recall_mean": 0.6666666666666666,
    "best_candidate_family_recall_mean": 0.7142857142857143,
    "top3_candidate_family_recall_mean": 0.6666666666666666,
    "validation_regret_mean": 0.002586861510594301,
    "normalized_validation_regret_mean": 0.08629134768088638,
    "test_regret_mean": -0.0035820109503609887,
    "removed_fraction": 0.7058823529411764,
    "selected_family_count_mean": 4.0,
    "removed_family_fraction_mean": 0.7142857142857143,
    "passes_90pct_recall_at_50pct_removal": false
  },
  {
    "encoder": "resnet50",
    "method": "full_merged_rank",
    "shortlist_size": 8,
    "rows": 7,
    "targets": 7,
    "best_candidate_recall_mean": 0.7142857142857143,
    "top3_candidate_recall_mean": 0.761904761904762,
    "best_candidate_family_recall_mean": 0.7142857142857143,
    "top3_candidate_family_recall_mean": 0.761904761904762,
    "validation_regret_mean": 0.002089487335141455,
    "normalized_validation_regret_mean": 0.07095481616113734,
    "test_regret_mean": -0.0020195109503609826,
    "removed_fraction": 0.5294117647058824,
    "selected_family_count_mean": 6.0,
    "removed_family_fraction_mean": 0.5714285714285713,
    "passes_90pct_recall_at_50pct_removal": false
  },
  {
    "encoder": "resnet50",
    "method": "kcenter_subspace",
    "shortlist_size": 3,
    "rows": 7,
    "targets": 7,
    "best_candidate_recall_mean": 0.8571428571428571,
    "top3_candidate_recall_mean": 0.3333333333333333,
    "best_candidate_family_recall_mean": 0.8571428571428571,
    "top3_candidate_family_recall_mean": 0.35714285714285715,
    "validation_regret_mean": 0.00012761989729743423,
    "normalized_validation_regret_mean": 0.010460638371006687,
    "test_regret_mean": -1.0582378932414268e-05,
    "removed_fraction": 0.8235294117647058,
    "selected_family_count_mean": 3.0,
    "removed_family_fraction_mean": 0.7857142857142857,
    "passes_90pct_recall_at_50pct_removal": false
  },
  {
    "encoder": "resnet50",
    "method": "kcenter_subspace",
    "shortlist_size": 5,
    "rows": 7,
    "targets": 7,
    "best_candidate_recall_mean": 0.8571428571428571,
    "top3_candidate_recall_mean": 0.38095238095238093,
    "best_candidate_family_recall_mean": 0.8571428571428571,
    "top3_candidate_family_recall_mean": 0.4047619047619047,
    "validation_regret_mean": 0.00012761989729743423,
    "normalized_validation_regret_mean": 0.010460638371006687,
    "test_regret_mean": -1.0582378932414268e-05,
    "removed_fraction": 0.7058823529411764,
    "selected_family_count_mean": 5.0,
    "removed_family_fraction_mean": 0.6428571428571429,
    "passes_90pct_recall_at_50pct_removal": false
  },
  {
    "encoder": "resnet50",
    "method": "kcenter_subspace",
    "shortlist_size": 8,
    "rows": 7,
    "targets": 7,
    "best_candidate_recall_mean": 0.8571428571428571,
    "top3_candidate_recall_mean": 0.5238095238095238,
    "best_candidate_family_recall_mean": 0.8571428571428571,
    "top3_candidate_family_recall_mean": 0.5476190476190476,
    "validation_regret_mean": 9.143004110880235e-05,
    "normalized_validation_regret_mean": 0.007494259253762033,
    "test_regret_mean": 0.00034920488085064615,
    "removed_fraction": 0.5294117647058824,
    "selected_family_count_mean": 8.0,
    "removed_family_fraction_mean": 0.4285714285714287,
    "passes_90pct_recall_at_50pct_removal": false
  },
  {
    "encoder": "resnet50",
    "method": "pool_vendi_subspace",
    "shortlist_size": 3,
    "rows": 7,
    "targets": 7,
    "best_candidate_recall_mean": 0.8571428571428571,
    "top3_candidate_recall_mean": 0.3333333333333333,
    "best_candidate_family_recall_mean": 0.8571428571428571,
    "top3_candidate_family_recall_mean": 0.35714285714285715,
    "validation_regret_mean": 0.00012761989729743423,
    "normalized_validation_regret_mean": 0.010460638371006687,
    "test_regret_mean": -1.0582378932414268e-05,
    "removed_fraction": 0.8235294117647058,
    "selected_family_count_mean": 3.0,
    "removed_family_fraction_mean": 0.7857142857142857,
    "passes_90pct_recall_at_50pct_removal": false
  },
  {
    "encoder": "resnet50",
    "method": "pool_vendi_subspace",
    "shortlist_size": 5,
    "rows": 7,
    "targets": 7,
    "best_candidate_recall_mean": 0.8571428571428571,
    "top3_candidate_recall_mean": 0.38095238095238093,
    "best_candidate_family_recall_mean": 0.8571428571428571,
    "top3_candidate_family_recall_mean": 0.4047619047619047,
    "validation_regret_mean": 0.00012761989729743423,
    "normalized_validation_regret_mean": 0.010460638371006687,
    "test_regret_mean": -1.0582378932414268e-05,
    "removed_fraction": 0.7058823529411764,
    "selected_family_count_mean": 5.0,
    "removed_family_fraction_mean": 0.6428571428571429,
    "passes_90pct_recall_at_50pct_removal": false
  },
  {
    "encoder": "resnet50",
    "method": "pool_vendi_subspace",
    "shortlist_size": 8,
    "rows": 7,
    "targets": 7,
    "best_candidate_recall_mean": 0.8571428571428571,
    "top3_candidate_recall_mean": 0.5238095238095238,
    "best_candidate_family_recall_mean": 0.8571428571428571,
    "top3_candidate_family_recall_mean": 0.5476190476190476,
    "validation_regret_mean": 9.143004110880235e-05,
    "normalized_validation_regret_mean": 0.007494259253762033,
    "test_regret_mean": 0.00034920488085064615,
    "removed_fraction": 0.5294117647058824,
    "selected_family_count_mean": 8.0,
    "removed_family_fraction_mean": 0.4285714285714287,
    "passes_90pct_recall_at_50pct_removal": false
  },
  {
    "encoder": "resnet50",
    "method": "random",
    "shortlist_size": 3,
    "rows": 700,
    "targets": 7,
    "best_candidate_recall_mean": 0.1957142857142857,
    "top3_candidate_recall_mean": 0.18714285714285714,
    "best_candidate_family_recall_mean": 0.1957142857142857,
    "top3_candidate_family_recall_mean": 0.250952380952381,
    "validation_regret_mean": 0.008980565481142979,
    "normalized_validation_regret_mean": 0.23269123153957674,
    "test_regret_mean": 0.002668991795607968,
    "removed_fraction": 0.8235294117647058,
    "selected_family_count_mean": 2.927142857142857,
    "removed_family_fraction_mean": 0.7909183673469388,
    "passes_90pct_recall_at_50pct_removal": false
  },
  {
    "encoder": "resnet50",
    "method": "random",
    "shortlist_size": 5,
    "rows": 700,
    "targets": 7,
    "best_candidate_recall_mean": 0.30142857142857143,
    "top3_candidate_recall_mean": 0.3066666666666666,
    "best_candidate_family_recall_mean": 0.30142857142857143,
    "top3_candidate_family_recall_mean": 0.3788095238095238,
    "validation_regret_mean": 0.006121663425830885,
    "normalized_validation_regret_mean": 0.156848429551296,
    "test_regret_mean": 0.0011705487966537436,
    "removed_fraction": 0.7058823529411764,
    "selected_family_count_mean": 4.744285714285715,
    "removed_family_fraction_mean": 0.6611224489795917,
    "passes_90pct_recall_at_50pct_removal": false
  },
  {
    "encoder": "resnet50",
    "method": "random",
    "shortlist_size": 8,
    "rows": 700,
    "targets": 7,
    "best_candidate_recall_mean": 0.4614285714285714,
    "top3_candidate_recall_mean": 0.45952380952380956,
    "best_candidate_family_recall_mean": 0.4614285714285714,
    "top3_candidate_family_recall_mean": 0.5478571428571428,
    "validation_regret_mean": 0.004109257235400179,
    "normalized_validation_regret_mean": 0.10804737811840642,
    "test_regret_mean": -9.889469827924808e-05,
    "removed_fraction": 0.5294117647058824,
    "selected_family_count_mean": 7.204285714285715,
    "removed_family_fraction_mean": 0.48540816326530617,
    "passes_90pct_recall_at_50pct_removal": false
  },
  {
    "encoder": "resnet50",
    "method": "rank_only",
    "shortlist_size": 3,
    "rows": 7,
    "targets": 7,
    "best_candidate_recall_mean": 0.7142857142857143,
    "top3_candidate_recall_mean": 0.5714285714285714,
    "best_candidate_family_recall_mean": 0.7142857142857143,
    "top3_candidate_family_recall_mean": 0.5714285714285714,
    "validation_regret_mean": 0.003296082771438621,
    "normalized_validation_regret_mean": 0.10816018357593833,
    "test_regret_mean": -0.0033587966646467,
    "removed_fraction": 0.8235294117647058,
    "selected_family_count_mean": 2.0,
    "removed_family_fraction_mean": 0.8571428571428574,
    "passes_90pct_recall_at_50pct_removal": false
  },
  {
    "encoder": "resnet50",
    "method": "rank_only",
    "shortlist_size": 5,
    "rows": 7,
    "targets": 7,
    "best_candidate_recall_mean": 0.7142857142857143,
    "top3_candidate_recall_mean": 0.6666666666666666,
    "best_candidate_family_recall_mean": 0.7142857142857143,
    "top3_candidate_family_recall_mean": 0.6666666666666666,
    "validation_regret_mean": 0.002586861510594301,
    "normalized_validation_regret_mean": 0.08629134768088638,
    "test_regret_mean": -0.0035820109503609887,
    "removed_fraction": 0.7058823529411764,
    "selected_family_count_mean": 4.0,
    "removed_family_fraction_mean": 0.7142857142857143,
    "passes_90pct_recall_at_50pct_removal": false
  },
  {
    "encoder": "resnet50",
    "method": "rank_only",
    "shortlist_size": 8,
    "rows": 7,
    "targets": 7,
    "best_candidate_recall_mean": 0.7142857142857143,
    "top3_candidate_recall_mean": 0.7142857142857143,
    "best_candidate_family_recall_mean": 0.7142857142857143,
    "top3_candidate_family_recall_mean": 0.7142857142857143,
    "validation_regret_mean": 0.0024210708540671594,
    "normalized_validation_regret_mean": 0.08117919318031673,
    "test_regret_mean": -0.000903439521789554,
    "removed_fraction": 0.5294117647058824,
    "selected_family_count_mean": 5.0,
    "removed_family_fraction_mean": 0.6428571428571429,
    "passes_90pct_recall_at_50pct_removal": false
  }
]
