[
  {
    "encoder": "resnet50",
    "method": "dpp_subspace",
    "shortlist_size": 3,
    "rows": 7,
    "targets": 7,
    "best_candidate_recall_mean": 0.14285714285714285,
    "top3_candidate_recall_mean": 0.2857142857142857,
    "best_candidate_family_recall_mean": 0.14285714285714285,
    "top3_candidate_family_recall_mean": 0.35714285714285715,
    "validation_regret_mean": 0.006299905362968182,
    "normalized_validation_regret_mean": 0.2297361004147461,
    "test_regret_mean": 0.001288519586835592,
    "removed_fraction": 0.8125,
    "selected_family_count_mean": 3.0,
    "removed_family_fraction_mean": 0.7692307692307692,
    "passes_90pct_recall_at_50pct_removal": false
  },
  {
    "encoder": "resnet50",
    "method": "dpp_subspace",
    "shortlist_size": 5,
    "rows": 7,
    "targets": 7,
    "best_candidate_recall_mean": 0.14285714285714285,
    "top3_candidate_recall_mean": 0.3333333333333333,
    "best_candidate_family_recall_mean": 0.14285714285714285,
    "top3_candidate_family_recall_mean": 0.4047619047619047,
    "validation_regret_mean": 0.005035219208557247,
    "normalized_validation_regret_mean": 0.16274098295426662,
    "test_regret_mean": 0.00033296516963413466,
    "removed_fraction": 0.6875,
    "selected_family_count_mean": 5.0,
    "removed_family_fraction_mean": 0.6153846153846155,
    "passes_90pct_recall_at_50pct_removal": false
  },
  {
    "encoder": "resnet50",
    "method": "dpp_subspace",
    "shortlist_size": 8,
    "rows": 7,
    "targets": 7,
    "best_candidate_recall_mean": 0.2857142857142857,
    "top3_candidate_recall_mean": 0.5238095238095238,
    "best_candidate_family_recall_mean": 0.42857142857142855,
    "top3_candidate_family_recall_mean": 0.5238095238095238,
    "validation_regret_mean": 0.00432412060678476,
    "normalized_validation_regret_mean": 0.14234764719703003,
    "test_regret_mean": 0.0009946295193263527,
    "removed_fraction": 0.5,
    "selected_family_count_mean": 7.0,
    "removed_family_fraction_mean": 0.4615384615384616,
    "passes_90pct_recall_at_50pct_removal": false
  },
  {
    "encoder": "resnet50",
    "method": "facility_subspace",
    "shortlist_size": 3,
    "rows": 7,
    "targets": 7,
    "best_candidate_recall_mean": 0.14285714285714285,
    "top3_candidate_recall_mean": 0.14285714285714285,
    "best_candidate_family_recall_mean": 0.14285714285714285,
    "top3_candidate_family_recall_mean": 0.21428571428571427,
    "validation_regret_mean": 0.005965256988381518,
    "normalized_validation_regret_mean": 0.21902430443538495,
    "test_regret_mean": 0.0072694429329463305,
    "removed_fraction": 0.8125,
    "selected_family_count_mean": 3.0,
    "removed_family_fraction_mean": 0.7692307692307692,
    "passes_90pct_recall_at_50pct_removal": false
  },
  {
    "encoder": "resnet50",
    "method": "facility_subspace",
    "shortlist_size": 5,
    "rows": 7,
    "targets": 7,
    "best_candidate_recall_mean": 0.14285714285714285,
    "top3_candidate_recall_mean": 0.19047619047619047,
    "best_candidate_family_recall_mean": 0.14285714285714285,
    "top3_candidate_family_recall_mean": 0.2619047619047619,
    "validation_regret_mean": 0.005927908831497908,
    "normalized_validation_regret_mean": 0.21775163918154394,
    "test_regret_mean": 0.008623730284827094,
    "removed_fraction": 0.6875,
    "selected_family_count_mean": 5.0,
    "removed_family_fraction_mean": 0.6153846153846155,
    "passes_90pct_recall_at_50pct_removal": false
  },
  {
    "encoder": "resnet50",
    "method": "facility_subspace",
    "shortlist_size": 8,
    "rows": 7,
    "targets": 7,
    "best_candidate_recall_mean": 0.7142857142857143,
    "top3_candidate_recall_mean": 0.6666666666666666,
    "best_candidate_family_recall_mean": 0.8571428571428571,
    "top3_candidate_family_recall_mean": 0.7857142857142858,
    "validation_regret_mean": 0.0010392561729218558,
    "normalized_validation_regret_mean": 0.03441032745616642,
    "test_regret_mean": 0.0029316101755414753,
    "removed_fraction": 0.5,
    "selected_family_count_mean": 8.0,
    "removed_family_fraction_mean": 0.3846153846153846,
    "passes_90pct_recall_at_50pct_removal": false
  },
  {
    "encoder": "resnet50",
    "method": "full_merged_rank",
    "shortlist_size": 3,
    "rows": 7,
    "targets": 7,
    "best_candidate_recall_mean": 0.0,
    "top3_candidate_recall_mean": 0.09523809523809523,
    "best_candidate_family_recall_mean": 0.0,
    "top3_candidate_family_recall_mean": 0.16666666666666666,
    "validation_regret_mean": 0.006858147634242505,
    "normalized_validation_regret_mean": 0.24404241550808056,
    "test_regret_mean": 0.005388017211641576,
    "removed_fraction": 0.8125,
    "selected_family_count_mean": 2.0,
    "removed_family_fraction_mean": 0.846153846153846,
    "passes_90pct_recall_at_50pct_removal": false
  },
  {
    "encoder": "resnet50",
    "method": "full_merged_rank",
    "shortlist_size": 5,
    "rows": 7,
    "targets": 7,
    "best_candidate_recall_mean": 0.14285714285714285,
    "top3_candidate_recall_mean": 0.38095238095238093,
    "best_candidate_family_recall_mean": 0.14285714285714285,
    "top3_candidate_family_recall_mean": 0.35714285714285715,
    "validation_regret_mean": 0.006214502072651213,
    "normalized_validation_regret_mean": 0.22751553402543098,
    "test_regret_mean": 0.000704474108559751,
    "removed_fraction": 0.6875,
    "selected_family_count_mean": 3.0,
    "removed_family_fraction_mean": 0.7692307692307692,
    "passes_90pct_recall_at_50pct_removal": false
  },
  {
    "encoder": "resnet50",
    "method": "full_merged_rank",
    "shortlist_size": 8,
    "rows": 7,
    "targets": 7,
    "best_candidate_recall_mean": 0.2857142857142857,
    "top3_candidate_recall_mean": 0.5238095238095238,
    "best_candidate_family_recall_mean": 0.42857142857142855,
    "top3_candidate_family_recall_mean": 0.5238095238095238,
    "validation_regret_mean": 0.004300481747011253,
    "normalized_validation_regret_mean": 0.15614619194959015,
    "test_regret_mean": 0.0022376826831272795,
    "removed_fraction": 0.5,
    "selected_family_count_mean": 6.0,
    "removed_family_fraction_mean": 0.5384615384615384,
    "passes_90pct_recall_at_50pct_removal": false
  },
  {
    "encoder": "resnet50",
    "method": "kcenter_subspace",
    "shortlist_size": 3,
    "rows": 7,
    "targets": 7,
    "best_candidate_recall_mean": 0.14285714285714285,
    "top3_candidate_recall_mean": 0.09523809523809523,
    "best_candidate_family_recall_mean": 0.14285714285714285,
    "top3_candidate_family_recall_mean": 0.16666666666666666,
    "validation_regret_mean": 0.007638989178854242,
    "normalized_validation_regret_mean": 0.2504981880180209,
    "test_regret_mean": 0.008574490036283213,
    "removed_fraction": 0.8125,
    "selected_family_count_mean": 3.0,
    "removed_family_fraction_mean": 0.7692307692307692,
    "passes_90pct_recall_at_50pct_removal": false
  },
  {
    "encoder": "resnet50",
    "method": "kcenter_subspace",
    "shortlist_size": 5,
    "rows": 7,
    "targets": 7,
    "best_candidate_recall_mean": 0.2857142857142857,
    "top3_candidate_recall_mean": 0.19047619047619047,
    "best_candidate_family_recall_mean": 0.42857142857142855,
    "top3_candidate_family_recall_mean": 0.3333333333333333,
    "validation_regret_mean": 0.0026091489090842974,
    "normalized_validation_regret_mean": 0.06704319079283223,
    "test_regret_mean": 0.0020076274871826077,
    "removed_fraction": 0.6875,
    "selected_family_count_mean": 5.0,
    "removed_family_fraction_mean": 0.6153846153846155,
    "passes_90pct_recall_at_50pct_removal": false
  },
  {
    "encoder": "resnet50",
    "method": "kcenter_subspace",
    "shortlist_size": 8,
    "rows": 7,
    "targets": 7,
    "best_candidate_recall_mean": 0.5714285714285714,
    "top3_candidate_recall_mean": 0.4285714285714285,
    "best_candidate_family_recall_mean": 0.5714285714285714,
    "top3_candidate_family_recall_mean": 0.5,
    "validation_regret_mean": 0.0012523821678615623,
    "normalized_validation_regret_mean": 0.03850597646416187,
    "test_regret_mean": 0.0013989278248378114,
    "removed_fraction": 0.5,
    "selected_family_count_mean": 7.0,
    "removed_family_fraction_mean": 0.4615384615384616,
    "passes_90pct_recall_at_50pct_removal": false
  },
  {
    "encoder": "resnet50",
    "method": "pool_vendi_subspace",
    "shortlist_size": 3,
    "rows": 7,
    "targets": 7,
    "best_candidate_recall_mean": 0.14285714285714285,
    "top3_candidate_recall_mean": 0.09523809523809523,
    "best_candidate_family_recall_mean": 0.14285714285714285,
    "top3_candidate_family_recall_mean": 0.16666666666666666,
    "validation_regret_mean": 0.007638989178854242,
    "normalized_validation_regret_mean": 0.2504981880180209,
    "test_regret_mean": 0.008574490036283213,
    "removed_fraction": 0.8125,
    "selected_family_count_mean": 3.0,
    "removed_family_fraction_mean": 0.7692307692307692,
    "passes_90pct_recall_at_50pct_removal": false
  },
  {
    "encoder": "resnet50",
    "method": "pool_vendi_subspace",
    "shortlist_size": 5,
    "rows": 7,
    "targets": 7,
    "best_candidate_recall_mean": 0.2857142857142857,
    "top3_candidate_recall_mean": 0.23809523809523808,
    "best_candidate_family_recall_mean": 0.42857142857142855,
    "top3_candidate_family_recall_mean": 0.3333333333333333,
    "validation_regret_mean": 0.0027127534846501816,
    "normalized_validation_regret_mean": 0.08359448900147062,
    "test_regret_mean": 0.006967628002166738,
    "removed_fraction": 0.6875,
    "selected_family_count_mean": 5.0,
    "removed_family_fraction_mean": 0.6153846153846155,
    "passes_90pct_recall_at_50pct_removal": false
  },
  {
    "encoder": "resnet50",
    "method": "pool_vendi_subspace",
    "shortlist_size": 8,
    "rows": 7,
    "targets": 7,
    "best_candidate_recall_mean": 0.5714285714285714,
    "top3_candidate_recall_mean": 0.5714285714285714,
    "best_candidate_family_recall_mean": 0.7142857142857143,
    "top3_candidate_family_recall_mean": 0.6904761904761905,
    "validation_regret_mean": 0.0018102716520854237,
    "normalized_validation_regret_mean": 0.06310158985270933,
    "test_regret_mean": 0.0038692082677568612,
    "removed_fraction": 0.5,
    "selected_family_count_mean": 8.0,
    "removed_family_fraction_mean": 0.3846153846153846,
    "passes_90pct_recall_at_50pct_removal": false
  },
  {
    "encoder": "resnet50",
    "method": "random",
    "shortlist_size": 3,
    "rows": 700,
    "targets": 7,
    "best_candidate_recall_mean": 0.19285714285714287,
    "top3_candidate_recall_mean": 0.19904761904761903,
    "best_candidate_family_recall_mean": 0.24142857142857144,
    "top3_candidate_family_recall_mean": 0.25166666666666665,
    "validation_regret_mean": 0.005675254570979603,
    "normalized_validation_regret_mean": 0.18591898703529403,
    "test_regret_mean": 0.0021527722903660323,
    "removed_fraction": 0.8125,
    "selected_family_count_mean": 2.9,
    "removed_family_fraction_mean": 0.7769230769230768,
    "passes_90pct_recall_at_50pct_removal": false
  },
  {
    "encoder": "resnet50",
    "method": "random",
    "shortlist_size": 5,
    "rows": 700,
    "targets": 7,
    "best_candidate_recall_mean": 0.3028571428571429,
    "top3_candidate_recall_mean": 0.32285714285714284,
    "best_candidate_family_recall_mean": 0.37142857142857144,
    "top3_candidate_family_recall_mean": 0.40047619047619043,
    "validation_regret_mean": 0.003947972884965579,
    "normalized_validation_regret_mean": 0.13117627184920488,
    "test_regret_mean": 0.0012041293127196138,
    "removed_fraction": 0.6875,
    "selected_family_count_mean": 4.744285714285715,
    "removed_family_fraction_mean": 0.6350549450549451,
    "passes_90pct_recall_at_50pct_removal": false
  },
  {
    "encoder": "resnet50",
    "method": "random",
    "shortlist_size": 8,
    "rows": 700,
    "targets": 7,
    "best_candidate_recall_mean": 0.47,
    "top3_candidate_recall_mean": 0.48619047619047623,
    "best_candidate_family_recall_mean": 0.5428571428571428,
    "top3_candidate_family_recall_mean": 0.5633333333333334,
    "validation_regret_mean": 0.0026329001072748887,
    "normalized_validation_regret_mean": 0.08615978459001826,
    "test_regret_mean": 0.0009156003764697457,
    "removed_fraction": 0.5,
    "selected_family_count_mean": 7.155714285714286,
    "removed_family_fraction_mean": 0.4495604395604396,
    "passes_90pct_recall_at_50pct_removal": false
  },
  {
    "encoder": "resnet50",
    "method": "rank_only",
    "shortlist_size": 3,
    "rows": 7,
    "targets": 7,
    "best_candidate_recall_mean": 0.0,
    "top3_candidate_recall_mean": 0.14285714285714285,
    "best_candidate_family_recall_mean": 0.0,
    "top3_candidate_family_recall_mean": 0.11904761904761904,
    "validation_regret_mean": 0.007051305257669972,
    "normalized_validation_regret_mean": 0.246967124034598,
    "test_regret_mean": 0.002858322007315498,
    "removed_fraction": 0.8125,
    "selected_family_count_mean": 1.0,
    "removed_family_fraction_mean": 0.9230769230769232,
    "passes_90pct_recall_at_50pct_removal": false
  },
  {
    "encoder": "resnet50",
    "method": "rank_only",
    "shortlist_size": 5,
    "rows": 7,
    "targets": 7,
    "best_candidate_recall_mean": 0.14285714285714285,
    "top3_candidate_recall_mean": 0.38095238095238093,
    "best_candidate_family_recall_mean": 0.14285714285714285,
    "top3_candidate_family_recall_mean": 0.35714285714285715,
    "validation_regret_mean": 0.006214502072651213,
    "normalized_validation_regret_mean": 0.22751553402543098,
    "test_regret_mean": 0.000704474108559751,
    "removed_fraction": 0.6875,
    "selected_family_count_mean": 3.0,
    "removed_family_fraction_mean": 0.7692307692307692,
    "passes_90pct_recall_at_50pct_removal": false
  },
  {
    "encoder": "resnet50",
    "method": "rank_only",
    "shortlist_size": 8,
    "rows": 7,
    "targets": 7,
    "best_candidate_recall_mean": 0.14285714285714285,
    "top3_candidate_recall_mean": 0.4285714285714285,
    "best_candidate_family_recall_mean": 0.14285714285714285,
    "top3_candidate_family_recall_mean": 0.4047619047619047,
    "validation_regret_mean": 0.005715455972670543,
    "normalized_validation_regret_mean": 0.18661015098635544,
    "test_regret_mean": 0.0002917732511247907,
    "removed_fraction": 0.5,
    "selected_family_count_mean": 6.0,
    "removed_family_fraction_mean": 0.5384615384615384,
    "passes_90pct_recall_at_50pct_removal": false
  }
]
