[
  {
    "encoder": "clip_b32",
    "method": "dpp_subspace",
    "shortlist_size": 3,
    "rows": 7,
    "targets": 7,
    "best_candidate_recall_mean": 0.5714285714285714,
    "top3_candidate_recall_mean": 0.47619047619047616,
    "validation_regret_mean": 0.00234392881393432,
    "normalized_validation_regret_mean": 0.06683382915186296,
    "test_regret_mean": 0.0022340910775321093,
    "removed_fraction": 0.8571428571428572,
    "passes_90pct_recall_at_50pct_removal": false
  },
  {
    "encoder": "clip_b32",
    "method": "dpp_subspace",
    "shortlist_size": 5,
    "rows": 7,
    "targets": 7,
    "best_candidate_recall_mean": 0.7142857142857143,
    "top3_candidate_recall_mean": 0.6666666666666666,
    "validation_regret_mean": 0.0008882743971688438,
    "normalized_validation_regret_mean": 0.027314513648493348,
    "test_regret_mean": 0.0029127989496503526,
    "removed_fraction": 0.7619047619047619,
    "passes_90pct_recall_at_50pct_removal": false
  },
  {
    "encoder": "clip_b32",
    "method": "dpp_subspace",
    "shortlist_size": 10,
    "rows": 7,
    "targets": 7,
    "best_candidate_recall_mean": 1.0,
    "top3_candidate_recall_mean": 0.8571428571428571,
    "validation_regret_mean": 0.0,
    "normalized_validation_regret_mean": 0.0,
    "test_regret_mean": 0.0,
    "removed_fraction": 0.5238095238095238,
    "passes_90pct_recall_at_50pct_removal": true
  },
  {
    "encoder": "clip_b32",
    "method": "facility_subspace",
    "shortlist_size": 3,
    "rows": 7,
    "targets": 7,
    "best_candidate_recall_mean": 0.2857142857142857,
    "top3_candidate_recall_mean": 0.09523809523809523,
    "validation_regret_mean": 0.004753884247371142,
    "normalized_validation_regret_mean": 0.13070266946960915,
    "test_regret_mean": 0.003376451560429158,
    "removed_fraction": 0.8571428571428572,
    "passes_90pct_recall_at_50pct_removal": false
  },
  {
    "encoder": "clip_b32",
    "method": "facility_subspace",
    "shortlist_size": 5,
    "rows": 7,
    "targets": 7,
    "best_candidate_recall_mean": 0.2857142857142857,
    "top3_candidate_recall_mean": 0.23809523809523808,
    "validation_regret_mean": 0.002393249103001189,
    "normalized_validation_regret_mean": 0.054611157667737394,
    "test_regret_mean": 0.0046864935329982305,
    "removed_fraction": 0.7619047619047619,
    "passes_90pct_recall_at_50pct_removal": false
  },
  {
    "encoder": "clip_b32",
    "method": "facility_subspace",
    "shortlist_size": 10,
    "rows": 7,
    "targets": 7,
    "best_candidate_recall_mean": 0.42857142857142855,
    "top3_candidate_recall_mean": 0.5238095238095238,
    "validation_regret_mean": 0.00045131444931031543,
    "normalized_validation_regret_mean": 0.014595800758054611,
    "test_regret_mean": 0.0030150651931762757,
    "removed_fraction": 0.5238095238095238,
    "passes_90pct_recall_at_50pct_removal": false
  },
  {
    "encoder": "clip_b32",
    "method": "full_merged_rank",
    "shortlist_size": 3,
    "rows": 7,
    "targets": 7,
    "best_candidate_recall_mean": 0.5714285714285714,
    "top3_candidate_recall_mean": 0.47619047619047616,
    "validation_regret_mean": 0.00234392881393432,
    "normalized_validation_regret_mean": 0.06683382915186296,
    "test_regret_mean": 0.0022340910775321093,
    "removed_fraction": 0.8571428571428572,
    "passes_90pct_recall_at_50pct_removal": false
  },
  {
    "encoder": "clip_b32",
    "method": "full_merged_rank",
    "shortlist_size": 5,
    "rows": 7,
    "targets": 7,
    "best_candidate_recall_mean": 0.8571428571428571,
    "top3_candidate_recall_mean": 0.5714285714285714,
    "validation_regret_mean": 0.0009615421295166016,
    "normalized_validation_regret_mean": 0.024390347155739622,
    "test_regret_mean": 0.0017857142857142952,
    "removed_fraction": 0.7619047619047619,
    "passes_90pct_recall_at_50pct_removal": false
  },
  {
    "encoder": "clip_b32",
    "method": "full_merged_rank",
    "shortlist_size": 10,
    "rows": 7,
    "targets": 7,
    "best_candidate_recall_mean": 1.0,
    "top3_candidate_recall_mean": 0.9047619047619048,
    "validation_regret_mean": 0.0,
    "normalized_validation_regret_mean": 0.0,
    "test_regret_mean": 0.0,
    "removed_fraction": 0.5238095238095238,
    "passes_90pct_recall_at_50pct_removal": true
  },
  {
    "encoder": "clip_b32",
    "method": "kcenter_subspace",
    "shortlist_size": 3,
    "rows": 7,
    "targets": 7,
    "best_candidate_recall_mean": 0.0,
    "top3_candidate_recall_mean": 0.23809523809523808,
    "validation_regret_mean": 0.00479402201516288,
    "normalized_validation_regret_mean": 0.12803567121063403,
    "test_regret_mean": 0.007174868243081238,
    "removed_fraction": 0.8571428571428572,
    "passes_90pct_recall_at_50pct_removal": false
  },
  {
    "encoder": "clip_b32",
    "method": "kcenter_subspace",
    "shortlist_size": 5,
    "rows": 7,
    "targets": 7,
    "best_candidate_recall_mean": 0.0,
    "top3_candidate_recall_mean": 0.23809523809523808,
    "validation_regret_mean": 0.004656655447823661,
    "normalized_validation_regret_mean": 0.1245512495070523,
    "test_regret_mean": 0.005835582528795521,
    "removed_fraction": 0.7619047619047619,
    "passes_90pct_recall_at_50pct_removal": false
  },
  {
    "encoder": "clip_b32",
    "method": "kcenter_subspace",
    "shortlist_size": 10,
    "rows": 7,
    "targets": 7,
    "best_candidate_recall_mean": 0.2857142857142857,
    "top3_candidate_recall_mean": 0.4285714285714285,
    "validation_regret_mean": 0.0018410989216395915,
    "normalized_validation_regret_mean": 0.041925885654545435,
    "test_regret_mean": 0.005051847866603319,
    "removed_fraction": 0.5238095238095238,
    "passes_90pct_recall_at_50pct_removal": false
  },
  {
    "encoder": "clip_b32",
    "method": "pool_vendi_subspace",
    "shortlist_size": 3,
    "rows": 7,
    "targets": 7,
    "best_candidate_recall_mean": 0.0,
    "top3_candidate_recall_mean": 0.23809523809523808,
    "validation_regret_mean": 0.00479402201516288,
    "normalized_validation_regret_mean": 0.12803567121063403,
    "test_regret_mean": 0.007174868243081238,
    "removed_fraction": 0.8571428571428572,
    "passes_90pct_recall_at_50pct_removal": false
  },
  {
    "encoder": "clip_b32",
    "method": "pool_vendi_subspace",
    "shortlist_size": 5,
    "rows": 7,
    "targets": 7,
    "best_candidate_recall_mean": 0.0,
    "top3_candidate_recall_mean": 0.33333333333333337,
    "validation_regret_mean": 0.004600467000688835,
    "normalized_validation_regret_mean": 0.1223015017291849,
    "test_regret_mean": 0.0061384405408586905,
    "removed_fraction": 0.7619047619047619,
    "passes_90pct_recall_at_50pct_removal": false
  },
  {
    "encoder": "clip_b32",
    "method": "pool_vendi_subspace",
    "shortlist_size": 10,
    "rows": 7,
    "targets": 7,
    "best_candidate_recall_mean": 0.5714285714285714,
    "top3_candidate_recall_mean": 0.7142857142857142,
    "validation_regret_mean": 0.0019318342208862274,
    "normalized_validation_regret_mean": 0.056380693634546376,
    "test_regret_mean": 0.0020108767918178205,
    "removed_fraction": 0.5238095238095238,
    "passes_90pct_recall_at_50pct_removal": false
  },
  {
    "encoder": "clip_b32",
    "method": "random",
    "shortlist_size": 3,
    "rows": 700,
    "targets": 7,
    "best_candidate_recall_mean": 0.14285714285714285,
    "top3_candidate_recall_mean": 0.13857142857142857,
    "validation_regret_mean": 0.0069200851576668955,
    "normalized_validation_regret_mean": 0.2080831728872295,
    "test_regret_mean": 0.00919158634117672,
    "removed_fraction": 0.8571428571428572,
    "passes_90pct_recall_at_50pct_removal": false
  },
  {
    "encoder": "clip_b32",
    "method": "random",
    "shortlist_size": 5,
    "rows": 700,
    "targets": 7,
    "best_candidate_recall_mean": 0.25,
    "top3_candidate_recall_mean": 0.2438095238095238,
    "validation_regret_mean": 0.004379982726914549,
    "normalized_validation_regret_mean": 0.1300920650833535,
    "test_regret_mean": 0.0066917837687901155,
    "removed_fraction": 0.7619047619047619,
    "passes_90pct_recall_at_50pct_removal": false
  },
  {
    "encoder": "clip_b32",
    "method": "random",
    "shortlist_size": 10,
    "rows": 700,
    "targets": 7,
    "best_candidate_recall_mean": 0.49,
    "top3_candidate_recall_mean": 0.4685714285714286,
    "validation_regret_mean": 0.0018652071441922935,
    "normalized_validation_regret_mean": 0.054713705403515334,
    "test_regret_mean": 0.004031233327729365,
    "removed_fraction": 0.5238095238095238,
    "passes_90pct_recall_at_50pct_removal": false
  },
  {
    "encoder": "clip_b32",
    "method": "rank_only",
    "shortlist_size": 3,
    "rows": 7,
    "targets": 7,
    "best_candidate_recall_mean": 0.5714285714285714,
    "top3_candidate_recall_mean": 0.47619047619047616,
    "validation_regret_mean": 0.00234392881393432,
    "normalized_validation_regret_mean": 0.06683382915186296,
    "test_regret_mean": 0.0022340910775321093,
    "removed_fraction": 0.8571428571428572,
    "passes_90pct_recall_at_50pct_removal": false
  },
  {
    "encoder": "clip_b32",
    "method": "rank_only",
    "shortlist_size": 5,
    "rows": 7,
    "targets": 7,
    "best_candidate_recall_mean": 0.8571428571428571,
    "top3_candidate_recall_mean": 0.5714285714285714,
    "validation_regret_mean": 0.0009615421295166016,
    "normalized_validation_regret_mean": 0.024390347155739622,
    "test_regret_mean": 0.0017857142857142952,
    "removed_fraction": 0.7619047619047619,
    "passes_90pct_recall_at_50pct_removal": false
  },
  {
    "encoder": "clip_b32",
    "method": "rank_only",
    "shortlist_size": 10,
    "rows": 7,
    "targets": 7,
    "best_candidate_recall_mean": 1.0,
    "top3_candidate_recall_mean": 0.8095238095238094,
    "validation_regret_mean": 0.0,
    "normalized_validation_regret_mean": 0.0,
    "test_regret_mean": 0.0,
    "removed_fraction": 0.5238095238095238,
    "passes_90pct_recall_at_50pct_removal": true
  }
]
