[
  {
    "encoder": "clip_b32",
    "method": "dpp_subspace",
    "shortlist_size": 3,
    "rows": 7,
    "targets": 7,
    "best_candidate_recall_mean": 0.7142857142857143,
    "top3_candidate_recall_mean": 0.5714285714285714,
    "validation_regret_mean": 0.0009977854997882713,
    "normalized_validation_regret_mean": 0.0298632425752008,
    "test_regret_mean": 0.0016828519957406338,
    "removed_fraction": 0.8571428571428572,
    "passes_90pct_recall_at_50pct_removal": false
  },
  {
    "encoder": "clip_b32",
    "method": "dpp_subspace",
    "shortlist_size": 5,
    "rows": 7,
    "targets": 7,
    "best_candidate_recall_mean": 0.8571428571428571,
    "top3_candidate_recall_mean": 0.6666666666666666,
    "validation_regret_mean": 0.00022409200668333757,
    "normalized_validation_regret_mean": 0.004863272808591922,
    "test_regret_mean": -0.00010286228997366134,
    "removed_fraction": 0.7619047619047619,
    "passes_90pct_recall_at_50pct_removal": false
  },
  {
    "encoder": "clip_b32",
    "method": "dpp_subspace",
    "shortlist_size": 10,
    "rows": 7,
    "targets": 7,
    "best_candidate_recall_mean": 1.0,
    "top3_candidate_recall_mean": 0.9047619047619048,
    "validation_regret_mean": 0.0,
    "normalized_validation_regret_mean": 0.0,
    "test_regret_mean": 0.0,
    "removed_fraction": 0.5238095238095238,
    "passes_90pct_recall_at_50pct_removal": true
  },
  {
    "encoder": "clip_b32",
    "method": "facility_subspace",
    "shortlist_size": 3,
    "rows": 7,
    "targets": 7,
    "best_candidate_recall_mean": 0.14285714285714285,
    "top3_candidate_recall_mean": 0.23809523809523808,
    "validation_regret_mean": 0.0035816173748203705,
    "normalized_validation_regret_mean": 0.15329539685379845,
    "test_regret_mean": 0.004378439698900489,
    "removed_fraction": 0.8571428571428572,
    "passes_90pct_recall_at_50pct_removal": false
  },
  {
    "encoder": "clip_b32",
    "method": "facility_subspace",
    "shortlist_size": 5,
    "rows": 7,
    "targets": 7,
    "best_candidate_recall_mean": 0.14285714285714285,
    "top3_candidate_recall_mean": 0.47619047619047616,
    "validation_regret_mean": 0.0026281927033796615,
    "normalized_validation_regret_mean": 0.09626081901027791,
    "test_regret_mean": 0.005621211869376046,
    "removed_fraction": 0.7619047619047619,
    "passes_90pct_recall_at_50pct_removal": false
  },
  {
    "encoder": "clip_b32",
    "method": "facility_subspace",
    "shortlist_size": 10,
    "rows": 7,
    "targets": 7,
    "best_candidate_recall_mean": 0.2857142857142857,
    "top3_candidate_recall_mean": 0.5714285714285714,
    "validation_regret_mean": 0.0018544992102747277,
    "normalized_validation_regret_mean": 0.07126084924366903,
    "test_regret_mean": 0.003835497583661751,
    "removed_fraction": 0.5238095238095238,
    "passes_90pct_recall_at_50pct_removal": false
  },
  {
    "encoder": "clip_b32",
    "method": "full_merged_rank",
    "shortlist_size": 3,
    "rows": 7,
    "targets": 7,
    "best_candidate_recall_mean": 0.7142857142857143,
    "top3_candidate_recall_mean": 0.5714285714285714,
    "validation_regret_mean": 0.0009977854997882713,
    "normalized_validation_regret_mean": 0.0298632425752008,
    "test_regret_mean": 0.0016828519957406338,
    "removed_fraction": 0.8571428571428572,
    "passes_90pct_recall_at_50pct_removal": false
  },
  {
    "encoder": "clip_b32",
    "method": "full_merged_rank",
    "shortlist_size": 5,
    "rows": 7,
    "targets": 7,
    "best_candidate_recall_mean": 0.8571428571428571,
    "top3_candidate_recall_mean": 0.8571428571428571,
    "validation_regret_mean": 0.0007736934931049337,
    "normalized_validation_regret_mean": 0.024999969766608877,
    "test_regret_mean": 0.0017857142857142952,
    "removed_fraction": 0.7619047619047619,
    "passes_90pct_recall_at_50pct_removal": false
  },
  {
    "encoder": "clip_b32",
    "method": "full_merged_rank",
    "shortlist_size": 10,
    "rows": 7,
    "targets": 7,
    "best_candidate_recall_mean": 1.0,
    "top3_candidate_recall_mean": 0.9523809523809523,
    "validation_regret_mean": 0.0,
    "normalized_validation_regret_mean": 0.0,
    "test_regret_mean": 0.0,
    "removed_fraction": 0.5238095238095238,
    "passes_90pct_recall_at_50pct_removal": true
  },
  {
    "encoder": "clip_b32",
    "method": "kcenter_subspace",
    "shortlist_size": 3,
    "rows": 7,
    "targets": 7,
    "best_candidate_recall_mean": 0.0,
    "top3_candidate_recall_mean": 0.3333333333333333,
    "validation_regret_mean": 0.005447180644716324,
    "normalized_validation_regret_mean": 0.18340289136775503,
    "test_regret_mean": 0.006956863403320341,
    "removed_fraction": 0.8571428571428572,
    "passes_90pct_recall_at_50pct_removal": false
  },
  {
    "encoder": "clip_b32",
    "method": "kcenter_subspace",
    "shortlist_size": 5,
    "rows": 7,
    "targets": 7,
    "best_candidate_recall_mean": 0.0,
    "top3_candidate_recall_mean": 0.3333333333333333,
    "validation_regret_mean": 0.005447180644716324,
    "normalized_validation_regret_mean": 0.18340289136775503,
    "test_regret_mean": 0.006956863403320341,
    "removed_fraction": 0.7619047619047619,
    "passes_90pct_recall_at_50pct_removal": false
  },
  {
    "encoder": "clip_b32",
    "method": "kcenter_subspace",
    "shortlist_size": 10,
    "rows": 7,
    "targets": 7,
    "best_candidate_recall_mean": 0.14285714285714285,
    "top3_candidate_recall_mean": 0.5714285714285714,
    "validation_regret_mean": 0.0023518746023057447,
    "normalized_validation_regret_mean": 0.08733229080837691,
    "test_regret_mean": 0.003612283297947478,
    "removed_fraction": 0.5238095238095238,
    "passes_90pct_recall_at_50pct_removal": false
  },
  {
    "encoder": "clip_b32",
    "method": "pool_vendi_subspace",
    "shortlist_size": 3,
    "rows": 7,
    "targets": 7,
    "best_candidate_recall_mean": 0.0,
    "top3_candidate_recall_mean": 0.3333333333333333,
    "validation_regret_mean": 0.005447180644716324,
    "normalized_validation_regret_mean": 0.18340289136775503,
    "test_regret_mean": 0.006956863403320341,
    "removed_fraction": 0.8571428571428572,
    "passes_90pct_recall_at_50pct_removal": false
  },
  {
    "encoder": "clip_b32",
    "method": "pool_vendi_subspace",
    "shortlist_size": 5,
    "rows": 7,
    "targets": 7,
    "best_candidate_recall_mean": 0.0,
    "top3_candidate_recall_mean": 0.38095238095238093,
    "validation_regret_mean": 0.005447180644716324,
    "normalized_validation_regret_mean": 0.18340289136775503,
    "test_regret_mean": 0.006956863403320341,
    "removed_fraction": 0.7619047619047619,
    "passes_90pct_recall_at_50pct_removal": false
  },
  {
    "encoder": "clip_b32",
    "method": "pool_vendi_subspace",
    "shortlist_size": 10,
    "rows": 7,
    "targets": 7,
    "best_candidate_recall_mean": 0.7142857142857143,
    "top3_candidate_recall_mean": 0.6666666666666667,
    "validation_regret_mean": 0.0007214673987143547,
    "normalized_validation_regret_mean": 0.020934714373299808,
    "test_regret_mean": -0.00032607657568793435,
    "removed_fraction": 0.5238095238095238,
    "passes_90pct_recall_at_50pct_removal": false
  },
  {
    "encoder": "clip_b32",
    "method": "random",
    "shortlist_size": 3,
    "rows": 700,
    "targets": 7,
    "best_candidate_recall_mean": 0.14285714285714285,
    "top3_candidate_recall_mean": 0.14809523809523809,
    "validation_regret_mean": 0.007621954700267298,
    "normalized_validation_regret_mean": 0.28361240467182613,
    "test_regret_mean": 0.009965308002063206,
    "removed_fraction": 0.8571428571428572,
    "passes_90pct_recall_at_50pct_removal": false
  },
  {
    "encoder": "clip_b32",
    "method": "random",
    "shortlist_size": 5,
    "rows": 700,
    "targets": 7,
    "best_candidate_recall_mean": 0.2357142857142857,
    "top3_candidate_recall_mean": 0.23857142857142857,
    "validation_regret_mean": 0.005276323415626731,
    "normalized_validation_regret_mean": 0.1984518185782949,
    "test_regret_mean": 0.0068062863520213564,
    "removed_fraction": 0.7619047619047619,
    "passes_90pct_recall_at_50pct_removal": false
  },
  {
    "encoder": "clip_b32",
    "method": "random",
    "shortlist_size": 10,
    "rows": 700,
    "targets": 7,
    "best_candidate_recall_mean": 0.47,
    "top3_candidate_recall_mean": 0.45904761904761904,
    "validation_regret_mean": 0.0025997862238528176,
    "normalized_validation_regret_mean": 0.09656000485602782,
    "test_regret_mean": 0.003641779184341435,
    "removed_fraction": 0.5238095238095238,
    "passes_90pct_recall_at_50pct_removal": false
  },
  {
    "encoder": "clip_b32",
    "method": "rank_only",
    "shortlist_size": 3,
    "rows": 7,
    "targets": 7,
    "best_candidate_recall_mean": 0.7142857142857143,
    "top3_candidate_recall_mean": 0.5714285714285714,
    "validation_regret_mean": 0.0009977854997882713,
    "normalized_validation_regret_mean": 0.0298632425752008,
    "test_regret_mean": 0.0016828519957406338,
    "removed_fraction": 0.8571428571428572,
    "passes_90pct_recall_at_50pct_removal": false
  },
  {
    "encoder": "clip_b32",
    "method": "rank_only",
    "shortlist_size": 5,
    "rows": 7,
    "targets": 7,
    "best_candidate_recall_mean": 0.8571428571428571,
    "top3_candidate_recall_mean": 0.8571428571428571,
    "validation_regret_mean": 0.0007736934931049337,
    "normalized_validation_regret_mean": 0.024999969766608877,
    "test_regret_mean": 0.0017857142857142952,
    "removed_fraction": 0.7619047619047619,
    "passes_90pct_recall_at_50pct_removal": false
  },
  {
    "encoder": "clip_b32",
    "method": "rank_only",
    "shortlist_size": 10,
    "rows": 7,
    "targets": 7,
    "best_candidate_recall_mean": 1.0,
    "top3_candidate_recall_mean": 0.9047619047619048,
    "validation_regret_mean": 0.0,
    "normalized_validation_regret_mean": 0.0,
    "test_regret_mean": 0.0,
    "removed_fraction": 0.5238095238095238,
    "passes_90pct_recall_at_50pct_removal": true
  }
]
