[
  {
    "encoder": "vit_b16",
    "method": "dpp_subspace",
    "shortlist_size": 3,
    "rows": 7,
    "targets": 7,
    "best_candidate_recall_mean": 0.2857142857142857,
    "top3_candidate_recall_mean": 0.38095238095238093,
    "validation_regret_mean": 0.004496525015149767,
    "normalized_validation_regret_mean": 0.10297977057953941,
    "test_regret_mean": -0.0031231624739510655,
    "removed_fraction": 0.8571428571428572,
    "passes_90pct_recall_at_50pct_removal": false
  },
  {
    "encoder": "vit_b16",
    "method": "dpp_subspace",
    "shortlist_size": 5,
    "rows": 7,
    "targets": 7,
    "best_candidate_recall_mean": 0.42857142857142855,
    "top3_candidate_recall_mean": 0.5714285714285714,
    "validation_regret_mean": 0.0029246176992143635,
    "normalized_validation_regret_mean": 0.06728588087217091,
    "test_regret_mean": -0.0025601250784737677,
    "removed_fraction": 0.7619047619047619,
    "passes_90pct_recall_at_50pct_removal": false
  },
  {
    "encoder": "vit_b16",
    "method": "dpp_subspace",
    "shortlist_size": 10,
    "rows": 7,
    "targets": 7,
    "best_candidate_recall_mean": 0.7142857142857143,
    "top3_candidate_recall_mean": 0.7619047619047619,
    "validation_regret_mean": 0.0019899691854204293,
    "normalized_validation_regret_mean": 0.03660805820419588,
    "test_regret_mean": -0.0019201244626726455,
    "removed_fraction": 0.5238095238095238,
    "passes_90pct_recall_at_50pct_removal": false
  },
  {
    "encoder": "vit_b16",
    "method": "facility_subspace",
    "shortlist_size": 3,
    "rows": 7,
    "targets": 7,
    "best_candidate_recall_mean": 0.14285714285714285,
    "top3_candidate_recall_mean": 0.23809523809523808,
    "validation_regret_mean": 0.006777615206582187,
    "normalized_validation_regret_mean": 0.14971741685358037,
    "test_regret_mean": 0.003808047090257917,
    "removed_fraction": 0.8571428571428572,
    "passes_90pct_recall_at_50pct_removal": false
  },
  {
    "encoder": "vit_b16",
    "method": "facility_subspace",
    "shortlist_size": 5,
    "rows": 7,
    "targets": 7,
    "best_candidate_recall_mean": 0.14285714285714285,
    "top3_candidate_recall_mean": 0.33333333333333337,
    "validation_regret_mean": 0.005953439644404804,
    "normalized_validation_regret_mean": 0.1322247246623308,
    "test_regret_mean": -0.0015490957668849367,
    "removed_fraction": 0.7619047619047619,
    "passes_90pct_recall_at_50pct_removal": false
  },
  {
    "encoder": "vit_b16",
    "method": "facility_subspace",
    "shortlist_size": 10,
    "rows": 7,
    "targets": 7,
    "best_candidate_recall_mean": 0.2857142857142857,
    "top3_candidate_recall_mean": 0.42857142857142855,
    "validation_regret_mean": 0.002621723924364359,
    "normalized_validation_regret_mean": 0.07722711249138678,
    "test_regret_mean": 0.004618878023965022,
    "removed_fraction": 0.5238095238095238,
    "passes_90pct_recall_at_50pct_removal": false
  },
  {
    "encoder": "vit_b16",
    "method": "full_merged_rank",
    "shortlist_size": 3,
    "rows": 7,
    "targets": 7,
    "best_candidate_recall_mean": 0.2857142857142857,
    "top3_candidate_recall_mean": 0.38095238095238093,
    "validation_regret_mean": 0.004496525015149767,
    "normalized_validation_regret_mean": 0.10297977057953941,
    "test_regret_mean": -0.0031231624739510655,
    "removed_fraction": 0.8571428571428572,
    "passes_90pct_recall_at_50pct_removal": false
  },
  {
    "encoder": "vit_b16",
    "method": "full_merged_rank",
    "shortlist_size": 5,
    "rows": 7,
    "targets": 7,
    "best_candidate_recall_mean": 0.5714285714285714,
    "top3_candidate_recall_mean": 0.5714285714285714,
    "validation_regret_mean": 0.0022739802088056005,
    "normalized_validation_regret_mean": 0.053819819361027935,
    "test_regret_mean": -0.002777266502380368,
    "removed_fraction": 0.7619047619047619,
    "passes_90pct_recall_at_50pct_removal": false
  },
  {
    "encoder": "vit_b16",
    "method": "full_merged_rank",
    "shortlist_size": 10,
    "rows": 7,
    "targets": 7,
    "best_candidate_recall_mean": 0.8571428571428571,
    "top3_candidate_recall_mean": 0.8095238095238095,
    "validation_regret_mean": 0.0016806704657418292,
    "normalized_validation_regret_mean": 0.02116400369026627,
    "test_regret_mean": -0.0012971435274396561,
    "removed_fraction": 0.5238095238095238,
    "passes_90pct_recall_at_50pct_removal": false
  },
  {
    "encoder": "vit_b16",
    "method": "kcenter_subspace",
    "shortlist_size": 3,
    "rows": 7,
    "targets": 7,
    "best_candidate_recall_mean": 0.2857142857142857,
    "top3_candidate_recall_mean": 0.2857142857142857,
    "validation_regret_mean": 0.004852628707885712,
    "normalized_validation_regret_mean": 0.10839933942832213,
    "test_regret_mean": -0.00546201637813024,
    "removed_fraction": 0.8571428571428572,
    "passes_90pct_recall_at_50pct_removal": false
  },
  {
    "encoder": "vit_b16",
    "method": "kcenter_subspace",
    "shortlist_size": 5,
    "rows": 7,
    "targets": 7,
    "best_candidate_recall_mean": 0.2857142857142857,
    "top3_candidate_recall_mean": 0.2857142857142857,
    "validation_regret_mean": 0.004852628707885712,
    "normalized_validation_regret_mean": 0.10839933942832213,
    "test_regret_mean": -0.00546201637813024,
    "removed_fraction": 0.7619047619047619,
    "passes_90pct_recall_at_50pct_removal": false
  },
  {
    "encoder": "vit_b16",
    "method": "kcenter_subspace",
    "shortlist_size": 10,
    "rows": 7,
    "targets": 7,
    "best_candidate_recall_mean": 0.2857142857142857,
    "top3_candidate_recall_mean": 0.42857142857142855,
    "validation_regret_mean": 0.004496525015149767,
    "normalized_validation_regret_mean": 0.10297977057953941,
    "test_regret_mean": -0.0031231624739510655,
    "removed_fraction": 0.5238095238095238,
    "passes_90pct_recall_at_50pct_removal": false
  },
  {
    "encoder": "vit_b16",
    "method": "pool_vendi_subspace",
    "shortlist_size": 3,
    "rows": 7,
    "targets": 7,
    "best_candidate_recall_mean": 0.2857142857142857,
    "top3_candidate_recall_mean": 0.2857142857142857,
    "validation_regret_mean": 0.004852628707885712,
    "normalized_validation_regret_mean": 0.10839933942832213,
    "test_regret_mean": -0.00546201637813024,
    "removed_fraction": 0.8571428571428572,
    "passes_90pct_recall_at_50pct_removal": false
  },
  {
    "encoder": "vit_b16",
    "method": "pool_vendi_subspace",
    "shortlist_size": 5,
    "rows": 7,
    "targets": 7,
    "best_candidate_recall_mean": 0.2857142857142857,
    "top3_candidate_recall_mean": 0.380952380952381,
    "validation_regret_mean": 0.004496525015149767,
    "normalized_validation_regret_mean": 0.10297977057953941,
    "test_regret_mean": -0.0031231624739510655,
    "removed_fraction": 0.7619047619047619,
    "passes_90pct_recall_at_50pct_removal": false
  },
  {
    "encoder": "vit_b16",
    "method": "pool_vendi_subspace",
    "shortlist_size": 10,
    "rows": 7,
    "targets": 7,
    "best_candidate_recall_mean": 0.2857142857142857,
    "top3_candidate_recall_mean": 0.42857142857142855,
    "validation_regret_mean": 0.004496525015149767,
    "normalized_validation_regret_mean": 0.10297977057953941,
    "test_regret_mean": -0.0031231624739510655,
    "removed_fraction": 0.5238095238095238,
    "passes_90pct_recall_at_50pct_removal": false
  },
  {
    "encoder": "vit_b16",
    "method": "random",
    "shortlist_size": 3,
    "rows": 700,
    "targets": 7,
    "best_candidate_recall_mean": 0.15571428571428572,
    "top3_candidate_recall_mean": 0.14666666666666664,
    "validation_regret_mean": 0.008905407811914144,
    "normalized_validation_regret_mean": 0.2062196154038299,
    "test_regret_mean": 0.002727343218667167,
    "removed_fraction": 0.8571428571428572,
    "passes_90pct_recall_at_50pct_removal": false
  },
  {
    "encoder": "vit_b16",
    "method": "random",
    "shortlist_size": 5,
    "rows": 700,
    "targets": 7,
    "best_candidate_recall_mean": 0.23714285714285716,
    "top3_candidate_recall_mean": 0.24428571428571427,
    "validation_regret_mean": 0.006505841468061696,
    "normalized_validation_regret_mean": 0.1489897421164017,
    "test_regret_mean": 0.001916784695216586,
    "removed_fraction": 0.7619047619047619,
    "passes_90pct_recall_at_50pct_removal": false
  },
  {
    "encoder": "vit_b16",
    "method": "random",
    "shortlist_size": 10,
    "rows": 700,
    "targets": 7,
    "best_candidate_recall_mean": 0.4828571428571429,
    "top3_candidate_recall_mean": 0.478095238095238,
    "validation_regret_mean": 0.003128388881683336,
    "normalized_validation_regret_mean": 0.07073485510834618,
    "test_regret_mean": 0.001369926776204792,
    "removed_fraction": 0.5238095238095238,
    "passes_90pct_recall_at_50pct_removal": false
  },
  {
    "encoder": "vit_b16",
    "method": "rank_only",
    "shortlist_size": 3,
    "rows": 7,
    "targets": 7,
    "best_candidate_recall_mean": 0.42857142857142855,
    "top3_candidate_recall_mean": 0.38095238095238093,
    "validation_regret_mean": 0.004201991217476949,
    "normalized_validation_regret_mean": 0.09493327791717913,
    "test_regret_mean": -0.0056791578020368395,
    "removed_fraction": 0.8571428571428572,
    "passes_90pct_recall_at_50pct_removal": false
  },
  {
    "encoder": "vit_b16",
    "method": "rank_only",
    "shortlist_size": 5,
    "rows": 7,
    "targets": 7,
    "best_candidate_recall_mean": 0.5714285714285714,
    "top3_candidate_recall_mean": 0.5714285714285714,
    "validation_regret_mean": 0.0022739802088056005,
    "normalized_validation_regret_mean": 0.053819819361027935,
    "test_regret_mean": -0.002777266502380368,
    "removed_fraction": 0.7619047619047619,
    "passes_90pct_recall_at_50pct_removal": false
  },
  {
    "encoder": "vit_b16",
    "method": "rank_only",
    "shortlist_size": 10,
    "rows": 7,
    "targets": 7,
    "best_candidate_recall_mean": 0.8571428571428571,
    "top3_candidate_recall_mean": 0.8571428571428571,
    "validation_regret_mean": 0.0016806704657418292,
    "normalized_validation_regret_mean": 0.02116400369026627,
    "test_regret_mean": -0.0012971435274396561,
    "removed_fraction": 0.5238095238095238,
    "passes_90pct_recall_at_50pct_removal": false
  }
]
