[W907 14:11:29.969811853 compiler_depend.ts:250] Warning: CAUTION: The operator 'aten::_linalg_solve_ex.result' is not currently supported on the NPU backend and will fall back to run on the CPU. This may have performance implications. (function npu_cpu_fallback)
source=bloodmnist seed=0 train=1.93s targets=7
source=bloodmnist seed=1 train=1.22s targets=7
source=bloodmnist seed=2 train=1.17s targets=7
source=bloodmnist seed=3 train=1.15s targets=7
source=bloodmnist seed=4 train=1.19s targets=7
source=breastmnist seed=0 train=1.20s targets=7
source=breastmnist seed=1 train=1.23s targets=7
source=breastmnist seed=2 train=1.22s targets=7
source=breastmnist seed=3 train=1.21s targets=7
source=breastmnist seed=4 train=1.18s targets=7
source=cifar10 seed=0 train=1.24s targets=7
source=cifar10 seed=1 train=1.22s targets=7
source=cifar10 seed=2 train=1.24s targets=7
source=cifar10 seed=3 train=1.18s targets=7
source=cifar10 seed=4 train=1.20s targets=7
source=cifar100 seed=0 train=1.23s targets=7
source=cifar100 seed=1 train=1.22s targets=7
source=cifar100 seed=2 train=1.23s targets=7
source=cifar100 seed=3 train=1.26s targets=7
source=cifar100 seed=4 train=1.30s targets=7
source=cifar100_coarse seed=0 train=1.33s targets=7
source=cifar100_coarse seed=1 train=1.29s targets=7
source=cifar100_coarse seed=2 train=1.21s targets=7
source=cifar100_coarse seed=3 train=1.23s targets=7
source=cifar100_coarse seed=4 train=1.17s targets=7
source=dermamnist seed=0 train=1.28s targets=7
source=dermamnist seed=1 train=1.23s targets=7
source=dermamnist seed=2 train=1.22s targets=7
source=dermamnist seed=3 train=1.20s targets=7
source=dermamnist seed=4 train=1.20s targets=7
source=fashion_mnist seed=0 train=1.22s targets=7
source=fashion_mnist seed=1 train=1.22s targets=7
source=fashion_mnist seed=2 train=1.23s targets=7
source=fashion_mnist seed=3 train=1.21s targets=7
source=fashion_mnist seed=4 train=1.22s targets=7
source=mnist seed=0 train=1.21s targets=7
source=mnist seed=1 train=1.24s targets=7
source=mnist seed=2 train=1.20s targets=7
source=mnist seed=3 train=1.22s targets=7
source=mnist seed=4 train=1.22s targets=7
source=octmnist seed=0 train=1.26s targets=7
source=octmnist seed=1 train=1.29s targets=7
source=octmnist seed=2 train=1.17s targets=7
source=octmnist seed=3 train=1.28s targets=7
source=octmnist seed=4 train=1.21s targets=7
source=organamnist seed=0 train=1.21s targets=7
source=organamnist seed=1 train=1.22s targets=7
source=organamnist seed=2 train=1.15s targets=7
source=organamnist seed=3 train=1.27s targets=7
source=organamnist seed=4 train=1.25s targets=7
source=organcmnist seed=0 train=1.28s targets=7
source=organcmnist seed=1 train=1.24s targets=7
source=organcmnist seed=2 train=1.23s targets=7
source=organcmnist seed=3 train=1.26s targets=7
source=organcmnist seed=4 train=1.28s targets=7
source=organsmnist seed=0 train=1.30s targets=7
source=organsmnist seed=1 train=1.35s targets=7
source=organsmnist seed=2 train=1.32s targets=7
source=organsmnist seed=3 train=1.31s targets=7
source=organsmnist seed=4 train=1.32s targets=7
source=pathmnist seed=0 train=1.35s targets=7
source=pathmnist seed=1 train=1.26s targets=7
source=pathmnist seed=2 train=1.17s targets=7
source=pathmnist seed=3 train=1.19s targets=7
source=pathmnist seed=4 train=1.42s targets=7
source=pneumoniamnist seed=0 train=1.24s targets=7
source=pneumoniamnist seed=1 train=1.17s targets=7
source=pneumoniamnist seed=2 train=1.21s targets=7
source=pneumoniamnist seed=3 train=1.25s targets=7
source=pneumoniamnist seed=4 train=1.23s targets=7
source=rendered_sst2 seed=0 train=1.39s targets=7
source=rendered_sst2 seed=1 train=1.39s targets=7
source=rendered_sst2 seed=2 train=1.27s targets=7
source=rendered_sst2 seed=3 train=1.34s targets=7
source=rendered_sst2 seed=4 train=1.25s targets=7
source=retinamnist seed=0 train=1.41s targets=7
source=retinamnist seed=1 train=1.31s targets=7
source=retinamnist seed=2 train=1.29s targets=7
source=retinamnist seed=3 train=1.34s targets=7
source=retinamnist seed=4 train=1.32s targets=7
source=stl10 seed=0 train=1.27s targets=7
source=stl10 seed=1 train=1.26s targets=7
source=stl10 seed=2 train=1.25s targets=7
source=stl10 seed=3 train=1.24s targets=7
source=stl10 seed=4 train=1.38s targets=7
source=svhn seed=0 train=1.23s targets=7
source=svhn seed=1 train=1.32s targets=7
source=svhn seed=2 train=1.26s targets=7
source=svhn seed=3 train=1.23s targets=7
source=svhn seed=4 train=1.27s targets=7
source=tiny_imagenet seed=0 train=1.28s targets=7
source=tiny_imagenet seed=1 train=1.34s targets=7
source=tiny_imagenet seed=2 train=1.27s targets=7
source=tiny_imagenet seed=3 train=1.23s targets=7
source=tiny_imagenet seed=4 train=1.22s targets=7
source=tissuemnist seed=0 train=1.16s targets=7
source=tissuemnist seed=1 train=1.22s targets=7
source=tissuemnist seed=2 train=1.27s targets=7
source=tissuemnist seed=3 train=1.15s targets=7
source=tissuemnist seed=4 train=1.29s targets=7
source=usps seed=0 train=1.37s targets=7
source=usps seed=1 train=1.31s targets=7
source=usps seed=2 train=1.33s targets=7
source=usps seed=3 train=1.45s targets=7
source=usps seed=4 train=1.51s targets=7
