[
  {
    "encoder": "dinov2_b14",
    "method": "dpp_subspace",
    "shortlist_size": 3,
    "rows": 7,
    "targets": 7,
    "best_candidate_recall_mean": 0.5714285714285714,
    "top3_candidate_recall_mean": 0.3333333333333333,
    "best_candidate_family_recall_mean": 0.5714285714285714,
    "top3_candidate_family_recall_mean": 0.5714285714285714,
    "validation_regret_mean": 0.0004185675074840197,
    "normalized_validation_regret_mean": 0.044418027198902706,
    "test_regret_mean": -0.00027965647833689503,
    "removed_fraction": 0.8571428571428572,
    "selected_family_count_mean": 3.0,
    "removed_family_fraction_mean": 0.8235294117647057,
    "passes_90pct_recall_at_50pct_removal": false
  },
  {
    "encoder": "dinov2_b14",
    "method": "dpp_subspace",
    "shortlist_size": 5,
    "rows": 7,
    "targets": 7,
    "best_candidate_recall_mean": 0.7142857142857143,
    "top3_candidate_recall_mean": 0.47619047619047616,
    "best_candidate_family_recall_mean": 0.7142857142857143,
    "top3_candidate_family_recall_mean": 0.7857142857142857,
    "validation_regret_mean": 0.00027851271389909914,
    "normalized_validation_regret_mean": 0.028060398502386674,
    "test_regret_mean": -0.00024537018367222697,
    "removed_fraction": 0.7619047619047619,
    "selected_family_count_mean": 5.0,
    "removed_family_fraction_mean": 0.7058823529411765,
    "passes_90pct_recall_at_50pct_removal": false
  },
  {
    "encoder": "dinov2_b14",
    "method": "dpp_subspace",
    "shortlist_size": 10,
    "rows": 7,
    "targets": 7,
    "best_candidate_recall_mean": 0.7142857142857143,
    "top3_candidate_recall_mean": 0.7142857142857143,
    "best_candidate_family_recall_mean": 0.7142857142857143,
    "top3_candidate_family_recall_mean": 0.7857142857142857,
    "validation_regret_mean": 0.000221369908640634,
    "normalized_validation_regret_mean": 0.023982655929856978,
    "test_regret_mean": -6.547314780100002e-05,
    "removed_fraction": 0.5238095238095238,
    "selected_family_count_mean": 8.0,
    "removed_family_fraction_mean": 0.5294117647058824,
    "passes_90pct_recall_at_50pct_removal": false
  },
  {
    "encoder": "dinov2_b14",
    "method": "facility_subspace",
    "shortlist_size": 3,
    "rows": 7,
    "targets": 7,
    "best_candidate_recall_mean": 0.0,
    "top3_candidate_recall_mean": 0.380952380952381,
    "best_candidate_family_recall_mean": 0.14285714285714285,
    "top3_candidate_family_recall_mean": 0.42857142857142855,
    "validation_regret_mean": 0.00336175826429354,
    "normalized_validation_regret_mean": 0.12731903089857693,
    "test_regret_mean": 0.004609841959817047,
    "removed_fraction": 0.8571428571428572,
    "selected_family_count_mean": 3.0,
    "removed_family_fraction_mean": 0.8235294117647057,
    "passes_90pct_recall_at_50pct_removal": false
  },
  {
    "encoder": "dinov2_b14",
    "method": "facility_subspace",
    "shortlist_size": 5,
    "rows": 7,
    "targets": 7,
    "best_candidate_recall_mean": 0.0,
    "top3_candidate_recall_mean": 0.47619047619047616,
    "best_candidate_family_recall_mean": 0.14285714285714285,
    "top3_candidate_family_recall_mean": 0.5238095238095238,
    "validation_regret_mean": 0.003354159864177594,
    "normalized_validation_regret_mean": 0.12702550362172432,
    "test_regret_mean": 0.006463943208966911,
    "removed_fraction": 0.7619047619047619,
    "selected_family_count_mean": 5.0,
    "removed_family_fraction_mean": 0.7058823529411765,
    "passes_90pct_recall_at_50pct_removal": false
  },
  {
    "encoder": "dinov2_b14",
    "method": "facility_subspace",
    "shortlist_size": 10,
    "rows": 7,
    "targets": 7,
    "best_candidate_recall_mean": 0.0,
    "top3_candidate_recall_mean": 0.5238095238095238,
    "best_candidate_family_recall_mean": 0.14285714285714285,
    "top3_candidate_family_recall_mean": 0.5714285714285714,
    "validation_regret_mean": 0.003300826341358246,
    "normalized_validation_regret_mean": 0.12557148189215975,
    "test_regret_mean": 0.007846803324563143,
    "removed_fraction": 0.5238095238095238,
    "selected_family_count_mean": 10.0,
    "removed_family_fraction_mean": 0.41176470588235287,
    "passes_90pct_recall_at_50pct_removal": false
  },
  {
    "encoder": "dinov2_b14",
    "method": "full_merged_rank",
    "shortlist_size": 3,
    "rows": 7,
    "targets": 7,
    "best_candidate_recall_mean": 0.7142857142857143,
    "top3_candidate_recall_mean": 0.619047619047619,
    "best_candidate_family_recall_mean": 0.7142857142857143,
    "top3_candidate_family_recall_mean": 0.619047619047619,
    "validation_regret_mean": 0.00023979128216428908,
    "normalized_validation_regret_mean": 0.02600900639471441,
    "test_regret_mean": 0.0012738125664847175,
    "removed_fraction": 0.8571428571428572,
    "selected_family_count_mean": 3.0,
    "removed_family_fraction_mean": 0.8235294117647057,
    "passes_90pct_recall_at_50pct_removal": false
  },
  {
    "encoder": "dinov2_b14",
    "method": "full_merged_rank",
    "shortlist_size": 5,
    "rows": 7,
    "targets": 7,
    "best_candidate_recall_mean": 0.7142857142857143,
    "top3_candidate_recall_mean": 0.7142857142857143,
    "best_candidate_family_recall_mean": 0.7142857142857143,
    "top3_candidate_family_recall_mean": 0.7142857142857143,
    "validation_regret_mean": 0.000221369908640634,
    "normalized_validation_regret_mean": 0.023982655929856978,
    "test_regret_mean": -6.547314780100002e-05,
    "removed_fraction": 0.7619047619047619,
    "selected_family_count_mean": 4.0,
    "removed_family_fraction_mean": 0.7647058823529411,
    "passes_90pct_recall_at_50pct_removal": false
  },
  {
    "encoder": "dinov2_b14",
    "method": "full_merged_rank",
    "shortlist_size": 10,
    "rows": 7,
    "targets": 7,
    "best_candidate_recall_mean": 0.7142857142857143,
    "top3_candidate_recall_mean": 0.7619047619047619,
    "best_candidate_family_recall_mean": 0.7142857142857143,
    "top3_candidate_family_recall_mean": 0.7857142857142857,
    "validation_regret_mean": 0.00016610552125692228,
    "normalized_validation_regret_mean": 0.017903575185891564,
    "test_regret_mean": 0.0012738125664847175,
    "removed_fraction": 0.5238095238095238,
    "selected_family_count_mean": 8.0,
    "removed_family_fraction_mean": 0.5294117647058824,
    "passes_90pct_recall_at_50pct_removal": false
  },
  {
    "encoder": "dinov2_b14",
    "method": "kcenter_subspace",
    "shortlist_size": 3,
    "rows": 7,
    "targets": 7,
    "best_candidate_recall_mean": 0.5714285714285714,
    "top3_candidate_recall_mean": 0.2857142857142857,
    "best_candidate_family_recall_mean": 0.5714285714285714,
    "top3_candidate_family_recall_mean": 0.2857142857142857,
    "validation_regret_mean": 0.0008514675187544864,
    "normalized_validation_regret_mean": 0.09203701380423211,
    "test_regret_mean": 0.0017292720930916733,
    "removed_fraction": 0.8571428571428572,
    "selected_family_count_mean": 3.0,
    "removed_family_fraction_mean": 0.8235294117647057,
    "passes_90pct_recall_at_50pct_removal": false
  },
  {
    "encoder": "dinov2_b14",
    "method": "kcenter_subspace",
    "shortlist_size": 5,
    "rows": 7,
    "targets": 7,
    "best_candidate_recall_mean": 0.5714285714285714,
    "top3_candidate_recall_mean": 0.2857142857142857,
    "best_candidate_family_recall_mean": 0.5714285714285714,
    "top3_candidate_family_recall_mean": 0.2857142857142857,
    "validation_regret_mean": 0.0007685717993302881,
    "normalized_validation_regret_mean": 0.08291848746990549,
    "test_regret_mean": 0.00485427209309167,
    "removed_fraction": 0.7619047619047619,
    "selected_family_count_mean": 5.0,
    "removed_family_fraction_mean": 0.7058823529411765,
    "passes_90pct_recall_at_50pct_removal": false
  },
  {
    "encoder": "dinov2_b14",
    "method": "kcenter_subspace",
    "shortlist_size": 10,
    "rows": 7,
    "targets": 7,
    "best_candidate_recall_mean": 0.7142857142857143,
    "top3_candidate_recall_mean": 0.5238095238095238,
    "best_candidate_family_recall_mean": 0.8571428571428571,
    "top3_candidate_family_recall_mean": 0.5476190476190476,
    "validation_regret_mean": 0.00020482869935234405,
    "normalized_validation_regret_mean": 0.019955159393172075,
    "test_regret_mean": 0.0037724869591849097,
    "removed_fraction": 0.5238095238095238,
    "selected_family_count_mean": 10.0,
    "removed_family_fraction_mean": 0.41176470588235287,
    "passes_90pct_recall_at_50pct_removal": false
  },
  {
    "encoder": "dinov2_b14",
    "method": "pool_vendi_subspace",
    "shortlist_size": 3,
    "rows": 7,
    "targets": 7,
    "best_candidate_recall_mean": 0.5714285714285714,
    "top3_candidate_recall_mean": 0.2857142857142857,
    "best_candidate_family_recall_mean": 0.5714285714285714,
    "top3_candidate_family_recall_mean": 0.2857142857142857,
    "validation_regret_mean": 0.0008514675187544864,
    "normalized_validation_regret_mean": 0.09203701380423211,
    "test_regret_mean": 0.0017292720930916733,
    "removed_fraction": 0.8571428571428572,
    "selected_family_count_mean": 3.0,
    "removed_family_fraction_mean": 0.8235294117647057,
    "passes_90pct_recall_at_50pct_removal": false
  },
  {
    "encoder": "dinov2_b14",
    "method": "pool_vendi_subspace",
    "shortlist_size": 5,
    "rows": 7,
    "targets": 7,
    "best_candidate_recall_mean": 0.7142857142857143,
    "top3_candidate_recall_mean": 0.42857142857142855,
    "best_candidate_family_recall_mean": 0.7142857142857143,
    "top3_candidate_family_recall_mean": 0.42857142857142855,
    "validation_regret_mean": 0.00029693408742275426,
    "normalized_validation_regret_mean": 0.030086748967244115,
    "test_regret_mean": 0.0010939155306134904,
    "removed_fraction": 0.7619047619047619,
    "selected_family_count_mean": 5.0,
    "removed_family_fraction_mean": 0.7058823529411765,
    "passes_90pct_recall_at_50pct_removal": false
  },
  {
    "encoder": "dinov2_b14",
    "method": "pool_vendi_subspace",
    "shortlist_size": 10,
    "rows": 7,
    "targets": 7,
    "best_candidate_recall_mean": 0.7142857142857143,
    "top3_candidate_recall_mean": 0.5238095238095238,
    "best_candidate_family_recall_mean": 0.8571428571428571,
    "top3_candidate_family_recall_mean": 0.5476190476190476,
    "validation_regret_mean": 0.00020482869935234405,
    "normalized_validation_regret_mean": 0.019955159393172075,
    "test_regret_mean": 0.0037724869591849097,
    "removed_fraction": 0.5238095238095238,
    "selected_family_count_mean": 10.0,
    "removed_family_fraction_mean": 0.41176470588235287,
    "passes_90pct_recall_at_50pct_removal": false
  },
  {
    "encoder": "dinov2_b14",
    "method": "random",
    "shortlist_size": 3,
    "rows": 700,
    "targets": 7,
    "best_candidate_recall_mean": 0.12285714285714286,
    "top3_candidate_recall_mean": 0.12476190476190474,
    "best_candidate_family_recall_mean": 0.13714285714285715,
    "top3_candidate_family_recall_mean": 0.1938095238095238,
    "validation_regret_mean": 0.004957942947053099,
    "normalized_validation_regret_mean": 0.21725858082438326,
    "test_regret_mean": 0.005534108979361385,
    "removed_fraction": 0.8571428571428572,
    "selected_family_count_mean": 2.95,
    "removed_family_fraction_mean": 0.8264705882352941,
    "passes_90pct_recall_at_50pct_removal": false
  },
  {
    "encoder": "dinov2_b14",
    "method": "random",
    "shortlist_size": 5,
    "rows": 700,
    "targets": 7,
    "best_candidate_recall_mean": 0.25285714285714284,
    "top3_candidate_recall_mean": 0.2409523809523809,
    "best_candidate_family_recall_mean": 0.2757142857142857,
    "top3_candidate_family_recall_mean": 0.32976190476190476,
    "validation_regret_mean": 0.0034755766955593442,
    "normalized_validation_regret_mean": 0.14667170931640655,
    "test_regret_mean": 0.004147248029708853,
    "removed_fraction": 0.7619047619047619,
    "selected_family_count_mean": 4.714285714285714,
    "removed_family_fraction_mean": 0.7226890756302522,
    "passes_90pct_recall_at_50pct_removal": false
  },
  {
    "encoder": "dinov2_b14",
    "method": "random",
    "shortlist_size": 10,
    "rows": 700,
    "targets": 7,
    "best_candidate_recall_mean": 0.49714285714285716,
    "top3_candidate_recall_mean": 0.4709523809523809,
    "best_candidate_family_recall_mean": 0.5242857142857142,
    "top3_candidate_family_recall_mean": 0.5969047619047619,
    "validation_regret_mean": 0.0018359410228784884,
    "normalized_validation_regret_mean": 0.07423393024818088,
    "test_regret_mean": 0.0023988198723111755,
    "removed_fraction": 0.5238095238095238,
    "selected_family_count_mean": 9.02,
    "removed_family_fraction_mean": 0.4694117647058824,
    "passes_90pct_recall_at_50pct_removal": false
  },
  {
    "encoder": "dinov2_b14",
    "method": "rank_only",
    "shortlist_size": 3,
    "rows": 7,
    "targets": 7,
    "best_candidate_recall_mean": 0.5714285714285714,
    "top3_candidate_recall_mean": 0.47619047619047616,
    "best_candidate_family_recall_mean": 0.5714285714285714,
    "top3_candidate_family_recall_mean": 0.47619047619047616,
    "validation_regret_mean": 0.0005360481117153545,
    "normalized_validation_regret_mean": 0.05935853685949447,
    "test_regret_mean": 0.0021209580557686814,
    "removed_fraction": 0.8571428571428572,
    "selected_family_count_mean": 2.0,
    "removed_family_fraction_mean": 0.8823529411764708,
    "passes_90pct_recall_at_50pct_removal": false
  },
  {
    "encoder": "dinov2_b14",
    "method": "rank_only",
    "shortlist_size": 5,
    "rows": 7,
    "targets": 7,
    "best_candidate_recall_mean": 0.7142857142857143,
    "top3_candidate_recall_mean": 0.7142857142857143,
    "best_candidate_family_recall_mean": 0.7142857142857143,
    "top3_candidate_family_recall_mean": 0.7142857142857143,
    "validation_regret_mean": 0.000221369908640634,
    "normalized_validation_regret_mean": 0.023982655929856978,
    "test_regret_mean": -6.547314780100002e-05,
    "removed_fraction": 0.7619047619047619,
    "selected_family_count_mean": 4.0,
    "removed_family_fraction_mean": 0.7647058823529411,
    "passes_90pct_recall_at_50pct_removal": false
  },
  {
    "encoder": "dinov2_b14",
    "method": "rank_only",
    "shortlist_size": 10,
    "rows": 7,
    "targets": 7,
    "best_candidate_recall_mean": 0.7142857142857143,
    "top3_candidate_recall_mean": 0.7619047619047619,
    "best_candidate_family_recall_mean": 0.7142857142857143,
    "top3_candidate_family_recall_mean": 0.7857142857142857,
    "validation_regret_mean": 0.00016610552125692228,
    "normalized_validation_regret_mean": 0.017903575185891564,
    "test_regret_mean": 0.0012738125664847175,
    "removed_fraction": 0.5238095238095238,
    "selected_family_count_mean": 7.0,
    "removed_family_fraction_mean": 0.5882352941176471,
    "passes_90pct_recall_at_50pct_removal": false
  }
]
