[
  {
    "encoder": "dinov2_b14",
    "method": "dpp_subspace",
    "shortlist_size": 3,
    "rows": 7,
    "targets": 7,
    "best_candidate_recall_mean": 0.5714285714285714,
    "top3_candidate_recall_mean": 0.4285714285714285,
    "best_candidate_family_recall_mean": 0.5714285714285714,
    "top3_candidate_family_recall_mean": 0.6666666666666666,
    "validation_regret_mean": 0.0002619866288535563,
    "normalized_validation_regret_mean": 0.028027557130830497,
    "test_regret_mean": -0.0011725136211940348,
    "removed_fraction": 0.8235294117647058,
    "selected_family_count_mean": 3.0,
    "removed_family_fraction_mean": 0.7857142857142857,
    "passes_90pct_recall_at_50pct_removal": false
  },
  {
    "encoder": "dinov2_b14",
    "method": "dpp_subspace",
    "shortlist_size": 5,
    "rows": 7,
    "targets": 7,
    "best_candidate_recall_mean": 0.7142857142857143,
    "top3_candidate_recall_mean": 0.619047619047619,
    "best_candidate_family_recall_mean": 0.8571428571428571,
    "top3_candidate_family_recall_mean": 0.9047619047619048,
    "validation_regret_mean": 0.00012193183526863573,
    "normalized_validation_regret_mean": 0.01166992843431446,
    "test_regret_mean": -0.0011382273265293666,
    "removed_fraction": 0.7058823529411764,
    "selected_family_count_mean": 5.0,
    "removed_family_fraction_mean": 0.6428571428571429,
    "passes_90pct_recall_at_50pct_removal": false
  },
  {
    "encoder": "dinov2_b14",
    "method": "dpp_subspace",
    "shortlist_size": 8,
    "rows": 7,
    "targets": 7,
    "best_candidate_recall_mean": 0.7142857142857143,
    "top3_candidate_recall_mean": 0.8571428571428571,
    "best_candidate_family_recall_mean": 0.8571428571428571,
    "top3_candidate_family_recall_mean": 0.9047619047619048,
    "validation_regret_mean": 6.478903001017056e-05,
    "normalized_validation_regret_mean": 0.007592185861784762,
    "test_regret_mean": -0.0009583302906581397,
    "removed_fraction": 0.5294117647058824,
    "selected_family_count_mean": 6.0,
    "removed_family_fraction_mean": 0.5714285714285713,
    "passes_90pct_recall_at_50pct_removal": false
  },
  {
    "encoder": "dinov2_b14",
    "method": "facility_subspace",
    "shortlist_size": 3,
    "rows": 7,
    "targets": 7,
    "best_candidate_recall_mean": 0.14285714285714285,
    "top3_candidate_recall_mean": 0.4285714285714285,
    "best_candidate_family_recall_mean": 0.14285714285714285,
    "top3_candidate_family_recall_mean": 0.4285714285714285,
    "validation_regret_mean": 0.0033000320792309556,
    "normalized_validation_regret_mean": 0.12164241680077978,
    "test_regret_mean": 0.0028525148119245163,
    "removed_fraction": 0.8235294117647058,
    "selected_family_count_mean": 3.0,
    "removed_family_fraction_mean": 0.7857142857142857,
    "passes_90pct_recall_at_50pct_removal": false
  },
  {
    "encoder": "dinov2_b14",
    "method": "facility_subspace",
    "shortlist_size": 5,
    "rows": 7,
    "targets": 7,
    "best_candidate_recall_mean": 0.14285714285714285,
    "top3_candidate_recall_mean": 0.4285714285714285,
    "best_candidate_family_recall_mean": 0.14285714285714285,
    "top3_candidate_family_recall_mean": 0.4285714285714285,
    "validation_regret_mean": 0.0033000320792309556,
    "normalized_validation_regret_mean": 0.12164241680077978,
    "test_regret_mean": 0.0028525148119245163,
    "removed_fraction": 0.7058823529411764,
    "selected_family_count_mean": 5.0,
    "removed_family_fraction_mean": 0.6428571428571429,
    "passes_90pct_recall_at_50pct_removal": false
  },
  {
    "encoder": "dinov2_b14",
    "method": "facility_subspace",
    "shortlist_size": 8,
    "rows": 7,
    "targets": 7,
    "best_candidate_recall_mean": 0.2857142857142857,
    "top3_candidate_recall_mean": 0.4761904761904762,
    "best_candidate_family_recall_mean": 0.2857142857142857,
    "top3_candidate_family_recall_mean": 0.4761904761904762,
    "validation_regret_mean": 0.0032905074366044967,
    "normalized_validation_regret_mean": 0.12096273297093685,
    "test_regret_mean": 0.0024715593882969383,
    "removed_fraction": 0.5294117647058824,
    "selected_family_count_mean": 8.0,
    "removed_family_fraction_mean": 0.4285714285714287,
    "passes_90pct_recall_at_50pct_removal": false
  },
  {
    "encoder": "dinov2_b14",
    "method": "full_merged_rank",
    "shortlist_size": 3,
    "rows": 7,
    "targets": 7,
    "best_candidate_recall_mean": 0.7142857142857143,
    "top3_candidate_recall_mean": 0.7142857142857143,
    "best_candidate_family_recall_mean": 0.7142857142857143,
    "top3_candidate_family_recall_mean": 0.7142857142857143,
    "validation_regret_mean": 8.321040353382563e-05,
    "normalized_validation_regret_mean": 0.00989634208140036,
    "test_regret_mean": 0.0003809554236275777,
    "removed_fraction": 0.8235294117647058,
    "selected_family_count_mean": 3.0,
    "removed_family_fraction_mean": 0.7857142857142857,
    "passes_90pct_recall_at_50pct_removal": false
  },
  {
    "encoder": "dinov2_b14",
    "method": "full_merged_rank",
    "shortlist_size": 5,
    "rows": 7,
    "targets": 7,
    "best_candidate_recall_mean": 0.7142857142857143,
    "top3_candidate_recall_mean": 0.8571428571428571,
    "best_candidate_family_recall_mean": 0.7142857142857143,
    "top3_candidate_family_recall_mean": 0.8571428571428571,
    "validation_regret_mean": 6.478903001017056e-05,
    "normalized_validation_regret_mean": 0.007592185861784762,
    "test_regret_mean": -0.0009583302906581397,
    "removed_fraction": 0.7058823529411764,
    "selected_family_count_mean": 4.0,
    "removed_family_fraction_mean": 0.7142857142857143,
    "passes_90pct_recall_at_50pct_removal": false
  },
  {
    "encoder": "dinov2_b14",
    "method": "full_merged_rank",
    "shortlist_size": 8,
    "rows": 7,
    "targets": 7,
    "best_candidate_recall_mean": 0.8571428571428571,
    "top3_candidate_recall_mean": 0.9047619047619048,
    "best_candidate_family_recall_mean": 0.8571428571428571,
    "top3_candidate_family_recall_mean": 0.9047619047619048,
    "validation_regret_mean": 9.524642626458832e-06,
    "normalized_validation_regret_mean": 0.0006796838298429293,
    "test_regret_mean": 0.0003809554236275777,
    "removed_fraction": 0.5294117647058824,
    "selected_family_count_mean": 6.0,
    "removed_family_fraction_mean": 0.5714285714285713,
    "passes_90pct_recall_at_50pct_removal": false
  },
  {
    "encoder": "dinov2_b14",
    "method": "kcenter_subspace",
    "shortlist_size": 3,
    "rows": 7,
    "targets": 7,
    "best_candidate_recall_mean": 0.5714285714285714,
    "top3_candidate_recall_mean": 0.33333333333333337,
    "best_candidate_family_recall_mean": 0.5714285714285714,
    "top3_candidate_family_recall_mean": 0.33333333333333337,
    "validation_regret_mean": 0.0006948866401240229,
    "normalized_validation_regret_mean": 0.08217494479221459,
    "test_regret_mean": 0.0008364149502345335,
    "removed_fraction": 0.8235294117647058,
    "selected_family_count_mean": 3.0,
    "removed_family_fraction_mean": 0.7857142857142857,
    "passes_90pct_recall_at_50pct_removal": false
  },
  {
    "encoder": "dinov2_b14",
    "method": "kcenter_subspace",
    "shortlist_size": 5,
    "rows": 7,
    "targets": 7,
    "best_candidate_recall_mean": 0.7142857142857143,
    "top3_candidate_recall_mean": 0.5238095238095238,
    "best_candidate_family_recall_mean": 0.7142857142857143,
    "top3_candidate_family_recall_mean": 0.5238095238095238,
    "validation_regret_mean": 0.0001403532087922908,
    "normalized_validation_regret_mean": 0.01397408465393006,
    "test_regret_mean": 0.00020105838775635082,
    "removed_fraction": 0.7058823529411764,
    "selected_family_count_mean": 5.0,
    "removed_family_fraction_mean": 0.6428571428571429,
    "passes_90pct_recall_at_50pct_removal": false
  },
  {
    "encoder": "dinov2_b14",
    "method": "kcenter_subspace",
    "shortlist_size": 8,
    "rows": 7,
    "targets": 7,
    "best_candidate_recall_mean": 0.7142857142857143,
    "top3_candidate_recall_mean": 0.5238095238095238,
    "best_candidate_family_recall_mean": 0.8571428571428571,
    "top3_candidate_family_recall_mean": 0.5714285714285714,
    "validation_regret_mean": 0.0001403532087922908,
    "normalized_validation_regret_mean": 0.01397408465393006,
    "test_regret_mean": 0.00020105838775635082,
    "removed_fraction": 0.5294117647058824,
    "selected_family_count_mean": 8.0,
    "removed_family_fraction_mean": 0.4285714285714287,
    "passes_90pct_recall_at_50pct_removal": false
  },
  {
    "encoder": "dinov2_b14",
    "method": "pool_vendi_subspace",
    "shortlist_size": 3,
    "rows": 7,
    "targets": 7,
    "best_candidate_recall_mean": 0.5714285714285714,
    "top3_candidate_recall_mean": 0.33333333333333337,
    "best_candidate_family_recall_mean": 0.5714285714285714,
    "top3_candidate_family_recall_mean": 0.33333333333333337,
    "validation_regret_mean": 0.0006948866401240229,
    "normalized_validation_regret_mean": 0.08217494479221459,
    "test_regret_mean": 0.0008364149502345335,
    "removed_fraction": 0.8235294117647058,
    "selected_family_count_mean": 3.0,
    "removed_family_fraction_mean": 0.7857142857142857,
    "passes_90pct_recall_at_50pct_removal": false
  },
  {
    "encoder": "dinov2_b14",
    "method": "pool_vendi_subspace",
    "shortlist_size": 5,
    "rows": 7,
    "targets": 7,
    "best_candidate_recall_mean": 0.7142857142857143,
    "top3_candidate_recall_mean": 0.5238095238095238,
    "best_candidate_family_recall_mean": 0.7142857142857143,
    "top3_candidate_family_recall_mean": 0.5238095238095238,
    "validation_regret_mean": 0.0001403532087922908,
    "normalized_validation_regret_mean": 0.01397408465393006,
    "test_regret_mean": 0.00020105838775635082,
    "removed_fraction": 0.7058823529411764,
    "selected_family_count_mean": 5.0,
    "removed_family_fraction_mean": 0.6428571428571429,
    "passes_90pct_recall_at_50pct_removal": false
  },
  {
    "encoder": "dinov2_b14",
    "method": "pool_vendi_subspace",
    "shortlist_size": 8,
    "rows": 7,
    "targets": 7,
    "best_candidate_recall_mean": 0.8571428571428571,
    "top3_candidate_recall_mean": 0.5714285714285714,
    "best_candidate_family_recall_mean": 0.8571428571428571,
    "top3_candidate_family_recall_mean": 0.5714285714285714,
    "validation_regret_mean": 7.36857609073668e-05,
    "normalized_validation_regret_mean": 0.00921665825155743,
    "test_regret_mean": 0.0,
    "removed_fraction": 0.5294117647058824,
    "selected_family_count_mean": 8.0,
    "removed_family_fraction_mean": 0.4285714285714287,
    "passes_90pct_recall_at_50pct_removal": false
  },
  {
    "encoder": "dinov2_b14",
    "method": "random",
    "shortlist_size": 3,
    "rows": 700,
    "targets": 7,
    "best_candidate_recall_mean": 0.18571428571428572,
    "top3_candidate_recall_mean": 0.18619047619047616,
    "best_candidate_family_recall_mean": 0.23,
    "top3_candidate_family_recall_mean": 0.24285714285714285,
    "validation_regret_mean": 0.004375303288838514,
    "normalized_validation_regret_mean": 0.18979875547927402,
    "test_regret_mean": 0.0034995520966393523,
    "removed_fraction": 0.8235294117647058,
    "selected_family_count_mean": 2.912857142857143,
    "removed_family_fraction_mean": 0.7919387755102041,
    "passes_90pct_recall_at_50pct_removal": false
  },
  {
    "encoder": "dinov2_b14",
    "method": "random",
    "shortlist_size": 5,
    "rows": 700,
    "targets": 7,
    "best_candidate_recall_mean": 0.2985714285714286,
    "top3_candidate_recall_mean": 0.30952380952380953,
    "best_candidate_family_recall_mean": 0.3414285714285714,
    "top3_candidate_family_recall_mean": 0.3742857142857143,
    "validation_regret_mean": 0.0030443489246365025,
    "normalized_validation_regret_mean": 0.1299624729170378,
    "test_regret_mean": 0.0022278598546981742,
    "removed_fraction": 0.7058823529411764,
    "selected_family_count_mean": 4.702857142857143,
    "removed_family_fraction_mean": 0.6640816326530611,
    "passes_90pct_recall_at_50pct_removal": false
  },
  {
    "encoder": "dinov2_b14",
    "method": "random",
    "shortlist_size": 8,
    "rows": 700,
    "targets": 7,
    "best_candidate_recall_mean": 0.48,
    "top3_candidate_recall_mean": 0.4647619047619047,
    "best_candidate_family_recall_mean": 0.5514285714285714,
    "top3_candidate_family_recall_mean": 0.56,
    "validation_regret_mean": 0.001939988470184195,
    "normalized_validation_regret_mean": 0.07969442524055971,
    "test_regret_mean": 0.0012490159613745507,
    "removed_fraction": 0.5294117647058824,
    "selected_family_count_mean": 7.322857142857143,
    "removed_family_fraction_mean": 0.47693877551020414,
    "passes_90pct_recall_at_50pct_removal": false
  },
  {
    "encoder": "dinov2_b14",
    "method": "rank_only",
    "shortlist_size": 3,
    "rows": 7,
    "targets": 7,
    "best_candidate_recall_mean": 0.5714285714285714,
    "top3_candidate_recall_mean": 0.5238095238095238,
    "best_candidate_family_recall_mean": 0.5714285714285714,
    "top3_candidate_family_recall_mean": 0.5238095238095238,
    "validation_regret_mean": 0.00037946723308489105,
    "normalized_validation_regret_mean": 0.04602390933775574,
    "test_regret_mean": 0.001228100912911542,
    "removed_fraction": 0.8235294117647058,
    "selected_family_count_mean": 2.0,
    "removed_family_fraction_mean": 0.8571428571428574,
    "passes_90pct_recall_at_50pct_removal": false
  },
  {
    "encoder": "dinov2_b14",
    "method": "rank_only",
    "shortlist_size": 5,
    "rows": 7,
    "targets": 7,
    "best_candidate_recall_mean": 0.7142857142857143,
    "top3_candidate_recall_mean": 0.8571428571428571,
    "best_candidate_family_recall_mean": 0.7142857142857143,
    "top3_candidate_family_recall_mean": 0.8571428571428571,
    "validation_regret_mean": 6.478903001017056e-05,
    "normalized_validation_regret_mean": 0.007592185861784762,
    "test_regret_mean": -0.0009583302906581397,
    "removed_fraction": 0.7058823529411764,
    "selected_family_count_mean": 4.0,
    "removed_family_fraction_mean": 0.7142857142857143,
    "passes_90pct_recall_at_50pct_removal": false
  },
  {
    "encoder": "dinov2_b14",
    "method": "rank_only",
    "shortlist_size": 8,
    "rows": 7,
    "targets": 7,
    "best_candidate_recall_mean": 0.8571428571428571,
    "top3_candidate_recall_mean": 0.9047619047619048,
    "best_candidate_family_recall_mean": 0.8571428571428571,
    "top3_candidate_family_recall_mean": 0.9047619047619048,
    "validation_regret_mean": 9.524642626458832e-06,
    "normalized_validation_regret_mean": 0.0006796838298429293,
    "test_regret_mean": 0.0003809554236275777,
    "removed_fraction": 0.5294117647058824,
    "selected_family_count_mean": 5.0,
    "removed_family_fraction_mean": 0.6428571428571429,
    "passes_90pct_recall_at_50pct_removal": false
  }
]
