[
  {
    "encoder": "dinov2_b14",
    "method": "dpp_subspace",
    "shortlist_size": 3,
    "rows": 7,
    "targets": 7,
    "best_candidate_recall_mean": 0.5714285714285714,
    "top3_candidate_recall_mean": 0.3333333333333333,
    "best_candidate_family_recall_mean": 0.5714285714285714,
    "top3_candidate_family_recall_mean": 0.5714285714285714,
    "validation_regret_mean": 0.0004185675074840197,
    "normalized_validation_regret_mean": 0.10115879088188115,
    "test_regret_mean": -0.00027965647833689503,
    "removed_fraction": 0.85,
    "selected_family_count_mean": 3.0,
    "removed_family_fraction_mean": 0.8125,
    "passes_90pct_recall_at_50pct_removal": false
  },
  {
    "encoder": "dinov2_b14",
    "method": "dpp_subspace",
    "shortlist_size": 5,
    "rows": 7,
    "targets": 7,
    "best_candidate_recall_mean": 0.7142857142857143,
    "top3_candidate_recall_mean": 0.47619047619047616,
    "best_candidate_family_recall_mean": 0.7142857142857143,
    "top3_candidate_family_recall_mean": 0.7857142857142857,
    "validation_regret_mean": 0.00027851271389909914,
    "normalized_validation_regret_mean": 0.0381336003323024,
    "test_regret_mean": -0.00024537018367222697,
    "removed_fraction": 0.75,
    "selected_family_count_mean": 5.0,
    "removed_family_fraction_mean": 0.6875,
    "passes_90pct_recall_at_50pct_removal": false
  },
  {
    "encoder": "dinov2_b14",
    "method": "dpp_subspace",
    "shortlist_size": 10,
    "rows": 7,
    "targets": 7,
    "best_candidate_recall_mean": 0.7142857142857143,
    "top3_candidate_recall_mean": 0.7142857142857143,
    "best_candidate_family_recall_mean": 0.7142857142857143,
    "top3_candidate_family_recall_mean": 0.7857142857142857,
    "validation_regret_mean": 0.000221369908640634,
    "normalized_validation_regret_mean": 0.03082010610731603,
    "test_regret_mean": -6.547314780100002e-05,
    "removed_fraction": 0.5,
    "selected_family_count_mean": 8.0,
    "removed_family_fraction_mean": 0.5,
    "passes_90pct_recall_at_50pct_removal": false
  },
  {
    "encoder": "dinov2_b14",
    "method": "facility_subspace",
    "shortlist_size": 3,
    "rows": 7,
    "targets": 7,
    "best_candidate_recall_mean": 0.0,
    "top3_candidate_recall_mean": 0.380952380952381,
    "best_candidate_family_recall_mean": 0.14285714285714285,
    "top3_candidate_family_recall_mean": 0.42857142857142855,
    "validation_regret_mean": 0.00336175826429354,
    "normalized_validation_regret_mean": 0.19738611334130668,
    "test_regret_mean": 0.004609841959817047,
    "removed_fraction": 0.85,
    "selected_family_count_mean": 3.0,
    "removed_family_fraction_mean": 0.8125,
    "passes_90pct_recall_at_50pct_removal": false
  },
  {
    "encoder": "dinov2_b14",
    "method": "facility_subspace",
    "shortlist_size": 5,
    "rows": 7,
    "targets": 7,
    "best_candidate_recall_mean": 0.0,
    "top3_candidate_recall_mean": 0.47619047619047616,
    "best_candidate_family_recall_mean": 0.14285714285714285,
    "top3_candidate_family_recall_mean": 0.5238095238095238,
    "validation_regret_mean": 0.003354159864177594,
    "normalized_validation_regret_mean": 0.1969643124141399,
    "test_regret_mean": 0.006463943208966911,
    "removed_fraction": 0.75,
    "selected_family_count_mean": 5.0,
    "removed_family_fraction_mean": 0.6875,
    "passes_90pct_recall_at_50pct_removal": false
  },
  {
    "encoder": "dinov2_b14",
    "method": "facility_subspace",
    "shortlist_size": 10,
    "rows": 7,
    "targets": 7,
    "best_candidate_recall_mean": 0.14285714285714285,
    "top3_candidate_recall_mean": 0.5238095238095238,
    "best_candidate_family_recall_mean": 0.2857142857142857,
    "top3_candidate_family_recall_mean": 0.5714285714285714,
    "validation_regret_mean": 0.003344635221551135,
    "normalized_validation_regret_mean": 0.19574528897753068,
    "test_regret_mean": 0.006082987785339333,
    "removed_fraction": 0.5,
    "selected_family_count_mean": 10.0,
    "removed_family_fraction_mean": 0.375,
    "passes_90pct_recall_at_50pct_removal": false
  },
  {
    "encoder": "dinov2_b14",
    "method": "full_merged_rank",
    "shortlist_size": 3,
    "rows": 7,
    "targets": 7,
    "best_candidate_recall_mean": 0.7142857142857143,
    "top3_candidate_recall_mean": 0.619047619047619,
    "best_candidate_family_recall_mean": 0.7142857142857143,
    "top3_candidate_family_recall_mean": 0.619047619047619,
    "validation_regret_mean": 0.00023979128216428908,
    "normalized_validation_regret_mean": 0.03339411972981159,
    "test_regret_mean": 0.0012738125664847175,
    "removed_fraction": 0.85,
    "selected_family_count_mean": 3.0,
    "removed_family_fraction_mean": 0.8125,
    "passes_90pct_recall_at_50pct_removal": false
  },
  {
    "encoder": "dinov2_b14",
    "method": "full_merged_rank",
    "shortlist_size": 5,
    "rows": 7,
    "targets": 7,
    "best_candidate_recall_mean": 0.7142857142857143,
    "top3_candidate_recall_mean": 0.7142857142857143,
    "best_candidate_family_recall_mean": 0.7142857142857143,
    "top3_candidate_family_recall_mean": 0.7142857142857143,
    "validation_regret_mean": 0.000221369908640634,
    "normalized_validation_regret_mean": 0.03082010610731603,
    "test_regret_mean": -6.547314780100002e-05,
    "removed_fraction": 0.75,
    "selected_family_count_mean": 4.0,
    "removed_family_fraction_mean": 0.75,
    "passes_90pct_recall_at_50pct_removal": false
  },
  {
    "encoder": "dinov2_b14",
    "method": "full_merged_rank",
    "shortlist_size": 10,
    "rows": 7,
    "targets": 7,
    "best_candidate_recall_mean": 0.7142857142857143,
    "top3_candidate_recall_mean": 0.7619047619047619,
    "best_candidate_family_recall_mean": 0.7142857142857143,
    "top3_candidate_family_recall_mean": 0.7857142857142857,
    "validation_regret_mean": 0.00016610552125692228,
    "normalized_validation_regret_mean": 0.02309802795815524,
    "test_regret_mean": 0.0012738125664847175,
    "removed_fraction": 0.5,
    "selected_family_count_mean": 8.0,
    "removed_family_fraction_mean": 0.5,
    "passes_90pct_recall_at_50pct_removal": false
  },
  {
    "encoder": "dinov2_b14",
    "method": "kcenter_subspace",
    "shortlist_size": 3,
    "rows": 7,
    "targets": 7,
    "best_candidate_recall_mean": 0.5714285714285714,
    "top3_candidate_recall_mean": 0.2857142857142857,
    "best_candidate_family_recall_mean": 0.5714285714285714,
    "top3_candidate_family_recall_mean": 0.2857142857142857,
    "validation_regret_mean": 0.0007685717993302881,
    "normalized_validation_regret_mean": 0.15006479748270998,
    "test_regret_mean": 0.00485427209309167,
    "removed_fraction": 0.85,
    "selected_family_count_mean": 3.0,
    "removed_family_fraction_mean": 0.8125,
    "passes_90pct_recall_at_50pct_removal": false
  },
  {
    "encoder": "dinov2_b14",
    "method": "kcenter_subspace",
    "shortlist_size": 5,
    "rows": 7,
    "targets": 7,
    "best_candidate_recall_mean": 0.5714285714285714,
    "top3_candidate_recall_mean": 0.38095238095238093,
    "best_candidate_family_recall_mean": 0.7142857142857143,
    "top3_candidate_family_recall_mean": 0.4047619047619047,
    "validation_regret_mean": 0.0002328397034823761,
    "normalized_validation_regret_mean": 0.04044281112511007,
    "test_regret_mean": 0.00376677513122557,
    "removed_fraction": 0.75,
    "selected_family_count_mean": 5.0,
    "removed_family_fraction_mean": 0.6875,
    "passes_90pct_recall_at_50pct_removal": false
  },
  {
    "encoder": "dinov2_b14",
    "method": "kcenter_subspace",
    "shortlist_size": 10,
    "rows": 7,
    "targets": 7,
    "best_candidate_recall_mean": 0.7142857142857143,
    "top3_candidate_recall_mean": 0.5238095238095238,
    "best_candidate_family_recall_mean": 0.8571428571428571,
    "top3_candidate_family_recall_mean": 0.619047619047619,
    "validation_regret_mean": 0.00020482869935234405,
    "normalized_validation_regret_mean": 0.027837752579149787,
    "test_regret_mean": 0.0037724869591849097,
    "removed_fraction": 0.5,
    "selected_family_count_mean": 10.0,
    "removed_family_fraction_mean": 0.375,
    "passes_90pct_recall_at_50pct_removal": false
  },
  {
    "encoder": "dinov2_b14",
    "method": "pool_vendi_subspace",
    "shortlist_size": 3,
    "rows": 7,
    "targets": 7,
    "best_candidate_recall_mean": 0.5714285714285714,
    "top3_candidate_recall_mean": 0.2857142857142857,
    "best_candidate_family_recall_mean": 0.5714285714285714,
    "top3_candidate_family_recall_mean": 0.2857142857142857,
    "validation_regret_mean": 0.0007685717993302881,
    "normalized_validation_regret_mean": 0.15006479748270998,
    "test_regret_mean": 0.00485427209309167,
    "removed_fraction": 0.85,
    "selected_family_count_mean": 3.0,
    "removed_family_fraction_mean": 0.8125,
    "passes_90pct_recall_at_50pct_removal": false
  },
  {
    "encoder": "dinov2_b14",
    "method": "pool_vendi_subspace",
    "shortlist_size": 5,
    "rows": 7,
    "targets": 7,
    "best_candidate_recall_mean": 0.7142857142857143,
    "top3_candidate_recall_mean": 0.42857142857142855,
    "best_candidate_family_recall_mean": 0.7142857142857143,
    "top3_candidate_family_recall_mean": 0.42857142857142855,
    "validation_regret_mean": 0.00029693408742275426,
    "normalized_validation_regret_mean": 0.04070761395479796,
    "test_regret_mean": 0.0010939155306134904,
    "removed_fraction": 0.75,
    "selected_family_count_mean": 5.0,
    "removed_family_fraction_mean": 0.6875,
    "passes_90pct_recall_at_50pct_removal": false
  },
  {
    "encoder": "dinov2_b14",
    "method": "pool_vendi_subspace",
    "shortlist_size": 10,
    "rows": 7,
    "targets": 7,
    "best_candidate_recall_mean": 0.8571428571428571,
    "top3_candidate_recall_mean": 0.5714285714285714,
    "best_candidate_family_recall_mean": 1.0,
    "top3_candidate_family_recall_mean": 0.5952380952380951,
    "validation_regret_mean": 0.00013816125146742003,
    "normalized_validation_regret_mean": 0.019305234917554204,
    "test_regret_mean": 0.0035714285714285587,
    "removed_fraction": 0.5,
    "selected_family_count_mean": 10.0,
    "removed_family_fraction_mean": 0.375,
    "passes_90pct_recall_at_50pct_removal": false
  },
  {
    "encoder": "dinov2_b14",
    "method": "random",
    "shortlist_size": 3,
    "rows": 700,
    "targets": 7,
    "best_candidate_recall_mean": 0.13428571428571429,
    "top3_candidate_recall_mean": 0.14047619047619045,
    "best_candidate_family_recall_mean": 0.15428571428571428,
    "top3_candidate_family_recall_mean": 0.20976190476190473,
    "validation_regret_mean": 0.00479261555078647,
    "normalized_validation_regret_mean": 0.34904900331869126,
    "test_regret_mean": 0.005410329205649226,
    "removed_fraction": 0.85,
    "selected_family_count_mean": 2.932857142857143,
    "removed_family_fraction_mean": 0.8166964285714285,
    "passes_90pct_recall_at_50pct_removal": false
  },
  {
    "encoder": "dinov2_b14",
    "method": "random",
    "shortlist_size": 5,
    "rows": 700,
    "targets": 7,
    "best_candidate_recall_mean": 0.25142857142857145,
    "top3_candidate_recall_mean": 0.2542857142857142,
    "best_candidate_family_recall_mean": 0.2814285714285714,
    "top3_candidate_family_recall_mean": 0.34785714285714286,
    "validation_regret_mean": 0.003460180100956544,
    "normalized_validation_regret_mean": 0.23863044357382052,
    "test_regret_mean": 0.0043024600914546305,
    "removed_fraction": 0.75,
    "selected_family_count_mean": 4.712857142857143,
    "removed_family_fraction_mean": 0.7054464285714286,
    "passes_90pct_recall_at_50pct_removal": false
  },
  {
    "encoder": "dinov2_b14",
    "method": "random",
    "shortlist_size": 10,
    "rows": 700,
    "targets": 7,
    "best_candidate_recall_mean": 0.48714285714285716,
    "top3_candidate_recall_mean": 0.49714285714285716,
    "best_candidate_family_recall_mean": 0.5285714285714286,
    "top3_candidate_family_recall_mean": 0.6183333333333333,
    "validation_regret_mean": 0.0017957038500551763,
    "normalized_validation_regret_mean": 0.12409039896048975,
    "test_regret_mean": 0.0027306546824318926,
    "removed_fraction": 0.5,
    "selected_family_count_mean": 8.891428571428571,
    "removed_family_fraction_mean": 0.4442857142857143,
    "passes_90pct_recall_at_50pct_removal": false
  },
  {
    "encoder": "dinov2_b14",
    "method": "rank_only",
    "shortlist_size": 3,
    "rows": 7,
    "targets": 7,
    "best_candidate_recall_mean": 0.5714285714285714,
    "top3_candidate_recall_mean": 0.47619047619047616,
    "best_candidate_family_recall_mean": 0.5714285714285714,
    "top3_candidate_family_recall_mean": 0.47619047619047616,
    "validation_regret_mean": 0.0005360481117153545,
    "normalized_validation_regret_mean": 0.10955450218404154,
    "test_regret_mean": 0.0021209580557686814,
    "removed_fraction": 0.85,
    "selected_family_count_mean": 2.0,
    "removed_family_fraction_mean": 0.875,
    "passes_90pct_recall_at_50pct_removal": false
  },
  {
    "encoder": "dinov2_b14",
    "method": "rank_only",
    "shortlist_size": 5,
    "rows": 7,
    "targets": 7,
    "best_candidate_recall_mean": 0.7142857142857143,
    "top3_candidate_recall_mean": 0.7142857142857143,
    "best_candidate_family_recall_mean": 0.7142857142857143,
    "top3_candidate_family_recall_mean": 0.7142857142857143,
    "validation_regret_mean": 0.000221369908640634,
    "normalized_validation_regret_mean": 0.03082010610731603,
    "test_regret_mean": -6.547314780100002e-05,
    "removed_fraction": 0.75,
    "selected_family_count_mean": 4.0,
    "removed_family_fraction_mean": 0.75,
    "passes_90pct_recall_at_50pct_removal": false
  },
  {
    "encoder": "dinov2_b14",
    "method": "rank_only",
    "shortlist_size": 10,
    "rows": 7,
    "targets": 7,
    "best_candidate_recall_mean": 0.7142857142857143,
    "top3_candidate_recall_mean": 0.7619047619047619,
    "best_candidate_family_recall_mean": 0.7142857142857143,
    "top3_candidate_family_recall_mean": 0.7857142857142857,
    "validation_regret_mean": 0.00016610552125692228,
    "normalized_validation_regret_mean": 0.02309802795815524,
    "test_regret_mean": 0.0012738125664847175,
    "removed_fraction": 0.5,
    "selected_family_count_mean": 7.0,
    "removed_family_fraction_mean": 0.5625,
    "passes_90pct_recall_at_50pct_removal": false
  }
]
