[
  {
    "encoder": "vit_b16",
    "method": "dpp_subspace",
    "shortlist_size": 3,
    "rows": 7,
    "targets": 7,
    "best_candidate_recall_mean": 0.2857142857142857,
    "top3_candidate_recall_mean": 0.33333333333333337,
    "validation_regret_mean": 0.00247574533735005,
    "normalized_validation_regret_mean": 0.0829718317913237,
    "test_regret_mean": -0.006060332911355167,
    "removed_fraction": 0.8571428571428572,
    "passes_90pct_recall_at_50pct_removal": false
  },
  {
    "encoder": "vit_b16",
    "method": "dpp_subspace",
    "shortlist_size": 5,
    "rows": 7,
    "targets": 7,
    "best_candidate_recall_mean": 0.42857142857142855,
    "top3_candidate_recall_mean": 0.4761904761904762,
    "validation_regret_mean": 0.0020897882325308886,
    "normalized_validation_regret_mean": 0.06269964420801429,
    "test_regret_mean": -0.003610743795122432,
    "removed_fraction": 0.7619047619047619,
    "passes_90pct_recall_at_50pct_removal": false
  },
  {
    "encoder": "vit_b16",
    "method": "dpp_subspace",
    "shortlist_size": 10,
    "rows": 7,
    "targets": 7,
    "best_candidate_recall_mean": 0.8571428571428571,
    "top3_candidate_recall_mean": 0.8095238095238095,
    "validation_regret_mean": 7.732425417218889e-05,
    "normalized_validation_regret_mean": 0.004264379708145679,
    "test_regret_mean": -0.0003192782402038511,
    "removed_fraction": 0.5238095238095238,
    "passes_90pct_recall_at_50pct_removal": false
  },
  {
    "encoder": "vit_b16",
    "method": "facility_subspace",
    "shortlist_size": 3,
    "rows": 7,
    "targets": 7,
    "best_candidate_recall_mean": 0.14285714285714285,
    "top3_candidate_recall_mean": 0.23809523809523808,
    "validation_regret_mean": 0.0051950122628893125,
    "normalized_validation_regret_mean": 0.11703364464162128,
    "test_regret_mean": -0.003748670646122522,
    "removed_fraction": 0.8571428571428572,
    "passes_90pct_recall_at_50pct_removal": false
  },
  {
    "encoder": "vit_b16",
    "method": "facility_subspace",
    "shortlist_size": 5,
    "rows": 7,
    "targets": 7,
    "best_candidate_recall_mean": 0.2857142857142857,
    "top3_candidate_recall_mean": 0.33333333333333337,
    "validation_regret_mean": 0.003794452973774493,
    "normalized_validation_regret_mean": 0.0900794877692096,
    "test_regret_mean": -0.004742952755519321,
    "removed_fraction": 0.7619047619047619,
    "passes_90pct_recall_at_50pct_removal": false
  },
  {
    "encoder": "vit_b16",
    "method": "facility_subspace",
    "shortlist_size": 10,
    "rows": 7,
    "targets": 7,
    "best_candidate_recall_mean": 0.7142857142857143,
    "top3_candidate_recall_mean": 0.47619047619047616,
    "validation_regret_mean": 0.0010854968002864277,
    "normalized_validation_regret_mean": 0.025954134978430906,
    "test_regret_mean": 0.00026917968477520516,
    "removed_fraction": 0.5238095238095238,
    "passes_90pct_recall_at_50pct_removal": false
  },
  {
    "encoder": "vit_b16",
    "method": "full_merged_rank",
    "shortlist_size": 3,
    "rows": 7,
    "targets": 7,
    "best_candidate_recall_mean": 0.2857142857142857,
    "top3_candidate_recall_mean": 0.33333333333333337,
    "validation_regret_mean": 0.00247574533735005,
    "normalized_validation_regret_mean": 0.0829718317913237,
    "test_regret_mean": -0.006060332911355167,
    "removed_fraction": 0.8571428571428572,
    "passes_90pct_recall_at_50pct_removal": false
  },
  {
    "encoder": "vit_b16",
    "method": "full_merged_rank",
    "shortlist_size": 5,
    "rows": 7,
    "targets": 7,
    "best_candidate_recall_mean": 0.5714285714285714,
    "top3_candidate_recall_mean": 0.6666666666666667,
    "validation_regret_mean": 0.0016819136483328747,
    "normalized_validation_regret_mean": 0.0403811778518434,
    "test_regret_mean": -0.004696777888706752,
    "removed_fraction": 0.7619047619047619,
    "passes_90pct_recall_at_50pct_removal": false
  },
  {
    "encoder": "vit_b16",
    "method": "full_merged_rank",
    "shortlist_size": 10,
    "rows": 7,
    "targets": 7,
    "best_candidate_recall_mean": 0.8571428571428571,
    "top3_candidate_recall_mean": 0.8571428571428571,
    "validation_regret_mean": 7.732425417218889e-05,
    "normalized_validation_regret_mean": 0.004264379708145679,
    "test_regret_mean": -0.0003192782402038511,
    "removed_fraction": 0.5238095238095238,
    "passes_90pct_recall_at_50pct_removal": false
  },
  {
    "encoder": "vit_b16",
    "method": "kcenter_subspace",
    "shortlist_size": 3,
    "rows": 7,
    "targets": 7,
    "best_candidate_recall_mean": 0.14285714285714285,
    "top3_candidate_recall_mean": 0.23809523809523808,
    "validation_regret_mean": 0.0035961917468479987,
    "normalized_validation_regret_mean": 0.10453513762454235,
    "test_regret_mean": -0.00689462593623572,
    "removed_fraction": 0.8571428571428572,
    "passes_90pct_recall_at_50pct_removal": false
  },
  {
    "encoder": "vit_b16",
    "method": "kcenter_subspace",
    "shortlist_size": 5,
    "rows": 7,
    "targets": 7,
    "best_candidate_recall_mean": 0.14285714285714285,
    "top3_candidate_recall_mean": 0.23809523809523808,
    "validation_regret_mean": 0.0035961917468479987,
    "normalized_validation_regret_mean": 0.10453513762454235,
    "test_regret_mean": -0.00689462593623572,
    "removed_fraction": 0.7619047619047619,
    "passes_90pct_recall_at_50pct_removal": false
  },
  {
    "encoder": "vit_b16",
    "method": "kcenter_subspace",
    "shortlist_size": 10,
    "rows": 7,
    "targets": 7,
    "best_candidate_recall_mean": 0.7142857142857143,
    "top3_candidate_recall_mean": 0.47619047619047616,
    "validation_regret_mean": 0.0004072087151663707,
    "normalized_validation_regret_mean": 0.021268661480026402,
    "test_regret_mean": -0.0013012545449393137,
    "removed_fraction": 0.5238095238095238,
    "passes_90pct_recall_at_50pct_removal": false
  },
  {
    "encoder": "vit_b16",
    "method": "pool_vendi_subspace",
    "shortlist_size": 3,
    "rows": 7,
    "targets": 7,
    "best_candidate_recall_mean": 0.14285714285714285,
    "top3_candidate_recall_mean": 0.23809523809523808,
    "validation_regret_mean": 0.0035961917468479987,
    "normalized_validation_regret_mean": 0.10453513762454235,
    "test_regret_mean": -0.00689462593623572,
    "removed_fraction": 0.8571428571428572,
    "passes_90pct_recall_at_50pct_removal": false
  },
  {
    "encoder": "vit_b16",
    "method": "pool_vendi_subspace",
    "shortlist_size": 5,
    "rows": 7,
    "targets": 7,
    "best_candidate_recall_mean": 0.2857142857142857,
    "top3_candidate_recall_mean": 0.33333333333333337,
    "validation_regret_mean": 0.00247574533735005,
    "normalized_validation_regret_mean": 0.0829718317913237,
    "test_regret_mean": -0.006060332911355167,
    "removed_fraction": 0.7619047619047619,
    "passes_90pct_recall_at_50pct_removal": false
  },
  {
    "encoder": "vit_b16",
    "method": "pool_vendi_subspace",
    "shortlist_size": 10,
    "rows": 7,
    "targets": 7,
    "best_candidate_recall_mean": 0.7142857142857143,
    "top3_candidate_recall_mean": 0.47619047619047616,
    "validation_regret_mean": 0.0004072087151663707,
    "normalized_validation_regret_mean": 0.021268661480026402,
    "test_regret_mean": -0.0013012545449393137,
    "removed_fraction": 0.5238095238095238,
    "passes_90pct_recall_at_50pct_removal": false
  },
  {
    "encoder": "vit_b16",
    "method": "random",
    "shortlist_size": 3,
    "rows": 700,
    "targets": 7,
    "best_candidate_recall_mean": 0.13714285714285715,
    "top3_candidate_recall_mean": 0.1352380952380952,
    "validation_regret_mean": 0.007555563858577191,
    "normalized_validation_regret_mean": 0.21072603141327167,
    "test_regret_mean": 0.0009888492141451061,
    "removed_fraction": 0.8571428571428572,
    "passes_90pct_recall_at_50pct_removal": false
  },
  {
    "encoder": "vit_b16",
    "method": "random",
    "shortlist_size": 5,
    "rows": 700,
    "targets": 7,
    "best_candidate_recall_mean": 0.22714285714285715,
    "top3_candidate_recall_mean": 0.25285714285714284,
    "validation_regret_mean": 0.004963744435991567,
    "normalized_validation_regret_mean": 0.1361271215400526,
    "test_regret_mean": -0.0004785255874906375,
    "removed_fraction": 0.7619047619047619,
    "passes_90pct_recall_at_50pct_removal": false
  },
  {
    "encoder": "vit_b16",
    "method": "random",
    "shortlist_size": 10,
    "rows": 700,
    "targets": 7,
    "best_candidate_recall_mean": 0.48,
    "top3_candidate_recall_mean": 0.48380952380952386,
    "validation_regret_mean": 0.0022866280845233425,
    "normalized_validation_regret_mean": 0.05992007303558749,
    "test_regret_mean": -0.0015346550089972405,
    "removed_fraction": 0.5238095238095238,
    "passes_90pct_recall_at_50pct_removal": false
  },
  {
    "encoder": "vit_b16",
    "method": "rank_only",
    "shortlist_size": 3,
    "rows": 7,
    "targets": 7,
    "best_candidate_recall_mean": 0.2857142857142857,
    "top3_candidate_recall_mean": 0.42857142857142855,
    "validation_regret_mean": 0.002840353761400508,
    "normalized_validation_regret_mean": 0.06302672778490345,
    "test_regret_mean": -0.006610102312905454,
    "removed_fraction": 0.8571428571428572,
    "passes_90pct_recall_at_50pct_removal": false
  },
  {
    "encoder": "vit_b16",
    "method": "rank_only",
    "shortlist_size": 5,
    "rows": 7,
    "targets": 7,
    "best_candidate_recall_mean": 0.5714285714285714,
    "top3_candidate_recall_mean": 0.6666666666666667,
    "validation_regret_mean": 0.0016819136483328747,
    "normalized_validation_regret_mean": 0.0403811778518434,
    "test_regret_mean": -0.004696777888706752,
    "removed_fraction": 0.7619047619047619,
    "passes_90pct_recall_at_50pct_removal": false
  },
  {
    "encoder": "vit_b16",
    "method": "rank_only",
    "shortlist_size": 10,
    "rows": 7,
    "targets": 7,
    "best_candidate_recall_mean": 0.8571428571428571,
    "top3_candidate_recall_mean": 0.9047619047619048,
    "validation_regret_mean": 7.732425417218889e-05,
    "normalized_validation_regret_mean": 0.004264379708145679,
    "test_regret_mean": -0.0003192782402038511,
    "removed_fraction": 0.5238095238095238,
    "passes_90pct_recall_at_50pct_removal": false
  }
]
