[1/80] seed=20260910 d=16 M=8 K=1 nT=32
[2/80] seed=20260910 d=16 M=8 K=1 nT=128
[3/80] seed=20260910 d=16 M=8 K=3 nT=32
[4/80] seed=20260910 d=16 M=8 K=3 nT=128
[5/80] seed=20260910 d=16 M=12 K=1 nT=32
[6/80] seed=20260910 d=16 M=12 K=1 nT=128
[7/80] seed=20260910 d=16 M=12 K=3 nT=32
[8/80] seed=20260910 d=16 M=12 K=3 nT=128
[9/80] seed=20260910 d=32 M=8 K=1 nT=32
[10/80] seed=20260910 d=32 M=8 K=1 nT=128
[11/80] seed=20260910 d=32 M=8 K=3 nT=32
[12/80] seed=20260910 d=32 M=8 K=3 nT=128
[13/80] seed=20260910 d=32 M=12 K=1 nT=32
[14/80] seed=20260910 d=32 M=12 K=1 nT=128
[15/80] seed=20260910 d=32 M=12 K=3 nT=32
[16/80] seed=20260910 d=32 M=12 K=3 nT=128
[17/80] seed=20260911 d=16 M=8 K=1 nT=32
[18/80] seed=20260911 d=16 M=8 K=1 nT=128
[19/80] seed=20260911 d=16 M=8 K=3 nT=32
[20/80] seed=20260911 d=16 M=8 K=3 nT=128
[21/80] seed=20260911 d=16 M=12 K=1 nT=32
[22/80] seed=20260911 d=16 M=12 K=1 nT=128
[23/80] seed=20260911 d=16 M=12 K=3 nT=32
[24/80] seed=20260911 d=16 M=12 K=3 nT=128
[25/80] seed=20260911 d=32 M=8 K=1 nT=32
[26/80] seed=20260911 d=32 M=8 K=1 nT=128
[27/80] seed=20260911 d=32 M=8 K=3 nT=32
[28/80] seed=20260911 d=32 M=8 K=3 nT=128
[29/80] seed=20260911 d=32 M=12 K=1 nT=32
[30/80] seed=20260911 d=32 M=12 K=1 nT=128
[31/80] seed=20260911 d=32 M=12 K=3 nT=32
[32/80] seed=20260911 d=32 M=12 K=3 nT=128
[33/80] seed=20260912 d=16 M=8 K=1 nT=32
[34/80] seed=20260912 d=16 M=8 K=1 nT=128
[35/80] seed=20260912 d=16 M=8 K=3 nT=32
[36/80] seed=20260912 d=16 M=8 K=3 nT=128
[37/80] seed=20260912 d=16 M=12 K=1 nT=32
[38/80] seed=20260912 d=16 M=12 K=1 nT=128
[39/80] seed=20260912 d=16 M=12 K=3 nT=32
[40/80] seed=20260912 d=16 M=12 K=3 nT=128
[41/80] seed=20260912 d=32 M=8 K=1 nT=32
[42/80] seed=20260912 d=32 M=8 K=1 nT=128
[43/80] seed=20260912 d=32 M=8 K=3 nT=32
[44/80] seed=20260912 d=32 M=8 K=3 nT=128
[45/80] seed=20260912 d=32 M=12 K=1 nT=32
[46/80] seed=20260912 d=32 M=12 K=1 nT=128
[47/80] seed=20260912 d=32 M=12 K=3 nT=32
[48/80] seed=20260912 d=32 M=12 K=3 nT=128
[49/80] seed=20260913 d=16 M=8 K=1 nT=32
[50/80] seed=20260913 d=16 M=8 K=1 nT=128
[51/80] seed=20260913 d=16 M=8 K=3 nT=32
[52/80] seed=20260913 d=16 M=8 K=3 nT=128
[53/80] seed=20260913 d=16 M=12 K=1 nT=32
[54/80] seed=20260913 d=16 M=12 K=1 nT=128
[55/80] seed=20260913 d=16 M=12 K=3 nT=32
[56/80] seed=20260913 d=16 M=12 K=3 nT=128
[57/80] seed=20260913 d=32 M=8 K=1 nT=32
[58/80] seed=20260913 d=32 M=8 K=1 nT=128
[59/80] seed=20260913 d=32 M=8 K=3 nT=32
[60/80] seed=20260913 d=32 M=8 K=3 nT=128
[61/80] seed=20260913 d=32 M=12 K=1 nT=32
[62/80] seed=20260913 d=32 M=12 K=1 nT=128
[63/80] seed=20260913 d=32 M=12 K=3 nT=32
[64/80] seed=20260913 d=32 M=12 K=3 nT=128
[65/80] seed=20260914 d=16 M=8 K=1 nT=32
[66/80] seed=20260914 d=16 M=8 K=1 nT=128
[67/80] seed=20260914 d=16 M=8 K=3 nT=32
[68/80] seed=20260914 d=16 M=8 K=3 nT=128
[69/80] seed=20260914 d=16 M=12 K=1 nT=32
[70/80] seed=20260914 d=16 M=12 K=1 nT=128
[71/80] seed=20260914 d=16 M=12 K=3 nT=32
[72/80] seed=20260914 d=16 M=12 K=3 nT=128
[73/80] seed=20260914 d=32 M=8 K=1 nT=32
[74/80] seed=20260914 d=32 M=8 K=1 nT=128
[75/80] seed=20260914 d=32 M=8 K=3 nT=32
[76/80] seed=20260914 d=32 M=8 K=3 nT=128
[77/80] seed=20260914 d=32 M=12 K=1 nT=32
[78/80] seed=20260914 d=32 M=12 K=1 nT=128
[79/80] seed=20260914 d=32 M=12 K=3 nT=32
[80/80] seed=20260914 d=32 M=12 K=3 nT=128
fatal: not a git repository (or any of the parent directories): .git
{
  "status": "completed",
  "configurations": 80,
  "shared_model_rows": 2480,
  "conditional_shift_rows": 1200,
  "elapsed_seconds": 93.62840298749506,
  "out_dir": "/data/Paper06/results/target_conditioned/e1_synthetic/pilot_v1"
}
