[
  {
    "encoder": "resnet50",
    "method": "dpp_subspace",
    "shortlist_size": 3,
    "rows": 7,
    "targets": 7,
    "best_candidate_recall_mean": 0.8571428571428571,
    "top3_candidate_recall_mean": 0.42857142857142855,
    "best_candidate_family_recall_mean": 0.8571428571428571,
    "top3_candidate_family_recall_mean": 0.6666666666666666,
    "validation_regret_mean": 0.0028276684848140355,
    "normalized_validation_regret_mean": 0.08719115101878237,
    "test_regret_mean": -0.005357142857142854,
    "removed_fraction": 0.7,
    "selected_family_count_mean": 3.0,
    "removed_family_fraction_mean": 0.625,
    "passes_90pct_recall_at_50pct_removal": false
  },
  {
    "encoder": "resnet50",
    "method": "dpp_subspace",
    "shortlist_size": 5,
    "rows": 7,
    "targets": 7,
    "best_candidate_recall_mean": 0.8571428571428571,
    "top3_candidate_recall_mean": 0.5714285714285714,
    "best_candidate_family_recall_mean": 0.8571428571428571,
    "top3_candidate_family_recall_mean": 0.8095238095238095,
    "validation_regret_mean": 0.0022750288102577937,
    "normalized_validation_regret_mean": 0.070150507965333,
    "test_regret_mean": -0.0031249999999999967,
    "removed_fraction": 0.5,
    "selected_family_count_mean": 5.0,
    "removed_family_fraction_mean": 0.375,
    "passes_90pct_recall_at_50pct_removal": false
  },
  {
    "encoder": "resnet50",
    "method": "facility_subspace",
    "shortlist_size": 3,
    "rows": 7,
    "targets": 7,
    "best_candidate_recall_mean": 0.14285714285714285,
    "top3_candidate_recall_mean": 0.2857142857142857,
    "best_candidate_family_recall_mean": 0.14285714285714285,
    "top3_candidate_family_recall_mean": 0.40476190476190477,
    "validation_regret_mean": 0.004458627434155681,
    "normalized_validation_regret_mean": 0.1272915643167036,
    "test_regret_mean": 0.001633730956486287,
    "removed_fraction": 0.7,
    "selected_family_count_mean": 3.0,
    "removed_family_fraction_mean": 0.625,
    "passes_90pct_recall_at_50pct_removal": false
  },
  {
    "encoder": "resnet50",
    "method": "facility_subspace",
    "shortlist_size": 5,
    "rows": 7,
    "targets": 7,
    "best_candidate_recall_mean": 0.14285714285714285,
    "top3_candidate_recall_mean": 0.42857142857142855,
    "best_candidate_family_recall_mean": 0.14285714285714285,
    "top3_candidate_family_recall_mean": 0.5476190476190476,
    "validation_regret_mean": 0.0038700559875325946,
    "normalized_validation_regret_mean": 0.11750903679374695,
    "test_regret_mean": -0.00014383281980242683,
    "removed_fraction": 0.5,
    "selected_family_count_mean": 5.0,
    "removed_family_fraction_mean": 0.375,
    "passes_90pct_recall_at_50pct_removal": false
  },
  {
    "encoder": "resnet50",
    "method": "full_merged_rank",
    "shortlist_size": 3,
    "rows": 7,
    "targets": 7,
    "best_candidate_recall_mean": 0.8571428571428571,
    "top3_candidate_recall_mean": 0.42857142857142855,
    "best_candidate_family_recall_mean": 0.8571428571428571,
    "top3_candidate_family_recall_mean": 0.6666666666666666,
    "validation_regret_mean": 0.0028276684848140355,
    "normalized_validation_regret_mean": 0.08719115101878237,
    "test_regret_mean": -0.005357142857142854,
    "removed_fraction": 0.7,
    "selected_family_count_mean": 3.0,
    "removed_family_fraction_mean": 0.625,
    "passes_90pct_recall_at_50pct_removal": false
  },
  {
    "encoder": "resnet50",
    "method": "full_merged_rank",
    "shortlist_size": 5,
    "rows": 7,
    "targets": 7,
    "best_candidate_recall_mean": 0.8571428571428571,
    "top3_candidate_recall_mean": 0.7619047619047619,
    "best_candidate_family_recall_mean": 0.8571428571428571,
    "top3_candidate_family_recall_mean": 0.7619047619047619,
    "validation_regret_mean": 0.0024592416132968664,
    "normalized_validation_regret_mean": 0.07583070930987969,
    "test_regret_mean": -0.003571428571428575,
    "removed_fraction": 0.5,
    "selected_family_count_mean": 4.0,
    "removed_family_fraction_mean": 0.5,
    "passes_90pct_recall_at_50pct_removal": false
  },
  {
    "encoder": "resnet50",
    "method": "kcenter_subspace",
    "shortlist_size": 3,
    "rows": 7,
    "targets": 7,
    "best_candidate_recall_mean": 1.0,
    "top3_candidate_recall_mean": 0.42857142857142866,
    "best_candidate_family_recall_mean": 1.0,
    "top3_candidate_family_recall_mean": 0.45238095238095244,
    "validation_regret_mean": 0.0,
    "normalized_validation_regret_mean": 0.0,
    "test_regret_mean": 0.0,
    "removed_fraction": 0.7,
    "selected_family_count_mean": 3.0,
    "removed_family_fraction_mean": 0.625,
    "passes_90pct_recall_at_50pct_removal": true
  },
  {
    "encoder": "resnet50",
    "method": "kcenter_subspace",
    "shortlist_size": 5,
    "rows": 7,
    "targets": 7,
    "best_candidate_recall_mean": 1.0,
    "top3_candidate_recall_mean": 0.5714285714285714,
    "best_candidate_family_recall_mean": 1.0,
    "top3_candidate_family_recall_mean": 0.5952380952380951,
    "validation_regret_mean": 0.0,
    "normalized_validation_regret_mean": 0.0,
    "test_regret_mean": 0.0,
    "removed_fraction": 0.5,
    "selected_family_count_mean": 5.0,
    "removed_family_fraction_mean": 0.375,
    "passes_90pct_recall_at_50pct_removal": true
  },
  {
    "encoder": "resnet50",
    "method": "pool_vendi_subspace",
    "shortlist_size": 3,
    "rows": 7,
    "targets": 7,
    "best_candidate_recall_mean": 1.0,
    "top3_candidate_recall_mean": 0.42857142857142866,
    "best_candidate_family_recall_mean": 1.0,
    "top3_candidate_family_recall_mean": 0.45238095238095244,
    "validation_regret_mean": 0.0,
    "normalized_validation_regret_mean": 0.0,
    "test_regret_mean": 0.0,
    "removed_fraction": 0.7,
    "selected_family_count_mean": 3.0,
    "removed_family_fraction_mean": 0.625,
    "passes_90pct_recall_at_50pct_removal": true
  },
  {
    "encoder": "resnet50",
    "method": "pool_vendi_subspace",
    "shortlist_size": 5,
    "rows": 7,
    "targets": 7,
    "best_candidate_recall_mean": 1.0,
    "top3_candidate_recall_mean": 0.5714285714285714,
    "best_candidate_family_recall_mean": 1.0,
    "top3_candidate_family_recall_mean": 0.5952380952380951,
    "validation_regret_mean": 0.0,
    "normalized_validation_regret_mean": 0.0,
    "test_regret_mean": 0.0,
    "removed_fraction": 0.5,
    "selected_family_count_mean": 5.0,
    "removed_family_fraction_mean": 0.375,
    "passes_90pct_recall_at_50pct_removal": true
  },
  {
    "encoder": "resnet50",
    "method": "random",
    "shortlist_size": 3,
    "rows": 700,
    "targets": 7,
    "best_candidate_recall_mean": 0.30714285714285716,
    "top3_candidate_recall_mean": 0.2980952380952381,
    "best_candidate_family_recall_mean": 0.30714285714285716,
    "top3_candidate_family_recall_mean": 0.38952380952380955,
    "validation_regret_mean": 0.006421744348664272,
    "normalized_validation_regret_mean": 0.17671743153008926,
    "test_regret_mean": 0.0013669742516108888,
    "removed_fraction": 0.7,
    "selected_family_count_mean": 2.847142857142857,
    "removed_family_fraction_mean": 0.6441071428571429,
    "passes_90pct_recall_at_50pct_removal": false
  },
  {
    "encoder": "resnet50",
    "method": "random",
    "shortlist_size": 5,
    "rows": 700,
    "targets": 7,
    "best_candidate_recall_mean": 0.48428571428571426,
    "top3_candidate_recall_mean": 0.4952380952380952,
    "best_candidate_family_recall_mean": 0.48428571428571426,
    "top3_candidate_family_recall_mean": 0.594047619047619,
    "validation_regret_mean": 0.0038998022223100596,
    "normalized_validation_regret_mean": 0.10997754982600465,
    "test_regret_mean": -0.0006093482289995489,
    "removed_fraction": 0.5,
    "selected_family_count_mean": 4.602857142857143,
    "removed_family_fraction_mean": 0.42464285714285716,
    "passes_90pct_recall_at_50pct_removal": false
  },
  {
    "encoder": "resnet50",
    "method": "rank_only",
    "shortlist_size": 3,
    "rows": 7,
    "targets": 7,
    "best_candidate_recall_mean": 0.8571428571428571,
    "top3_candidate_recall_mean": 0.5714285714285714,
    "best_candidate_family_recall_mean": 0.8571428571428571,
    "top3_candidate_family_recall_mean": 0.5714285714285714,
    "validation_regret_mean": 0.003168462874141187,
    "normalized_validation_regret_mean": 0.09769954520493164,
    "test_regret_mean": -0.0033482142857142855,
    "removed_fraction": 0.7,
    "selected_family_count_mean": 2.0,
    "removed_family_fraction_mean": 0.75,
    "passes_90pct_recall_at_50pct_removal": false
  },
  {
    "encoder": "resnet50",
    "method": "rank_only",
    "shortlist_size": 5,
    "rows": 7,
    "targets": 7,
    "best_candidate_recall_mean": 0.8571428571428571,
    "top3_candidate_recall_mean": 0.7619047619047619,
    "best_candidate_family_recall_mean": 0.8571428571428571,
    "top3_candidate_family_recall_mean": 0.7619047619047619,
    "validation_regret_mean": 0.0024592416132968664,
    "normalized_validation_regret_mean": 0.07583070930987969,
    "test_regret_mean": -0.003571428571428575,
    "removed_fraction": 0.5,
    "selected_family_count_mean": 4.0,
    "removed_family_fraction_mean": 0.5,
    "passes_90pct_recall_at_50pct_removal": false
  }
]
