[
  {
    "encoder": "dinov2_b14",
    "method": "dpp_subspace",
    "shortlist_size": 3,
    "rows": 7,
    "targets": 7,
    "best_candidate_recall_mean": 0.14285714285714285,
    "top3_candidate_recall_mean": 0.19047619047619047,
    "best_candidate_family_recall_mean": 0.2857142857142857,
    "top3_candidate_family_recall_mean": 0.47619047619047616,
    "validation_regret_mean": 0.00193029773011926,
    "normalized_validation_regret_mean": 0.13672144550865054,
    "test_regret_mean": 0.001628022534506652,
    "removed_fraction": 0.8125,
    "selected_family_count_mean": 3.0,
    "removed_family_fraction_mean": 0.7692307692307692,
    "passes_90pct_recall_at_50pct_removal": false
  },
  {
    "encoder": "dinov2_b14",
    "method": "dpp_subspace",
    "shortlist_size": 5,
    "rows": 7,
    "targets": 7,
    "best_candidate_recall_mean": 0.14285714285714285,
    "top3_candidate_recall_mean": 0.2857142857142857,
    "best_candidate_family_recall_mean": 0.2857142857142857,
    "top3_candidate_family_recall_mean": 0.47619047619047616,
    "validation_regret_mean": 0.0019209604638330546,
    "normalized_validation_regret_mean": 0.1356053447120868,
    "test_regret_mean": 0.0016165954726082843,
    "removed_fraction": 0.6875,
    "selected_family_count_mean": 4.0,
    "removed_family_fraction_mean": 0.6923076923076924,
    "passes_90pct_recall_at_50pct_removal": false
  },
  {
    "encoder": "dinov2_b14",
    "method": "dpp_subspace",
    "shortlist_size": 8,
    "rows": 7,
    "targets": 7,
    "best_candidate_recall_mean": 0.2857142857142857,
    "top3_candidate_recall_mean": 0.42857142857142855,
    "best_candidate_family_recall_mean": 0.42857142857142855,
    "top3_candidate_family_recall_mean": 0.619047619047619,
    "validation_regret_mean": 0.001154881417106798,
    "normalized_validation_regret_mean": 0.08720050525668228,
    "test_regret_mean": 0.0006335939679826977,
    "removed_fraction": 0.5,
    "selected_family_count_mean": 7.0,
    "removed_family_fraction_mean": 0.4615384615384616,
    "passes_90pct_recall_at_50pct_removal": false
  },
  {
    "encoder": "dinov2_b14",
    "method": "facility_subspace",
    "shortlist_size": 3,
    "rows": 7,
    "targets": 7,
    "best_candidate_recall_mean": 0.2857142857142857,
    "top3_candidate_recall_mean": 0.3333333333333333,
    "best_candidate_family_recall_mean": 0.42857142857142855,
    "top3_candidate_family_recall_mean": 0.5714285714285714,
    "validation_regret_mean": 0.0014822759376613545,
    "normalized_validation_regret_mean": 0.0825823199137937,
    "test_regret_mean": 0.00359802756990703,
    "removed_fraction": 0.8125,
    "selected_family_count_mean": 3.0,
    "removed_family_fraction_mean": 0.7692307692307692,
    "passes_90pct_recall_at_50pct_removal": false
  },
  {
    "encoder": "dinov2_b14",
    "method": "facility_subspace",
    "shortlist_size": 5,
    "rows": 7,
    "targets": 7,
    "best_candidate_recall_mean": 0.5714285714285714,
    "top3_candidate_recall_mean": 0.47619047619047616,
    "best_candidate_family_recall_mean": 0.7142857142857143,
    "top3_candidate_family_recall_mean": 0.7142857142857143,
    "validation_regret_mean": 0.0007362577629449474,
    "normalized_validation_regret_mean": 0.04683130147873183,
    "test_regret_mean": 0.0033765009471348195,
    "removed_fraction": 0.6875,
    "selected_family_count_mean": 5.0,
    "removed_family_fraction_mean": 0.6153846153846155,
    "passes_90pct_recall_at_50pct_removal": false
  },
  {
    "encoder": "dinov2_b14",
    "method": "facility_subspace",
    "shortlist_size": 8,
    "rows": 7,
    "targets": 7,
    "best_candidate_recall_mean": 0.7142857142857143,
    "top3_candidate_recall_mean": 0.619047619047619,
    "best_candidate_family_recall_mean": 0.8571428571428571,
    "top3_candidate_family_recall_mean": 0.8571428571428571,
    "validation_regret_mean": 0.0003895904804771533,
    "normalized_validation_regret_mean": 0.033139863526286686,
    "test_regret_mean": 0.004079362324305931,
    "removed_fraction": 0.5,
    "selected_family_count_mean": 8.0,
    "removed_family_fraction_mean": 0.3846153846153846,
    "passes_90pct_recall_at_50pct_removal": false
  },
  {
    "encoder": "dinov2_b14",
    "method": "full_merged_rank",
    "shortlist_size": 3,
    "rows": 7,
    "targets": 7,
    "best_candidate_recall_mean": 0.2857142857142857,
    "top3_candidate_recall_mean": 0.23809523809523808,
    "best_candidate_family_recall_mean": 0.2857142857142857,
    "top3_candidate_family_recall_mean": 0.38095238095238093,
    "validation_regret_mean": 0.001698674543776178,
    "normalized_validation_regret_mean": 0.11419288846219403,
    "test_regret_mean": 0.0015889985220772784,
    "removed_fraction": 0.8125,
    "selected_family_count_mean": 2.0,
    "removed_family_fraction_mean": 0.846153846153846,
    "passes_90pct_recall_at_50pct_removal": false
  },
  {
    "encoder": "dinov2_b14",
    "method": "full_merged_rank",
    "shortlist_size": 5,
    "rows": 7,
    "targets": 7,
    "best_candidate_recall_mean": 0.2857142857142857,
    "top3_candidate_recall_mean": 0.3333333333333333,
    "best_candidate_family_recall_mean": 0.2857142857142857,
    "top3_candidate_family_recall_mean": 0.47619047619047616,
    "validation_regret_mean": 0.0015217747902510625,
    "normalized_validation_regret_mean": 0.10325182530739103,
    "test_regret_mean": 0.001327037811279281,
    "removed_fraction": 0.6875,
    "selected_family_count_mean": 4.0,
    "removed_family_fraction_mean": 0.6923076923076924,
    "passes_90pct_recall_at_50pct_removal": false
  },
  {
    "encoder": "dinov2_b14",
    "method": "full_merged_rank",
    "shortlist_size": 8,
    "rows": 7,
    "targets": 7,
    "best_candidate_recall_mean": 0.42857142857142855,
    "top3_candidate_recall_mean": 0.47619047619047616,
    "best_candidate_family_recall_mean": 0.42857142857142855,
    "top3_candidate_family_recall_mean": 0.5238095238095237,
    "validation_regret_mean": 0.0010793073732152816,
    "normalized_validation_regret_mean": 0.07921964130413302,
    "test_regret_mean": 0.0014371906008039076,
    "removed_fraction": 0.5,
    "selected_family_count_mean": 6.0,
    "removed_family_fraction_mean": 0.5384615384615384,
    "passes_90pct_recall_at_50pct_removal": false
  },
  {
    "encoder": "dinov2_b14",
    "method": "kcenter_subspace",
    "shortlist_size": 3,
    "rows": 7,
    "targets": 7,
    "best_candidate_recall_mean": 0.14285714285714285,
    "top3_candidate_recall_mean": 0.14285714285714285,
    "best_candidate_family_recall_mean": 0.42857142857142855,
    "top3_candidate_family_recall_mean": 0.5714285714285714,
    "validation_regret_mean": 0.0025161540674534244,
    "normalized_validation_regret_mean": 0.13318509833499256,
    "test_regret_mean": 0.0009518776621137188,
    "removed_fraction": 0.8125,
    "selected_family_count_mean": 3.0,
    "removed_family_fraction_mean": 0.7692307692307692,
    "passes_90pct_recall_at_50pct_removal": false
  },
  {
    "encoder": "dinov2_b14",
    "method": "kcenter_subspace",
    "shortlist_size": 5,
    "rows": 7,
    "targets": 7,
    "best_candidate_recall_mean": 0.2857142857142857,
    "top3_candidate_recall_mean": 0.23809523809523808,
    "best_candidate_family_recall_mean": 0.5714285714285714,
    "top3_candidate_family_recall_mean": 0.6666666666666666,
    "validation_regret_mean": 0.001622820870359254,
    "normalized_validation_regret_mean": 0.09816558434763319,
    "test_regret_mean": 0.001071877138955243,
    "removed_fraction": 0.6875,
    "selected_family_count_mean": 5.0,
    "removed_family_fraction_mean": 0.6153846153846155,
    "passes_90pct_recall_at_50pct_removal": false
  },
  {
    "encoder": "dinov2_b14",
    "method": "kcenter_subspace",
    "shortlist_size": 8,
    "rows": 7,
    "targets": 7,
    "best_candidate_recall_mean": 0.42857142857142855,
    "top3_candidate_recall_mean": 0.38095238095238093,
    "best_candidate_family_recall_mean": 0.7142857142857143,
    "top3_candidate_family_recall_mean": 0.8095238095238094,
    "validation_regret_mean": 0.0010287783246319643,
    "normalized_validation_regret_mean": 0.07074969087111856,
    "test_regret_mean": 0.0009184905460902464,
    "removed_fraction": 0.5,
    "selected_family_count_mean": 8.0,
    "removed_family_fraction_mean": 0.3846153846153846,
    "passes_90pct_recall_at_50pct_removal": false
  },
  {
    "encoder": "dinov2_b14",
    "method": "pool_vendi_subspace",
    "shortlist_size": 3,
    "rows": 7,
    "targets": 7,
    "best_candidate_recall_mean": 0.14285714285714285,
    "top3_candidate_recall_mean": 0.14285714285714285,
    "best_candidate_family_recall_mean": 0.42857142857142855,
    "top3_candidate_family_recall_mean": 0.5714285714285714,
    "validation_regret_mean": 0.0025161540674534244,
    "normalized_validation_regret_mean": 0.13318509833499256,
    "test_regret_mean": 0.0009518776621137188,
    "removed_fraction": 0.8125,
    "selected_family_count_mean": 3.0,
    "removed_family_fraction_mean": 0.7692307692307692,
    "passes_90pct_recall_at_50pct_removal": false
  },
  {
    "encoder": "dinov2_b14",
    "method": "pool_vendi_subspace",
    "shortlist_size": 5,
    "rows": 7,
    "targets": 7,
    "best_candidate_recall_mean": 0.2857142857142857,
    "top3_candidate_recall_mean": 0.23809523809523808,
    "best_candidate_family_recall_mean": 0.5714285714285714,
    "top3_candidate_family_recall_mean": 0.6666666666666666,
    "validation_regret_mean": 0.001622820870359254,
    "normalized_validation_regret_mean": 0.09816558434763319,
    "test_regret_mean": 0.001071877138955243,
    "removed_fraction": 0.6875,
    "selected_family_count_mean": 5.0,
    "removed_family_fraction_mean": 0.6153846153846155,
    "passes_90pct_recall_at_50pct_removal": false
  },
  {
    "encoder": "dinov2_b14",
    "method": "pool_vendi_subspace",
    "shortlist_size": 8,
    "rows": 7,
    "targets": 7,
    "best_candidate_recall_mean": 0.42857142857142855,
    "top3_candidate_recall_mean": 0.2857142857142857,
    "best_candidate_family_recall_mean": 0.7142857142857143,
    "top3_candidate_family_recall_mean": 0.7142857142857143,
    "validation_regret_mean": 0.0012056780781570797,
    "normalized_validation_regret_mean": 0.08169075402592155,
    "test_regret_mean": 0.0011804512568882439,
    "removed_fraction": 0.5,
    "selected_family_count_mean": 8.0,
    "removed_family_fraction_mean": 0.3846153846153846,
    "passes_90pct_recall_at_50pct_removal": false
  },
  {
    "encoder": "dinov2_b14",
    "method": "random",
    "shortlist_size": 3,
    "rows": 700,
    "targets": 7,
    "best_candidate_recall_mean": 0.18428571428571427,
    "top3_candidate_recall_mean": 0.18666666666666665,
    "best_candidate_family_recall_mean": 0.2885714285714286,
    "top3_candidate_family_recall_mean": 0.31690476190476186,
    "validation_regret_mean": 0.002358478044067503,
    "normalized_validation_regret_mean": 0.1478580162092726,
    "test_regret_mean": 0.0022354534694126594,
    "removed_fraction": 0.8125,
    "selected_family_count_mean": 2.932857142857143,
    "removed_family_fraction_mean": 0.7743956043956044,
    "passes_90pct_recall_at_50pct_removal": false
  },
  {
    "encoder": "dinov2_b14",
    "method": "random",
    "shortlist_size": 5,
    "rows": 700,
    "targets": 7,
    "best_candidate_recall_mean": 0.3142857142857143,
    "top3_candidate_recall_mean": 0.31190476190476185,
    "best_candidate_family_recall_mean": 0.4342857142857143,
    "top3_candidate_family_recall_mean": 0.48595238095238097,
    "validation_regret_mean": 0.0014628511888314427,
    "normalized_validation_regret_mean": 0.09611230589147035,
    "test_regret_mean": 0.002002656493868139,
    "removed_fraction": 0.6875,
    "selected_family_count_mean": 4.654285714285714,
    "removed_family_fraction_mean": 0.6419780219780219,
    "passes_90pct_recall_at_50pct_removal": false
  },
  {
    "encoder": "dinov2_b14",
    "method": "random",
    "shortlist_size": 8,
    "rows": 700,
    "targets": 7,
    "best_candidate_recall_mean": 0.5257142857142857,
    "top3_candidate_recall_mean": 0.5195238095238095,
    "best_candidate_family_recall_mean": 0.6571428571428571,
    "top3_candidate_family_recall_mean": 0.7078571428571427,
    "validation_regret_mean": 0.0007550392360159111,
    "normalized_validation_regret_mean": 0.049035108420762634,
    "test_regret_mean": 0.0014049486773354588,
    "removed_fraction": 0.5,
    "selected_family_count_mean": 7.175714285714286,
    "removed_family_fraction_mean": 0.4480219780219781,
    "passes_90pct_recall_at_50pct_removal": false
  },
  {
    "encoder": "dinov2_b14",
    "method": "rank_only",
    "shortlist_size": 3,
    "rows": 7,
    "targets": 7,
    "best_candidate_recall_mean": 0.14285714285714285,
    "top3_candidate_recall_mean": 0.23809523809523808,
    "best_candidate_family_recall_mean": 0.14285714285714285,
    "top3_candidate_family_recall_mean": 0.2857142857142857,
    "validation_regret_mean": 0.0017960037277634036,
    "normalized_validation_regret_mean": 0.11722185733777106,
    "test_regret_mean": 0.0018632854734148235,
    "removed_fraction": 0.8125,
    "selected_family_count_mean": 1.0,
    "removed_family_fraction_mean": 0.9230769230769232,
    "passes_90pct_recall_at_50pct_removal": false
  },
  {
    "encoder": "dinov2_b14",
    "method": "rank_only",
    "shortlist_size": 5,
    "rows": 7,
    "targets": 7,
    "best_candidate_recall_mean": 0.2857142857142857,
    "top3_candidate_recall_mean": 0.4285714285714285,
    "best_candidate_family_recall_mean": 0.2857142857142857,
    "top3_candidate_family_recall_mean": 0.47619047619047616,
    "validation_regret_mean": 0.0015124375239648571,
    "normalized_validation_regret_mean": 0.10213572451082727,
    "test_regret_mean": 0.0013156107493809133,
    "removed_fraction": 0.6875,
    "selected_family_count_mean": 3.0,
    "removed_family_fraction_mean": 0.7692307692307692,
    "passes_90pct_recall_at_50pct_removal": false
  },
  {
    "encoder": "dinov2_b14",
    "method": "rank_only",
    "shortlist_size": 8,
    "rows": 7,
    "targets": 7,
    "best_candidate_recall_mean": 0.2857142857142857,
    "top3_candidate_recall_mean": 0.47619047619047616,
    "best_candidate_family_recall_mean": 0.2857142857142857,
    "top3_candidate_family_recall_mean": 0.5238095238095237,
    "validation_regret_mean": 0.0015023054155489657,
    "normalized_validation_regret_mean": 0.10159965414233414,
    "test_regret_mean": 0.002485825334276453,
    "removed_fraction": 0.5,
    "selected_family_count_mean": 6.0,
    "removed_family_fraction_mean": 0.5384615384615384,
    "passes_90pct_recall_at_50pct_removal": false
  }
]
