[
  {
    "encoder": "clip_b32",
    "method": "dpp_subspace",
    "shortlist_size": 3,
    "rows": 7,
    "targets": 7,
    "best_candidate_recall_mean": 0.5714285714285714,
    "top3_candidate_recall_mean": 0.47619047619047616,
    "validation_regret_mean": 0.003564345836639401,
    "normalized_validation_regret_mean": 0.08919116661332592,
    "test_regret_mean": -0.0023096323013305537,
    "removed_fraction": 0.8571428571428572,
    "passes_90pct_recall_at_50pct_removal": false
  },
  {
    "encoder": "clip_b32",
    "method": "dpp_subspace",
    "shortlist_size": 5,
    "rows": 7,
    "targets": 7,
    "best_candidate_recall_mean": 0.5714285714285714,
    "top3_candidate_recall_mean": 0.5238095238095237,
    "validation_regret_mean": 0.0032937083925519577,
    "normalized_validation_regret_mean": 0.08238840271840472,
    "test_regret_mean": 0.0007040313311985783,
    "removed_fraction": 0.7619047619047619,
    "passes_90pct_recall_at_50pct_removal": false
  },
  {
    "encoder": "clip_b32",
    "method": "dpp_subspace",
    "shortlist_size": 10,
    "rows": 7,
    "targets": 7,
    "best_candidate_recall_mean": 1.0,
    "top3_candidate_recall_mean": 0.8095238095238094,
    "validation_regret_mean": 0.0,
    "normalized_validation_regret_mean": 0.0,
    "test_regret_mean": 0.0,
    "removed_fraction": 0.5238095238095238,
    "passes_90pct_recall_at_50pct_removal": true
  },
  {
    "encoder": "clip_b32",
    "method": "facility_subspace",
    "shortlist_size": 3,
    "rows": 7,
    "targets": 7,
    "best_candidate_recall_mean": 0.2857142857142857,
    "top3_candidate_recall_mean": 0.2857142857142857,
    "validation_regret_mean": 0.004296169962201787,
    "normalized_validation_regret_mean": 0.15345899497394141,
    "test_regret_mean": 0.0021716679845537206,
    "removed_fraction": 0.8571428571428572,
    "passes_90pct_recall_at_50pct_removal": false
  },
  {
    "encoder": "clip_b32",
    "method": "facility_subspace",
    "shortlist_size": 5,
    "rows": 7,
    "targets": 7,
    "best_candidate_recall_mean": 0.2857142857142857,
    "top3_candidate_recall_mean": 0.380952380952381,
    "validation_regret_mean": 0.0033048493521554067,
    "normalized_validation_regret_mean": 0.12228633434240731,
    "test_regret_mean": 0.001938353266034801,
    "removed_fraction": 0.7619047619047619,
    "passes_90pct_recall_at_50pct_removal": false
  },
  {
    "encoder": "clip_b32",
    "method": "facility_subspace",
    "shortlist_size": 10,
    "rows": 7,
    "targets": 7,
    "best_candidate_recall_mean": 0.2857142857142857,
    "top3_candidate_recall_mean": 0.380952380952381,
    "validation_regret_mean": 0.0033048493521554067,
    "normalized_validation_regret_mean": 0.12228633434240731,
    "test_regret_mean": 0.001938353266034801,
    "removed_fraction": 0.5238095238095238,
    "passes_90pct_recall_at_50pct_removal": false
  },
  {
    "encoder": "clip_b32",
    "method": "full_merged_rank",
    "shortlist_size": 3,
    "rows": 7,
    "targets": 7,
    "best_candidate_recall_mean": 0.5714285714285714,
    "top3_candidate_recall_mean": 0.47619047619047616,
    "validation_regret_mean": 0.003564345836639401,
    "normalized_validation_regret_mean": 0.08919116661332592,
    "test_regret_mean": -0.0023096323013305537,
    "removed_fraction": 0.8571428571428572,
    "passes_90pct_recall_at_50pct_removal": false
  },
  {
    "encoder": "clip_b32",
    "method": "full_merged_rank",
    "shortlist_size": 5,
    "rows": 7,
    "targets": 7,
    "best_candidate_recall_mean": 0.8571428571428571,
    "top3_candidate_recall_mean": 0.7619047619047619,
    "validation_regret_mean": 0.0005494492394583535,
    "normalized_validation_regret_mean": 0.020408118083934956,
    "test_regret_mean": -0.0015624999999999905,
    "removed_fraction": 0.7619047619047619,
    "passes_90pct_recall_at_50pct_removal": false
  },
  {
    "encoder": "clip_b32",
    "method": "full_merged_rank",
    "shortlist_size": 10,
    "rows": 7,
    "targets": 7,
    "best_candidate_recall_mean": 0.8571428571428571,
    "top3_candidate_recall_mean": 0.8571428571428571,
    "validation_regret_mean": 0.0005494492394583535,
    "normalized_validation_regret_mean": 0.020408118083934956,
    "test_regret_mean": -0.0015624999999999905,
    "removed_fraction": 0.5238095238095238,
    "passes_90pct_recall_at_50pct_removal": false
  },
  {
    "encoder": "clip_b32",
    "method": "kcenter_subspace",
    "shortlist_size": 3,
    "rows": 7,
    "targets": 7,
    "best_candidate_recall_mean": 0.0,
    "top3_candidate_recall_mean": 0.14285714285714285,
    "validation_regret_mean": 0.008880788939339777,
    "normalized_validation_regret_mean": 0.27099431552720593,
    "test_regret_mean": 0.005623733997344964,
    "removed_fraction": 0.8571428571428572,
    "passes_90pct_recall_at_50pct_removal": false
  },
  {
    "encoder": "clip_b32",
    "method": "kcenter_subspace",
    "shortlist_size": 5,
    "rows": 7,
    "targets": 7,
    "best_candidate_recall_mean": 0.0,
    "top3_candidate_recall_mean": 0.14285714285714285,
    "validation_regret_mean": 0.008880788939339777,
    "normalized_validation_regret_mean": 0.27099431552720593,
    "test_regret_mean": 0.005623733997344964,
    "removed_fraction": 0.7619047619047619,
    "passes_90pct_recall_at_50pct_removal": false
  },
  {
    "encoder": "clip_b32",
    "method": "kcenter_subspace",
    "shortlist_size": 10,
    "rows": 7,
    "targets": 7,
    "best_candidate_recall_mean": 0.2857142857142857,
    "top3_candidate_recall_mean": 0.42857142857142855,
    "validation_regret_mean": 0.0030768871307372985,
    "normalized_validation_regret_mean": 0.11598385280033045,
    "test_regret_mean": 0.002135920524597149,
    "removed_fraction": 0.5238095238095238,
    "passes_90pct_recall_at_50pct_removal": false
  },
  {
    "encoder": "clip_b32",
    "method": "pool_vendi_subspace",
    "shortlist_size": 3,
    "rows": 7,
    "targets": 7,
    "best_candidate_recall_mean": 0.0,
    "top3_candidate_recall_mean": 0.14285714285714285,
    "validation_regret_mean": 0.008880788939339777,
    "normalized_validation_regret_mean": 0.27099431552720593,
    "test_regret_mean": 0.005623733997344964,
    "removed_fraction": 0.8571428571428572,
    "passes_90pct_recall_at_50pct_removal": false
  },
  {
    "encoder": "clip_b32",
    "method": "pool_vendi_subspace",
    "shortlist_size": 5,
    "rows": 7,
    "targets": 7,
    "best_candidate_recall_mean": 0.0,
    "top3_candidate_recall_mean": 0.23809523809523808,
    "validation_regret_mean": 0.007821513925279902,
    "normalized_validation_regret_mean": 0.24447983357071862,
    "test_regret_mean": 0.0052683745111737745,
    "removed_fraction": 0.7619047619047619,
    "passes_90pct_recall_at_50pct_removal": false
  },
  {
    "encoder": "clip_b32",
    "method": "pool_vendi_subspace",
    "shortlist_size": 10,
    "rows": 7,
    "targets": 7,
    "best_candidate_recall_mean": 0.5714285714285714,
    "top3_candidate_recall_mean": 0.5714285714285714,
    "validation_regret_mean": 0.003564345836639401,
    "normalized_validation_regret_mean": 0.08919116661332592,
    "test_regret_mean": -0.0023096323013305537,
    "removed_fraction": 0.5238095238095238,
    "passes_90pct_recall_at_50pct_removal": false
  },
  {
    "encoder": "clip_b32",
    "method": "random",
    "shortlist_size": 3,
    "rows": 700,
    "targets": 7,
    "best_candidate_recall_mean": 0.14857142857142858,
    "top3_candidate_recall_mean": 0.13190476190476189,
    "validation_regret_mean": 0.009481123651776993,
    "normalized_validation_regret_mean": 0.28588931054915717,
    "test_regret_mean": 0.00842132408278329,
    "removed_fraction": 0.8571428571428572,
    "passes_90pct_recall_at_50pct_removal": false
  },
  {
    "encoder": "clip_b32",
    "method": "random",
    "shortlist_size": 5,
    "rows": 700,
    "targets": 7,
    "best_candidate_recall_mean": 0.24428571428571427,
    "top3_candidate_recall_mean": 0.23047619047619045,
    "validation_regret_mean": 0.006697376080921718,
    "normalized_validation_regret_mean": 0.2072112522097137,
    "test_regret_mean": 0.005371922867638722,
    "removed_fraction": 0.7619047619047619,
    "passes_90pct_recall_at_50pct_removal": false
  },
  {
    "encoder": "clip_b32",
    "method": "random",
    "shortlist_size": 10,
    "rows": 700,
    "targets": 7,
    "best_candidate_recall_mean": 0.48,
    "top3_candidate_recall_mean": 0.46952380952380945,
    "validation_regret_mean": 0.0036773235457284096,
    "normalized_validation_regret_mean": 0.1113492314271965,
    "test_regret_mean": 0.00322209424631936,
    "removed_fraction": 0.5238095238095238,
    "passes_90pct_recall_at_50pct_removal": false
  },
  {
    "encoder": "clip_b32",
    "method": "rank_only",
    "shortlist_size": 3,
    "rows": 7,
    "targets": 7,
    "best_candidate_recall_mean": 0.5714285714285714,
    "top3_candidate_recall_mean": 0.47619047619047616,
    "validation_regret_mean": 0.003564345836639401,
    "normalized_validation_regret_mean": 0.08919116661332592,
    "test_regret_mean": -0.0023096323013305537,
    "removed_fraction": 0.8571428571428572,
    "passes_90pct_recall_at_50pct_removal": false
  },
  {
    "encoder": "clip_b32",
    "method": "rank_only",
    "shortlist_size": 5,
    "rows": 7,
    "targets": 7,
    "best_candidate_recall_mean": 0.8571428571428571,
    "top3_candidate_recall_mean": 0.7619047619047619,
    "validation_regret_mean": 0.0005494492394583535,
    "normalized_validation_regret_mean": 0.020408118083934956,
    "test_regret_mean": -0.0015624999999999905,
    "removed_fraction": 0.7619047619047619,
    "passes_90pct_recall_at_50pct_removal": false
  },
  {
    "encoder": "clip_b32",
    "method": "rank_only",
    "shortlist_size": 10,
    "rows": 7,
    "targets": 7,
    "best_candidate_recall_mean": 1.0,
    "top3_candidate_recall_mean": 0.8571428571428571,
    "validation_regret_mean": 0.0,
    "normalized_validation_regret_mean": 0.0,
    "test_regret_mean": 0.0,
    "removed_fraction": 0.5238095238095238,
    "passes_90pct_recall_at_50pct_removal": true
  }
]
