[1/60] encoder=clip_b32 seed=20260910 overlap=0.00 rows=20 seconds=3.318 collapse_minus_rank=1.223753
[2/60] encoder=clip_b32 seed=20260910 overlap=0.10 rows=20 seconds=3.148 collapse_minus_rank=1.492927
[3/60] encoder=clip_b32 seed=20260910 overlap=0.25 rows=20 seconds=2.756 collapse_minus_rank=1.598850
[4/60] encoder=clip_b32 seed=20260910 overlap=0.50 rows=20 seconds=2.689 collapse_minus_rank=2.196477
[5/60] encoder=clip_b32 seed=20260910 overlap=0.75 rows=20 seconds=2.740 collapse_minus_rank=1.152868
[6/60] encoder=clip_b32 seed=20260910 overlap=1.00 rows=20 seconds=2.681 collapse_minus_rank=1.070267
[7/60] encoder=clip_b32 seed=20260911 overlap=0.00 rows=20 seconds=2.752 collapse_minus_rank=1.875084
[8/60] encoder=clip_b32 seed=20260911 overlap=0.10 rows=20 seconds=2.582 collapse_minus_rank=1.972554
[9/60] encoder=clip_b32 seed=20260911 overlap=0.25 rows=20 seconds=2.538 collapse_minus_rank=2.289816
[10/60] encoder=clip_b32 seed=20260911 overlap=0.50 rows=20 seconds=2.579 collapse_minus_rank=2.302495
[11/60] encoder=clip_b32 seed=20260911 overlap=0.75 rows=20 seconds=2.574 collapse_minus_rank=2.951607
[12/60] encoder=clip_b32 seed=20260911 overlap=1.00 rows=20 seconds=2.477 collapse_minus_rank=3.257158
[13/60] encoder=clip_b32 seed=20260912 overlap=0.00 rows=20 seconds=2.547 collapse_minus_rank=1.436534
[14/60] encoder=clip_b32 seed=20260912 overlap=0.10 rows=20 seconds=2.521 collapse_minus_rank=0.964697
[15/60] encoder=clip_b32 seed=20260912 overlap=0.25 rows=20 seconds=2.503 collapse_minus_rank=1.451998
[16/60] encoder=clip_b32 seed=20260912 overlap=0.50 rows=20 seconds=2.538 collapse_minus_rank=2.114946
[17/60] encoder=clip_b32 seed=20260912 overlap=0.75 rows=20 seconds=2.542 collapse_minus_rank=2.651617
[18/60] encoder=clip_b32 seed=20260912 overlap=1.00 rows=20 seconds=2.535 collapse_minus_rank=3.027558
[19/60] encoder=clip_b32 seed=20260913 overlap=0.00 rows=20 seconds=2.615 collapse_minus_rank=0.652078
[20/60] encoder=clip_b32 seed=20260913 overlap=0.10 rows=20 seconds=2.643 collapse_minus_rank=0.769803
[21/60] encoder=clip_b32 seed=20260913 overlap=0.25 rows=20 seconds=2.620 collapse_minus_rank=1.245561
[22/60] encoder=clip_b32 seed=20260913 overlap=0.50 rows=20 seconds=2.623 collapse_minus_rank=1.743409
[23/60] encoder=clip_b32 seed=20260913 overlap=0.75 rows=20 seconds=2.581 collapse_minus_rank=2.079033
[24/60] encoder=clip_b32 seed=20260913 overlap=1.00 rows=20 seconds=2.559 collapse_minus_rank=2.600885
[25/60] encoder=clip_b32 seed=20260914 overlap=0.00 rows=20 seconds=2.622 collapse_minus_rank=1.716744
[26/60] encoder=clip_b32 seed=20260914 overlap=0.10 rows=20 seconds=2.636 collapse_minus_rank=1.699082
[27/60] encoder=clip_b32 seed=20260914 overlap=0.25 rows=20 seconds=2.753 collapse_minus_rank=2.021184
[28/60] encoder=clip_b32 seed=20260914 overlap=0.50 rows=20 seconds=2.965 collapse_minus_rank=2.198134
[29/60] encoder=clip_b32 seed=20260914 overlap=0.75 rows=20 seconds=3.201 collapse_minus_rank=2.540300
[30/60] encoder=clip_b32 seed=20260914 overlap=1.00 rows=20 seconds=3.097 collapse_minus_rank=0.899169
[31/60] encoder=clip_b32 seed=20260915 overlap=0.00 rows=20 seconds=2.690 collapse_minus_rank=1.055666
[32/60] encoder=clip_b32 seed=20260915 overlap=0.10 rows=20 seconds=2.588 collapse_minus_rank=1.069740
[33/60] encoder=clip_b32 seed=20260915 overlap=0.25 rows=20 seconds=2.452 collapse_minus_rank=1.779993
[34/60] encoder=clip_b32 seed=20260915 overlap=0.50 rows=20 seconds=2.524 collapse_minus_rank=2.156898
[35/60] encoder=clip_b32 seed=20260915 overlap=0.75 rows=20 seconds=2.537 collapse_minus_rank=2.614102
[36/60] encoder=clip_b32 seed=20260915 overlap=1.00 rows=20 seconds=2.551 collapse_minus_rank=3.243282
[37/60] encoder=clip_b32 seed=20260916 overlap=0.00 rows=20 seconds=2.519 collapse_minus_rank=1.200955
[38/60] encoder=clip_b32 seed=20260916 overlap=0.10 rows=20 seconds=2.494 collapse_minus_rank=1.382948
[39/60] encoder=clip_b32 seed=20260916 overlap=0.25 rows=20 seconds=2.533 collapse_minus_rank=1.590742
[40/60] encoder=clip_b32 seed=20260916 overlap=0.50 rows=20 seconds=2.562 collapse_minus_rank=2.212781
[41/60] encoder=clip_b32 seed=20260916 overlap=0.75 rows=20 seconds=2.344 collapse_minus_rank=1.638524
[42/60] encoder=clip_b32 seed=20260916 overlap=1.00 rows=20 seconds=2.393 collapse_minus_rank=1.218594
[43/60] encoder=clip_b32 seed=20260917 overlap=0.00 rows=20 seconds=2.433 collapse_minus_rank=1.241064
[44/60] encoder=clip_b32 seed=20260917 overlap=0.10 rows=20 seconds=2.466 collapse_minus_rank=1.365976
[45/60] encoder=clip_b32 seed=20260917 overlap=0.25 rows=20 seconds=2.412 collapse_minus_rank=1.553999
[46/60] encoder=clip_b32 seed=20260917 overlap=0.50 rows=20 seconds=2.435 collapse_minus_rank=1.581153
[47/60] encoder=clip_b32 seed=20260917 overlap=0.75 rows=20 seconds=2.442 collapse_minus_rank=1.486090
[48/60] encoder=clip_b32 seed=20260917 overlap=1.00 rows=20 seconds=2.335 collapse_minus_rank=1.438999
[49/60] encoder=clip_b32 seed=20260918 overlap=0.00 rows=20 seconds=2.804 collapse_minus_rank=0.889674
[50/60] encoder=clip_b32 seed=20260918 overlap=0.10 rows=20 seconds=2.732 collapse_minus_rank=1.056863
[51/60] encoder=clip_b32 seed=20260918 overlap=0.25 rows=20 seconds=2.333 collapse_minus_rank=1.485577
[52/60] encoder=clip_b32 seed=20260918 overlap=0.50 rows=20 seconds=2.486 collapse_minus_rank=1.987783
[53/60] encoder=clip_b32 seed=20260918 overlap=0.75 rows=20 seconds=2.393 collapse_minus_rank=2.114998
[54/60] encoder=clip_b32 seed=20260918 overlap=1.00 rows=20 seconds=2.422 collapse_minus_rank=2.777497
[55/60] encoder=clip_b32 seed=20260919 overlap=0.00 rows=20 seconds=2.341 collapse_minus_rank=1.534016
[56/60] encoder=clip_b32 seed=20260919 overlap=0.10 rows=20 seconds=2.473 collapse_minus_rank=1.622955
[57/60] encoder=clip_b32 seed=20260919 overlap=0.25 rows=20 seconds=2.578 collapse_minus_rank=1.982892
[58/60] encoder=clip_b32 seed=20260919 overlap=0.50 rows=20 seconds=2.380 collapse_minus_rank=2.425293
[59/60] encoder=clip_b32 seed=20260919 overlap=0.75 rows=20 seconds=2.550 collapse_minus_rank=3.073788
[60/60] encoder=clip_b32 seed=20260919 overlap=1.00 rows=20 seconds=2.590 collapse_minus_rank=2.489519
wrote /home/67/collapsemodel-two-stage/results/summary_only_controlled_v2/summary_stopping_clip_b32_shard0of1.csv rows=1200
	Command being timed: "python3 scripts/two_stage_summary_only_controlled.py --feature-dir /data/Paper06/features/two_stage_official_n5000 --out-dir /home/67/collapsemodel-two-stage/results/summary_only_controlled_v2 --output-prefix summary_stopping --encoder clip_b32"
	User time (seconds): 2493.17
	System time (seconds): 1.05
	Percent of CPU this job got: 1596%
	Elapsed (wall clock) time (h:mm:ss or m:ss): 2:36.26
	Average shared text size (kbytes): 0
	Average unshared data size (kbytes): 0
	Average stack size (kbytes): 0
	Average total size (kbytes): 0
	Maximum resident set size (kbytes): 111828
	Average resident set size (kbytes): 0
	Major (requiring I/O) page faults: 80
	Minor (reclaiming a frame) page faults: 149434
	Voluntary context switches: 559
	Involuntary context switches: 18186
	Swaps: 0
	File system inputs: 0
	File system outputs: 992
	Socket messages sent: 0
	Socket messages received: 0
	Signals delivered: 0
	Page size (bytes): 4096
	Exit status: 0
