[1/60] encoder=dinov2_b14 seed=20260910 overlap=0.00 rows=20 seconds=4.705 collapse_minus_rank=13.038018
[2/60] encoder=dinov2_b14 seed=20260910 overlap=0.10 rows=20 seconds=4.208 collapse_minus_rank=13.530177
[3/60] encoder=dinov2_b14 seed=20260910 overlap=0.25 rows=20 seconds=3.923 collapse_minus_rank=14.552375
[4/60] encoder=dinov2_b14 seed=20260910 overlap=0.50 rows=20 seconds=4.802 collapse_minus_rank=15.917829
[5/60] encoder=dinov2_b14 seed=20260910 overlap=0.75 rows=20 seconds=3.392 collapse_minus_rank=17.404290
[6/60] encoder=dinov2_b14 seed=20260910 overlap=1.00 rows=20 seconds=3.446 collapse_minus_rank=19.100003
[7/60] encoder=dinov2_b14 seed=20260911 overlap=0.00 rows=20 seconds=3.605 collapse_minus_rank=13.288356
[8/60] encoder=dinov2_b14 seed=20260911 overlap=0.10 rows=20 seconds=3.429 collapse_minus_rank=13.880757
[9/60] encoder=dinov2_b14 seed=20260911 overlap=0.25 rows=20 seconds=3.583 collapse_minus_rank=14.676116
[10/60] encoder=dinov2_b14 seed=20260911 overlap=0.50 rows=20 seconds=3.605 collapse_minus_rank=16.240781
[11/60] encoder=dinov2_b14 seed=20260911 overlap=0.75 rows=20 seconds=3.659 collapse_minus_rank=12.781917
[12/60] encoder=dinov2_b14 seed=20260911 overlap=1.00 rows=20 seconds=3.646 collapse_minus_rank=19.513953
[13/60] encoder=dinov2_b14 seed=20260912 overlap=0.00 rows=20 seconds=3.611 collapse_minus_rank=12.944138
[14/60] encoder=dinov2_b14 seed=20260912 overlap=0.10 rows=20 seconds=3.775 collapse_minus_rank=13.513237
[15/60] encoder=dinov2_b14 seed=20260912 overlap=0.25 rows=20 seconds=3.739 collapse_minus_rank=14.292633
[16/60] encoder=dinov2_b14 seed=20260912 overlap=0.50 rows=20 seconds=3.693 collapse_minus_rank=15.569142
[17/60] encoder=dinov2_b14 seed=20260912 overlap=0.75 rows=20 seconds=3.775 collapse_minus_rank=17.304084
[18/60] encoder=dinov2_b14 seed=20260912 overlap=1.00 rows=20 seconds=3.773 collapse_minus_rank=18.799417
[19/60] encoder=dinov2_b14 seed=20260913 overlap=0.00 rows=20 seconds=3.693 collapse_minus_rank=13.717200
[20/60] encoder=dinov2_b14 seed=20260913 overlap=0.10 rows=20 seconds=3.767 collapse_minus_rank=14.115107
[21/60] encoder=dinov2_b14 seed=20260913 overlap=0.25 rows=20 seconds=3.865 collapse_minus_rank=15.008400
[22/60] encoder=dinov2_b14 seed=20260913 overlap=0.50 rows=20 seconds=3.825 collapse_minus_rank=16.246772
[23/60] encoder=dinov2_b14 seed=20260913 overlap=0.75 rows=20 seconds=3.918 collapse_minus_rank=17.863931
[24/60] encoder=dinov2_b14 seed=20260913 overlap=1.00 rows=20 seconds=3.968 collapse_minus_rank=19.118837
[25/60] encoder=dinov2_b14 seed=20260914 overlap=0.00 rows=20 seconds=3.813 collapse_minus_rank=13.789606
[26/60] encoder=dinov2_b14 seed=20260914 overlap=0.10 rows=20 seconds=3.815 collapse_minus_rank=13.887865
[27/60] encoder=dinov2_b14 seed=20260914 overlap=0.25 rows=20 seconds=3.625 collapse_minus_rank=14.650349
[28/60] encoder=dinov2_b14 seed=20260914 overlap=0.50 rows=20 seconds=3.598 collapse_minus_rank=13.574447
[29/60] encoder=dinov2_b14 seed=20260914 overlap=0.75 rows=20 seconds=3.523 collapse_minus_rank=18.025772
[30/60] encoder=dinov2_b14 seed=20260914 overlap=1.00 rows=20 seconds=3.652 collapse_minus_rank=19.762530
[31/60] encoder=dinov2_b14 seed=20260915 overlap=0.00 rows=20 seconds=3.648 collapse_minus_rank=12.597920
[32/60] encoder=dinov2_b14 seed=20260915 overlap=0.10 rows=20 seconds=3.765 collapse_minus_rank=13.276192
[33/60] encoder=dinov2_b14 seed=20260915 overlap=0.25 rows=20 seconds=3.750 collapse_minus_rank=12.389972
[34/60] encoder=dinov2_b14 seed=20260915 overlap=0.50 rows=20 seconds=3.673 collapse_minus_rank=15.268945
[35/60] encoder=dinov2_b14 seed=20260915 overlap=0.75 rows=20 seconds=3.675 collapse_minus_rank=11.848294
[36/60] encoder=dinov2_b14 seed=20260915 overlap=1.00 rows=20 seconds=3.659 collapse_minus_rank=13.582971
[37/60] encoder=dinov2_b14 seed=20260916 overlap=0.00 rows=20 seconds=3.612 collapse_minus_rank=13.490460
[38/60] encoder=dinov2_b14 seed=20260916 overlap=0.10 rows=20 seconds=3.671 collapse_minus_rank=13.753586
[39/60] encoder=dinov2_b14 seed=20260916 overlap=0.25 rows=20 seconds=3.751 collapse_minus_rank=14.518841
[40/60] encoder=dinov2_b14 seed=20260916 overlap=0.50 rows=20 seconds=3.693 collapse_minus_rank=16.508661
[41/60] encoder=dinov2_b14 seed=20260916 overlap=0.75 rows=20 seconds=3.741 collapse_minus_rank=18.166705
[42/60] encoder=dinov2_b14 seed=20260916 overlap=1.00 rows=20 seconds=3.769 collapse_minus_rank=19.180514
[43/60] encoder=dinov2_b14 seed=20260917 overlap=0.00 rows=20 seconds=3.652 collapse_minus_rank=13.061837
[44/60] encoder=dinov2_b14 seed=20260917 overlap=0.10 rows=20 seconds=3.685 collapse_minus_rank=12.934346
[45/60] encoder=dinov2_b14 seed=20260917 overlap=0.25 rows=20 seconds=3.690 collapse_minus_rank=12.917631
[46/60] encoder=dinov2_b14 seed=20260917 overlap=0.50 rows=20 seconds=3.553 collapse_minus_rank=12.574392
[47/60] encoder=dinov2_b14 seed=20260917 overlap=0.75 rows=20 seconds=3.600 collapse_minus_rank=12.000443
[48/60] encoder=dinov2_b14 seed=20260917 overlap=1.00 rows=20 seconds=3.579 collapse_minus_rank=18.693317
[49/60] encoder=dinov2_b14 seed=20260918 overlap=0.00 rows=20 seconds=3.661 collapse_minus_rank=13.159879
[50/60] encoder=dinov2_b14 seed=20260918 overlap=0.10 rows=20 seconds=3.558 collapse_minus_rank=13.123725
[51/60] encoder=dinov2_b14 seed=20260918 overlap=0.25 rows=20 seconds=3.497 collapse_minus_rank=13.112145
[52/60] encoder=dinov2_b14 seed=20260918 overlap=0.50 rows=20 seconds=3.594 collapse_minus_rank=10.105345
[53/60] encoder=dinov2_b14 seed=20260918 overlap=0.75 rows=20 seconds=3.627 collapse_minus_rank=12.747214
[54/60] encoder=dinov2_b14 seed=20260918 overlap=1.00 rows=20 seconds=3.682 collapse_minus_rank=14.298985
[55/60] encoder=dinov2_b14 seed=20260919 overlap=0.00 rows=20 seconds=3.631 collapse_minus_rank=13.312217
[56/60] encoder=dinov2_b14 seed=20260919 overlap=0.10 rows=20 seconds=3.645 collapse_minus_rank=13.786112
[57/60] encoder=dinov2_b14 seed=20260919 overlap=0.25 rows=20 seconds=3.639 collapse_minus_rank=14.643625
[58/60] encoder=dinov2_b14 seed=20260919 overlap=0.50 rows=20 seconds=3.641 collapse_minus_rank=16.163550
[59/60] encoder=dinov2_b14 seed=20260919 overlap=0.75 rows=20 seconds=3.705 collapse_minus_rank=17.531432
[60/60] encoder=dinov2_b14 seed=20260919 overlap=1.00 rows=20 seconds=3.801 collapse_minus_rank=19.352885
wrote /home/67/collapsemodel-two-stage/results/summary_only_controlled_v2/summary_stopping_dinov2_b14_shard0of1.csv rows=1200
	Command being timed: "python3 scripts/two_stage_summary_only_controlled.py --feature-dir /data/Paper06/features/two_stage_official_n5000 --out-dir /home/67/collapsemodel-two-stage/results/summary_only_controlled_v2 --output-prefix summary_stopping --encoder dinov2_b14"
	User time (seconds): 3573.68
	System time (seconds): 1.39
	Percent of CPU this job got: 1596%
	Elapsed (wall clock) time (h:mm:ss or m:ss): 3:43.98
	Average shared text size (kbytes): 0
	Average unshared data size (kbytes): 0
	Average stack size (kbytes): 0
	Average total size (kbytes): 0
	Maximum resident set size (kbytes): 152364
	Average resident set size (kbytes): 0
	Major (requiring I/O) page faults: 76
	Minor (reclaiming a frame) page faults: 212607
	Voluntary context switches: 274
	Involuntary context switches: 13416
	Swaps: 0
	File system inputs: 0
	File system outputs: 1104
	Socket messages sent: 0
	Socket messages received: 0
	Signals delivered: 0
	Page size (bytes): 4096
	Exit status: 0
