[1/30] encoder=resnet50 seed=20260910 overlap=0.10 rows=20 seconds=12.977 collapse_minus_rank=7.089209
[2/30] encoder=resnet50 seed=20260910 overlap=0.50 rows=20 seconds=11.766 collapse_minus_rank=28.956141
[3/30] encoder=resnet50 seed=20260910 overlap=1.00 rows=20 seconds=11.384 collapse_minus_rank=60.912383
[4/30] encoder=resnet50 seed=20260911 overlap=0.10 rows=20 seconds=11.457 collapse_minus_rank=10.597520
[5/30] encoder=resnet50 seed=20260911 overlap=0.50 rows=20 seconds=11.157 collapse_minus_rank=28.290784
[6/30] encoder=resnet50 seed=20260911 overlap=1.00 rows=20 seconds=10.748 collapse_minus_rank=60.003821
[7/30] encoder=resnet50 seed=20260912 overlap=0.10 rows=20 seconds=9.645 collapse_minus_rank=7.824995
[8/30] encoder=resnet50 seed=20260912 overlap=0.50 rows=20 seconds=10.774 collapse_minus_rank=29.438104
[9/30] encoder=resnet50 seed=20260912 overlap=1.00 rows=20 seconds=10.350 collapse_minus_rank=61.608608
[10/30] encoder=resnet50 seed=20260913 overlap=0.10 rows=20 seconds=10.280 collapse_minus_rank=11.217504
[11/30] encoder=resnet50 seed=20260913 overlap=0.50 rows=20 seconds=9.971 collapse_minus_rank=28.418298
[12/30] encoder=resnet50 seed=20260913 overlap=1.00 rows=20 seconds=9.907 collapse_minus_rank=60.054043
[13/30] encoder=resnet50 seed=20260914 overlap=0.10 rows=20 seconds=9.402 collapse_minus_rank=-0.000006
[14/30] encoder=resnet50 seed=20260914 overlap=0.50 rows=20 seconds=9.571 collapse_minus_rank=27.380310
[15/30] encoder=resnet50 seed=20260914 overlap=1.00 rows=20 seconds=11.099 collapse_minus_rank=58.887047
[16/30] encoder=resnet50 seed=20260915 overlap=0.10 rows=20 seconds=11.846 collapse_minus_rank=8.193723
[17/30] encoder=resnet50 seed=20260915 overlap=0.50 rows=20 seconds=11.068 collapse_minus_rank=28.257976
[18/30] encoder=resnet50 seed=20260915 overlap=1.00 rows=20 seconds=10.827 collapse_minus_rank=8.016599
[19/30] encoder=resnet50 seed=20260916 overlap=0.10 rows=20 seconds=11.189 collapse_minus_rank=0.000009
[20/30] encoder=resnet50 seed=20260916 overlap=0.50 rows=20 seconds=10.904 collapse_minus_rank=28.108991
[21/30] encoder=resnet50 seed=20260916 overlap=1.00 rows=20 seconds=10.807 collapse_minus_rank=60.287043
[22/30] encoder=resnet50 seed=20260917 overlap=0.10 rows=20 seconds=12.914 collapse_minus_rank=11.451415
[23/30] encoder=resnet50 seed=20260917 overlap=0.50 rows=20 seconds=11.213 collapse_minus_rank=28.370872
[24/30] encoder=resnet50 seed=20260917 overlap=1.00 rows=20 seconds=12.742 collapse_minus_rank=60.265601
[25/30] encoder=resnet50 seed=20260918 overlap=0.10 rows=20 seconds=13.571 collapse_minus_rank=10.629056
[26/30] encoder=resnet50 seed=20260918 overlap=0.50 rows=20 seconds=13.817 collapse_minus_rank=27.370308
[27/30] encoder=resnet50 seed=20260918 overlap=1.00 rows=20 seconds=13.561 collapse_minus_rank=59.549247
[28/30] encoder=resnet50 seed=20260919 overlap=0.10 rows=20 seconds=13.456 collapse_minus_rank=7.987886
[29/30] encoder=resnet50 seed=20260919 overlap=0.50 rows=20 seconds=13.482 collapse_minus_rank=8.088362
[30/30] encoder=resnet50 seed=20260919 overlap=1.00 rows=20 seconds=12.725 collapse_minus_rank=8.153231
wrote /home/67/collapsemodel-two-stage/results/summary_only_controlled_v2/summary_stopping_resnet50_shard1of2.csv rows=600
	Command being timed: "python3 scripts/two_stage_summary_only_controlled.py --feature-dir /data/Paper06/features/two_stage_official_n5000 --out-dir /home/67/collapsemodel-two-stage/results/summary_only_controlled_v2 --output-prefix summary_stopping --encoder resnet50 --shard-count 2 --shard-index 1"
	User time (seconds): 5328.94
	System time (seconds): 13.28
	Percent of CPU this job got: 1544%
	Elapsed (wall clock) time (h:mm:ss or m:ss): 5:45.92
	Average shared text size (kbytes): 0
	Average unshared data size (kbytes): 0
	Average stack size (kbytes): 0
	Average total size (kbytes): 0
	Maximum resident set size (kbytes): 402116
	Average resident set size (kbytes): 0
	Major (requiring I/O) page faults: 68
	Minor (reclaiming a frame) page faults: 3341626
	Voluntary context switches: 8134
	Involuntary context switches: 53500
	Swaps: 0
	File system inputs: 0
	File system outputs: 632
	Socket messages sent: 0
	Socket messages received: 0
	Signals delivered: 0
	Page size (bytes): 4096
	Exit status: 0
