[1/30] encoder=resnet50 seed=20260910 overlap=0.00 rows=20 seconds=15.363 collapse_minus_rank=7.121884
[2/30] encoder=resnet50 seed=20260910 overlap=0.25 rows=20 seconds=14.768 collapse_minus_rank=7.003658
[3/30] encoder=resnet50 seed=20260910 overlap=0.75 rows=20 seconds=13.439 collapse_minus_rank=42.466013
[4/30] encoder=resnet50 seed=20260911 overlap=0.00 rows=20 seconds=13.644 collapse_minus_rank=6.890025
[5/30] encoder=resnet50 seed=20260911 overlap=0.25 rows=20 seconds=12.805 collapse_minus_rank=15.990210
[6/30] encoder=resnet50 seed=20260911 overlap=0.75 rows=20 seconds=12.502 collapse_minus_rank=41.514315
[7/30] encoder=resnet50 seed=20260912 overlap=0.00 rows=20 seconds=12.264 collapse_minus_rank=7.763998
[8/30] encoder=resnet50 seed=20260912 overlap=0.25 rows=20 seconds=12.816 collapse_minus_rank=7.720001
[9/30] encoder=resnet50 seed=20260912 overlap=0.75 rows=20 seconds=12.678 collapse_minus_rank=42.478239
[10/30] encoder=resnet50 seed=20260913 overlap=0.00 rows=20 seconds=13.105 collapse_minus_rank=7.524933
[11/30] encoder=resnet50 seed=20260913 overlap=0.25 rows=20 seconds=12.090 collapse_minus_rank=16.508793
[12/30] encoder=resnet50 seed=20260913 overlap=0.75 rows=20 seconds=11.942 collapse_minus_rank=42.148685
[13/30] encoder=resnet50 seed=20260914 overlap=0.00 rows=20 seconds=13.253 collapse_minus_rank=6.318132
[14/30] encoder=resnet50 seed=20260914 overlap=0.25 rows=20 seconds=14.344 collapse_minus_rank=-0.000012
[15/30] encoder=resnet50 seed=20260914 overlap=0.75 rows=20 seconds=14.465 collapse_minus_rank=40.786473
[16/30] encoder=resnet50 seed=20260915 overlap=0.00 rows=20 seconds=14.146 collapse_minus_rank=8.198135
[17/30] encoder=resnet50 seed=20260915 overlap=0.25 rows=20 seconds=13.871 collapse_minus_rank=8.120713
[18/30] encoder=resnet50 seed=20260915 overlap=0.75 rows=20 seconds=11.902 collapse_minus_rank=8.045616
[19/30] encoder=resnet50 seed=20260916 overlap=0.00 rows=20 seconds=11.762 collapse_minus_rank=0.000007
[20/30] encoder=resnet50 seed=20260916 overlap=0.25 rows=20 seconds=12.438 collapse_minus_rank=16.696890
[21/30] encoder=resnet50 seed=20260916 overlap=0.75 rows=20 seconds=13.443 collapse_minus_rank=41.615883
[22/30] encoder=resnet50 seed=20260917 overlap=0.00 rows=20 seconds=14.449 collapse_minus_rank=6.608674
[23/30] encoder=resnet50 seed=20260917 overlap=0.25 rows=20 seconds=14.353 collapse_minus_rank=15.917178
[24/30] encoder=resnet50 seed=20260917 overlap=0.75 rows=20 seconds=14.166 collapse_minus_rank=42.147968
[25/30] encoder=resnet50 seed=20260918 overlap=0.00 rows=20 seconds=13.468 collapse_minus_rank=6.875460
[26/30] encoder=resnet50 seed=20260918 overlap=0.25 rows=20 seconds=12.877 collapse_minus_rank=16.385627
[27/30] encoder=resnet50 seed=20260918 overlap=0.75 rows=20 seconds=14.099 collapse_minus_rank=41.806485
[28/30] encoder=resnet50 seed=20260919 overlap=0.00 rows=20 seconds=13.438 collapse_minus_rank=8.028938
[29/30] encoder=resnet50 seed=20260919 overlap=0.25 rows=20 seconds=13.675 collapse_minus_rank=8.021476
[30/30] encoder=resnet50 seed=20260919 overlap=0.75 rows=20 seconds=13.447 collapse_minus_rank=8.204899
wrote /home/67/collapsemodel-two-stage/results/summary_only_controlled_v2/summary_stopping_resnet50_shard0of2.csv rows=600
	Command being timed: "python3 scripts/two_stage_summary_only_controlled.py --feature-dir /data/Paper06/features/two_stage_official_n5000 --out-dir /home/67/collapsemodel-two-stage/results/summary_only_controlled_v2 --output-prefix summary_stopping --encoder resnet50 --shard-count 2 --shard-index 0"
	User time (seconds): 6199.27
	System time (seconds): 17.17
	Percent of CPU this job got: 1545%
	Elapsed (wall clock) time (h:mm:ss or m:ss): 6:42.31
	Average shared text size (kbytes): 0
	Average unshared data size (kbytes): 0
	Average stack size (kbytes): 0
	Average total size (kbytes): 0
	Maximum resident set size (kbytes): 402024
	Average resident set size (kbytes): 0
	Major (requiring I/O) page faults: 67
	Minor (reclaiming a frame) page faults: 3971729
	Voluntary context switches: 8053
	Involuntary context switches: 82442
	Swaps: 0
	File system inputs: 0
	File system outputs: 632
	Socket messages sent: 0
	Socket messages received: 0
	Signals delivered: 0
	Page size (bytes): 4096
	Exit status: 0
