[1/60] encoder=vit_b16 seed=20260910 overlap=0.00 rows=20 seconds=5.112 collapse_minus_rank=5.008175
[2/60] encoder=vit_b16 seed=20260910 overlap=0.10 rows=20 seconds=4.657 collapse_minus_rank=5.317577
[3/60] encoder=vit_b16 seed=20260910 overlap=0.25 rows=20 seconds=4.693 collapse_minus_rank=5.879271
[4/60] encoder=vit_b16 seed=20260910 overlap=0.50 rows=20 seconds=4.303 collapse_minus_rank=7.603127
[5/60] encoder=vit_b16 seed=20260910 overlap=0.75 rows=20 seconds=4.050 collapse_minus_rank=8.918903
[6/60] encoder=vit_b16 seed=20260910 overlap=1.00 rows=20 seconds=3.831 collapse_minus_rank=10.451429
[7/60] encoder=vit_b16 seed=20260911 overlap=0.00 rows=20 seconds=3.987 collapse_minus_rank=5.126042
[8/60] encoder=vit_b16 seed=20260911 overlap=0.10 rows=20 seconds=3.653 collapse_minus_rank=5.637466
[9/60] encoder=vit_b16 seed=20260911 overlap=0.25 rows=20 seconds=3.775 collapse_minus_rank=6.177260
[10/60] encoder=vit_b16 seed=20260911 overlap=0.50 rows=20 seconds=3.745 collapse_minus_rank=8.163292
[11/60] encoder=vit_b16 seed=20260911 overlap=0.75 rows=20 seconds=4.017 collapse_minus_rank=9.668928
[12/60] encoder=vit_b16 seed=20260911 overlap=1.00 rows=20 seconds=3.952 collapse_minus_rank=10.841347
[13/60] encoder=vit_b16 seed=20260912 overlap=0.00 rows=20 seconds=3.767 collapse_minus_rank=4.923284
[14/60] encoder=vit_b16 seed=20260912 overlap=0.10 rows=20 seconds=3.777 collapse_minus_rank=4.929460
[15/60] encoder=vit_b16 seed=20260912 overlap=0.25 rows=20 seconds=3.954 collapse_minus_rank=4.911039
[16/60] encoder=vit_b16 seed=20260912 overlap=0.50 rows=20 seconds=3.952 collapse_minus_rank=7.819420
[17/60] encoder=vit_b16 seed=20260912 overlap=0.75 rows=20 seconds=4.287 collapse_minus_rank=9.393180
[18/60] encoder=vit_b16 seed=20260912 overlap=1.00 rows=20 seconds=4.404 collapse_minus_rank=11.234178
[19/60] encoder=vit_b16 seed=20260913 overlap=0.00 rows=20 seconds=4.352 collapse_minus_rank=4.758707
[20/60] encoder=vit_b16 seed=20260913 overlap=0.10 rows=20 seconds=4.748 collapse_minus_rank=5.069614
[21/60] encoder=vit_b16 seed=20260913 overlap=0.25 rows=20 seconds=4.548 collapse_minus_rank=5.987756
[22/60] encoder=vit_b16 seed=20260913 overlap=0.50 rows=20 seconds=4.648 collapse_minus_rank=7.040390
[23/60] encoder=vit_b16 seed=20260913 overlap=0.75 rows=20 seconds=4.707 collapse_minus_rank=8.517941
[24/60] encoder=vit_b16 seed=20260913 overlap=1.00 rows=20 seconds=4.410 collapse_minus_rank=10.224044
[25/60] encoder=vit_b16 seed=20260914 overlap=0.00 rows=20 seconds=4.453 collapse_minus_rank=5.095050
[26/60] encoder=vit_b16 seed=20260914 overlap=0.10 rows=20 seconds=4.383 collapse_minus_rank=5.276330
[27/60] encoder=vit_b16 seed=20260914 overlap=0.25 rows=20 seconds=4.541 collapse_minus_rank=6.093787
[28/60] encoder=vit_b16 seed=20260914 overlap=0.50 rows=20 seconds=4.546 collapse_minus_rank=7.954462
[29/60] encoder=vit_b16 seed=20260914 overlap=0.75 rows=20 seconds=4.676 collapse_minus_rank=8.765237
[30/60] encoder=vit_b16 seed=20260914 overlap=1.00 rows=20 seconds=4.563 collapse_minus_rank=10.491014
[31/60] encoder=vit_b16 seed=20260915 overlap=0.00 rows=20 seconds=4.637 collapse_minus_rank=5.041338
[32/60] encoder=vit_b16 seed=20260915 overlap=0.10 rows=20 seconds=4.668 collapse_minus_rank=5.616279
[33/60] encoder=vit_b16 seed=20260915 overlap=0.25 rows=20 seconds=4.804 collapse_minus_rank=6.325178
[34/60] encoder=vit_b16 seed=20260915 overlap=0.50 rows=20 seconds=4.946 collapse_minus_rank=7.601209
[35/60] encoder=vit_b16 seed=20260915 overlap=0.75 rows=20 seconds=4.782 collapse_minus_rank=9.017421
[36/60] encoder=vit_b16 seed=20260915 overlap=1.00 rows=20 seconds=4.359 collapse_minus_rank=10.988434
[37/60] encoder=vit_b16 seed=20260916 overlap=0.00 rows=20 seconds=4.408 collapse_minus_rank=3.555271
[38/60] encoder=vit_b16 seed=20260916 overlap=0.10 rows=20 seconds=4.356 collapse_minus_rank=3.542805
[39/60] encoder=vit_b16 seed=20260916 overlap=0.25 rows=20 seconds=4.307 collapse_minus_rank=3.587221
[40/60] encoder=vit_b16 seed=20260916 overlap=0.50 rows=20 seconds=4.160 collapse_minus_rank=6.698301
[41/60] encoder=vit_b16 seed=20260916 overlap=0.75 rows=20 seconds=4.310 collapse_minus_rank=7.647813
[42/60] encoder=vit_b16 seed=20260916 overlap=1.00 rows=20 seconds=4.206 collapse_minus_rank=9.014115
[43/60] encoder=vit_b16 seed=20260917 overlap=0.00 rows=20 seconds=4.084 collapse_minus_rank=5.005538
[44/60] encoder=vit_b16 seed=20260917 overlap=0.10 rows=20 seconds=4.106 collapse_minus_rank=5.267577
[45/60] encoder=vit_b16 seed=20260917 overlap=0.25 rows=20 seconds=3.903 collapse_minus_rank=6.223599
[46/60] encoder=vit_b16 seed=20260917 overlap=0.50 rows=20 seconds=3.935 collapse_minus_rank=7.296399
[47/60] encoder=vit_b16 seed=20260917 overlap=0.75 rows=20 seconds=4.078 collapse_minus_rank=9.134562
[48/60] encoder=vit_b16 seed=20260917 overlap=1.00 rows=20 seconds=3.981 collapse_minus_rank=9.924072
[49/60] encoder=vit_b16 seed=20260918 overlap=0.00 rows=20 seconds=3.871 collapse_minus_rank=4.924852
[50/60] encoder=vit_b16 seed=20260918 overlap=0.10 rows=20 seconds=3.917 collapse_minus_rank=4.814788
[51/60] encoder=vit_b16 seed=20260918 overlap=0.25 rows=20 seconds=4.096 collapse_minus_rank=5.891725
[52/60] encoder=vit_b16 seed=20260918 overlap=0.50 rows=20 seconds=3.971 collapse_minus_rank=7.662079
[53/60] encoder=vit_b16 seed=20260918 overlap=0.75 rows=20 seconds=4.074 collapse_minus_rank=4.850005
[54/60] encoder=vit_b16 seed=20260918 overlap=1.00 rows=20 seconds=3.928 collapse_minus_rank=4.748427
[55/60] encoder=vit_b16 seed=20260919 overlap=0.00 rows=20 seconds=3.997 collapse_minus_rank=4.865628
[56/60] encoder=vit_b16 seed=20260919 overlap=0.10 rows=20 seconds=3.858 collapse_minus_rank=4.335083
[57/60] encoder=vit_b16 seed=20260919 overlap=0.25 rows=20 seconds=4.300 collapse_minus_rank=6.059939
[58/60] encoder=vit_b16 seed=20260919 overlap=0.50 rows=20 seconds=3.900 collapse_minus_rank=7.238025
[59/60] encoder=vit_b16 seed=20260919 overlap=0.75 rows=20 seconds=3.755 collapse_minus_rank=4.434390
[60/60] encoder=vit_b16 seed=20260919 overlap=1.00 rows=20 seconds=3.933 collapse_minus_rank=3.854477
wrote /home/67/collapsemodel-two-stage/results/summary_only_controlled_v2/summary_stopping_vit_b16_shard0of1.csv rows=1200
	Command being timed: "python3 scripts/two_stage_summary_only_controlled.py --feature-dir /data/Paper06/features/two_stage_official_n5000 --out-dir /home/67/collapsemodel-two-stage/results/summary_only_controlled_v2 --output-prefix summary_stopping --encoder vit_b16"
	User time (seconds): 4064.76
	System time (seconds): 3.37
	Percent of CPU this job got: 1596%
	Elapsed (wall clock) time (h:mm:ss or m:ss): 4:14.85
	Average shared text size (kbytes): 0
	Average unshared data size (kbytes): 0
	Average stack size (kbytes): 0
	Average total size (kbytes): 0
	Maximum resident set size (kbytes): 152320
	Average resident set size (kbytes): 0
	Major (requiring I/O) page faults: 81
	Minor (reclaiming a frame) page faults: 314235
	Voluntary context switches: 300
	Involuntary context switches: 27376
	Swaps: 0
	File system inputs: 0
	File system outputs: 1104
	Socket messages sent: 0
	Socket messages received: 0
	Signals delivered: 0
	Page size (bytes): 4096
	Exit status: 0
