[
  {
    "encoder": "vit_b16",
    "method": "dpp_subspace",
    "shortlist_size": 3,
    "rows": 7,
    "targets": 7,
    "best_candidate_recall_mean": 0.5714285714285714,
    "top3_candidate_recall_mean": 0.38095238095238093,
    "best_candidate_family_recall_mean": 0.7142857142857143,
    "top3_candidate_family_recall_mean": 0.6428571428571429,
    "validation_regret_mean": 0.0006630374432301046,
    "normalized_validation_regret_mean": 0.04711239792331233,
    "test_regret_mean": 0.0005427888461521725,
    "removed_fraction": 0.8125,
    "selected_family_count_mean": 3.0,
    "removed_family_fraction_mean": 0.7692307692307692,
    "passes_90pct_recall_at_50pct_removal": false
  },
  {
    "encoder": "vit_b16",
    "method": "dpp_subspace",
    "shortlist_size": 5,
    "rows": 7,
    "targets": 7,
    "best_candidate_recall_mean": 0.5714285714285714,
    "top3_candidate_recall_mean": 0.5238095238095238,
    "best_candidate_family_recall_mean": 0.7142857142857143,
    "top3_candidate_family_recall_mean": 0.8333333333333334,
    "validation_regret_mean": 0.0005773230560176217,
    "normalized_validation_regret_mean": 0.041536873536620056,
    "test_regret_mean": 0.0005639536040169853,
    "removed_fraction": 0.6875,
    "selected_family_count_mean": 5.0,
    "removed_family_fraction_mean": 0.6153846153846155,
    "passes_90pct_recall_at_50pct_removal": false
  },
  {
    "encoder": "vit_b16",
    "method": "dpp_subspace",
    "shortlist_size": 8,
    "rows": 7,
    "targets": 7,
    "best_candidate_recall_mean": 0.5714285714285714,
    "top3_candidate_recall_mean": 0.6666666666666666,
    "best_candidate_family_recall_mean": 0.7142857142857143,
    "top3_candidate_family_recall_mean": 0.8333333333333334,
    "validation_regret_mean": 0.000385811610082411,
    "normalized_validation_regret_mean": 0.024541003828263654,
    "test_regret_mean": 0.00048607928412301515,
    "removed_fraction": 0.5,
    "selected_family_count_mean": 7.0,
    "removed_family_fraction_mean": 0.4615384615384616,
    "passes_90pct_recall_at_50pct_removal": false
  },
  {
    "encoder": "vit_b16",
    "method": "facility_subspace",
    "shortlist_size": 3,
    "rows": 7,
    "targets": 7,
    "best_candidate_recall_mean": 0.42857142857142855,
    "top3_candidate_recall_mean": 0.23809523809523808,
    "best_candidate_family_recall_mean": 0.5714285714285714,
    "top3_candidate_family_recall_mean": 0.5238095238095238,
    "validation_regret_mean": 0.00224091356978002,
    "normalized_validation_regret_mean": 0.09449418217230658,
    "test_regret_mean": -0.002513246876852853,
    "removed_fraction": 0.8125,
    "selected_family_count_mean": 3.0,
    "removed_family_fraction_mean": 0.7692307692307692,
    "passes_90pct_recall_at_50pct_removal": false
  },
  {
    "encoder": "vit_b16",
    "method": "facility_subspace",
    "shortlist_size": 5,
    "rows": 7,
    "targets": 7,
    "best_candidate_recall_mean": 0.42857142857142855,
    "top3_candidate_recall_mean": 0.23809523809523808,
    "best_candidate_family_recall_mean": 0.5714285714285714,
    "top3_candidate_family_recall_mean": 0.5238095238095238,
    "validation_regret_mean": 0.0020014370672509457,
    "normalized_validation_regret_mean": 0.08516181648157455,
    "test_regret_mean": 0.0001653245517185661,
    "removed_fraction": 0.6875,
    "selected_family_count_mean": 5.0,
    "removed_family_fraction_mean": 0.6153846153846155,
    "passes_90pct_recall_at_50pct_removal": false
  },
  {
    "encoder": "vit_b16",
    "method": "facility_subspace",
    "shortlist_size": 8,
    "rows": 7,
    "targets": 7,
    "best_candidate_recall_mean": 0.5714285714285714,
    "top3_candidate_recall_mean": 0.38095238095238093,
    "best_candidate_family_recall_mean": 0.7142857142857143,
    "top3_candidate_family_recall_mean": 0.6666666666666666,
    "validation_regret_mean": 0.0009440107474564094,
    "normalized_validation_regret_mean": 0.048802161636096957,
    "test_regret_mean": 0.0005796057837349965,
    "removed_fraction": 0.5,
    "selected_family_count_mean": 8.0,
    "removed_family_fraction_mean": 0.3846153846153846,
    "passes_90pct_recall_at_50pct_removal": false
  },
  {
    "encoder": "vit_b16",
    "method": "full_merged_rank",
    "shortlist_size": 3,
    "rows": 7,
    "targets": 7,
    "best_candidate_recall_mean": 0.5714285714285714,
    "top3_candidate_recall_mean": 0.38095238095238093,
    "best_candidate_family_recall_mean": 0.7142857142857143,
    "top3_candidate_family_recall_mean": 0.6428571428571429,
    "validation_regret_mean": 0.0006630374432301046,
    "normalized_validation_regret_mean": 0.04711239792331233,
    "test_regret_mean": 0.0005427888461521725,
    "removed_fraction": 0.8125,
    "selected_family_count_mean": 3.0,
    "removed_family_fraction_mean": 0.7692307692307692,
    "passes_90pct_recall_at_50pct_removal": false
  },
  {
    "encoder": "vit_b16",
    "method": "full_merged_rank",
    "shortlist_size": 5,
    "rows": 7,
    "targets": 7,
    "best_candidate_recall_mean": 0.8571428571428571,
    "top3_candidate_recall_mean": 0.5714285714285714,
    "best_candidate_family_recall_mean": 0.8571428571428571,
    "top3_candidate_family_recall_mean": 0.6904761904761905,
    "validation_regret_mean": 0.00016380925723483549,
    "normalized_validation_regret_mean": 0.01065541664802058,
    "test_regret_mean": 0.0006031768662588968,
    "removed_fraction": 0.6875,
    "selected_family_count_mean": 4.0,
    "removed_family_fraction_mean": 0.6923076923076924,
    "passes_90pct_recall_at_50pct_removal": false
  },
  {
    "encoder": "vit_b16",
    "method": "full_merged_rank",
    "shortlist_size": 8,
    "rows": 7,
    "targets": 7,
    "best_candidate_recall_mean": 0.8571428571428571,
    "top3_candidate_recall_mean": 0.8095238095238094,
    "best_candidate_family_recall_mean": 0.8571428571428571,
    "top3_candidate_family_recall_mean": 0.8333333333333333,
    "validation_regret_mean": 7.809487002235256e-05,
    "normalized_validation_regret_mean": 0.005079892261328307,
    "test_regret_mean": 0.0006243416241237096,
    "removed_fraction": 0.5,
    "selected_family_count_mean": 6.0,
    "removed_family_fraction_mean": 0.5384615384615384,
    "passes_90pct_recall_at_50pct_removal": false
  },
  {
    "encoder": "vit_b16",
    "method": "kcenter_subspace",
    "shortlist_size": 3,
    "rows": 7,
    "targets": 7,
    "best_candidate_recall_mean": 0.2857142857142857,
    "top3_candidate_recall_mean": 0.14285714285714285,
    "best_candidate_family_recall_mean": 0.42857142857142855,
    "top3_candidate_family_recall_mean": 0.4047619047619047,
    "validation_regret_mean": 0.0028846854662361032,
    "normalized_validation_regret_mean": 0.1219664612532438,
    "test_regret_mean": 0.001659085069383884,
    "removed_fraction": 0.8125,
    "selected_family_count_mean": 3.0,
    "removed_family_fraction_mean": 0.7692307692307692,
    "passes_90pct_recall_at_50pct_removal": false
  },
  {
    "encoder": "vit_b16",
    "method": "kcenter_subspace",
    "shortlist_size": 5,
    "rows": 7,
    "targets": 7,
    "best_candidate_recall_mean": 0.2857142857142857,
    "top3_candidate_recall_mean": 0.23809523809523808,
    "best_candidate_family_recall_mean": 0.5714285714285714,
    "top3_candidate_family_recall_mean": 0.5714285714285714,
    "validation_regret_mean": 0.0019600770776811833,
    "normalized_validation_regret_mean": 0.0854154860518296,
    "test_regret_mean": -0.00025112458637783456,
    "removed_fraction": 0.6875,
    "selected_family_count_mean": 5.0,
    "removed_family_fraction_mean": 0.6153846153846155,
    "passes_90pct_recall_at_50pct_removal": false
  },
  {
    "encoder": "vit_b16",
    "method": "kcenter_subspace",
    "shortlist_size": 8,
    "rows": 7,
    "targets": 7,
    "best_candidate_recall_mean": 0.42857142857142855,
    "top3_candidate_recall_mean": 0.3333333333333333,
    "best_candidate_family_recall_mean": 0.7142857142857143,
    "top3_candidate_family_recall_mean": 0.6666666666666666,
    "validation_regret_mean": 0.001087464413371391,
    "normalized_validation_regret_mean": 0.055456825404690276,
    "test_regret_mean": 0.0006845865930829666,
    "removed_fraction": 0.5,
    "selected_family_count_mean": 8.0,
    "removed_family_fraction_mean": 0.3846153846153846,
    "passes_90pct_recall_at_50pct_removal": false
  },
  {
    "encoder": "vit_b16",
    "method": "pool_vendi_subspace",
    "shortlist_size": 3,
    "rows": 7,
    "targets": 7,
    "best_candidate_recall_mean": 0.2857142857142857,
    "top3_candidate_recall_mean": 0.14285714285714285,
    "best_candidate_family_recall_mean": 0.42857142857142855,
    "top3_candidate_family_recall_mean": 0.4047619047619047,
    "validation_regret_mean": 0.0028846854662361032,
    "normalized_validation_regret_mean": 0.1219664612532438,
    "test_regret_mean": 0.001659085069383884,
    "removed_fraction": 0.8125,
    "selected_family_count_mean": 3.0,
    "removed_family_fraction_mean": 0.7692307692307692,
    "passes_90pct_recall_at_50pct_removal": false
  },
  {
    "encoder": "vit_b16",
    "method": "pool_vendi_subspace",
    "shortlist_size": 5,
    "rows": 7,
    "targets": 7,
    "best_candidate_recall_mean": 0.42857142857142855,
    "top3_candidate_recall_mean": 0.2857142857142857,
    "best_candidate_family_recall_mean": 0.5714285714285714,
    "top3_candidate_family_recall_mean": 0.5714285714285714,
    "validation_regret_mean": 0.001816623411766202,
    "normalized_validation_regret_mean": 0.07876082228323629,
    "test_regret_mean": -0.0003561053957258047,
    "removed_fraction": 0.6875,
    "selected_family_count_mean": 5.0,
    "removed_family_fraction_mean": 0.6153846153846155,
    "passes_90pct_recall_at_50pct_removal": false
  },
  {
    "encoder": "vit_b16",
    "method": "pool_vendi_subspace",
    "shortlist_size": 8,
    "rows": 7,
    "targets": 7,
    "best_candidate_recall_mean": 0.5714285714285714,
    "top3_candidate_recall_mean": 0.38095238095238093,
    "best_candidate_family_recall_mean": 0.7142857142857143,
    "top3_candidate_family_recall_mean": 0.6666666666666666,
    "validation_regret_mean": 0.0009440107474564094,
    "normalized_validation_regret_mean": 0.048802161636096957,
    "test_regret_mean": 0.0005796057837349965,
    "removed_fraction": 0.5,
    "selected_family_count_mean": 8.0,
    "removed_family_fraction_mean": 0.3846153846153846,
    "passes_90pct_recall_at_50pct_removal": false
  },
  {
    "encoder": "vit_b16",
    "method": "random",
    "shortlist_size": 3,
    "rows": 700,
    "targets": 7,
    "best_candidate_recall_mean": 0.16428571428571428,
    "top3_candidate_recall_mean": 0.18619047619047616,
    "best_candidate_family_recall_mean": 0.3171428571428571,
    "top3_candidate_family_recall_mean": 0.32285714285714284,
    "validation_regret_mean": 0.002950452568340631,
    "normalized_validation_regret_mean": 0.13231358441775978,
    "test_regret_mean": -0.0011532442569732635,
    "removed_fraction": 0.8125,
    "selected_family_count_mean": 2.8985714285714286,
    "removed_family_fraction_mean": 0.7770329670329669,
    "passes_90pct_recall_at_50pct_removal": false
  },
  {
    "encoder": "vit_b16",
    "method": "random",
    "shortlist_size": 5,
    "rows": 700,
    "targets": 7,
    "best_candidate_recall_mean": 0.34,
    "top3_candidate_recall_mean": 0.31952380952380954,
    "best_candidate_family_recall_mean": 0.5357142857142857,
    "top3_candidate_family_recall_mean": 0.5057142857142857,
    "validation_regret_mean": 0.0016353263390544751,
    "normalized_validation_regret_mean": 0.0750070717240106,
    "test_regret_mean": -0.0004571130190576797,
    "removed_fraction": 0.6875,
    "selected_family_count_mean": 4.688571428571429,
    "removed_family_fraction_mean": 0.6393406593406593,
    "passes_90pct_recall_at_50pct_removal": false
  },
  {
    "encoder": "vit_b16",
    "method": "random",
    "shortlist_size": 8,
    "rows": 700,
    "targets": 7,
    "best_candidate_recall_mean": 0.5514285714285714,
    "top3_candidate_recall_mean": 0.5123809523809524,
    "best_candidate_family_recall_mean": 0.7585714285714286,
    "top3_candidate_family_recall_mean": 0.6976190476190477,
    "validation_regret_mean": 0.000734607671214599,
    "normalized_validation_regret_mean": 0.035510889394520004,
    "test_regret_mean": -0.0005001294953482454,
    "removed_fraction": 0.5,
    "selected_family_count_mean": 7.185714285714286,
    "removed_family_fraction_mean": 0.4472527472527473,
    "passes_90pct_recall_at_50pct_removal": false
  },
  {
    "encoder": "vit_b16",
    "method": "rank_only",
    "shortlist_size": 3,
    "rows": 7,
    "targets": 7,
    "best_candidate_recall_mean": 0.42857142857142855,
    "top3_candidate_recall_mean": 0.42857142857142855,
    "best_candidate_family_recall_mean": 0.42857142857142855,
    "top3_candidate_family_recall_mean": 0.4047619047619047,
    "validation_regret_mean": 0.0015053813642654631,
    "normalized_validation_regret_mean": 0.06454770939329837,
    "test_regret_mean": -0.0018024844782693061,
    "removed_fraction": 0.8125,
    "selected_family_count_mean": 1.0,
    "removed_family_fraction_mean": 0.9230769230769232,
    "passes_90pct_recall_at_50pct_removal": false
  },
  {
    "encoder": "vit_b16",
    "method": "rank_only",
    "shortlist_size": 5,
    "rows": 7,
    "targets": 7,
    "best_candidate_recall_mean": 0.7142857142857143,
    "top3_candidate_recall_mean": 0.6666666666666666,
    "best_candidate_family_recall_mean": 0.7142857142857143,
    "top3_candidate_family_recall_mean": 0.6428571428571429,
    "validation_regret_mean": 0.00028519099417183876,
    "normalized_validation_regret_mean": 0.013580046963297402,
    "test_regret_mean": 0.0003403186798095798,
    "removed_fraction": 0.6875,
    "selected_family_count_mean": 3.0,
    "removed_family_fraction_mean": 0.7692307692307692,
    "passes_90pct_recall_at_50pct_removal": false
  },
  {
    "encoder": "vit_b16",
    "method": "rank_only",
    "shortlist_size": 8,
    "rows": 7,
    "targets": 7,
    "best_candidate_recall_mean": 0.7142857142857143,
    "top3_candidate_recall_mean": 0.8095238095238095,
    "best_candidate_family_recall_mean": 0.7142857142857143,
    "top3_candidate_family_recall_mean": 0.8333333333333334,
    "validation_regret_mean": 0.00019947660695935582,
    "normalized_validation_regret_mean": 0.008004522576605128,
    "test_regret_mean": 0.0003614834376743925,
    "removed_fraction": 0.5,
    "selected_family_count_mean": 6.0,
    "removed_family_fraction_mean": 0.5384615384615384,
    "passes_90pct_recall_at_50pct_removal": false
  }
]
