[
  {
    "encoder": "dinov2_b14",
    "method": "dpp_subspace",
    "shortlist_size": 3,
    "rows": 7,
    "targets": 7,
    "best_candidate_recall_mean": 0.5714285714285714,
    "top3_candidate_recall_mean": 0.38095238095238093,
    "best_candidate_family_recall_mean": 0.7142857142857143,
    "top3_candidate_family_recall_mean": 0.6904761904761905,
    "validation_regret_mean": 0.0004090428648575609,
    "normalized_validation_regret_mean": 0.04375783714611679,
    "test_regret_mean": -0.0006606119019644728,
    "removed_fraction": 0.7,
    "selected_family_count_mean": 3.0,
    "removed_family_fraction_mean": 0.625,
    "passes_90pct_recall_at_50pct_removal": false
  },
  {
    "encoder": "dinov2_b14",
    "method": "dpp_subspace",
    "shortlist_size": 5,
    "rows": 7,
    "targets": 7,
    "best_candidate_recall_mean": 0.8571428571428571,
    "top3_candidate_recall_mean": 0.8095238095238094,
    "best_candidate_family_recall_mean": 0.8571428571428571,
    "top3_candidate_family_recall_mean": 0.8333333333333333,
    "validation_regret_mean": 0.00021184526601417515,
    "normalized_validation_regret_mean": 0.023302972100014047,
    "test_regret_mean": -0.00044642857142857776,
    "removed_fraction": 0.5,
    "selected_family_count_mean": 4.0,
    "removed_family_fraction_mean": 0.5,
    "passes_90pct_recall_at_50pct_removal": false
  },
  {
    "encoder": "dinov2_b14",
    "method": "facility_subspace",
    "shortlist_size": 3,
    "rows": 7,
    "targets": 7,
    "best_candidate_recall_mean": 0.14285714285714285,
    "top3_candidate_recall_mean": 0.19047619047619047,
    "best_candidate_family_recall_mean": 0.2857142857142857,
    "top3_candidate_family_recall_mean": 0.619047619047619,
    "validation_regret_mean": 0.004845827359280757,
    "normalized_validation_regret_mean": 0.1859471046647741,
    "test_regret_mean": 0.003758161408560604,
    "removed_fraction": 0.7,
    "selected_family_count_mean": 3.0,
    "removed_family_fraction_mean": 0.625,
    "passes_90pct_recall_at_50pct_removal": false
  },
  {
    "encoder": "dinov2_b14",
    "method": "facility_subspace",
    "shortlist_size": 5,
    "rows": 7,
    "targets": 7,
    "best_candidate_recall_mean": 0.14285714285714285,
    "top3_candidate_recall_mean": 0.19047619047619047,
    "best_candidate_family_recall_mean": 0.2857142857142857,
    "top3_candidate_family_recall_mean": 0.619047619047619,
    "validation_regret_mean": 0.004546779256584009,
    "normalized_validation_regret_mean": 0.17653809601913809,
    "test_regret_mean": 0.004958159582955487,
    "removed_fraction": 0.5,
    "selected_family_count_mean": 5.0,
    "removed_family_fraction_mean": 0.375,
    "passes_90pct_recall_at_50pct_removal": false
  },
  {
    "encoder": "dinov2_b14",
    "method": "full_merged_rank",
    "shortlist_size": 3,
    "rows": 7,
    "targets": 7,
    "best_candidate_recall_mean": 0.8571428571428571,
    "top3_candidate_recall_mean": 0.6666666666666667,
    "best_candidate_family_recall_mean": 0.8571428571428571,
    "top3_candidate_family_recall_mean": 0.6666666666666667,
    "validation_regret_mean": 0.00023026663953783024,
    "normalized_validation_regret_mean": 0.02532932256487148,
    "test_regret_mean": 0.0008928571428571397,
    "removed_fraction": 0.7,
    "selected_family_count_mean": 3.0,
    "removed_family_fraction_mean": 0.625,
    "passes_90pct_recall_at_50pct_removal": false
  },
  {
    "encoder": "dinov2_b14",
    "method": "full_merged_rank",
    "shortlist_size": 5,
    "rows": 7,
    "targets": 7,
    "best_candidate_recall_mean": 0.8571428571428571,
    "top3_candidate_recall_mean": 0.8095238095238094,
    "best_candidate_family_recall_mean": 0.8571428571428571,
    "top3_candidate_family_recall_mean": 0.8333333333333333,
    "validation_regret_mean": 0.00021184526601417515,
    "normalized_validation_regret_mean": 0.023302972100014047,
    "test_regret_mean": -0.00044642857142857776,
    "removed_fraction": 0.5,
    "selected_family_count_mean": 4.0,
    "removed_family_fraction_mean": 0.5,
    "passes_90pct_recall_at_50pct_removal": false
  },
  {
    "encoder": "dinov2_b14",
    "method": "kcenter_subspace",
    "shortlist_size": 3,
    "rows": 7,
    "targets": 7,
    "best_candidate_recall_mean": 0.7142857142857143,
    "top3_candidate_recall_mean": 0.2857142857142857,
    "best_candidate_family_recall_mean": 0.7142857142857143,
    "top3_candidate_family_recall_mean": 0.40476190476190477,
    "validation_regret_mean": 0.00019719759884338574,
    "normalized_validation_regret_mean": 0.02045486504610275,
    "test_regret_mean": -0.00021418333053589502,
    "removed_fraction": 0.7,
    "selected_family_count_mean": 3.0,
    "removed_family_fraction_mean": 0.625,
    "passes_90pct_recall_at_50pct_removal": false
  },
  {
    "encoder": "dinov2_b14",
    "method": "kcenter_subspace",
    "shortlist_size": 5,
    "rows": 7,
    "targets": 7,
    "best_candidate_recall_mean": 0.8571428571428571,
    "top3_candidate_recall_mean": 0.42857142857142855,
    "best_candidate_family_recall_mean": 0.8571428571428571,
    "top3_candidate_family_recall_mean": 0.5476190476190476,
    "validation_regret_mean": 5.714280525846517e-05,
    "normalized_validation_regret_mean": 0.004097236349586713,
    "test_regret_mean": -0.0001798970358712269,
    "removed_fraction": 0.5,
    "selected_family_count_mean": 5.0,
    "removed_family_fraction_mean": 0.375,
    "passes_90pct_recall_at_50pct_removal": false
  },
  {
    "encoder": "dinov2_b14",
    "method": "pool_vendi_subspace",
    "shortlist_size": 3,
    "rows": 7,
    "targets": 7,
    "best_candidate_recall_mean": 0.7142857142857143,
    "top3_candidate_recall_mean": 0.2857142857142857,
    "best_candidate_family_recall_mean": 0.7142857142857143,
    "top3_candidate_family_recall_mean": 0.40476190476190477,
    "validation_regret_mean": 0.00019719759884338574,
    "normalized_validation_regret_mean": 0.02045486504610275,
    "test_regret_mean": -0.00021418333053589502,
    "removed_fraction": 0.7,
    "selected_family_count_mean": 3.0,
    "removed_family_fraction_mean": 0.625,
    "passes_90pct_recall_at_50pct_removal": false
  },
  {
    "encoder": "dinov2_b14",
    "method": "pool_vendi_subspace",
    "shortlist_size": 5,
    "rows": 7,
    "targets": 7,
    "best_candidate_recall_mean": 0.8571428571428571,
    "top3_candidate_recall_mean": 0.42857142857142855,
    "best_candidate_family_recall_mean": 0.8571428571428571,
    "top3_candidate_family_recall_mean": 0.5476190476190476,
    "validation_regret_mean": 5.714280525846517e-05,
    "normalized_validation_regret_mean": 0.004097236349586713,
    "test_regret_mean": -0.0001798970358712269,
    "removed_fraction": 0.5,
    "selected_family_count_mean": 5.0,
    "removed_family_fraction_mean": 0.375,
    "passes_90pct_recall_at_50pct_removal": false
  },
  {
    "encoder": "dinov2_b14",
    "method": "random",
    "shortlist_size": 3,
    "rows": 700,
    "targets": 7,
    "best_candidate_recall_mean": 0.2985714285714286,
    "top3_candidate_recall_mean": 0.2914285714285714,
    "best_candidate_family_recall_mean": 0.38142857142857145,
    "top3_candidate_family_recall_mean": 0.4066666666666666,
    "validation_regret_mean": 0.003273783530576631,
    "normalized_validation_regret_mean": 0.1390778986713403,
    "test_regret_mean": 0.0037569994926452527,
    "removed_fraction": 0.7,
    "selected_family_count_mean": 2.8685714285714288,
    "removed_family_fraction_mean": 0.6414285714285715,
    "passes_90pct_recall_at_50pct_removal": false
  },
  {
    "encoder": "dinov2_b14",
    "method": "random",
    "shortlist_size": 5,
    "rows": 700,
    "targets": 7,
    "best_candidate_recall_mean": 0.5285714285714286,
    "top3_candidate_recall_mean": 0.4995238095238095,
    "best_candidate_family_recall_mean": 0.5985714285714285,
    "top3_candidate_family_recall_mean": 0.6190476190476191,
    "validation_regret_mean": 0.001785737639358769,
    "normalized_validation_regret_mean": 0.07362016789604513,
    "test_regret_mean": 0.0019947306088038803,
    "removed_fraction": 0.5,
    "selected_family_count_mean": 4.542857142857143,
    "removed_family_fraction_mean": 0.43214285714285716,
    "passes_90pct_recall_at_50pct_removal": false
  },
  {
    "encoder": "dinov2_b14",
    "method": "rank_only",
    "shortlist_size": 3,
    "rows": 7,
    "targets": 7,
    "best_candidate_recall_mean": 0.7142857142857143,
    "top3_candidate_recall_mean": 0.5238095238095237,
    "best_candidate_family_recall_mean": 0.7142857142857143,
    "top3_candidate_family_recall_mean": 0.5238095238095237,
    "validation_regret_mean": 0.0005265234690888956,
    "normalized_validation_regret_mean": 0.05867885302965154,
    "test_regret_mean": 0.0017400026321411038,
    "removed_fraction": 0.7,
    "selected_family_count_mean": 2.0,
    "removed_family_fraction_mean": 0.75,
    "passes_90pct_recall_at_50pct_removal": false
  },
  {
    "encoder": "dinov2_b14",
    "method": "rank_only",
    "shortlist_size": 5,
    "rows": 7,
    "targets": 7,
    "best_candidate_recall_mean": 0.8571428571428571,
    "top3_candidate_recall_mean": 0.8095238095238094,
    "best_candidate_family_recall_mean": 0.8571428571428571,
    "top3_candidate_family_recall_mean": 0.8333333333333333,
    "validation_regret_mean": 0.00021184526601417515,
    "normalized_validation_regret_mean": 0.023302972100014047,
    "test_regret_mean": -0.00044642857142857776,
    "removed_fraction": 0.5,
    "selected_family_count_mean": 4.0,
    "removed_family_fraction_mean": 0.5,
    "passes_90pct_recall_at_50pct_removal": false
  }
]
