[
  {
    "encoder": "resnet50",
    "method": "dpp_subspace",
    "shortlist_size": 3,
    "rows": 7,
    "targets": 7,
    "best_candidate_recall_mean": 0.7142857142857143,
    "top3_candidate_recall_mean": 0.380952380952381,
    "best_candidate_family_recall_mean": 0.7142857142857143,
    "top3_candidate_family_recall_mean": 0.619047619047619,
    "validation_regret_mean": 0.00295528838211147,
    "normalized_validation_regret_mean": 0.09765178938978905,
    "test_regret_mean": -0.005367725236075268,
    "removed_fraction": 0.8571428571428572,
    "selected_family_count_mean": 3.0,
    "removed_family_fraction_mean": 0.8235294117647057,
    "passes_90pct_recall_at_50pct_removal": false
  },
  {
    "encoder": "resnet50",
    "method": "dpp_subspace",
    "shortlist_size": 5,
    "rows": 7,
    "targets": 7,
    "best_candidate_recall_mean": 0.7142857142857143,
    "top3_candidate_recall_mean": 0.380952380952381,
    "best_candidate_family_recall_mean": 0.7142857142857143,
    "top3_candidate_family_recall_mean": 0.619047619047619,
    "validation_regret_mean": 0.0024210708540671594,
    "normalized_validation_regret_mean": 0.08117919318031673,
    "test_regret_mean": -0.000903439521789554,
    "removed_fraction": 0.7619047619047619,
    "selected_family_count_mean": 5.0,
    "removed_family_fraction_mean": 0.7058823529411765,
    "passes_90pct_recall_at_50pct_removal": false
  },
  {
    "encoder": "resnet50",
    "method": "dpp_subspace",
    "shortlist_size": 10,
    "rows": 7,
    "targets": 7,
    "best_candidate_recall_mean": 0.7142857142857143,
    "top3_candidate_recall_mean": 0.7142857142857143,
    "best_candidate_family_recall_mean": 0.7142857142857143,
    "top3_candidate_family_recall_mean": 0.7142857142857143,
    "validation_regret_mean": 0.0023664588513665962,
    "normalized_validation_regret_mean": 0.07764476721909504,
    "test_regret_mean": -0.0027757951191493507,
    "removed_fraction": 0.5238095238095238,
    "selected_family_count_mean": 8.0,
    "removed_family_fraction_mean": 0.5294117647058824,
    "passes_90pct_recall_at_50pct_removal": false
  },
  {
    "encoder": "resnet50",
    "method": "facility_subspace",
    "shortlist_size": 3,
    "rows": 7,
    "targets": 7,
    "best_candidate_recall_mean": 0.0,
    "top3_candidate_recall_mean": 0.23809523809523808,
    "best_candidate_family_recall_mean": 0.0,
    "top3_candidate_family_recall_mean": 0.26190476190476186,
    "validation_regret_mean": 0.007754710205594302,
    "normalized_validation_regret_mean": 0.2301401733150971,
    "test_regret_mean": -0.0017250657081604131,
    "removed_fraction": 0.8571428571428572,
    "selected_family_count_mean": 3.0,
    "removed_family_fraction_mean": 0.8235294117647057,
    "passes_90pct_recall_at_50pct_removal": false
  },
  {
    "encoder": "resnet50",
    "method": "facility_subspace",
    "shortlist_size": 5,
    "rows": 7,
    "targets": 7,
    "best_candidate_recall_mean": 0.14285714285714285,
    "top3_candidate_recall_mean": 0.2857142857142857,
    "best_candidate_family_recall_mean": 0.14285714285714285,
    "top3_candidate_family_recall_mean": 0.3095238095238095,
    "validation_regret_mean": 0.004586247331453115,
    "normalized_validation_regret_mean": 0.13244062811016544,
    "test_regret_mean": 0.0016231485775538726,
    "removed_fraction": 0.7619047619047619,
    "selected_family_count_mean": 5.0,
    "removed_family_fraction_mean": 0.7058823529411765,
    "passes_90pct_recall_at_50pct_removal": false
  },
  {
    "encoder": "resnet50",
    "method": "facility_subspace",
    "shortlist_size": 10,
    "rows": 7,
    "targets": 7,
    "best_candidate_recall_mean": 0.2857142857142857,
    "top3_candidate_recall_mean": 0.5238095238095238,
    "best_candidate_family_recall_mean": 0.2857142857142857,
    "top3_candidate_family_recall_mean": 0.5952380952380951,
    "validation_regret_mean": 0.0034910084476172387,
    "normalized_validation_regret_mean": 0.08114115081810282,
    "test_regret_mean": -0.0005353672163827142,
    "removed_fraction": 0.5238095238095238,
    "selected_family_count_mean": 10.0,
    "removed_family_fraction_mean": 0.41176470588235287,
    "passes_90pct_recall_at_50pct_removal": false
  },
  {
    "encoder": "resnet50",
    "method": "full_merged_rank",
    "shortlist_size": 3,
    "rows": 7,
    "targets": 7,
    "best_candidate_recall_mean": 0.7142857142857143,
    "top3_candidate_recall_mean": 0.380952380952381,
    "best_candidate_family_recall_mean": 0.7142857142857143,
    "top3_candidate_family_recall_mean": 0.619047619047619,
    "validation_regret_mean": 0.00295528838211147,
    "normalized_validation_regret_mean": 0.09765178938978905,
    "test_regret_mean": -0.005367725236075268,
    "removed_fraction": 0.8571428571428572,
    "selected_family_count_mean": 3.0,
    "removed_family_fraction_mean": 0.8235294117647057,
    "passes_90pct_recall_at_50pct_removal": false
  },
  {
    "encoder": "resnet50",
    "method": "full_merged_rank",
    "shortlist_size": 5,
    "rows": 7,
    "targets": 7,
    "best_candidate_recall_mean": 0.7142857142857143,
    "top3_candidate_recall_mean": 0.619047619047619,
    "best_candidate_family_recall_mean": 0.7142857142857143,
    "top3_candidate_family_recall_mean": 0.619047619047619,
    "validation_regret_mean": 0.002586861510594301,
    "normalized_validation_regret_mean": 0.08629134768088638,
    "test_regret_mean": -0.0035820109503609887,
    "removed_fraction": 0.7619047619047619,
    "selected_family_count_mean": 4.0,
    "removed_family_fraction_mean": 0.7647058823529411,
    "passes_90pct_recall_at_50pct_removal": false
  },
  {
    "encoder": "resnet50",
    "method": "full_merged_rank",
    "shortlist_size": 10,
    "rows": 7,
    "targets": 7,
    "best_candidate_recall_mean": 0.7142857142857143,
    "top3_candidate_recall_mean": 0.7142857142857143,
    "best_candidate_family_recall_mean": 0.7142857142857143,
    "top3_candidate_family_recall_mean": 0.7142857142857143,
    "validation_regret_mean": 0.002089487335141455,
    "normalized_validation_regret_mean": 0.07095481616113734,
    "test_regret_mean": -0.0020195109503609826,
    "removed_fraction": 0.5238095238095238,
    "selected_family_count_mean": 8.0,
    "removed_family_fraction_mean": 0.5294117647058824,
    "passes_90pct_recall_at_50pct_removal": false
  },
  {
    "encoder": "resnet50",
    "method": "kcenter_subspace",
    "shortlist_size": 3,
    "rows": 7,
    "targets": 7,
    "best_candidate_recall_mean": 0.8571428571428571,
    "top3_candidate_recall_mean": 0.38095238095238093,
    "best_candidate_family_recall_mean": 0.8571428571428571,
    "top3_candidate_family_recall_mean": 0.40476190476190477,
    "validation_regret_mean": 0.00012761989729743423,
    "normalized_validation_regret_mean": 0.010460638371006687,
    "test_regret_mean": -1.0582378932414268e-05,
    "removed_fraction": 0.8571428571428572,
    "selected_family_count_mean": 3.0,
    "removed_family_fraction_mean": 0.8235294117647057,
    "passes_90pct_recall_at_50pct_removal": false
  },
  {
    "encoder": "resnet50",
    "method": "kcenter_subspace",
    "shortlist_size": 5,
    "rows": 7,
    "targets": 7,
    "best_candidate_recall_mean": 0.8571428571428571,
    "top3_candidate_recall_mean": 0.38095238095238093,
    "best_candidate_family_recall_mean": 0.8571428571428571,
    "top3_candidate_family_recall_mean": 0.40476190476190477,
    "validation_regret_mean": 0.00012761989729743423,
    "normalized_validation_regret_mean": 0.010460638371006687,
    "test_regret_mean": -1.0582378932414268e-05,
    "removed_fraction": 0.7619047619047619,
    "selected_family_count_mean": 5.0,
    "removed_family_fraction_mean": 0.7058823529411765,
    "passes_90pct_recall_at_50pct_removal": false
  },
  {
    "encoder": "resnet50",
    "method": "kcenter_subspace",
    "shortlist_size": 10,
    "rows": 7,
    "targets": 7,
    "best_candidate_recall_mean": 0.8571428571428571,
    "top3_candidate_recall_mean": 0.5714285714285714,
    "best_candidate_family_recall_mean": 0.8571428571428571,
    "top3_candidate_family_recall_mean": 0.5952380952380951,
    "validation_regret_mean": 9.143004110880235e-05,
    "normalized_validation_regret_mean": 0.007494259253762033,
    "test_regret_mean": 0.00034920488085064615,
    "removed_fraction": 0.5238095238095238,
    "selected_family_count_mean": 9.0,
    "removed_family_fraction_mean": 0.4705882352941177,
    "passes_90pct_recall_at_50pct_removal": false
  },
  {
    "encoder": "resnet50",
    "method": "pool_vendi_subspace",
    "shortlist_size": 3,
    "rows": 7,
    "targets": 7,
    "best_candidate_recall_mean": 0.8571428571428571,
    "top3_candidate_recall_mean": 0.38095238095238093,
    "best_candidate_family_recall_mean": 0.8571428571428571,
    "top3_candidate_family_recall_mean": 0.40476190476190477,
    "validation_regret_mean": 0.00012761989729743423,
    "normalized_validation_regret_mean": 0.010460638371006687,
    "test_regret_mean": -1.0582378932414268e-05,
    "removed_fraction": 0.8571428571428572,
    "selected_family_count_mean": 3.0,
    "removed_family_fraction_mean": 0.8235294117647057,
    "passes_90pct_recall_at_50pct_removal": false
  },
  {
    "encoder": "resnet50",
    "method": "pool_vendi_subspace",
    "shortlist_size": 5,
    "rows": 7,
    "targets": 7,
    "best_candidate_recall_mean": 0.8571428571428571,
    "top3_candidate_recall_mean": 0.38095238095238093,
    "best_candidate_family_recall_mean": 0.8571428571428571,
    "top3_candidate_family_recall_mean": 0.40476190476190477,
    "validation_regret_mean": 0.00012761989729743423,
    "normalized_validation_regret_mean": 0.010460638371006687,
    "test_regret_mean": -1.0582378932414268e-05,
    "removed_fraction": 0.7619047619047619,
    "selected_family_count_mean": 5.0,
    "removed_family_fraction_mean": 0.7058823529411765,
    "passes_90pct_recall_at_50pct_removal": false
  },
  {
    "encoder": "resnet50",
    "method": "pool_vendi_subspace",
    "shortlist_size": 10,
    "rows": 7,
    "targets": 7,
    "best_candidate_recall_mean": 0.8571428571428571,
    "top3_candidate_recall_mean": 0.5714285714285714,
    "best_candidate_family_recall_mean": 0.8571428571428571,
    "top3_candidate_family_recall_mean": 0.5952380952380951,
    "validation_regret_mean": 9.143004110880235e-05,
    "normalized_validation_regret_mean": 0.007494259253762033,
    "test_regret_mean": 0.00034920488085064615,
    "removed_fraction": 0.5238095238095238,
    "selected_family_count_mean": 9.0,
    "removed_family_fraction_mean": 0.4705882352941177,
    "passes_90pct_recall_at_50pct_removal": false
  },
  {
    "encoder": "resnet50",
    "method": "random",
    "shortlist_size": 3,
    "rows": 700,
    "targets": 7,
    "best_candidate_recall_mean": 0.13857142857142857,
    "top3_candidate_recall_mean": 0.1495238095238095,
    "best_candidate_family_recall_mean": 0.13857142857142857,
    "top3_candidate_family_recall_mean": 0.1888095238095238,
    "validation_regret_mean": 0.009386884510803922,
    "normalized_validation_regret_mean": 0.2449502187925501,
    "test_regret_mean": 0.0034049538714545006,
    "removed_fraction": 0.8571428571428572,
    "selected_family_count_mean": 2.9414285714285713,
    "removed_family_fraction_mean": 0.8269747899159662,
    "passes_90pct_recall_at_50pct_removal": false
  },
  {
    "encoder": "resnet50",
    "method": "random",
    "shortlist_size": 5,
    "rows": 700,
    "targets": 7,
    "best_candidate_recall_mean": 0.23142857142857143,
    "top3_candidate_recall_mean": 0.24380952380952384,
    "best_candidate_family_recall_mean": 0.23142857142857143,
    "top3_candidate_family_recall_mean": 0.3061904761904762,
    "validation_regret_mean": 0.006925164317326613,
    "normalized_validation_regret_mean": 0.17800258289514118,
    "test_regret_mean": 0.0018441104207720005,
    "removed_fraction": 0.7619047619047619,
    "selected_family_count_mean": 4.801428571428572,
    "removed_family_fraction_mean": 0.7175630252100842,
    "passes_90pct_recall_at_50pct_removal": false
  },
  {
    "encoder": "resnet50",
    "method": "random",
    "shortlist_size": 10,
    "rows": 700,
    "targets": 7,
    "best_candidate_recall_mean": 0.42857142857142855,
    "top3_candidate_recall_mean": 0.47714285714285715,
    "best_candidate_family_recall_mean": 0.42857142857142855,
    "top3_candidate_family_recall_mean": 0.5566666666666666,
    "validation_regret_mean": 0.004136857784429632,
    "normalized_validation_regret_mean": 0.10646746009379213,
    "test_regret_mean": 0.00017364303554806703,
    "removed_fraction": 0.5238095238095238,
    "selected_family_count_mean": 8.984285714285715,
    "removed_family_fraction_mean": 0.4715126050420168,
    "passes_90pct_recall_at_50pct_removal": false
  },
  {
    "encoder": "resnet50",
    "method": "rank_only",
    "shortlist_size": 3,
    "rows": 7,
    "targets": 7,
    "best_candidate_recall_mean": 0.7142857142857143,
    "top3_candidate_recall_mean": 0.5714285714285714,
    "best_candidate_family_recall_mean": 0.7142857142857143,
    "top3_candidate_family_recall_mean": 0.5714285714285714,
    "validation_regret_mean": 0.003296082771438621,
    "normalized_validation_regret_mean": 0.10816018357593833,
    "test_regret_mean": -0.0033587966646467,
    "removed_fraction": 0.8571428571428572,
    "selected_family_count_mean": 2.0,
    "removed_family_fraction_mean": 0.8823529411764708,
    "passes_90pct_recall_at_50pct_removal": false
  },
  {
    "encoder": "resnet50",
    "method": "rank_only",
    "shortlist_size": 5,
    "rows": 7,
    "targets": 7,
    "best_candidate_recall_mean": 0.7142857142857143,
    "top3_candidate_recall_mean": 0.619047619047619,
    "best_candidate_family_recall_mean": 0.7142857142857143,
    "top3_candidate_family_recall_mean": 0.619047619047619,
    "validation_regret_mean": 0.002586861510594301,
    "normalized_validation_regret_mean": 0.08629134768088638,
    "test_regret_mean": -0.0035820109503609887,
    "removed_fraction": 0.7619047619047619,
    "selected_family_count_mean": 4.0,
    "removed_family_fraction_mean": 0.7647058823529411,
    "passes_90pct_recall_at_50pct_removal": false
  },
  {
    "encoder": "resnet50",
    "method": "rank_only",
    "shortlist_size": 10,
    "rows": 7,
    "targets": 7,
    "best_candidate_recall_mean": 0.7142857142857143,
    "top3_candidate_recall_mean": 0.6666666666666666,
    "best_candidate_family_recall_mean": 0.7142857142857143,
    "top3_candidate_family_recall_mean": 0.6666666666666666,
    "validation_regret_mean": 0.002402648707555228,
    "normalized_validation_regret_mean": 0.08061114633633969,
    "test_regret_mean": -0.003135582378932411,
    "removed_fraction": 0.5238095238095238,
    "selected_family_count_mean": 7.0,
    "removed_family_fraction_mean": 0.5882352941176471,
    "passes_90pct_recall_at_50pct_removal": false
  }
]
