[
  {
    "encoder": "dinov2_b14",
    "method": "dpp_subspace",
    "shortlist_size": 3,
    "rows": 7,
    "targets": 7,
    "best_candidate_recall_mean": 0.5714285714285714,
    "top3_candidate_recall_mean": 0.2857142857142857,
    "validation_regret_mean": 0.0007987487019778092,
    "normalized_validation_regret_mean": 0.0693912300087253,
    "test_regret_mean": 0.0008478454181126059,
    "removed_fraction": 0.8571428571428572,
    "passes_90pct_recall_at_50pct_removal": false
  },
  {
    "encoder": "dinov2_b14",
    "method": "dpp_subspace",
    "shortlist_size": 5,
    "rows": 7,
    "targets": 7,
    "best_candidate_recall_mean": 0.7142857142857143,
    "top3_candidate_recall_mean": 0.47619047619047616,
    "validation_regret_mean": 0.00032673168130722567,
    "normalized_validation_regret_mean": 0.024963757013789976,
    "test_regret_mean": -2.215589795793806e-05,
    "removed_fraction": 0.7619047619047619,
    "passes_90pct_recall_at_50pct_removal": false
  },
  {
    "encoder": "dinov2_b14",
    "method": "dpp_subspace",
    "shortlist_size": 10,
    "rows": 7,
    "targets": 7,
    "best_candidate_recall_mean": 0.7142857142857143,
    "top3_candidate_recall_mean": 0.8095238095238094,
    "validation_regret_mean": 0.0001228959769792632,
    "normalized_validation_regret_mean": 0.009912950746253828,
    "test_regret_mean": 0.0012738125664847175,
    "removed_fraction": 0.5238095238095238,
    "passes_90pct_recall_at_50pct_removal": false
  },
  {
    "encoder": "dinov2_b14",
    "method": "facility_subspace",
    "shortlist_size": 3,
    "rows": 7,
    "targets": 7,
    "best_candidate_recall_mean": 0.14285714285714285,
    "top3_candidate_recall_mean": 0.4761904761904762,
    "validation_regret_mean": 0.003572704368622432,
    "normalized_validation_regret_mean": 0.1310356457860519,
    "test_regret_mean": 0.001038413388388488,
    "removed_fraction": 0.8571428571428572,
    "passes_90pct_recall_at_50pct_removal": false
  },
  {
    "encoder": "dinov2_b14",
    "method": "facility_subspace",
    "shortlist_size": 5,
    "rows": 7,
    "targets": 7,
    "best_candidate_recall_mean": 0.14285714285714285,
    "top3_candidate_recall_mean": 0.4761904761904762,
    "validation_regret_mean": 0.003572704368622432,
    "normalized_validation_regret_mean": 0.1310356457860519,
    "test_regret_mean": 0.001038413388388488,
    "removed_fraction": 0.7619047619047619,
    "passes_90pct_recall_at_50pct_removal": false
  },
  {
    "encoder": "dinov2_b14",
    "method": "facility_subspace",
    "shortlist_size": 10,
    "rows": 7,
    "targets": 7,
    "best_candidate_recall_mean": 0.14285714285714285,
    "top3_candidate_recall_mean": 0.4761904761904762,
    "validation_regret_mean": 0.003572704368622432,
    "normalized_validation_regret_mean": 0.1310356457860519,
    "test_regret_mean": 0.001038413388388488,
    "removed_fraction": 0.5238095238095238,
    "passes_90pct_recall_at_50pct_removal": false
  },
  {
    "encoder": "dinov2_b14",
    "method": "full_merged_rank",
    "shortlist_size": 3,
    "rows": 7,
    "targets": 7,
    "best_candidate_recall_mean": 0.7142857142857143,
    "top3_candidate_recall_mean": 0.7619047619047619,
    "validation_regret_mean": 0.0001228959769792632,
    "normalized_validation_regret_mean": 0.009912950746253828,
    "test_regret_mean": 0.0012738125664847175,
    "removed_fraction": 0.8571428571428572,
    "passes_90pct_recall_at_50pct_removal": false
  },
  {
    "encoder": "dinov2_b14",
    "method": "full_merged_rank",
    "shortlist_size": 5,
    "rows": 7,
    "targets": 7,
    "best_candidate_recall_mean": 0.7142857142857143,
    "top3_candidate_recall_mean": 0.8095238095238094,
    "validation_regret_mean": 0.0001228959769792632,
    "normalized_validation_regret_mean": 0.009912950746253828,
    "test_regret_mean": 0.0012738125664847175,
    "removed_fraction": 0.7619047619047619,
    "passes_90pct_recall_at_50pct_removal": false
  },
  {
    "encoder": "dinov2_b14",
    "method": "full_merged_rank",
    "shortlist_size": 10,
    "rows": 7,
    "targets": 7,
    "best_candidate_recall_mean": 0.8571428571428571,
    "top3_candidate_recall_mean": 0.8571428571428571,
    "validation_regret_mean": 3.9999554838434014e-05,
    "normalized_validation_regret_mean": 0.0027700500920534504,
    "test_regret_mean": 0.0003809554236275777,
    "removed_fraction": 0.5238095238095238,
    "passes_90pct_recall_at_50pct_removal": false
  },
  {
    "encoder": "dinov2_b14",
    "method": "kcenter_subspace",
    "shortlist_size": 3,
    "rows": 7,
    "targets": 7,
    "best_candidate_recall_mean": 0.5714285714285714,
    "top3_candidate_recall_mean": 0.23809523809523808,
    "validation_regret_mean": 0.0008267598196405165,
    "normalized_validation_regret_mean": 0.07243075312280947,
    "test_regret_mean": 0.0008364149502345335,
    "removed_fraction": 0.8571428571428572,
    "passes_90pct_recall_at_50pct_removal": false
  },
  {
    "encoder": "dinov2_b14",
    "method": "kcenter_subspace",
    "shortlist_size": 5,
    "rows": 7,
    "targets": 7,
    "best_candidate_recall_mean": 0.5714285714285714,
    "top3_candidate_recall_mean": 0.23809523809523808,
    "validation_regret_mean": 0.0008267598196405165,
    "normalized_validation_regret_mean": 0.07243075312280947,
    "test_regret_mean": 0.0008364149502345335,
    "removed_fraction": 0.7619047619047619,
    "passes_90pct_recall_at_50pct_removal": false
  },
  {
    "encoder": "dinov2_b14",
    "method": "kcenter_subspace",
    "shortlist_size": 10,
    "rows": 7,
    "targets": 7,
    "best_candidate_recall_mean": 0.7142857142857143,
    "top3_candidate_recall_mean": 0.5238095238095238,
    "validation_regret_mean": 0.0002714688042152786,
    "normalized_validation_regret_mean": 0.02020194425108157,
    "test_regret_mean": 0.00287962981632777,
    "removed_fraction": 0.5238095238095238,
    "passes_90pct_recall_at_50pct_removal": false
  },
  {
    "encoder": "dinov2_b14",
    "method": "pool_vendi_subspace",
    "shortlist_size": 3,
    "rows": 7,
    "targets": 7,
    "best_candidate_recall_mean": 0.5714285714285714,
    "top3_candidate_recall_mean": 0.23809523809523808,
    "validation_regret_mean": 0.0008267598196405165,
    "normalized_validation_regret_mean": 0.07243075312280947,
    "test_regret_mean": 0.0008364149502345335,
    "removed_fraction": 0.8571428571428572,
    "passes_90pct_recall_at_50pct_removal": false
  },
  {
    "encoder": "dinov2_b14",
    "method": "pool_vendi_subspace",
    "shortlist_size": 5,
    "rows": 7,
    "targets": 7,
    "best_candidate_recall_mean": 0.7142857142857143,
    "top3_candidate_recall_mean": 0.42857142857142855,
    "validation_regret_mean": 0.000630683017795516,
    "normalized_validation_regret_mean": 0.051154202200421904,
    "test_regret_mean": 0.0008707012448992016,
    "removed_fraction": 0.7619047619047619,
    "passes_90pct_recall_at_50pct_removal": false
  },
  {
    "encoder": "dinov2_b14",
    "method": "pool_vendi_subspace",
    "shortlist_size": 10,
    "rows": 7,
    "targets": 7,
    "best_candidate_recall_mean": 0.7142857142857143,
    "top3_candidate_recall_mean": 0.5238095238095238,
    "validation_regret_mean": 0.0002714688042152786,
    "normalized_validation_regret_mean": 0.02020194425108157,
    "test_regret_mean": 0.00287962981632777,
    "removed_fraction": 0.5238095238095238,
    "passes_90pct_recall_at_50pct_removal": false
  },
  {
    "encoder": "dinov2_b14",
    "method": "random",
    "shortlist_size": 3,
    "rows": 700,
    "targets": 7,
    "best_candidate_recall_mean": 0.13,
    "top3_candidate_recall_mean": 0.12714285714285714,
    "validation_regret_mean": 0.005027139523667384,
    "normalized_validation_regret_mean": 0.21353810383724872,
    "test_regret_mean": 0.004680051718439365,
    "removed_fraction": 0.8571428571428572,
    "passes_90pct_recall_at_50pct_removal": false
  },
  {
    "encoder": "dinov2_b14",
    "method": "random",
    "shortlist_size": 5,
    "rows": 700,
    "targets": 7,
    "best_candidate_recall_mean": 0.24857142857142858,
    "top3_candidate_recall_mean": 0.24285714285714285,
    "validation_regret_mean": 0.0036240614215569352,
    "normalized_validation_regret_mean": 0.15069946026880363,
    "test_regret_mean": 0.0034893227475030005,
    "removed_fraction": 0.7619047619047619,
    "passes_90pct_recall_at_50pct_removal": false
  },
  {
    "encoder": "dinov2_b14",
    "method": "random",
    "shortlist_size": 10,
    "rows": 700,
    "targets": 7,
    "best_candidate_recall_mean": 0.4828571428571429,
    "top3_candidate_recall_mean": 0.47190476190476194,
    "validation_regret_mean": 0.0019328114710590702,
    "normalized_validation_regret_mean": 0.07769726321835667,
    "test_regret_mean": 0.002060722436223705,
    "removed_fraction": 0.5238095238095238,
    "passes_90pct_recall_at_50pct_removal": false
  },
  {
    "encoder": "dinov2_b14",
    "method": "rank_only",
    "shortlist_size": 3,
    "rows": 7,
    "targets": 7,
    "best_candidate_recall_mean": 0.5714285714285714,
    "top3_candidate_recall_mean": 0.619047619047619,
    "validation_regret_mean": 0.00020692967056534783,
    "normalized_validation_regret_mean": 0.019031557047237985,
    "test_regret_mean": 0.001228100912911542,
    "removed_fraction": 0.8571428571428572,
    "passes_90pct_recall_at_50pct_removal": false
  },
  {
    "encoder": "dinov2_b14",
    "method": "rank_only",
    "shortlist_size": 5,
    "rows": 7,
    "targets": 7,
    "best_candidate_recall_mean": 0.7142857142857143,
    "top3_candidate_recall_mean": 0.8095238095238094,
    "validation_regret_mean": 0.0001228959769792632,
    "normalized_validation_regret_mean": 0.009912950746253828,
    "test_regret_mean": 0.0012738125664847175,
    "removed_fraction": 0.7619047619047619,
    "passes_90pct_recall_at_50pct_removal": false
  },
  {
    "encoder": "dinov2_b14",
    "method": "rank_only",
    "shortlist_size": 10,
    "rows": 7,
    "targets": 7,
    "best_candidate_recall_mean": 0.8571428571428571,
    "top3_candidate_recall_mean": 0.8571428571428571,
    "validation_regret_mean": 3.9999554838434014e-05,
    "normalized_validation_regret_mean": 0.0027700500920534504,
    "test_regret_mean": 0.0003809554236275777,
    "removed_fraction": 0.5238095238095238,
    "passes_90pct_recall_at_50pct_removal": false
  }
]
