[W831 15:20:34.563238797 compiler_depend.ts:250] Warning: CAUTION: The operator 'aten::_linalg_solve_ex.result' is not currently supported on the NPU backend and will fall back to run on the CPU. This may have performance implications. (function npu_cpu_fallback)
0.00 collapse 0 0.6274688005447387
0.00 collapse 1 0.6368569195270538
0.00 collapse 2 0.6272757887840271
0.00 r_sum 0 0.6302010953426361
0.00 r_sum 1 0.6454812824726105
0.00 r_sum 2 0.6330965995788574
0.00 centroid_ff 0 0.6276415228843689
0.00 centroid_ff 1 0.6100863754749298
0.00 centroid_ff 2 0.6438651800155639
0.00 oracle 0 0.6253594100475312
0.00 oracle 1 0.624036967754364
0.00 oracle 2 0.6382486701011658
0.00 random_0 0 0.6314592242240906
0.00 random_0 1 0.6189963519573212
0.00 random_0 2 0.636185497045517
0.00 random_1 0 0.642350709438324
0.00 random_1 1 0.625730299949646
0.00 random_1 2 0.6431237399578095
0.00 random_2 0 0.6416366338729859
0.00 random_2 1 0.6161453068256378
0.00 random_2 2 0.6502828598022461
0.00 random_3 0 0.6247807800769806
0.00 random_3 1 0.6198783993721009
0.00 random_3 2 0.655293071269989
0.00 random_4 0 0.6315298318862915
0.00 random_4 1 0.6285249054431915
0.00 random_4 2 0.6402801156044007
0.25 collapse 0 0.6481869757175446
0.25 collapse 1 0.6310048043727875
0.25 collapse 2 0.6469045996665954
0.25 r_sum 0 0.636130940914154
0.25 r_sum 1 0.635717636346817
0.25 r_sum 2 0.6419280409812927
0.25 centroid_ff 0 0.6236900985240936
0.25 centroid_ff 1 0.6144939154386521
0.25 centroid_ff 2 0.6400617718696594
0.25 oracle 0 0.6370546102523804
0.25 oracle 1 0.6506076216697693
0.25 oracle 2 0.6534811854362488
0.25 random_0 0 0.6501482963562012
0.25 random_0 1 0.6206112742424011
0.25 random_0 2 0.6321504890918732
0.25 random_1 0 0.6247807800769806
0.25 random_1 1 0.6198783993721009
0.25 random_1 2 0.655293071269989
0.25 random_2 0 0.6312160193920135
0.25 random_2 1 0.6199850112199783
0.25 random_2 2 0.6258683919906616
0.25 random_3 0 0.6462299704551697
0.25 random_3 1 0.6370635151863098
0.25 random_3 2 0.653333055973053
0.25 random_4 0 0.6450193047523498
0.25 random_4 1 0.6145203173160553
0.25 random_4 2 0.6558162450790406
0.50 collapse 0 0.640358817577362
0.50 collapse 1 0.6300250947475433
0.50 collapse 2 0.6318010151386261
0.50 r_sum 0 0.647773015499115
0.50 r_sum 1 0.6231118887662888
0.50 r_sum 2 0.6579178750514985
0.50 centroid_ff 0 0.6329730570316314
0.50 centroid_ff 1 0.6188588082790375
0.50 centroid_ff 2 0.6252470672130584
0.50 oracle 0 0.6299229443073273
0.50 oracle 1 0.6214881986379623
0.50 oracle 2 0.6459571719169617
0.50 random_0 0 0.6241793692111969
0.50 random_0 1 0.6032248646020889
0.50 random_0 2 0.6169293940067291
0.50 random_1 0 0.6329519629478455
0.50 random_1 1 0.6210971355438233
0.50 random_1 2 0.6584144711494446
0.50 random_2 0 0.6462118864059448
0.50 random_2 1 0.6232850193977356
0.50 random_2 2 0.6415353119373322
0.50 random_3 0 0.6275680780410766
0.50 random_3 1 0.6230271130800247
0.50 random_3 2 0.6243163883686066
0.50 random_4 0 0.638113671541214
0.50 random_4 1 0.6329649567604065
0.50 random_4 2 0.6330053508281708
0.75 collapse 0 0.6304772377014161
0.75 collapse 1 0.6289059937000274
0.75 collapse 2 0.6463990032672882
0.75 r_sum 0 0.6336306989192962
0.75 r_sum 1 0.6300763666629792
0.75 r_sum 2 0.6647105097770691
0.75 centroid_ff 0 0.6329730570316314
0.75 centroid_ff 1 0.6188588082790375
0.75 centroid_ff 2 0.6252470672130584
0.75 oracle 0 0.6299229443073273
0.75 oracle 1 0.6214881986379623
0.75 oracle 2 0.6459571719169617
0.75 random_0 0 0.6440558135509491
0.75 random_0 1 0.6139306545257568
0.75 random_0 2 0.6373055100440979
0.75 random_1 0 0.6394409656524658
0.75 random_1 1 0.6142425537109375
0.75 random_1 2 0.6359464466571808
0.75 random_2 0 0.650871866941452
0.75 random_2 1 0.6119484066963196
0.75 random_2 2 0.6375540375709534
0.75 random_3 0 0.6367885708808899
0.75 random_3 1 0.6135610818862915
0.75 random_3 2 0.63747079372406
0.75 random_4 0 0.6335005939006806
0.75 random_4 1 0.6235596179962158
0.75 random_4 2 0.6201671838760376
1.00 collapse 0 0.6400989890098572
1.00 collapse 1 0.6276400089263916
1.00 collapse 2 0.6408780634403228
1.00 r_sum 0 0.6468352317810059
1.00 r_sum 1 0.6331933557987213
1.00 r_sum 2 0.6512240707874298
1.00 centroid_ff 0 0.6329730570316314
1.00 centroid_ff 1 0.6188588082790375
1.00 centroid_ff 2 0.6252470672130584
1.00 oracle 0 0.6299229443073273
1.00 oracle 1 0.6214881986379623
1.00 oracle 2 0.6459571719169617
1.00 random_0 0 0.6404611468315125
1.00 random_0 1 0.6165987312793731
1.00 random_0 2 0.6498672366142273
1.00 random_1 0 0.6331123411655426
1.00 random_1 1 0.6263199985027313
1.00 random_1 2 0.6157095730304718
1.00 random_2 0 0.6282350182533264
1.00 random_2 1 0.6297605693340301
1.00 random_2 2 0.6305130839347839
1.00 random_3 0 0.6149629056453705
1.00 random_3 1 0.6005361437797546
1.00 random_3 2 0.6217411458492279
1.00 random_4 0 0.6353279411792755
1.00 random_4 1 0.6201565265655518
1.00 random_4 2 0.65547896027565
