[
  {
    "encoder": "clip_b32",
    "method": "dpp_subspace",
    "shortlist_size": 3,
    "rows": 7,
    "targets": 7,
    "best_candidate_recall_mean": 0.7142857142857143,
    "top3_candidate_recall_mean": 0.5714285714285714,
    "validation_regret_mean": 0.0013925940409389437,
    "normalized_validation_regret_mean": 0.04206861254322445,
    "test_regret_mean": 0.00167713846479145,
    "removed_fraction": 0.8571428571428572,
    "passes_90pct_recall_at_50pct_removal": false
  },
  {
    "encoder": "clip_b32",
    "method": "dpp_subspace",
    "shortlist_size": 5,
    "rows": 7,
    "targets": 7,
    "best_candidate_recall_mean": 0.8571428571428571,
    "top3_candidate_recall_mean": 0.6666666666666666,
    "validation_regret_mean": 0.0008123234340122901,
    "normalized_validation_regret_mean": 0.014795893929003734,
    "test_regret_mean": -0.00010857582092284521,
    "removed_fraction": 0.7619047619047619,
    "passes_90pct_recall_at_50pct_removal": false
  },
  {
    "encoder": "clip_b32",
    "method": "dpp_subspace",
    "shortlist_size": 10,
    "rows": 7,
    "targets": 7,
    "best_candidate_recall_mean": 1.0,
    "top3_candidate_recall_mean": 0.9523809523809524,
    "validation_regret_mean": 0.0,
    "normalized_validation_regret_mean": 0.0,
    "test_regret_mean": 0.0,
    "removed_fraction": 0.5238095238095238,
    "passes_90pct_recall_at_50pct_removal": true
  },
  {
    "encoder": "clip_b32",
    "method": "facility_subspace",
    "shortlist_size": 3,
    "rows": 7,
    "targets": 7,
    "best_candidate_recall_mean": 0.14285714285714285,
    "top3_candidate_recall_mean": 0.3333333333333333,
    "validation_regret_mean": 0.0031584453427595687,
    "normalized_validation_regret_mean": 0.14429702953354148,
    "test_regret_mean": 0.00526071446282523,
    "removed_fraction": 0.8571428571428572,
    "passes_90pct_recall_at_50pct_removal": false
  },
  {
    "encoder": "clip_b32",
    "method": "facility_subspace",
    "shortlist_size": 5,
    "rows": 7,
    "targets": 7,
    "best_candidate_recall_mean": 0.14285714285714285,
    "top3_candidate_recall_mean": 0.5714285714285714,
    "validation_regret_mean": 0.002068850720242797,
    "normalized_validation_regret_mean": 0.08915243891273285,
    "test_regret_mean": 0.0052564706121172354,
    "removed_fraction": 0.7619047619047619,
    "passes_90pct_recall_at_50pct_removal": false
  },
  {
    "encoder": "clip_b32",
    "method": "facility_subspace",
    "shortlist_size": 10,
    "rows": 7,
    "targets": 7,
    "best_candidate_recall_mean": 0.2857142857142857,
    "top3_candidate_recall_mean": 0.619047619047619,
    "validation_regret_mean": 0.0014885801133161433,
    "normalized_validation_regret_mean": 0.061879720298512124,
    "test_regret_mean": 0.00347075632640294,
    "removed_fraction": 0.5238095238095238,
    "passes_90pct_recall_at_50pct_removal": false
  },
  {
    "encoder": "clip_b32",
    "method": "full_merged_rank",
    "shortlist_size": 3,
    "rows": 7,
    "targets": 7,
    "best_candidate_recall_mean": 0.7142857142857143,
    "top3_candidate_recall_mean": 0.5714285714285714,
    "validation_regret_mean": 0.0013925940409389437,
    "normalized_validation_regret_mean": 0.04206861254322445,
    "test_regret_mean": 0.00167713846479145,
    "removed_fraction": 0.8571428571428572,
    "passes_90pct_recall_at_50pct_removal": false
  },
  {
    "encoder": "clip_b32",
    "method": "full_merged_rank",
    "shortlist_size": 5,
    "rows": 7,
    "targets": 7,
    "best_candidate_recall_mean": 0.8571428571428571,
    "top3_candidate_recall_mean": 0.9047619047619048,
    "validation_regret_mean": 0.0005802706069266536,
    "normalized_validation_regret_mean": 0.027272718614220714,
    "test_regret_mean": 0.0017857142857142952,
    "removed_fraction": 0.7619047619047619,
    "passes_90pct_recall_at_50pct_removal": false
  },
  {
    "encoder": "clip_b32",
    "method": "full_merged_rank",
    "shortlist_size": 10,
    "rows": 7,
    "targets": 7,
    "best_candidate_recall_mean": 1.0,
    "top3_candidate_recall_mean": 0.9523809523809524,
    "validation_regret_mean": 0.0,
    "normalized_validation_regret_mean": 0.0,
    "test_regret_mean": 0.0,
    "removed_fraction": 0.5238095238095238,
    "passes_90pct_recall_at_50pct_removal": true
  },
  {
    "encoder": "clip_b32",
    "method": "kcenter_subspace",
    "shortlist_size": 3,
    "rows": 7,
    "targets": 7,
    "best_candidate_recall_mean": 0.0,
    "top3_candidate_recall_mean": 0.2857142857142857,
    "validation_regret_mean": 0.005375106727446978,
    "normalized_validation_regret_mean": 0.17292951149791172,
    "test_regret_mean": 0.008954361506870836,
    "removed_fraction": 0.8571428571428572,
    "passes_90pct_recall_at_50pct_removal": false
  },
  {
    "encoder": "clip_b32",
    "method": "kcenter_subspace",
    "shortlist_size": 5,
    "rows": 7,
    "targets": 7,
    "best_candidate_recall_mean": 0.0,
    "top3_candidate_recall_mean": 0.33333333333333337,
    "validation_regret_mean": 0.005375106727446978,
    "normalized_validation_regret_mean": 0.17292951149791172,
    "test_regret_mean": 0.008954361506870836,
    "removed_fraction": 0.7619047619047619,
    "passes_90pct_recall_at_50pct_removal": false
  },
  {
    "encoder": "clip_b32",
    "method": "kcenter_subspace",
    "shortlist_size": 10,
    "rows": 7,
    "targets": 7,
    "best_candidate_recall_mean": 0.14285714285714285,
    "top3_candidate_recall_mean": 0.619047619047619,
    "validation_regret_mean": 0.002068850720242797,
    "normalized_validation_regret_mean": 0.08915243891273285,
    "test_regret_mean": 0.0052564706121172354,
    "removed_fraction": 0.5238095238095238,
    "passes_90pct_recall_at_50pct_removal": false
  },
  {
    "encoder": "clip_b32",
    "method": "pool_vendi_subspace",
    "shortlist_size": 3,
    "rows": 7,
    "targets": 7,
    "best_candidate_recall_mean": 0.0,
    "top3_candidate_recall_mean": 0.2857142857142857,
    "validation_regret_mean": 0.005375106727446978,
    "normalized_validation_regret_mean": 0.17292951149791172,
    "test_regret_mean": 0.008954361506870836,
    "removed_fraction": 0.8571428571428572,
    "passes_90pct_recall_at_50pct_removal": false
  },
  {
    "encoder": "clip_b32",
    "method": "pool_vendi_subspace",
    "shortlist_size": 5,
    "rows": 7,
    "targets": 7,
    "best_candidate_recall_mean": 0.0,
    "top3_candidate_recall_mean": 0.2857142857142857,
    "validation_regret_mean": 0.005375106727446978,
    "normalized_validation_regret_mean": 0.17292951149791172,
    "test_regret_mean": 0.008954361506870836,
    "removed_fraction": 0.7619047619047619,
    "passes_90pct_recall_at_50pct_removal": false
  },
  {
    "encoder": "clip_b32",
    "method": "pool_vendi_subspace",
    "shortlist_size": 10,
    "rows": 7,
    "targets": 7,
    "best_candidate_recall_mean": 0.7142857142857143,
    "top3_candidate_recall_mean": 0.5714285714285714,
    "validation_regret_mean": 0.0013925940409389437,
    "normalized_validation_regret_mean": 0.04206861254322445,
    "test_regret_mean": 0.00167713846479145,
    "removed_fraction": 0.5238095238095238,
    "passes_90pct_recall_at_50pct_removal": false
  },
  {
    "encoder": "clip_b32",
    "method": "random",
    "shortlist_size": 3,
    "rows": 700,
    "targets": 7,
    "best_candidate_recall_mean": 0.14285714285714285,
    "top3_candidate_recall_mean": 0.1419047619047619,
    "validation_regret_mean": 0.008416266267119122,
    "normalized_validation_regret_mean": 0.30399553309534766,
    "test_regret_mean": 0.010001798374312266,
    "removed_fraction": 0.8571428571428572,
    "passes_90pct_recall_at_50pct_removal": false
  },
  {
    "encoder": "clip_b32",
    "method": "random",
    "shortlist_size": 5,
    "rows": 700,
    "targets": 7,
    "best_candidate_recall_mean": 0.2357142857142857,
    "top3_candidate_recall_mean": 0.23714285714285716,
    "validation_regret_mean": 0.005714492550441313,
    "normalized_validation_regret_mean": 0.21153931668147583,
    "test_regret_mean": 0.006876718742506851,
    "removed_fraction": 0.7619047619047619,
    "passes_90pct_recall_at_50pct_removal": false
  },
  {
    "encoder": "clip_b32",
    "method": "random",
    "shortlist_size": 10,
    "rows": 700,
    "targets": 7,
    "best_candidate_recall_mean": 0.47,
    "top3_candidate_recall_mean": 0.4590476190476191,
    "validation_regret_mean": 0.002964437842825599,
    "normalized_validation_regret_mean": 0.1057649641959843,
    "test_regret_mean": 0.0039625215360096595,
    "removed_fraction": 0.5238095238095238,
    "passes_90pct_recall_at_50pct_removal": false
  },
  {
    "encoder": "clip_b32",
    "method": "rank_only",
    "shortlist_size": 3,
    "rows": 7,
    "targets": 7,
    "best_candidate_recall_mean": 0.7142857142857143,
    "top3_candidate_recall_mean": 0.5714285714285714,
    "validation_regret_mean": 0.0013925940409389437,
    "normalized_validation_regret_mean": 0.04206861254322445,
    "test_regret_mean": 0.00167713846479145,
    "removed_fraction": 0.8571428571428572,
    "passes_90pct_recall_at_50pct_removal": false
  },
  {
    "encoder": "clip_b32",
    "method": "rank_only",
    "shortlist_size": 5,
    "rows": 7,
    "targets": 7,
    "best_candidate_recall_mean": 0.8571428571428571,
    "top3_candidate_recall_mean": 0.9047619047619048,
    "validation_regret_mean": 0.0005802706069266536,
    "normalized_validation_regret_mean": 0.027272718614220714,
    "test_regret_mean": 0.0017857142857142952,
    "removed_fraction": 0.7619047619047619,
    "passes_90pct_recall_at_50pct_removal": false
  },
  {
    "encoder": "clip_b32",
    "method": "rank_only",
    "shortlist_size": 10,
    "rows": 7,
    "targets": 7,
    "best_candidate_recall_mean": 1.0,
    "top3_candidate_recall_mean": 0.9523809523809524,
    "validation_regret_mean": 0.0,
    "normalized_validation_regret_mean": 0.0,
    "test_regret_mean": 0.0,
    "removed_fraction": 0.5238095238095238,
    "passes_90pct_recall_at_50pct_removal": true
  }
]
