[
  {
    "encoder": "vit_b16",
    "method": "dpp_subspace",
    "shortlist_size": 3,
    "rows": 7,
    "targets": 7,
    "best_candidate_recall_mean": 0.7142857142857143,
    "top3_candidate_recall_mean": 0.42857142857142855,
    "validation_regret_mean": 0.0010355066222096049,
    "normalized_validation_regret_mean": 0.03801902799817614,
    "test_regret_mean": -0.007145709650857098,
    "removed_fraction": 0.8571428571428572,
    "passes_90pct_recall_at_50pct_removal": false
  },
  {
    "encoder": "vit_b16",
    "method": "dpp_subspace",
    "shortlist_size": 5,
    "rows": 7,
    "targets": 7,
    "best_candidate_recall_mean": 0.7142857142857143,
    "top3_candidate_recall_mean": 0.4761904761904762,
    "validation_regret_mean": 0.0007543511722061089,
    "normalized_validation_regret_mean": 0.027165390277654935,
    "test_regret_mean": -0.006066678251538948,
    "removed_fraction": 0.7619047619047619,
    "passes_90pct_recall_at_50pct_removal": false
  },
  {
    "encoder": "vit_b16",
    "method": "dpp_subspace",
    "shortlist_size": 10,
    "rows": 7,
    "targets": 7,
    "best_candidate_recall_mean": 1.0,
    "top3_candidate_recall_mean": 0.9047619047619048,
    "validation_regret_mean": 0.0,
    "normalized_validation_regret_mean": 0.0,
    "test_regret_mean": 0.0,
    "removed_fraction": 0.5238095238095238,
    "passes_90pct_recall_at_50pct_removal": true
  },
  {
    "encoder": "vit_b16",
    "method": "facility_subspace",
    "shortlist_size": 3,
    "rows": 7,
    "targets": 7,
    "best_candidate_recall_mean": 0.14285714285714285,
    "top3_candidate_recall_mean": 0.23809523809523808,
    "validation_regret_mean": 0.0042350460324563355,
    "normalized_validation_regret_mean": 0.13190548614486697,
    "test_regret_mean": -0.0030483330999101737,
    "removed_fraction": 0.8571428571428572,
    "passes_90pct_recall_at_50pct_removal": false
  },
  {
    "encoder": "vit_b16",
    "method": "facility_subspace",
    "shortlist_size": 5,
    "rows": 7,
    "targets": 7,
    "best_candidate_recall_mean": 0.2857142857142857,
    "top3_candidate_recall_mean": 0.380952380952381,
    "validation_regret_mean": 0.0023390051106113347,
    "normalized_validation_regret_mean": 0.08373512573502026,
    "test_regret_mean": -0.0051586866378784,
    "removed_fraction": 0.7619047619047619,
    "passes_90pct_recall_at_50pct_removal": false
  },
  {
    "encoder": "vit_b16",
    "method": "facility_subspace",
    "shortlist_size": 10,
    "rows": 7,
    "targets": 7,
    "best_candidate_recall_mean": 0.42857142857142855,
    "top3_candidate_recall_mean": 0.5238095238095238,
    "validation_regret_mean": 0.0016758398487663948,
    "normalized_validation_regret_mean": 0.060089848036594166,
    "test_regret_mean": 0.0004216705049787423,
    "removed_fraction": 0.5238095238095238,
    "passes_90pct_recall_at_50pct_removal": false
  },
  {
    "encoder": "vit_b16",
    "method": "full_merged_rank",
    "shortlist_size": 3,
    "rows": 7,
    "targets": 7,
    "best_candidate_recall_mean": 0.7142857142857143,
    "top3_candidate_recall_mean": 0.42857142857142855,
    "validation_regret_mean": 0.0010355066222096049,
    "normalized_validation_regret_mean": 0.03801902799817614,
    "test_regret_mean": -0.007145709650857098,
    "removed_fraction": 0.8571428571428572,
    "passes_90pct_recall_at_50pct_removal": false
  },
  {
    "encoder": "vit_b16",
    "method": "full_merged_rank",
    "shortlist_size": 5,
    "rows": 7,
    "targets": 7,
    "best_candidate_recall_mean": 0.8571428571428571,
    "top3_candidate_recall_mean": 0.7142857142857143,
    "validation_regret_mean": 0.0006631652618449399,
    "normalized_validation_regret_mean": 0.023645277698426097,
    "test_regret_mean": -0.005580357142857143,
    "removed_fraction": 0.7619047619047619,
    "passes_90pct_recall_at_50pct_removal": false
  },
  {
    "encoder": "vit_b16",
    "method": "full_merged_rank",
    "shortlist_size": 10,
    "rows": 7,
    "targets": 7,
    "best_candidate_recall_mean": 1.0,
    "top3_candidate_recall_mean": 0.8571428571428571,
    "validation_regret_mean": 0.0,
    "normalized_validation_regret_mean": 0.0,
    "test_regret_mean": 0.0,
    "removed_fraction": 0.5238095238095238,
    "passes_90pct_recall_at_50pct_removal": true
  },
  {
    "encoder": "vit_b16",
    "method": "kcenter_subspace",
    "shortlist_size": 3,
    "rows": 7,
    "targets": 7,
    "best_candidate_recall_mean": 0.5714285714285714,
    "top3_candidate_recall_mean": 0.2857142857142857,
    "validation_regret_mean": 0.001763801512121315,
    "normalized_validation_regret_mean": 0.052758344464308195,
    "test_regret_mean": -0.006194288390023371,
    "removed_fraction": 0.8571428571428572,
    "passes_90pct_recall_at_50pct_removal": false
  },
  {
    "encoder": "vit_b16",
    "method": "kcenter_subspace",
    "shortlist_size": 5,
    "rows": 7,
    "targets": 7,
    "best_candidate_recall_mean": 0.5714285714285714,
    "top3_candidate_recall_mean": 0.3333333333333333,
    "validation_regret_mean": 0.001763801512121315,
    "normalized_validation_regret_mean": 0.052758344464308195,
    "test_regret_mean": -0.006194288390023371,
    "removed_fraction": 0.7619047619047619,
    "passes_90pct_recall_at_50pct_removal": false
  },
  {
    "encoder": "vit_b16",
    "method": "kcenter_subspace",
    "shortlist_size": 10,
    "rows": 7,
    "targets": 7,
    "best_candidate_recall_mean": 0.8571428571428571,
    "top3_candidate_recall_mean": 0.5714285714285714,
    "validation_regret_mean": 0.0003723413603646649,
    "normalized_validation_regret_mean": 0.014373750299750045,
    "test_regret_mean": -0.0015653525079999556,
    "removed_fraction": 0.5238095238095238,
    "passes_90pct_recall_at_50pct_removal": false
  },
  {
    "encoder": "vit_b16",
    "method": "pool_vendi_subspace",
    "shortlist_size": 3,
    "rows": 7,
    "targets": 7,
    "best_candidate_recall_mean": 0.5714285714285714,
    "top3_candidate_recall_mean": 0.2857142857142857,
    "validation_regret_mean": 0.001763801512121315,
    "normalized_validation_regret_mean": 0.052758344464308195,
    "test_regret_mean": -0.006194288390023371,
    "removed_fraction": 0.8571428571428572,
    "passes_90pct_recall_at_50pct_removal": false
  },
  {
    "encoder": "vit_b16",
    "method": "pool_vendi_subspace",
    "shortlist_size": 5,
    "rows": 7,
    "targets": 7,
    "best_candidate_recall_mean": 0.7142857142857143,
    "top3_candidate_recall_mean": 0.42857142857142855,
    "validation_regret_mean": 0.0010355066222096049,
    "normalized_validation_regret_mean": 0.03801902799817614,
    "test_regret_mean": -0.007145709650857098,
    "removed_fraction": 0.7619047619047619,
    "passes_90pct_recall_at_50pct_removal": false
  },
  {
    "encoder": "vit_b16",
    "method": "pool_vendi_subspace",
    "shortlist_size": 10,
    "rows": 7,
    "targets": 7,
    "best_candidate_recall_mean": 0.8571428571428571,
    "top3_candidate_recall_mean": 0.5714285714285714,
    "validation_regret_mean": 0.0003723413603646649,
    "normalized_validation_regret_mean": 0.014373750299750045,
    "test_regret_mean": -0.0015653525079999556,
    "removed_fraction": 0.5238095238095238,
    "passes_90pct_recall_at_50pct_removal": false
  },
  {
    "encoder": "vit_b16",
    "method": "random",
    "shortlist_size": 3,
    "rows": 700,
    "targets": 7,
    "best_candidate_recall_mean": 0.15142857142857144,
    "top3_candidate_recall_mean": 0.1419047619047619,
    "validation_regret_mean": 0.006350642822581377,
    "normalized_validation_regret_mean": 0.21816819072614302,
    "test_regret_mean": 0.0011600787980215958,
    "removed_fraction": 0.8571428571428572,
    "passes_90pct_recall_at_50pct_removal": false
  },
  {
    "encoder": "vit_b16",
    "method": "random",
    "shortlist_size": 5,
    "rows": 700,
    "targets": 7,
    "best_candidate_recall_mean": 0.24571428571428572,
    "top3_candidate_recall_mean": 0.2480952380952381,
    "validation_regret_mean": 0.004368995455503875,
    "normalized_validation_regret_mean": 0.1490028608745456,
    "test_regret_mean": -0.0005555507881300753,
    "removed_fraction": 0.7619047619047619,
    "passes_90pct_recall_at_50pct_removal": false
  },
  {
    "encoder": "vit_b16",
    "method": "random",
    "shortlist_size": 10,
    "rows": 700,
    "targets": 7,
    "best_candidate_recall_mean": 0.4642857142857143,
    "top3_candidate_recall_mean": 0.47952380952380946,
    "validation_regret_mean": 0.002311904190434655,
    "normalized_validation_regret_mean": 0.07700367531486528,
    "test_regret_mean": -0.0013231962493487704,
    "removed_fraction": 0.5238095238095238,
    "passes_90pct_recall_at_50pct_removal": false
  },
  {
    "encoder": "vit_b16",
    "method": "rank_only",
    "shortlist_size": 3,
    "rows": 7,
    "targets": 7,
    "best_candidate_recall_mean": 0.7142857142857143,
    "top3_candidate_recall_mean": 0.5238095238095237,
    "validation_regret_mean": 0.00139146015175665,
    "normalized_validation_regret_mean": 0.03838459416455814,
    "test_regret_mean": -0.004628935882023415,
    "removed_fraction": 0.8571428571428572,
    "passes_90pct_recall_at_50pct_removal": false
  },
  {
    "encoder": "vit_b16",
    "method": "rank_only",
    "shortlist_size": 5,
    "rows": 7,
    "targets": 7,
    "best_candidate_recall_mean": 0.8571428571428571,
    "top3_candidate_recall_mean": 0.7142857142857143,
    "validation_regret_mean": 0.0006631652618449399,
    "normalized_validation_regret_mean": 0.023645277698426097,
    "test_regret_mean": -0.005580357142857143,
    "removed_fraction": 0.7619047619047619,
    "passes_90pct_recall_at_50pct_removal": false
  },
  {
    "encoder": "vit_b16",
    "method": "rank_only",
    "shortlist_size": 10,
    "rows": 7,
    "targets": 7,
    "best_candidate_recall_mean": 1.0,
    "top3_candidate_recall_mean": 0.8571428571428571,
    "validation_regret_mean": 0.0,
    "normalized_validation_regret_mean": 0.0,
    "test_regret_mean": 0.0,
    "removed_fraction": 0.5238095238095238,
    "passes_90pct_recall_at_50pct_removal": true
  }
]
