[
  {
    "encoder": "clip_b32",
    "method": "dpp_subspace",
    "shortlist_size": 3,
    "rows": 7,
    "targets": 7,
    "best_candidate_recall_mean": 0.5714285714285714,
    "top3_candidate_recall_mean": 0.4285714285714285,
    "validation_regret_mean": 0.005632129737309041,
    "normalized_validation_regret_mean": 0.1286713955860736,
    "test_regret_mean": -0.0016082116535731503,
    "removed_fraction": 0.8571428571428572,
    "passes_90pct_recall_at_50pct_removal": false
  },
  {
    "encoder": "clip_b32",
    "method": "dpp_subspace",
    "shortlist_size": 5,
    "rows": 7,
    "targets": 7,
    "best_candidate_recall_mean": 0.5714285714285714,
    "top3_candidate_recall_mean": 0.5238095238095238,
    "validation_regret_mean": 0.005352018560682015,
    "normalized_validation_regret_mean": 0.12509997949968435,
    "test_regret_mean": -0.0014824969427925977,
    "removed_fraction": 0.7619047619047619,
    "passes_90pct_recall_at_50pct_removal": false
  },
  {
    "encoder": "clip_b32",
    "method": "dpp_subspace",
    "shortlist_size": 10,
    "rows": 7,
    "targets": 7,
    "best_candidate_recall_mean": 1.0,
    "top3_candidate_recall_mean": 0.8095238095238094,
    "validation_regret_mean": 0.0,
    "normalized_validation_regret_mean": 0.0,
    "test_regret_mean": 0.0,
    "removed_fraction": 0.5238095238095238,
    "passes_90pct_recall_at_50pct_removal": true
  },
  {
    "encoder": "clip_b32",
    "method": "facility_subspace",
    "shortlist_size": 3,
    "rows": 7,
    "targets": 7,
    "best_candidate_recall_mean": 0.2857142857142857,
    "top3_candidate_recall_mean": 0.23809523809523808,
    "validation_regret_mean": 0.005424022674560547,
    "normalized_validation_regret_mean": 0.16923100176510192,
    "test_regret_mean": -0.0016090052468436295,
    "removed_fraction": 0.8571428571428572,
    "passes_90pct_recall_at_50pct_removal": false
  },
  {
    "encoder": "clip_b32",
    "method": "facility_subspace",
    "shortlist_size": 5,
    "rows": 7,
    "targets": 7,
    "best_candidate_recall_mean": 0.7142857142857143,
    "top3_candidate_recall_mean": 0.42857142857142866,
    "validation_regret_mean": 0.0018074580601283546,
    "normalized_validation_regret_mean": 0.06582347246269298,
    "test_regret_mean": -0.0009160671915326832,
    "removed_fraction": 0.7619047619047619,
    "passes_90pct_recall_at_50pct_removal": false
  },
  {
    "encoder": "clip_b32",
    "method": "facility_subspace",
    "shortlist_size": 10,
    "rows": 7,
    "targets": 7,
    "best_candidate_recall_mean": 0.7142857142857143,
    "top3_candidate_recall_mean": 0.4761904761904762,
    "validation_regret_mean": 0.0018074580601283546,
    "normalized_validation_regret_mean": 0.06582347246269298,
    "test_regret_mean": -0.0009160671915326832,
    "removed_fraction": 0.5238095238095238,
    "passes_90pct_recall_at_50pct_removal": false
  },
  {
    "encoder": "clip_b32",
    "method": "full_merged_rank",
    "shortlist_size": 3,
    "rows": 7,
    "targets": 7,
    "best_candidate_recall_mean": 0.5714285714285714,
    "top3_candidate_recall_mean": 0.4285714285714285,
    "validation_regret_mean": 0.005632129737309041,
    "normalized_validation_regret_mean": 0.1286713955860736,
    "test_regret_mean": -0.0016082116535731503,
    "removed_fraction": 0.8571428571428572,
    "passes_90pct_recall_at_50pct_removal": false
  },
  {
    "encoder": "clip_b32",
    "method": "full_merged_rank",
    "shortlist_size": 5,
    "rows": 7,
    "targets": 7,
    "best_candidate_recall_mean": 0.8571428571428571,
    "top3_candidate_recall_mean": 0.7142857142857143,
    "validation_regret_mean": 0.0008241772651672427,
    "normalized_validation_regret_mean": 0.03061230363374175,
    "test_regret_mean": -0.0011160714285714285,
    "removed_fraction": 0.7619047619047619,
    "passes_90pct_recall_at_50pct_removal": false
  },
  {
    "encoder": "clip_b32",
    "method": "full_merged_rank",
    "shortlist_size": 10,
    "rows": 7,
    "targets": 7,
    "best_candidate_recall_mean": 0.8571428571428571,
    "top3_candidate_recall_mean": 0.8571428571428571,
    "validation_regret_mean": 0.0006868141038077281,
    "normalized_validation_regret_mean": 0.025510242485798244,
    "test_regret_mean": -0.0013392857142857176,
    "removed_fraction": 0.5238095238095238,
    "passes_90pct_recall_at_50pct_removal": false
  },
  {
    "encoder": "clip_b32",
    "method": "kcenter_subspace",
    "shortlist_size": 3,
    "rows": 7,
    "targets": 7,
    "best_candidate_recall_mean": 0.42857142857142855,
    "top3_candidate_recall_mean": 0.19047619047619047,
    "validation_regret_mean": 0.007051977089473186,
    "normalized_validation_regret_mean": 0.1718682830803719,
    "test_regret_mean": 0.0009614314351763202,
    "removed_fraction": 0.8571428571428572,
    "passes_90pct_recall_at_50pct_removal": false
  },
  {
    "encoder": "clip_b32",
    "method": "kcenter_subspace",
    "shortlist_size": 5,
    "rows": 7,
    "targets": 7,
    "best_candidate_recall_mean": 0.42857142857142855,
    "top3_candidate_recall_mean": 0.19047619047619047,
    "validation_regret_mean": 0.006777252469744001,
    "normalized_validation_regret_mean": 0.16166422403840416,
    "test_regret_mean": 0.002300717149462022,
    "removed_fraction": 0.7619047619047619,
    "passes_90pct_recall_at_50pct_removal": false
  },
  {
    "encoder": "clip_b32",
    "method": "kcenter_subspace",
    "shortlist_size": 10,
    "rows": 7,
    "targets": 7,
    "best_candidate_recall_mean": 0.7142857142857143,
    "top3_candidate_recall_mean": 0.4761904761904762,
    "validation_regret_mean": 0.0018074580601283546,
    "normalized_validation_regret_mean": 0.06582347246269298,
    "test_regret_mean": -0.0009160671915326832,
    "removed_fraction": 0.5238095238095238,
    "passes_90pct_recall_at_50pct_removal": false
  },
  {
    "encoder": "clip_b32",
    "method": "pool_vendi_subspace",
    "shortlist_size": 3,
    "rows": 7,
    "targets": 7,
    "best_candidate_recall_mean": 0.42857142857142855,
    "top3_candidate_recall_mean": 0.19047619047619047,
    "validation_regret_mean": 0.007051977089473186,
    "normalized_validation_regret_mean": 0.1718682830803719,
    "test_regret_mean": 0.0009614314351763202,
    "removed_fraction": 0.8571428571428572,
    "passes_90pct_recall_at_50pct_removal": false
  },
  {
    "encoder": "clip_b32",
    "method": "pool_vendi_subspace",
    "shortlist_size": 5,
    "rows": 7,
    "targets": 7,
    "best_candidate_recall_mean": 0.42857142857142855,
    "top3_candidate_recall_mean": 0.2857142857142857,
    "validation_regret_mean": 0.006056136744362958,
    "normalized_validation_regret_mean": 0.1352918520280547,
    "test_regret_mean": 0.002243575028010774,
    "removed_fraction": 0.7619047619047619,
    "passes_90pct_recall_at_50pct_removal": false
  },
  {
    "encoder": "clip_b32",
    "method": "pool_vendi_subspace",
    "shortlist_size": 10,
    "rows": 7,
    "targets": 7,
    "best_candidate_recall_mean": 0.5714285714285714,
    "top3_candidate_recall_mean": 0.5238095238095237,
    "validation_regret_mean": 0.004533226149422785,
    "normalized_validation_regret_mean": 0.08785496965644542,
    "test_regret_mean": -0.0013849973678588773,
    "removed_fraction": 0.5238095238095238,
    "passes_90pct_recall_at_50pct_removal": false
  },
  {
    "encoder": "clip_b32",
    "method": "random",
    "shortlist_size": 3,
    "rows": 700,
    "targets": 7,
    "best_candidate_recall_mean": 0.1457142857142857,
    "top3_candidate_recall_mean": 0.13904761904761903,
    "validation_regret_mean": 0.011718839151518678,
    "normalized_validation_regret_mean": 0.31212060570336697,
    "test_regret_mean": 0.004330450057983395,
    "removed_fraction": 0.8571428571428572,
    "passes_90pct_recall_at_50pct_removal": false
  },
  {
    "encoder": "clip_b32",
    "method": "random",
    "shortlist_size": 5,
    "rows": 700,
    "targets": 7,
    "best_candidate_recall_mean": 0.24285714285714285,
    "top3_candidate_recall_mean": 0.2338095238095238,
    "validation_regret_mean": 0.00857937152045113,
    "normalized_validation_regret_mean": 0.22848446413905274,
    "test_regret_mean": 0.001912918601717266,
    "removed_fraction": 0.7619047619047619,
    "passes_90pct_recall_at_50pct_removal": false
  },
  {
    "encoder": "clip_b32",
    "method": "random",
    "shortlist_size": 10,
    "rows": 700,
    "targets": 7,
    "best_candidate_recall_mean": 0.45285714285714285,
    "top3_candidate_recall_mean": 0.46047619047619054,
    "validation_regret_mean": 0.004958011167390001,
    "normalized_validation_regret_mean": 0.12521005992967577,
    "test_regret_mean": 0.0005688361270087076,
    "removed_fraction": 0.5238095238095238,
    "passes_90pct_recall_at_50pct_removal": false
  },
  {
    "encoder": "clip_b32",
    "method": "rank_only",
    "shortlist_size": 3,
    "rows": 7,
    "targets": 7,
    "best_candidate_recall_mean": 0.5714285714285714,
    "top3_candidate_recall_mean": 0.4285714285714285,
    "validation_regret_mean": 0.005632129737309041,
    "normalized_validation_regret_mean": 0.1286713955860736,
    "test_regret_mean": -0.0016082116535731503,
    "removed_fraction": 0.8571428571428572,
    "passes_90pct_recall_at_50pct_removal": false
  },
  {
    "encoder": "clip_b32",
    "method": "rank_only",
    "shortlist_size": 5,
    "rows": 7,
    "targets": 7,
    "best_candidate_recall_mean": 0.8571428571428571,
    "top3_candidate_recall_mean": 0.7142857142857143,
    "validation_regret_mean": 0.0008241772651672427,
    "normalized_validation_regret_mean": 0.03061230363374175,
    "test_regret_mean": -0.0011160714285714285,
    "removed_fraction": 0.7619047619047619,
    "passes_90pct_recall_at_50pct_removal": false
  },
  {
    "encoder": "clip_b32",
    "method": "rank_only",
    "shortlist_size": 10,
    "rows": 7,
    "targets": 7,
    "best_candidate_recall_mean": 1.0,
    "top3_candidate_recall_mean": 0.8095238095238094,
    "validation_regret_mean": 0.0,
    "normalized_validation_regret_mean": 0.0,
    "test_regret_mean": 0.0,
    "removed_fraction": 0.5238095238095238,
    "passes_90pct_recall_at_50pct_removal": true
  }
]
