[
  {
    "encoder": "clip_b32",
    "method": "dpp_subspace",
    "shortlist_size": 3,
    "rows": 7,
    "targets": 7,
    "best_candidate_recall_mean": 0.8571428571428571,
    "top3_candidate_recall_mean": 0.38095238095238093,
    "best_candidate_family_recall_mean": 0.8571428571428571,
    "top3_candidate_family_recall_mean": 0.40476190476190477,
    "validation_regret_mean": 0.0007189537229992064,
    "normalized_validation_regret_mean": 0.017054252200590182,
    "test_regret_mean": -0.0003714254924229245,
    "removed_fraction": 0.8125,
    "selected_family_count_mean": 3.0,
    "removed_family_fraction_mean": 0.7692307692307692,
    "passes_90pct_recall_at_50pct_removal": false
  },
  {
    "encoder": "clip_b32",
    "method": "dpp_subspace",
    "shortlist_size": 5,
    "rows": 7,
    "targets": 7,
    "best_candidate_recall_mean": 0.8571428571428571,
    "top3_candidate_recall_mean": 0.4761904761904762,
    "best_candidate_family_recall_mean": 0.8571428571428571,
    "top3_candidate_family_recall_mean": 0.6428571428571429,
    "validation_regret_mean": 0.00014005615597678656,
    "normalized_validation_regret_mean": 0.00332226251824549,
    "test_regret_mean": 0.00022285665784563653,
    "removed_fraction": 0.6875,
    "selected_family_count_mean": 5.0,
    "removed_family_fraction_mean": 0.6153846153846155,
    "passes_90pct_recall_at_50pct_removal": false
  },
  {
    "encoder": "clip_b32",
    "method": "dpp_subspace",
    "shortlist_size": 8,
    "rows": 7,
    "targets": 7,
    "best_candidate_recall_mean": 1.0,
    "top3_candidate_recall_mean": 0.8095238095238095,
    "best_candidate_family_recall_mean": 1.0,
    "top3_candidate_family_recall_mean": 1.0,
    "validation_regret_mean": 0.0,
    "normalized_validation_regret_mean": 0.0,
    "test_regret_mean": 0.0,
    "removed_fraction": 0.5,
    "selected_family_count_mean": 8.0,
    "removed_family_fraction_mean": 0.3846153846153846,
    "passes_90pct_recall_at_50pct_removal": true
  },
  {
    "encoder": "clip_b32",
    "method": "facility_subspace",
    "shortlist_size": 3,
    "rows": 7,
    "targets": 7,
    "best_candidate_recall_mean": 0.8571428571428571,
    "top3_candidate_recall_mean": 0.42857142857142855,
    "best_candidate_family_recall_mean": 1.0,
    "top3_candidate_family_recall_mean": 0.8571428571428571,
    "validation_regret_mean": 0.0007189537229992064,
    "normalized_validation_regret_mean": 0.017054252200590182,
    "test_regret_mean": -0.0003714254924229245,
    "removed_fraction": 0.8125,
    "selected_family_count_mean": 3.0,
    "removed_family_fraction_mean": 0.7692307692307692,
    "passes_90pct_recall_at_50pct_removal": false
  },
  {
    "encoder": "clip_b32",
    "method": "facility_subspace",
    "shortlist_size": 5,
    "rows": 7,
    "targets": 7,
    "best_candidate_recall_mean": 0.8571428571428571,
    "top3_candidate_recall_mean": 0.42857142857142855,
    "best_candidate_family_recall_mean": 1.0,
    "top3_candidate_family_recall_mean": 0.8571428571428571,
    "validation_regret_mean": 0.0007189537229992064,
    "normalized_validation_regret_mean": 0.017054252200590182,
    "test_regret_mean": -0.0003714254924229245,
    "removed_fraction": 0.6875,
    "selected_family_count_mean": 5.0,
    "removed_family_fraction_mean": 0.6153846153846155,
    "passes_90pct_recall_at_50pct_removal": false
  },
  {
    "encoder": "clip_b32",
    "method": "facility_subspace",
    "shortlist_size": 8,
    "rows": 7,
    "targets": 7,
    "best_candidate_recall_mean": 0.8571428571428571,
    "top3_candidate_recall_mean": 0.5714285714285714,
    "best_candidate_family_recall_mean": 1.0,
    "top3_candidate_family_recall_mean": 1.0,
    "validation_regret_mean": 0.00014005615597678656,
    "normalized_validation_regret_mean": 0.00332226251824549,
    "test_regret_mean": 0.00022285665784563653,
    "removed_fraction": 0.5,
    "selected_family_count_mean": 8.0,
    "removed_family_fraction_mean": 0.3846153846153846,
    "passes_90pct_recall_at_50pct_removal": false
  },
  {
    "encoder": "clip_b32",
    "method": "full_merged_rank",
    "shortlist_size": 3,
    "rows": 7,
    "targets": 7,
    "best_candidate_recall_mean": 0.8571428571428571,
    "top3_candidate_recall_mean": 0.38095238095238093,
    "best_candidate_family_recall_mean": 0.8571428571428571,
    "top3_candidate_family_recall_mean": 0.40476190476190477,
    "validation_regret_mean": 0.0007189537229992064,
    "normalized_validation_regret_mean": 0.017054252200590182,
    "test_regret_mean": -0.0003714254924229245,
    "removed_fraction": 0.8125,
    "selected_family_count_mean": 3.0,
    "removed_family_fraction_mean": 0.7692307692307692,
    "passes_90pct_recall_at_50pct_removal": false
  },
  {
    "encoder": "clip_b32",
    "method": "full_merged_rank",
    "shortlist_size": 5,
    "rows": 7,
    "targets": 7,
    "best_candidate_recall_mean": 0.8571428571428571,
    "top3_candidate_recall_mean": 0.42857142857142855,
    "best_candidate_family_recall_mean": 0.8571428571428571,
    "top3_candidate_family_recall_mean": 0.5476190476190476,
    "validation_regret_mean": 0.0007189537229992064,
    "normalized_validation_regret_mean": 0.017054252200590182,
    "test_regret_mean": -0.0003714254924229245,
    "removed_fraction": 0.6875,
    "selected_family_count_mean": 5.0,
    "removed_family_fraction_mean": 0.6153846153846155,
    "passes_90pct_recall_at_50pct_removal": false
  },
  {
    "encoder": "clip_b32",
    "method": "full_merged_rank",
    "shortlist_size": 8,
    "rows": 7,
    "targets": 7,
    "best_candidate_recall_mean": 1.0,
    "top3_candidate_recall_mean": 0.8571428571428571,
    "best_candidate_family_recall_mean": 1.0,
    "top3_candidate_family_recall_mean": 1.0,
    "validation_regret_mean": 0.0,
    "normalized_validation_regret_mean": 0.0,
    "test_regret_mean": 0.0,
    "removed_fraction": 0.5,
    "selected_family_count_mean": 8.0,
    "removed_family_fraction_mean": 0.3846153846153846,
    "passes_90pct_recall_at_50pct_removal": true
  },
  {
    "encoder": "clip_b32",
    "method": "kcenter_subspace",
    "shortlist_size": 3,
    "rows": 7,
    "targets": 7,
    "best_candidate_recall_mean": 0.8571428571428571,
    "top3_candidate_recall_mean": 0.38095238095238093,
    "best_candidate_family_recall_mean": 0.8571428571428571,
    "top3_candidate_family_recall_mean": 0.40476190476190477,
    "validation_regret_mean": 0.0007189537229992064,
    "normalized_validation_regret_mean": 0.017054252200590182,
    "test_regret_mean": -0.0003714254924229245,
    "removed_fraction": 0.8125,
    "selected_family_count_mean": 3.0,
    "removed_family_fraction_mean": 0.7692307692307692,
    "passes_90pct_recall_at_50pct_removal": false
  },
  {
    "encoder": "clip_b32",
    "method": "kcenter_subspace",
    "shortlist_size": 5,
    "rows": 7,
    "targets": 7,
    "best_candidate_recall_mean": 0.8571428571428571,
    "top3_candidate_recall_mean": 0.42857142857142855,
    "best_candidate_family_recall_mean": 1.0,
    "top3_candidate_family_recall_mean": 0.7619047619047619,
    "validation_regret_mean": 0.0007189537229992064,
    "normalized_validation_regret_mean": 0.017054252200590182,
    "test_regret_mean": -0.0003714254924229245,
    "removed_fraction": 0.6875,
    "selected_family_count_mean": 5.0,
    "removed_family_fraction_mean": 0.6153846153846155,
    "passes_90pct_recall_at_50pct_removal": false
  },
  {
    "encoder": "clip_b32",
    "method": "kcenter_subspace",
    "shortlist_size": 8,
    "rows": 7,
    "targets": 7,
    "best_candidate_recall_mean": 0.8571428571428571,
    "top3_candidate_recall_mean": 0.619047619047619,
    "best_candidate_family_recall_mean": 1.0,
    "top3_candidate_family_recall_mean": 1.0,
    "validation_regret_mean": 0.00014005615597678656,
    "normalized_validation_regret_mean": 0.00332226251824549,
    "test_regret_mean": 0.00022285665784563653,
    "removed_fraction": 0.5,
    "selected_family_count_mean": 8.0,
    "removed_family_fraction_mean": 0.3846153846153846,
    "passes_90pct_recall_at_50pct_removal": false
  },
  {
    "encoder": "clip_b32",
    "method": "pool_vendi_subspace",
    "shortlist_size": 3,
    "rows": 7,
    "targets": 7,
    "best_candidate_recall_mean": 1.0,
    "top3_candidate_recall_mean": 0.6666666666666666,
    "best_candidate_family_recall_mean": 1.0,
    "top3_candidate_family_recall_mean": 0.7142857142857143,
    "validation_regret_mean": 0.0,
    "normalized_validation_regret_mean": 0.0,
    "test_regret_mean": 0.0,
    "removed_fraction": 0.8125,
    "selected_family_count_mean": 3.0,
    "removed_family_fraction_mean": 0.7692307692307692,
    "passes_90pct_recall_at_50pct_removal": true
  },
  {
    "encoder": "clip_b32",
    "method": "pool_vendi_subspace",
    "shortlist_size": 5,
    "rows": 7,
    "targets": 7,
    "best_candidate_recall_mean": 1.0,
    "top3_candidate_recall_mean": 0.7142857142857143,
    "best_candidate_family_recall_mean": 1.0,
    "top3_candidate_family_recall_mean": 0.7619047619047619,
    "validation_regret_mean": 0.0,
    "normalized_validation_regret_mean": 0.0,
    "test_regret_mean": 0.0,
    "removed_fraction": 0.6875,
    "selected_family_count_mean": 5.0,
    "removed_family_fraction_mean": 0.6153846153846155,
    "passes_90pct_recall_at_50pct_removal": true
  },
  {
    "encoder": "clip_b32",
    "method": "pool_vendi_subspace",
    "shortlist_size": 8,
    "rows": 7,
    "targets": 7,
    "best_candidate_recall_mean": 1.0,
    "top3_candidate_recall_mean": 0.8095238095238095,
    "best_candidate_family_recall_mean": 1.0,
    "top3_candidate_family_recall_mean": 0.8571428571428571,
    "validation_regret_mean": 0.0,
    "normalized_validation_regret_mean": 0.0,
    "test_regret_mean": 0.0,
    "removed_fraction": 0.5,
    "selected_family_count_mean": 8.0,
    "removed_family_fraction_mean": 0.3846153846153846,
    "passes_90pct_recall_at_50pct_removal": true
  },
  {
    "encoder": "clip_b32",
    "method": "random",
    "shortlist_size": 3,
    "rows": 700,
    "targets": 7,
    "best_candidate_recall_mean": 0.21571428571428572,
    "top3_candidate_recall_mean": 0.19238095238095237,
    "best_candidate_family_recall_mean": 0.23714285714285716,
    "top3_candidate_family_recall_mean": 0.2961904761904762,
    "validation_regret_mean": 0.004702063884458928,
    "normalized_validation_regret_mean": 0.22525125484258393,
    "test_regret_mean": 0.00459378079005649,
    "removed_fraction": 0.8125,
    "selected_family_count_mean": 2.92,
    "removed_family_fraction_mean": 0.7753846153846153,
    "passes_90pct_recall_at_50pct_removal": false
  },
  {
    "encoder": "clip_b32",
    "method": "random",
    "shortlist_size": 5,
    "rows": 700,
    "targets": 7,
    "best_candidate_recall_mean": 0.30857142857142855,
    "top3_candidate_recall_mean": 0.30666666666666664,
    "best_candidate_family_recall_mean": 0.3357142857142857,
    "top3_candidate_family_recall_mean": 0.43309523809523803,
    "validation_regret_mean": 0.003370406311062704,
    "normalized_validation_regret_mean": 0.16167684816568612,
    "test_regret_mean": 0.0031862049613680054,
    "removed_fraction": 0.6875,
    "selected_family_count_mean": 4.702857142857143,
    "removed_family_fraction_mean": 0.6382417582417582,
    "passes_90pct_recall_at_50pct_removal": false
  },
  {
    "encoder": "clip_b32",
    "method": "random",
    "shortlist_size": 8,
    "rows": 700,
    "targets": 7,
    "best_candidate_recall_mean": 0.5171428571428571,
    "top3_candidate_recall_mean": 0.508095238095238,
    "best_candidate_family_recall_mean": 0.5542857142857143,
    "top3_candidate_family_recall_mean": 0.6590476190476191,
    "validation_regret_mean": 0.0016976819852279456,
    "normalized_validation_regret_mean": 0.0877648028844995,
    "test_regret_mean": 0.001441121629306242,
    "removed_fraction": 0.5,
    "selected_family_count_mean": 7.168571428571428,
    "removed_family_fraction_mean": 0.44857142857142857,
    "passes_90pct_recall_at_50pct_removal": false
  },
  {
    "encoder": "clip_b32",
    "method": "rank_only",
    "shortlist_size": 3,
    "rows": 7,
    "targets": 7,
    "best_candidate_recall_mean": 0.8571428571428571,
    "top3_candidate_recall_mean": 0.38095238095238093,
    "best_candidate_family_recall_mean": 0.8571428571428571,
    "top3_candidate_family_recall_mean": 0.40476190476190477,
    "validation_regret_mean": 0.0007189537229992064,
    "normalized_validation_regret_mean": 0.017054252200590182,
    "test_regret_mean": -0.0003714254924229245,
    "removed_fraction": 0.8125,
    "selected_family_count_mean": 3.0,
    "removed_family_fraction_mean": 0.7692307692307692,
    "passes_90pct_recall_at_50pct_removal": false
  },
  {
    "encoder": "clip_b32",
    "method": "rank_only",
    "shortlist_size": 5,
    "rows": 7,
    "targets": 7,
    "best_candidate_recall_mean": 0.8571428571428571,
    "top3_candidate_recall_mean": 0.42857142857142855,
    "best_candidate_family_recall_mean": 0.8571428571428571,
    "top3_candidate_family_recall_mean": 0.5476190476190476,
    "validation_regret_mean": 0.0007189537229992064,
    "normalized_validation_regret_mean": 0.017054252200590182,
    "test_regret_mean": -0.0003714254924229245,
    "removed_fraction": 0.6875,
    "selected_family_count_mean": 4.0,
    "removed_family_fraction_mean": 0.6923076923076924,
    "passes_90pct_recall_at_50pct_removal": false
  },
  {
    "encoder": "clip_b32",
    "method": "rank_only",
    "shortlist_size": 8,
    "rows": 7,
    "targets": 7,
    "best_candidate_recall_mean": 1.0,
    "top3_candidate_recall_mean": 0.9523809523809524,
    "best_candidate_family_recall_mean": 1.0,
    "top3_candidate_family_recall_mean": 1.0,
    "validation_regret_mean": 0.0,
    "normalized_validation_regret_mean": 0.0,
    "test_regret_mean": 0.0,
    "removed_fraction": 0.5,
    "selected_family_count_mean": 6.0,
    "removed_family_fraction_mean": 0.5384615384615384,
    "passes_90pct_recall_at_50pct_removal": true
  }
]
