[
  {
    "encoder": "resnet50",
    "method": "dpp_subspace",
    "shortlist_size": 3,
    "rows": 7,
    "targets": 7,
    "best_candidate_recall_mean": 0.7142857142857143,
    "top3_candidate_recall_mean": 0.380952380952381,
    "best_candidate_family_recall_mean": 0.7142857142857143,
    "top3_candidate_family_recall_mean": 0.619047619047619,
    "validation_regret_mean": 0.0009934209442674488,
    "normalized_validation_regret_mean": 0.05676607814330951,
    "test_regret_mean": -0.0033587966646467,
    "removed_fraction": 0.85,
    "selected_family_count_mean": 3.0,
    "removed_family_fraction_mean": 0.8125,
    "passes_90pct_recall_at_50pct_removal": false
  },
  {
    "encoder": "resnet50",
    "method": "dpp_subspace",
    "shortlist_size": 5,
    "rows": 7,
    "targets": 7,
    "best_candidate_recall_mean": 0.7142857142857143,
    "top3_candidate_recall_mean": 0.42857142857142855,
    "best_candidate_family_recall_mean": 0.7142857142857143,
    "top3_candidate_family_recall_mean": 0.6666666666666666,
    "validation_regret_mean": 0.00045920341622313857,
    "normalized_validation_regret_mean": 0.02819464402835281,
    "test_regret_mean": 0.0011054890496390143,
    "removed_fraction": 0.75,
    "selected_family_count_mean": 5.0,
    "removed_family_fraction_mean": 0.6875,
    "passes_90pct_recall_at_50pct_removal": false
  },
  {
    "encoder": "resnet50",
    "method": "dpp_subspace",
    "shortlist_size": 10,
    "rows": 7,
    "targets": 7,
    "best_candidate_recall_mean": 0.7142857142857143,
    "top3_candidate_recall_mean": 0.7619047619047619,
    "best_candidate_family_recall_mean": 0.7142857142857143,
    "top3_candidate_family_recall_mean": 0.7619047619047619,
    "validation_regret_mean": 0.0004045914135225751,
    "normalized_validation_regret_mean": 0.024242997454144304,
    "test_regret_mean": -0.0007668665477207824,
    "removed_fraction": 0.5,
    "selected_family_count_mean": 8.0,
    "removed_family_fraction_mean": 0.5,
    "passes_90pct_recall_at_50pct_removal": false
  },
  {
    "encoder": "resnet50",
    "method": "facility_subspace",
    "shortlist_size": 3,
    "rows": 7,
    "targets": 7,
    "best_candidate_recall_mean": 0.0,
    "top3_candidate_recall_mean": 0.23809523809523808,
    "best_candidate_family_recall_mean": 0.0,
    "top3_candidate_family_recall_mean": 0.3095238095238095,
    "validation_regret_mean": 0.00579284276775028,
    "normalized_validation_regret_mean": 0.2397282053963561,
    "test_regret_mean": 0.00028386286326815516,
    "removed_fraction": 0.85,
    "selected_family_count_mean": 3.0,
    "removed_family_fraction_mean": 0.8125,
    "passes_90pct_recall_at_50pct_removal": false
  },
  {
    "encoder": "resnet50",
    "method": "facility_subspace",
    "shortlist_size": 5,
    "rows": 7,
    "targets": 7,
    "best_candidate_recall_mean": 0.0,
    "top3_candidate_recall_mean": 0.2857142857142857,
    "best_candidate_family_recall_mean": 0.0,
    "top3_candidate_family_recall_mean": 0.35714285714285715,
    "validation_regret_mean": 0.004863476931800044,
    "normalized_validation_regret_mean": 0.19838095172081552,
    "test_regret_mean": -0.003502629484449127,
    "removed_fraction": 0.75,
    "selected_family_count_mean": 5.0,
    "removed_family_fraction_mean": 0.6875,
    "passes_90pct_recall_at_50pct_removal": false
  },
  {
    "encoder": "resnet50",
    "method": "facility_subspace",
    "shortlist_size": 10,
    "rows": 7,
    "targets": 7,
    "best_candidate_recall_mean": 0.2857142857142857,
    "top3_candidate_recall_mean": 0.47619047619047616,
    "best_candidate_family_recall_mean": 0.2857142857142857,
    "top3_candidate_family_recall_mean": 0.5952380952380951,
    "validation_regret_mean": 0.0034910084476172387,
    "normalized_validation_regret_mean": 0.1105454296707056,
    "test_regret_mean": -0.0005353672163827142,
    "removed_fraction": 0.5,
    "selected_family_count_mean": 10.0,
    "removed_family_fraction_mean": 0.375,
    "passes_90pct_recall_at_50pct_removal": false
  },
  {
    "encoder": "resnet50",
    "method": "full_merged_rank",
    "shortlist_size": 3,
    "rows": 7,
    "targets": 7,
    "best_candidate_recall_mean": 0.7142857142857143,
    "top3_candidate_recall_mean": 0.380952380952381,
    "best_candidate_family_recall_mean": 0.7142857142857143,
    "top3_candidate_family_recall_mean": 0.619047619047619,
    "validation_regret_mean": 0.0009934209442674488,
    "normalized_validation_regret_mean": 0.05676607814330951,
    "test_regret_mean": -0.0033587966646467,
    "removed_fraction": 0.85,
    "selected_family_count_mean": 3.0,
    "removed_family_fraction_mean": 0.8125,
    "passes_90pct_recall_at_50pct_removal": false
  },
  {
    "encoder": "resnet50",
    "method": "full_merged_rank",
    "shortlist_size": 5,
    "rows": 7,
    "targets": 7,
    "best_candidate_recall_mean": 0.7142857142857143,
    "top3_candidate_recall_mean": 0.619047619047619,
    "best_candidate_family_recall_mean": 0.7142857142857143,
    "top3_candidate_family_recall_mean": 0.619047619047619,
    "validation_regret_mean": 0.0006249940727502798,
    "normalized_validation_regret_mean": 0.037061587868966996,
    "test_regret_mean": -0.0015730823789324206,
    "removed_fraction": 0.75,
    "selected_family_count_mean": 4.0,
    "removed_family_fraction_mean": 0.75,
    "passes_90pct_recall_at_50pct_removal": false
  },
  {
    "encoder": "resnet50",
    "method": "full_merged_rank",
    "shortlist_size": 10,
    "rows": 7,
    "targets": 7,
    "best_candidate_recall_mean": 0.8571428571428571,
    "top3_candidate_recall_mean": 0.761904761904762,
    "best_candidate_family_recall_mean": 0.8571428571428571,
    "top3_candidate_family_recall_mean": 0.761904761904762,
    "validation_regret_mean": 0.00012761989729743423,
    "normalized_validation_regret_mean": 0.010460638371006687,
    "test_regret_mean": -1.0582378932414268e-05,
    "removed_fraction": 0.5,
    "selected_family_count_mean": 8.0,
    "removed_family_fraction_mean": 0.5,
    "passes_90pct_recall_at_50pct_removal": false
  },
  {
    "encoder": "resnet50",
    "method": "kcenter_subspace",
    "shortlist_size": 3,
    "rows": 7,
    "targets": 7,
    "best_candidate_recall_mean": 0.7142857142857143,
    "top3_candidate_recall_mean": 0.3333333333333333,
    "best_candidate_family_recall_mean": 0.7142857142857143,
    "top3_candidate_family_recall_mean": 0.35714285714285715,
    "validation_regret_mean": 0.0006618371766459186,
    "normalized_validation_regret_mean": 0.03903205918502129,
    "test_regret_mean": -0.0029123680932181223,
    "removed_fraction": 0.85,
    "selected_family_count_mean": 3.0,
    "removed_family_fraction_mean": 0.8125,
    "passes_90pct_recall_at_50pct_removal": false
  },
  {
    "encoder": "resnet50",
    "method": "kcenter_subspace",
    "shortlist_size": 5,
    "rows": 7,
    "targets": 7,
    "best_candidate_recall_mean": 0.7142857142857143,
    "top3_candidate_recall_mean": 0.38095238095238093,
    "best_candidate_family_recall_mean": 0.7142857142857143,
    "top3_candidate_family_recall_mean": 0.40476190476190477,
    "validation_regret_mean": 0.00044078126971120693,
    "normalized_validation_regret_mean": 0.02720937657138896,
    "test_regret_mean": -0.001126653807503843,
    "removed_fraction": 0.75,
    "selected_family_count_mean": 5.0,
    "removed_family_fraction_mean": 0.6875,
    "passes_90pct_recall_at_50pct_removal": false
  },
  {
    "encoder": "resnet50",
    "method": "kcenter_subspace",
    "shortlist_size": 10,
    "rows": 7,
    "targets": 7,
    "best_candidate_recall_mean": 0.8571428571428571,
    "top3_candidate_recall_mean": 0.5238095238095238,
    "best_candidate_family_recall_mean": 0.8571428571428571,
    "top3_candidate_family_recall_mean": 0.5952380952380951,
    "validation_regret_mean": 9.143004110880235e-05,
    "normalized_validation_regret_mean": 0.007494259253762033,
    "test_regret_mean": 0.00034920488085064615,
    "removed_fraction": 0.5,
    "selected_family_count_mean": 9.0,
    "removed_family_fraction_mean": 0.4375,
    "passes_90pct_recall_at_50pct_removal": false
  },
  {
    "encoder": "resnet50",
    "method": "pool_vendi_subspace",
    "shortlist_size": 3,
    "rows": 7,
    "targets": 7,
    "best_candidate_recall_mean": 0.7142857142857143,
    "top3_candidate_recall_mean": 0.3333333333333333,
    "best_candidate_family_recall_mean": 0.7142857142857143,
    "top3_candidate_family_recall_mean": 0.35714285714285715,
    "validation_regret_mean": 0.0006618371766459186,
    "normalized_validation_regret_mean": 0.03903205918502129,
    "test_regret_mean": -0.0029123680932181223,
    "removed_fraction": 0.85,
    "selected_family_count_mean": 3.0,
    "removed_family_fraction_mean": 0.8125,
    "passes_90pct_recall_at_50pct_removal": false
  },
  {
    "encoder": "resnet50",
    "method": "pool_vendi_subspace",
    "shortlist_size": 5,
    "rows": 7,
    "targets": 7,
    "best_candidate_recall_mean": 0.7142857142857143,
    "top3_candidate_recall_mean": 0.380952380952381,
    "best_candidate_family_recall_mean": 0.7142857142857143,
    "top3_candidate_family_recall_mean": 0.40476190476190477,
    "validation_regret_mean": 0.0006618371766459186,
    "normalized_validation_regret_mean": 0.03903205918502129,
    "test_regret_mean": -0.0029123680932181223,
    "removed_fraction": 0.75,
    "selected_family_count_mean": 5.0,
    "removed_family_fraction_mean": 0.6875,
    "passes_90pct_recall_at_50pct_removal": false
  },
  {
    "encoder": "resnet50",
    "method": "pool_vendi_subspace",
    "shortlist_size": 10,
    "rows": 7,
    "targets": 7,
    "best_candidate_recall_mean": 1.0,
    "top3_candidate_recall_mean": 0.619047619047619,
    "best_candidate_family_recall_mean": 1.0,
    "top3_candidate_family_recall_mean": 0.6428571428571427,
    "validation_regret_mean": 0.0,
    "normalized_validation_regret_mean": 0.0,
    "test_regret_mean": 0.0,
    "removed_fraction": 0.5,
    "selected_family_count_mean": 9.0,
    "removed_family_fraction_mean": 0.4375,
    "passes_90pct_recall_at_50pct_removal": true
  },
  {
    "encoder": "resnet50",
    "method": "random",
    "shortlist_size": 3,
    "rows": 700,
    "targets": 7,
    "best_candidate_recall_mean": 0.16,
    "top3_candidate_recall_mean": 0.1580952380952381,
    "best_candidate_family_recall_mean": 0.16,
    "top3_candidate_family_recall_mean": 0.21476190476190476,
    "validation_regret_mean": 0.007580548823943608,
    "normalized_validation_regret_mean": 0.2770814298962178,
    "test_regret_mean": 0.0051404482126235825,
    "removed_fraction": 0.85,
    "selected_family_count_mean": 2.93,
    "removed_family_fraction_mean": 0.816875,
    "passes_90pct_recall_at_50pct_removal": false
  },
  {
    "encoder": "resnet50",
    "method": "random",
    "shortlist_size": 5,
    "rows": 700,
    "targets": 7,
    "best_candidate_recall_mean": 0.24857142857142858,
    "top3_candidate_recall_mean": 0.2523809523809524,
    "best_candidate_family_recall_mean": 0.24857142857142858,
    "top3_candidate_family_recall_mean": 0.3342857142857143,
    "validation_regret_mean": 0.0053415840647523674,
    "normalized_validation_regret_mean": 0.19585419403825377,
    "test_regret_mean": 0.002933223766939972,
    "removed_fraction": 0.75,
    "selected_family_count_mean": 4.761428571428572,
    "removed_family_fraction_mean": 0.7024107142857143,
    "passes_90pct_recall_at_50pct_removal": false
  },
  {
    "encoder": "resnet50",
    "method": "random",
    "shortlist_size": 10,
    "rows": 700,
    "targets": 7,
    "best_candidate_recall_mean": 0.5,
    "top3_candidate_recall_mean": 0.5014285714285714,
    "best_candidate_family_recall_mean": 0.5,
    "top3_candidate_family_recall_mean": 0.6085714285714285,
    "validation_regret_mean": 0.0024843412178797075,
    "normalized_validation_regret_mean": 0.09054683047470267,
    "test_regret_mean": 0.000749280682631895,
    "removed_fraction": 0.5,
    "selected_family_count_mean": 8.90857142857143,
    "removed_family_fraction_mean": 0.4432142857142857,
    "passes_90pct_recall_at_50pct_removal": false
  },
  {
    "encoder": "resnet50",
    "method": "rank_only",
    "shortlist_size": 3,
    "rows": 7,
    "targets": 7,
    "best_candidate_recall_mean": 0.7142857142857143,
    "top3_candidate_recall_mean": 0.5714285714285714,
    "best_candidate_family_recall_mean": 0.7142857142857143,
    "top3_candidate_family_recall_mean": 0.5714285714285714,
    "validation_regret_mean": 0.0013342153335946,
    "normalized_validation_regret_mean": 0.07499270667991563,
    "test_regret_mean": -0.0013498680932181317,
    "removed_fraction": 0.85,
    "selected_family_count_mean": 2.0,
    "removed_family_fraction_mean": 0.875,
    "passes_90pct_recall_at_50pct_removal": false
  },
  {
    "encoder": "resnet50",
    "method": "rank_only",
    "shortlist_size": 5,
    "rows": 7,
    "targets": 7,
    "best_candidate_recall_mean": 0.7142857142857143,
    "top3_candidate_recall_mean": 0.619047619047619,
    "best_candidate_family_recall_mean": 0.7142857142857143,
    "top3_candidate_family_recall_mean": 0.619047619047619,
    "validation_regret_mean": 0.0006249940727502798,
    "normalized_validation_regret_mean": 0.037061587868966996,
    "test_regret_mean": -0.0015730823789324206,
    "removed_fraction": 0.75,
    "selected_family_count_mean": 4.0,
    "removed_family_fraction_mean": 0.75,
    "passes_90pct_recall_at_50pct_removal": false
  },
  {
    "encoder": "resnet50",
    "method": "rank_only",
    "shortlist_size": 10,
    "rows": 7,
    "targets": 7,
    "best_candidate_recall_mean": 0.7142857142857143,
    "top3_candidate_recall_mean": 0.7142857142857143,
    "best_candidate_family_recall_mean": 0.7142857142857143,
    "top3_candidate_family_recall_mean": 0.7142857142857143,
    "validation_regret_mean": 0.00044078126971120693,
    "normalized_validation_regret_mean": 0.02720937657138896,
    "test_regret_mean": -0.001126653807503843,
    "removed_fraction": 0.5,
    "selected_family_count_mean": 7.0,
    "removed_family_fraction_mean": 0.5625,
    "passes_90pct_recall_at_50pct_removal": false
  }
]
