encoder=dinov2_b14 target=clipart loss_check_max_error=1.78e-15
encoder=dinov2_b14 target=clipart metric=brier_score bootstrap=2000
encoder=dinov2_b14 target=clipart metric=squared_loss bootstrap=2000
encoder=dinov2_b14 target=clipart metric=nll bootstrap=2000
encoder=dinov2_b14 target=clipart metric=error_rate bootstrap=2000
encoder=dinov2_b14 target=infograph loss_check_max_error=1.78e-15
encoder=dinov2_b14 target=infograph metric=brier_score bootstrap=2000
encoder=dinov2_b14 target=infograph metric=squared_loss bootstrap=2000
encoder=dinov2_b14 target=infograph metric=nll bootstrap=2000
encoder=dinov2_b14 target=infograph metric=error_rate bootstrap=2000
encoder=dinov2_b14 target=painting loss_check_max_error=1.78e-15
encoder=dinov2_b14 target=painting metric=brier_score bootstrap=2000
encoder=dinov2_b14 target=painting metric=squared_loss bootstrap=2000
encoder=dinov2_b14 target=painting metric=nll bootstrap=2000
encoder=dinov2_b14 target=painting metric=error_rate bootstrap=2000
encoder=dinov2_b14 target=quickdraw loss_check_max_error=1.78e-15
encoder=dinov2_b14 target=quickdraw metric=brier_score bootstrap=2000
encoder=dinov2_b14 target=quickdraw metric=squared_loss bootstrap=2000
encoder=dinov2_b14 target=quickdraw metric=nll bootstrap=2000
encoder=dinov2_b14 target=quickdraw metric=error_rate bootstrap=2000
encoder=dinov2_b14 target=real loss_check_max_error=1.78e-15
encoder=dinov2_b14 target=real metric=brier_score bootstrap=2000
encoder=dinov2_b14 target=real metric=squared_loss bootstrap=2000
encoder=dinov2_b14 target=real metric=nll bootstrap=2000
encoder=dinov2_b14 target=real metric=error_rate bootstrap=2000
encoder=dinov2_b14 target=sketch loss_check_max_error=1.78e-15
encoder=dinov2_b14 target=sketch metric=brier_score bootstrap=2000
encoder=dinov2_b14 target=sketch metric=squared_loss bootstrap=2000
encoder=dinov2_b14 target=sketch metric=nll bootstrap=2000
encoder=dinov2_b14 target=sketch metric=error_rate bootstrap=2000
