[
  {
    "encoder": "resnet50",
    "method": "dpp_subspace",
    "shortlist_size": 3,
    "rows": 7,
    "targets": 7,
    "best_candidate_recall_mean": 0.7142857142857143,
    "top3_candidate_recall_mean": 0.3333333333333333,
    "validation_regret_mean": 0.004140802359545408,
    "normalized_validation_regret_mean": 0.13016076368512605,
    "test_regret_mean": -0.00425165380750384,
    "removed_fraction": 0.8571428571428572,
    "passes_90pct_recall_at_50pct_removal": false
  },
  {
    "encoder": "resnet50",
    "method": "dpp_subspace",
    "shortlist_size": 5,
    "rows": 7,
    "targets": 7,
    "best_candidate_recall_mean": 0.7142857142857143,
    "top3_candidate_recall_mean": 0.3333333333333333,
    "validation_regret_mean": 0.003339474514365432,
    "normalized_validation_regret_mean": 0.10835620866697589,
    "test_regret_mean": -0.0024659395217895602,
    "removed_fraction": 0.7619047619047619,
    "passes_90pct_recall_at_50pct_removal": false
  },
  {
    "encoder": "resnet50",
    "method": "dpp_subspace",
    "shortlist_size": 10,
    "rows": 7,
    "targets": 7,
    "best_candidate_recall_mean": 0.7142857142857143,
    "top3_candidate_recall_mean": 0.619047619047619,
    "validation_regret_mean": 0.0030641743301792,
    "normalized_validation_regret_mean": 0.09460110511378653,
    "test_regret_mean": -0.001659723690577922,
    "removed_fraction": 0.5238095238095238,
    "passes_90pct_recall_at_50pct_removal": false
  },
  {
    "encoder": "resnet50",
    "method": "facility_subspace",
    "shortlist_size": 3,
    "rows": 7,
    "targets": 7,
    "best_candidate_recall_mean": 0.0,
    "top3_candidate_recall_mean": 0.19047619047619047,
    "validation_regret_mean": 0.00856416278582425,
    "normalized_validation_regret_mean": 0.24098234581789502,
    "test_regret_mean": -0.0006032807486398006,
    "removed_fraction": 0.8571428571428572,
    "passes_90pct_recall_at_50pct_removal": false
  },
  {
    "encoder": "resnet50",
    "method": "facility_subspace",
    "shortlist_size": 5,
    "rows": 7,
    "targets": 7,
    "best_candidate_recall_mean": 0.14285714285714285,
    "top3_candidate_recall_mean": 0.23809523809523808,
    "validation_regret_mean": 0.004723322132444545,
    "normalized_validation_regret_mean": 0.13647103768563368,
    "test_regret_mean": 0.0016288621085030566,
    "removed_fraction": 0.7619047619047619,
    "passes_90pct_recall_at_50pct_removal": false
  },
  {
    "encoder": "resnet50",
    "method": "facility_subspace",
    "shortlist_size": 10,
    "rows": 7,
    "targets": 7,
    "best_candidate_recall_mean": 0.2857142857142857,
    "top3_candidate_recall_mean": 0.5238095238095238,
    "validation_regret_mean": 0.0030090367458140816,
    "normalized_validation_regret_mean": 0.06495825232577215,
    "test_regret_mean": -0.0005296536854335303,
    "removed_fraction": 0.5238095238095238,
    "passes_90pct_recall_at_50pct_removal": false
  },
  {
    "encoder": "resnet50",
    "method": "full_merged_rank",
    "shortlist_size": 3,
    "rows": 7,
    "targets": 7,
    "best_candidate_recall_mean": 0.7142857142857143,
    "top3_candidate_recall_mean": 0.3333333333333333,
    "validation_regret_mean": 0.004140802359545408,
    "normalized_validation_regret_mean": 0.13016076368512605,
    "test_regret_mean": -0.00425165380750384,
    "removed_fraction": 0.8571428571428572,
    "passes_90pct_recall_at_50pct_removal": false
  },
  {
    "encoder": "resnet50",
    "method": "full_merged_rank",
    "shortlist_size": 5,
    "rows": 7,
    "targets": 7,
    "best_candidate_recall_mean": 0.7142857142857143,
    "top3_candidate_recall_mean": 0.5238095238095237,
    "validation_regret_mean": 0.003339474514365432,
    "normalized_validation_regret_mean": 0.10835620866697589,
    "test_regret_mean": -0.0024659395217895602,
    "removed_fraction": 0.7619047619047619,
    "passes_90pct_recall_at_50pct_removal": false
  },
  {
    "encoder": "resnet50",
    "method": "full_merged_rank",
    "shortlist_size": 10,
    "rows": 7,
    "targets": 7,
    "best_candidate_recall_mean": 0.7142857142857143,
    "top3_candidate_recall_mean": 0.619047619047619,
    "validation_regret_mean": 0.002897365133652352,
    "normalized_validation_regret_mean": 0.09632617829453384,
    "test_regret_mean": -0.000903439521789554,
    "removed_fraction": 0.5238095238095238,
    "passes_90pct_recall_at_50pct_removal": false
  },
  {
    "encoder": "resnet50",
    "method": "kcenter_subspace",
    "shortlist_size": 3,
    "rows": 7,
    "targets": 7,
    "best_candidate_recall_mean": 0.8571428571428571,
    "top3_candidate_recall_mean": 0.3333333333333333,
    "validation_regret_mean": 0.0003828584017072486,
    "normalized_validation_regret_mean": 0.027905118537285827,
    "test_regret_mean": -1.0582378932414268e-05,
    "removed_fraction": 0.8571428571428572,
    "passes_90pct_recall_at_50pct_removal": false
  },
  {
    "encoder": "resnet50",
    "method": "kcenter_subspace",
    "shortlist_size": 5,
    "rows": 7,
    "targets": 7,
    "best_candidate_recall_mean": 0.8571428571428571,
    "top3_candidate_recall_mean": 0.3333333333333333,
    "validation_regret_mean": 0.0003828584017072486,
    "normalized_validation_regret_mean": 0.027905118537285827,
    "test_regret_mean": -1.0582378932414268e-05,
    "removed_fraction": 0.7619047619047619,
    "passes_90pct_recall_at_50pct_removal": false
  },
  {
    "encoder": "resnet50",
    "method": "kcenter_subspace",
    "shortlist_size": 10,
    "rows": 7,
    "targets": 7,
    "best_candidate_recall_mean": 0.8571428571428571,
    "top3_candidate_recall_mean": 0.5714285714285714,
    "validation_regret_mean": 0.0002457168793678236,
    "normalized_validation_regret_mean": 0.017909385336185142,
    "test_regret_mean": 0.00034920488085064615,
    "removed_fraction": 0.5238095238095238,
    "passes_90pct_recall_at_50pct_removal": false
  },
  {
    "encoder": "resnet50",
    "method": "pool_vendi_subspace",
    "shortlist_size": 3,
    "rows": 7,
    "targets": 7,
    "best_candidate_recall_mean": 0.8571428571428571,
    "top3_candidate_recall_mean": 0.3333333333333333,
    "validation_regret_mean": 0.0003828584017072486,
    "normalized_validation_regret_mean": 0.027905118537285827,
    "test_regret_mean": -1.0582378932414268e-05,
    "removed_fraction": 0.8571428571428572,
    "passes_90pct_recall_at_50pct_removal": false
  },
  {
    "encoder": "resnet50",
    "method": "pool_vendi_subspace",
    "shortlist_size": 5,
    "rows": 7,
    "targets": 7,
    "best_candidate_recall_mean": 0.8571428571428571,
    "top3_candidate_recall_mean": 0.3333333333333333,
    "validation_regret_mean": 0.0003828584017072486,
    "normalized_validation_regret_mean": 0.027905118537285827,
    "test_regret_mean": -1.0582378932414268e-05,
    "removed_fraction": 0.7619047619047619,
    "passes_90pct_recall_at_50pct_removal": false
  },
  {
    "encoder": "resnet50",
    "method": "pool_vendi_subspace",
    "shortlist_size": 10,
    "rows": 7,
    "targets": 7,
    "best_candidate_recall_mean": 0.8571428571428571,
    "top3_candidate_recall_mean": 0.5714285714285714,
    "validation_regret_mean": 0.0002457168793678236,
    "normalized_validation_regret_mean": 0.017909385336185142,
    "test_regret_mean": 0.00034920488085064615,
    "removed_fraction": 0.5238095238095238,
    "passes_90pct_recall_at_50pct_removal": false
  },
  {
    "encoder": "resnet50",
    "method": "random",
    "shortlist_size": 3,
    "rows": 700,
    "targets": 7,
    "best_candidate_recall_mean": 0.13857142857142857,
    "top3_candidate_recall_mean": 0.14857142857142855,
    "validation_regret_mean": 0.010567208983538202,
    "normalized_validation_regret_mean": 0.26415943333317615,
    "test_regret_mean": 0.004448736080101549,
    "removed_fraction": 0.8571428571428572,
    "passes_90pct_recall_at_50pct_removal": false
  },
  {
    "encoder": "resnet50",
    "method": "random",
    "shortlist_size": 5,
    "rows": 700,
    "targets": 7,
    "best_candidate_recall_mean": 0.23142857142857143,
    "top3_candidate_recall_mean": 0.2466666666666667,
    "validation_regret_mean": 0.007926651891128702,
    "normalized_validation_regret_mean": 0.19650636445192496,
    "test_regret_mean": 0.0024106577038764897,
    "removed_fraction": 0.7619047619047619,
    "passes_90pct_recall_at_50pct_removal": false
  },
  {
    "encoder": "resnet50",
    "method": "random",
    "shortlist_size": 10,
    "rows": 700,
    "targets": 7,
    "best_candidate_recall_mean": 0.42857142857142855,
    "top3_candidate_recall_mean": 0.4776190476190476,
    "validation_regret_mean": 0.004675757586899903,
    "normalized_validation_regret_mean": 0.11617275524089687,
    "test_regret_mean": 0.0005874062691416038,
    "removed_fraction": 0.5238095238095238,
    "passes_90pct_recall_at_50pct_removal": false
  },
  {
    "encoder": "resnet50",
    "method": "rank_only",
    "shortlist_size": 3,
    "rows": 7,
    "targets": 7,
    "best_candidate_recall_mean": 0.7142857142857143,
    "top3_candidate_recall_mean": 0.47619047619047616,
    "validation_regret_mean": 0.004223699055086952,
    "normalized_validation_regret_mean": 0.13241642666954717,
    "test_regret_mean": -0.0022427252360752714,
    "removed_fraction": 0.8571428571428572,
    "passes_90pct_recall_at_50pct_removal": false
  },
  {
    "encoder": "resnet50",
    "method": "rank_only",
    "shortlist_size": 5,
    "rows": 7,
    "targets": 7,
    "best_candidate_recall_mean": 0.7142857142857143,
    "top3_candidate_recall_mean": 0.5238095238095237,
    "validation_regret_mean": 0.003339474514365432,
    "normalized_validation_regret_mean": 0.10835620866697589,
    "test_regret_mean": -0.0024659395217895602,
    "removed_fraction": 0.7619047619047619,
    "passes_90pct_recall_at_50pct_removal": false
  },
  {
    "encoder": "resnet50",
    "method": "rank_only",
    "shortlist_size": 10,
    "rows": 7,
    "targets": 7,
    "best_candidate_recall_mean": 0.7142857142857143,
    "top3_candidate_recall_mean": 0.5714285714285714,
    "validation_regret_mean": 0.0032013158525186253,
    "normalized_validation_regret_mean": 0.10459683831488722,
    "test_regret_mean": -0.0020195109503609826,
    "removed_fraction": 0.5238095238095238,
    "passes_90pct_recall_at_50pct_removal": false
  }
]
