[
  {
    "encoder": "resnet50",
    "method": "dpp_subspace",
    "shortlist_size": 3,
    "rows": 7,
    "targets": 7,
    "best_candidate_recall_mean": 0.7142857142857143,
    "top3_candidate_recall_mean": 0.380952380952381,
    "validation_regret_mean": 0.0018446076262152048,
    "normalized_validation_regret_mean": 0.06201409401228265,
    "test_regret_mean": -0.004698082378932418,
    "removed_fraction": 0.8571428571428572,
    "passes_90pct_recall_at_50pct_removal": false
  },
  {
    "encoder": "resnet50",
    "method": "dpp_subspace",
    "shortlist_size": 5,
    "rows": 7,
    "targets": 7,
    "best_candidate_recall_mean": 0.7142857142857143,
    "top3_candidate_recall_mean": 0.42857142857142855,
    "validation_regret_mean": 0.0015130259101968793,
    "normalized_validation_regret_mean": 0.05174895684923992,
    "test_regret_mean": -0.00023379666464670316,
    "removed_fraction": 0.7619047619047619,
    "passes_90pct_recall_at_50pct_removal": false
  },
  {
    "encoder": "resnet50",
    "method": "dpp_subspace",
    "shortlist_size": 10,
    "rows": 7,
    "targets": 7,
    "best_candidate_recall_mean": 0.7142857142857143,
    "top3_candidate_recall_mean": 0.6666666666666666,
    "validation_regret_mean": 0.00143302703178597,
    "normalized_validation_regret_mean": 0.046284547800306323,
    "test_regret_mean": 0.0001259905951363573,
    "removed_fraction": 0.5238095238095238,
    "passes_90pct_recall_at_50pct_removal": false
  },
  {
    "encoder": "resnet50",
    "method": "facility_subspace",
    "shortlist_size": 3,
    "rows": 7,
    "targets": 7,
    "best_candidate_recall_mean": 0.0,
    "top3_candidate_recall_mean": 0.14285714285714285,
    "validation_regret_mean": 0.0068319275553919145,
    "normalized_validation_regret_mean": 0.19228391522003746,
    "test_regret_mean": 0.00017886161804197314,
    "removed_fraction": 0.8571428571428572,
    "passes_90pct_recall_at_50pct_removal": false
  },
  {
    "encoder": "resnet50",
    "method": "facility_subspace",
    "shortlist_size": 5,
    "rows": 7,
    "targets": 7,
    "best_candidate_recall_mean": 0.14285714285714285,
    "top3_candidate_recall_mean": 0.19047619047619047,
    "validation_regret_mean": 0.004538476577760274,
    "normalized_validation_regret_mean": 0.12128304959690965,
    "test_regret_mean": 0.002857433046613408,
    "removed_fraction": 0.7619047619047619,
    "passes_90pct_recall_at_50pct_removal": false
  },
  {
    "encoder": "resnet50",
    "method": "facility_subspace",
    "shortlist_size": 10,
    "rows": 7,
    "targets": 7,
    "best_candidate_recall_mean": 0.42857142857142855,
    "top3_candidate_recall_mean": 0.47619047619047616,
    "validation_regret_mean": 0.002301612016747469,
    "normalized_validation_regret_mean": 0.04530948922808509,
    "test_regret_mean": 0.0033160601343427292,
    "removed_fraction": 0.5238095238095238,
    "passes_90pct_recall_at_50pct_removal": false
  },
  {
    "encoder": "resnet50",
    "method": "full_merged_rank",
    "shortlist_size": 3,
    "rows": 7,
    "targets": 7,
    "best_candidate_recall_mean": 0.7142857142857143,
    "top3_candidate_recall_mean": 0.380952380952381,
    "validation_regret_mean": 0.0018446076262152048,
    "normalized_validation_regret_mean": 0.06201409401228265,
    "test_regret_mean": -0.004698082378932418,
    "removed_fraction": 0.8571428571428572,
    "passes_90pct_recall_at_50pct_removal": false
  },
  {
    "encoder": "resnet50",
    "method": "full_merged_rank",
    "shortlist_size": 5,
    "rows": 7,
    "targets": 7,
    "best_candidate_recall_mean": 0.7142857142857143,
    "top3_candidate_recall_mean": 0.5238095238095237,
    "validation_regret_mean": 0.0017340796930607352,
    "normalized_validation_regret_mean": 0.05859236012477377,
    "test_regret_mean": -0.002912368093218138,
    "removed_fraction": 0.7619047619047619,
    "passes_90pct_recall_at_50pct_removal": false
  },
  {
    "encoder": "resnet50",
    "method": "full_merged_rank",
    "shortlist_size": 10,
    "rows": 7,
    "targets": 7,
    "best_candidate_recall_mean": 0.7142857142857143,
    "top3_candidate_recall_mean": 0.619047619047619,
    "validation_regret_mean": 0.0015130259101968793,
    "normalized_validation_regret_mean": 0.05174895684923992,
    "test_regret_mean": -0.00023379666464670316,
    "removed_fraction": 0.5238095238095238,
    "passes_90pct_recall_at_50pct_removal": false
  },
  {
    "encoder": "resnet50",
    "method": "kcenter_subspace",
    "shortlist_size": 3,
    "rows": 7,
    "targets": 7,
    "best_candidate_recall_mean": 0.7142857142857143,
    "top3_candidate_recall_mean": 0.38095238095238093,
    "validation_regret_mean": 0.00013142813001359204,
    "normalized_validation_regret_mean": 0.008977320983348937,
    "test_regret_mean": 0.0012237020901271212,
    "removed_fraction": 0.8571428571428572,
    "passes_90pct_recall_at_50pct_removal": false
  },
  {
    "encoder": "resnet50",
    "method": "kcenter_subspace",
    "shortlist_size": 5,
    "rows": 7,
    "targets": 7,
    "best_candidate_recall_mean": 0.7142857142857143,
    "top3_candidate_recall_mean": 0.38095238095238093,
    "validation_regret_mean": 0.00013142813001359204,
    "normalized_validation_regret_mean": 0.008977320983348937,
    "test_regret_mean": 0.0012237020901271212,
    "removed_fraction": 0.7619047619047619,
    "passes_90pct_recall_at_50pct_removal": false
  },
  {
    "encoder": "resnet50",
    "method": "kcenter_subspace",
    "shortlist_size": 10,
    "rows": 7,
    "targets": 7,
    "best_candidate_recall_mean": 0.8571428571428571,
    "top3_candidate_recall_mean": 0.619047619047619,
    "validation_regret_mean": 5.142890248976961e-05,
    "normalized_validation_regret_mean": 0.003512906252239378,
    "test_regret_mean": 0.00034920488085064615,
    "removed_fraction": 0.5238095238095238,
    "passes_90pct_recall_at_50pct_removal": false
  },
  {
    "encoder": "resnet50",
    "method": "pool_vendi_subspace",
    "shortlist_size": 3,
    "rows": 7,
    "targets": 7,
    "best_candidate_recall_mean": 0.7142857142857143,
    "top3_candidate_recall_mean": 0.38095238095238093,
    "validation_regret_mean": 0.00013142813001359204,
    "normalized_validation_regret_mean": 0.008977320983348937,
    "test_regret_mean": 0.0012237020901271212,
    "removed_fraction": 0.8571428571428572,
    "passes_90pct_recall_at_50pct_removal": false
  },
  {
    "encoder": "resnet50",
    "method": "pool_vendi_subspace",
    "shortlist_size": 5,
    "rows": 7,
    "targets": 7,
    "best_candidate_recall_mean": 0.7142857142857143,
    "top3_candidate_recall_mean": 0.38095238095238093,
    "validation_regret_mean": 0.00013142813001359204,
    "normalized_validation_regret_mean": 0.008977320983348937,
    "test_regret_mean": 0.0012237020901271212,
    "removed_fraction": 0.7619047619047619,
    "passes_90pct_recall_at_50pct_removal": false
  },
  {
    "encoder": "resnet50",
    "method": "pool_vendi_subspace",
    "shortlist_size": 10,
    "rows": 7,
    "targets": 7,
    "best_candidate_recall_mean": 0.8571428571428571,
    "top3_candidate_recall_mean": 0.619047619047619,
    "validation_regret_mean": 5.142890248976961e-05,
    "normalized_validation_regret_mean": 0.003512906252239378,
    "test_regret_mean": 0.00034920488085064615,
    "removed_fraction": 0.5238095238095238,
    "passes_90pct_recall_at_50pct_removal": false
  },
  {
    "encoder": "resnet50",
    "method": "random",
    "shortlist_size": 3,
    "rows": 700,
    "targets": 7,
    "best_candidate_recall_mean": 0.14,
    "top3_candidate_recall_mean": 0.14714285714285713,
    "validation_regret_mean": 0.007765734276167736,
    "normalized_validation_regret_mean": 0.19090427113993672,
    "test_regret_mean": 0.005590903350285103,
    "removed_fraction": 0.8571428571428572,
    "passes_90pct_recall_at_50pct_removal": false
  },
  {
    "encoder": "resnet50",
    "method": "random",
    "shortlist_size": 5,
    "rows": 700,
    "targets": 7,
    "best_candidate_recall_mean": 0.23,
    "top3_candidate_recall_mean": 0.24428571428571427,
    "validation_regret_mean": 0.00556035664230614,
    "normalized_validation_regret_mean": 0.13318940557239659,
    "test_regret_mean": 0.004277326038905538,
    "removed_fraction": 0.7619047619047619,
    "passes_90pct_recall_at_50pct_removal": false
  },
  {
    "encoder": "resnet50",
    "method": "random",
    "shortlist_size": 10,
    "rows": 700,
    "targets": 7,
    "best_candidate_recall_mean": 0.44,
    "top3_candidate_recall_mean": 0.47047619047619055,
    "validation_regret_mean": 0.003109991284934001,
    "normalized_validation_regret_mean": 0.07392437939843383,
    "test_regret_mean": 0.0025998796905789944,
    "removed_fraction": 0.5238095238095238,
    "passes_90pct_recall_at_50pct_removal": false
  },
  {
    "encoder": "resnet50",
    "method": "rank_only",
    "shortlist_size": 3,
    "rows": 7,
    "targets": 7,
    "best_candidate_recall_mean": 0.5714285714285714,
    "top3_candidate_recall_mean": 0.47619047619047616,
    "validation_regret_mean": 0.002424879107645233,
    "normalized_validation_regret_mean": 0.0799781866064767,
    "test_regret_mean": -0.0014548693384443137,
    "removed_fraction": 0.8571428571428572,
    "passes_90pct_recall_at_50pct_removal": false
  },
  {
    "encoder": "resnet50",
    "method": "rank_only",
    "shortlist_size": 5,
    "rows": 7,
    "targets": 7,
    "best_candidate_recall_mean": 0.7142857142857143,
    "top3_candidate_recall_mean": 0.5238095238095237,
    "validation_regret_mean": 0.0017340796930607352,
    "normalized_validation_regret_mean": 0.05859236012477377,
    "test_regret_mean": -0.002912368093218138,
    "removed_fraction": 0.7619047619047619,
    "passes_90pct_recall_at_50pct_removal": false
  },
  {
    "encoder": "resnet50",
    "method": "rank_only",
    "shortlist_size": 10,
    "rows": 7,
    "targets": 7,
    "best_candidate_recall_mean": 0.7142857142857143,
    "top3_candidate_recall_mean": 0.619047619047619,
    "validation_regret_mean": 0.0015130259101968793,
    "normalized_validation_regret_mean": 0.05174895684923992,
    "test_regret_mean": -0.00023379666464670316,
    "removed_fraction": 0.5238095238095238,
    "passes_90pct_recall_at_50pct_removal": false
  }
]
