\BOOKMARK [1][-]{section.1}{\376\377\000I\000n\000t\000r\000o\000d\000u\000c\000t\000i\000o\000n}{}% 1
\BOOKMARK [1][-]{section.2}{\376\377\000B\000a\000c\000k\000g\000r\000o\000u\000n\000d\000:\000\040\000S\000V\000D\000\040\000T\000h\000r\000e\000e\000-\000C\000h\000a\000n\000n\000e\000l\000\040\000D\000e\000c\000o\000m\000p\000o\000s\000i\000t\000i\000o\000n}{}% 2
\BOOKMARK [1][-]{section.3}{\376\377\000T\000h\000e\000\040\000C\000o\000l\000l\000a\000p\000s\000e\000\040\000M\000o\000d\000e\000l}{}% 3
\BOOKMARK [2][-]{subsection.3.1}{\376\377\000S\000e\000t\000u\000p\000\040\000a\000n\000d\000\040\000N\000o\000t\000a\000t\000i\000o\000n}{section.3}% 4
\BOOKMARK [2][-]{subsection.3.2}{\376\377\000M\000a\000i\000n\000\040\000R\000e\000s\000u\000l\000t\000s}{section.3}% 5
\BOOKMARK [2][-]{subsection.3.3}{\376\377\000S\000u\000p\000e\000r\000a\000d\000d\000i\000t\000i\000v\000i\000t\000y\000\040\000T\000h\000r\000e\000s\000h\000o\000l\000d}{section.3}% 6
\BOOKMARK [2][-]{subsection.3.4}{\376\377\000A\000p\000p\000r\000o\000x\000i\000m\000a\000t\000i\000o\000n\000\040\000E\000r\000r\000o\000r\000\040\000B\000o\000u\000n\000d}{section.3}% 7
\BOOKMARK [1][-]{section.4}{\376\377\000F\000o\000r\000m\000u\000l\000a\000\040\000V\000a\000l\000i\000d\000a\000t\000i\000o\000n\000:\000\040\000C\000l\000o\000s\000i\000n\000g\000\040\000t\000h\000e\000\040\000T\000h\000e\000o\000r\000e\000t\000i\000c\000a\000l\000\040\000L\000o\000o\000p}{}% 8
\BOOKMARK [2][-]{subsection.4.1}{\376\377\000S\000t\000e\000p\000\040\0001\000\040\040\024\000\040\000M\000a\000t\000h\000e\000m\000a\000t\000i\000c\000a\000l\000\040\000C\000o\000r\000r\000e\000c\000t\000n\000e\000s\000s\000:\000\040\000S\000y\000n\000t\000h\000e\000t\000i\000c\000\040\000C\000o\000n\000t\000r\000o\000l\000l\000e\000d\000\040\000G\000r\000i\000d\000\040\000\050\000E\0001\000a\000,\000\040\0002\0008\0000\000\040\000p\000a\000i\000r\000s\000\051}{section.4}% 9
\BOOKMARK [2][-]{subsection.4.2}{\376\377\000S\000t\000e\000p\000s\000\040\0002\040\023\0003\000\040\040\024\000\040\000R\000e\000a\000l\000-\000D\000a\000t\000a\000\040\000G\000e\000n\000e\000r\000a\000l\000i\000z\000a\000t\000i\000o\000n\000\040\000a\000n\000d\000\040\000R\000e\000g\000i\000m\000e\000\040\000A\000g\000r\000e\000e\000m\000e\000n\000t\000\040\000\050\000E\0001\000d\000,\000\040\0004\0002\0007\000\040\000P\000a\000i\000r\000s\000\051}{section.4}% 10
\BOOKMARK [1][-]{section.5}{\376\377\000F\000r\000o\000m\000\040\000F\000o\000r\000m\000u\000l\000a\000\040\000t\000o\000\040\000A\000p\000p\000l\000i\000c\000a\000t\000i\000o\000n\000:\000\040\000L\000a\000b\000e\000l\000-\000F\000r\000e\000e\000\040\000D\000a\000t\000a\000-\000P\000o\000o\000l\000\040\000C\000o\000m\000p\000r\000e\000s\000s\000i\000o\000n}{}% 11
\BOOKMARK [1][-]{section.6}{\376\377\000C\000o\000n\000c\000l\000u\000s\000i\000o\000n}{}% 12
\BOOKMARK [1][-]{appendix.A}{\376\377\000L\000i\000m\000i\000t\000a\000t\000i\000o\000n\000s}{}% 13
\BOOKMARK [1][-]{appendix.B}{\376\377\000P\000r\000o\000o\000f\000\040\000o\000f\000\040\000L\000e\000m\000m\000a\000\040\0001\000\040\000a\000n\000d\000\040\000P\000r\000o\000p\000o\000s\000i\000t\000i\000o\000n\000\040\0002}{}% 14
\BOOKMARK [1][-]{appendix.C}{\376\377\000P\000r\000o\000o\000f\000\040\000o\000f\000\040\000P\000r\000o\000p\000o\000s\000i\000t\000i\000o\000n\000\040\0004}{}% 15
\BOOKMARK [1][-]{appendix.D}{\376\377\000P\000r\000o\000o\000f\000\040\000o\000f\000\040\000T\000h\000e\000o\000r\000e\000m\000\040\0001\000\040\000\050\000E\000r\000r\000o\000r\000\040\000B\000o\000u\000n\000d\000\051}{}% 16
\BOOKMARK [1][-]{appendix.E}{\376\377\000B\000o\000o\000t\000s\000t\000r\000a\000p\000\040\000C\000o\000n\000f\000i\000d\000e\000n\000c\000e\000\040\000I\000n\000t\000e\000r\000v\000a\000l\000s}{}% 17
\BOOKMARK [1][-]{appendix.F}{\376\377\000E\000m\000p\000i\000r\000i\000c\000a\000l\000\040\000V\000e\000r\000i\000f\000i\000c\000a\000t\000i\000o\000n\000\040\000o\000f\000\040\000T\000h\000e\000o\000r\000e\000m\000\040\0001\000\040\000E\000r\000r\000o\000r\000\040\000B\000o\000u\000n\000d}{}% 18
\BOOKMARK [1][-]{appendix.G}{\376\377\000B\000i\000m\000o\000d\000a\000l\000\040\000P\000r\000i\000n\000c\000i\000p\000a\000l\000-\000A\000n\000g\000l\000e\000\040\000S\000t\000r\000u\000c\000t\000u\000r\000e\000\040\000i\000n\000\040\000S\000e\000l\000f\000-\000S\000u\000p\000e\000r\000v\000i\000s\000e\000d\000\040\000E\000n\000c\000o\000d\000e\000r\000s}{}% 19
\BOOKMARK [1][-]{appendix.H}{\376\377\000C\000o\000m\000p\000r\000e\000s\000s\000i\000o\000n\000\040\000a\000t\000\040\000M\000=\0001\0004\000\040\000V\000i\000s\000i\000o\000n\000\040\000a\000n\000d\000\040\000M\000=\0007\000\040\000T\000e\000x\000t\000\040\000P\000o\000o\000l\000s}{}% 20
\BOOKMARK [1][-]{appendix.I}{\376\377\000r\000A\000+\000r\000B\000\040\000H\000e\000u\000r\000i\000s\000t\000i\000c\000:\000\040\000S\000a\000f\000e\000\040\000R\000e\000g\000i\000m\000e\000\040\000a\000n\000d\000\040\000F\000a\000i\000l\000u\000r\000e\000\040\000M\000o\000d\000e}{}% 21
\BOOKMARK [1][-]{appendix.J}{\376\377\000P\0002\000-\000E\000:\000\040\000H\000y\000b\000r\000i\000d\000\040\000T\000w\000o\000-\000S\000i\000g\000n\000a\000l\000\040\000S\000t\000r\000a\000t\000e\000g\000y}{}% 22
\BOOKMARK [1][-]{appendix.K}{\376\377\000E\0005\000\040\000S\000u\000p\000p\000l\000e\000m\000e\000n\000t\000a\000r\000y\000:\000\040\000P\000e\000r\000-\000T\000a\000r\000g\000e\000t\000\040\000S\000e\000l\000e\000c\000t\000i\000o\000n\000\040\000D\000e\000t\000a\000i\000l\000s}{}% 23
\BOOKMARK [1][-]{appendix.L}{\376\377\000E\0007\000\040\000S\000u\000p\000p\000l\000e\000m\000e\000n\000t\000a\000r\000y\000:\000\040\000k\000N\000N\000\040\000D\000o\000w\000n\000s\000t\000r\000e\000a\000m\000\040\000V\000a\000l\000i\000d\000a\000t\000i\000o\000n}{}% 24
\BOOKMARK [1][-]{appendix.M}{\376\377\000A\000d\000d\000i\000t\000i\000o\000n\000a\000l\000\040\000N\000o\000t\000e\000s}{}% 25
\BOOKMARK [1][-]{appendix.N}{\376\377\000P\000r\000i\000n\000c\000i\000p\000a\000l\000-\000A\000n\000g\000l\000e\000\040\000M\000o\000d\000e\000l\000\040\000S\000c\000o\000p\000e\000\040\000a\000n\000d\000\040\000T\000h\000e\000o\000r\000e\000m\000\040\0001\000\040\000P\000r\000o\000o\000f\000\040\000S\000k\000e\000t\000c\000h}{}% 26
\BOOKMARK [2][-]{subsection.N.1}{\376\377\000C\000o\000n\000n\000e\000c\000t\000i\000o\000n\000\040\000t\000o\000\040\000T\000r\000a\000n\000s\000f\000e\000r\000\040\000L\000e\000a\000r\000n\000i\000n\000g}{appendix.N}% 27
\BOOKMARK [1][-]{appendix.O}{\376\377\000A\000d\000d\000i\000t\000i\000o\000n\000a\000l\000\040\000E\000x\000p\000e\000r\000i\000m\000e\000n\000t\000s\000\040\000\050\000E\0001\000a\000,\000\040\000E\0001\000a\000-\000I\000n\000d\000,\000\040\000E\0001\000b\000,\000\040\000E\0001\000c\000,\000\040\000C\000a\000l\000i\000b\000r\000a\000t\000i\000o\000n\000,\000\040\000E\000\137\000d\000i\000v\000e\000r\000s\000e\000,\000\040\000E\0004\000,\000\040\000E\000\137\000d\000o\000w\000n\000s\000t\000r\000e\000a\000m\000\051}{}% 28
\BOOKMARK [2][-]{subsection.O.1}{\376\377\000R\000a\000n\000k\000i\000n\000g\000\040\000A\000b\000l\000a\000t\000i\000o\000n\000\040\000T\000a\000b\000l\000e}{appendix.O}% 29
\BOOKMARK [2][-]{subsection.O.2}{\376\377\000E\0001\000a\000:\000\040\000S\000y\000n\000t\000h\000e\000t\000i\000c\000\040\000C\000o\000n\000t\000r\000o\000l\000l\000e\000d\000\040\000V\000a\000l\000i\000d\000a\000t\000i\000o\000n}{appendix.O}% 30
\BOOKMARK [2][-]{subsection.O.3}{\376\377\000E\0001\000a\000-\000I\000n\000d\000:\000\040\000I\000n\000d\000e\000p\000e\000n\000d\000e\000n\000t\000\040\000V\000a\000l\000i\000d\000a\000t\000i\000o\000n\000\040\000o\000n\000\040\000N\000o\000n\000-\000P\000r\000i\000n\000c\000i\000p\000a\000l\000-\000A\000n\000g\000l\000e\000\040\000M\000a\000t\000r\000i\000c\000e\000s}{appendix.O}% 31
\BOOKMARK [2][-]{subsection.O.4}{\376\377\000E\0001\000b\000:\000\040\000R\000e\000a\000l\000\040\000D\000a\000t\000a\000s\000e\000t\000\040\000P\000a\000i\000r\000s\000\040\000\050\0003\0000\000\040\000P\000a\000i\000r\000s\000\051}{appendix.O}% 32
\BOOKMARK [2][-]{subsection.O.5}{\376\377\000E\0001\000c\000:\000\040\000L\000a\000r\000g\000e\000-\000S\000c\000a\000l\000e\000\040\000M\000u\000l\000t\000i\000-\000D\000o\000m\000a\000i\000n\000\040\000V\000a\000l\000i\000d\000a\000t\000i\000o\000n\000\040\000\050\0005\0007\000\040\000P\000a\000i\000r\000s\000\051}{appendix.O}% 33
\BOOKMARK [2][-]{subsection.O.6}{\376\377\000E\0001\000d\000:\000\040\000L\000a\000r\000g\000e\000-\000S\000c\000a\000l\000e\000\040\000V\000a\000l\000i\000d\000a\000t\000i\000o\000n\000\040\000\050\0004\0002\0007\000\040\000P\000a\000i\000r\000s\000\051}{appendix.O}% 34
\BOOKMARK [2][-]{subsection.O.7}{\376\377\000C\000a\000l\000i\000b\000r\000a\000t\000i\000o\000n\000:\000\040\000F\000r\000o\000m\000\040\000U\000p\000p\000e\000r\000\040\000B\000o\000u\000n\000d\000\040\000t\000o\000\040\000Q\000u\000a\000n\000t\000i\000t\000a\000t\000i\000v\000e\000\040\000P\000r\000e\000d\000i\000c\000t\000i\000o\000n}{appendix.O}% 35
\BOOKMARK [2][-]{subsection.O.8}{\376\377\000E\000\137\000d\000i\000v\000e\000r\000s\000e\000:\000\040\000C\000r\000o\000s\000s\000-\000A\000r\000c\000h\000i\000t\000e\000c\000t\000u\000r\000e\000\040\000P\000r\000o\000b\000e\000\040\000I\000n\000d\000e\000p\000e\000n\000d\000e\000n\000c\000e}{appendix.O}% 36
\BOOKMARK [2][-]{subsection.O.9}{\376\377\000E\0004\000:\000\040\000C\000r\000o\000s\000s\000-\000P\000r\000o\000b\000e\000\040\000C\000o\000n\000s\000i\000s\000t\000e\000n\000c\000y}{appendix.O}% 37
\BOOKMARK [2][-]{subsection.O.10}{\376\377\000E\000\137\000d\000o\000w\000n\000s\000t\000r\000e\000a\000m\000:\000\040\000E\000f\000f\000e\000c\000t\000i\000v\000e\000\040\000R\000a\000n\000k\000\040\000a\000s\000\040\000D\000o\000w\000n\000s\000t\000r\000e\000a\000m\000\040\000Q\000u\000a\000l\000i\000t\000y\000\040\000P\000r\000o\000x\000y}{appendix.O}% 38
