[
  {
    "encoder": "vit_b16",
    "method": "dpp_subspace",
    "shortlist_size": 3,
    "rows": 7,
    "targets": 7,
    "best_candidate_recall_mean": 0.7142857142857143,
    "top3_candidate_recall_mean": 0.47619047619047616,
    "best_candidate_family_recall_mean": 1.0,
    "top3_candidate_family_recall_mean": 0.7619047619047619,
    "validation_regret_mean": 7.424655868896021e-05,
    "normalized_validation_regret_mean": 0.0023235823350506377,
    "test_regret_mean": -0.0013482110840933553,
    "removed_fraction": 0.7,
    "selected_family_count_mean": 3.0,
    "removed_family_fraction_mean": 0.625,
    "passes_90pct_recall_at_50pct_removal": false
  },
  {
    "encoder": "vit_b16",
    "method": "dpp_subspace",
    "shortlist_size": 5,
    "rows": 7,
    "targets": 7,
    "best_candidate_recall_mean": 0.7142857142857143,
    "top3_candidate_recall_mean": 0.5714285714285714,
    "best_candidate_family_recall_mean": 1.0,
    "top3_candidate_family_recall_mean": 0.8571428571428571,
    "validation_regret_mean": 7.424655868896021e-05,
    "normalized_validation_regret_mean": 0.0023235823350506377,
    "test_regret_mean": -0.0013482110840933553,
    "removed_fraction": 0.5,
    "selected_family_count_mean": 5.0,
    "removed_family_fraction_mean": 0.375,
    "passes_90pct_recall_at_50pct_removal": false
  },
  {
    "encoder": "vit_b16",
    "method": "facility_subspace",
    "shortlist_size": 3,
    "rows": 7,
    "targets": 7,
    "best_candidate_recall_mean": 0.2857142857142857,
    "top3_candidate_recall_mean": 0.3333333333333333,
    "best_candidate_family_recall_mean": 0.2857142857142857,
    "top3_candidate_family_recall_mean": 0.35714285714285715,
    "validation_regret_mean": 0.0037530731873807177,
    "normalized_validation_regret_mean": 0.14117642532890767,
    "test_regret_mean": 0.006990236895424995,
    "removed_fraction": 0.7,
    "selected_family_count_mean": 3.0,
    "removed_family_fraction_mean": 0.625,
    "passes_90pct_recall_at_50pct_removal": false
  },
  {
    "encoder": "vit_b16",
    "method": "facility_subspace",
    "shortlist_size": 5,
    "rows": 7,
    "targets": 7,
    "best_candidate_recall_mean": 0.5714285714285714,
    "top3_candidate_recall_mean": 0.5238095238095238,
    "best_candidate_family_recall_mean": 0.5714285714285714,
    "top3_candidate_family_recall_mean": 0.5476190476190476,
    "validation_regret_mean": 0.001267931150606432,
    "normalized_validation_regret_mean": 0.052988343281917615,
    "test_regret_mean": 0.0006388119288853426,
    "removed_fraction": 0.5,
    "selected_family_count_mean": 5.0,
    "removed_family_fraction_mean": 0.375,
    "passes_90pct_recall_at_50pct_removal": false
  },
  {
    "encoder": "vit_b16",
    "method": "full_merged_rank",
    "shortlist_size": 3,
    "rows": 7,
    "targets": 7,
    "best_candidate_recall_mean": 0.7142857142857143,
    "top3_candidate_recall_mean": 0.47619047619047616,
    "best_candidate_family_recall_mean": 1.0,
    "top3_candidate_family_recall_mean": 0.7619047619047619,
    "validation_regret_mean": 7.424655868896021e-05,
    "normalized_validation_regret_mean": 0.0023235823350506377,
    "test_regret_mean": -0.0013482110840933553,
    "removed_fraction": 0.7,
    "selected_family_count_mean": 3.0,
    "removed_family_fraction_mean": 0.625,
    "passes_90pct_recall_at_50pct_removal": false
  },
  {
    "encoder": "vit_b16",
    "method": "full_merged_rank",
    "shortlist_size": 5,
    "rows": 7,
    "targets": 7,
    "best_candidate_recall_mean": 1.0,
    "top3_candidate_recall_mean": 0.8095238095238095,
    "best_candidate_family_recall_mean": 1.0,
    "top3_candidate_family_recall_mean": 0.8095238095238095,
    "validation_regret_mean": 0.0,
    "normalized_validation_regret_mean": 0.0,
    "test_regret_mean": 0.0,
    "removed_fraction": 0.5,
    "selected_family_count_mean": 4.0,
    "removed_family_fraction_mean": 0.5,
    "passes_90pct_recall_at_50pct_removal": true
  },
  {
    "encoder": "vit_b16",
    "method": "kcenter_subspace",
    "shortlist_size": 3,
    "rows": 7,
    "targets": 7,
    "best_candidate_recall_mean": 0.42857142857142855,
    "top3_candidate_recall_mean": 0.2857142857142857,
    "best_candidate_family_recall_mean": 0.42857142857142855,
    "top3_candidate_family_recall_mean": 0.35714285714285715,
    "validation_regret_mean": 0.0015450619732619378,
    "normalized_validation_regret_mean": 0.058795936185032524,
    "test_regret_mean": -0.0003967898232596277,
    "removed_fraction": 0.7,
    "selected_family_count_mean": 3.0,
    "removed_family_fraction_mean": 0.625,
    "passes_90pct_recall_at_50pct_removal": false
  },
  {
    "encoder": "vit_b16",
    "method": "kcenter_subspace",
    "shortlist_size": 5,
    "rows": 7,
    "targets": 7,
    "best_candidate_recall_mean": 0.7142857142857143,
    "top3_candidate_recall_mean": 0.4761904761904762,
    "best_candidate_family_recall_mean": 0.7142857142857143,
    "top3_candidate_family_recall_mean": 0.5476190476190476,
    "validation_regret_mean": 7.424655868896021e-05,
    "normalized_validation_regret_mean": 0.0023235823350506377,
    "test_regret_mean": -0.0013482110840933553,
    "removed_fraction": 0.5,
    "selected_family_count_mean": 5.0,
    "removed_family_fraction_mean": 0.375,
    "passes_90pct_recall_at_50pct_removal": false
  },
  {
    "encoder": "vit_b16",
    "method": "pool_vendi_subspace",
    "shortlist_size": 3,
    "rows": 7,
    "targets": 7,
    "best_candidate_recall_mean": 0.42857142857142855,
    "top3_candidate_recall_mean": 0.2857142857142857,
    "best_candidate_family_recall_mean": 0.42857142857142855,
    "top3_candidate_family_recall_mean": 0.35714285714285715,
    "validation_regret_mean": 0.0015450619732619378,
    "normalized_validation_regret_mean": 0.058795936185032524,
    "test_regret_mean": -0.0003967898232596277,
    "removed_fraction": 0.7,
    "selected_family_count_mean": 3.0,
    "removed_family_fraction_mean": 0.625,
    "passes_90pct_recall_at_50pct_removal": false
  },
  {
    "encoder": "vit_b16",
    "method": "pool_vendi_subspace",
    "shortlist_size": 5,
    "rows": 7,
    "targets": 7,
    "best_candidate_recall_mean": 0.7142857142857143,
    "top3_candidate_recall_mean": 0.4761904761904762,
    "best_candidate_family_recall_mean": 0.7142857142857143,
    "top3_candidate_family_recall_mean": 0.5476190476190476,
    "validation_regret_mean": 7.424655868896021e-05,
    "normalized_validation_regret_mean": 0.0023235823350506377,
    "test_regret_mean": -0.0013482110840933553,
    "removed_fraction": 0.5,
    "selected_family_count_mean": 5.0,
    "removed_family_fraction_mean": 0.375,
    "passes_90pct_recall_at_50pct_removal": false
  },
  {
    "encoder": "vit_b16",
    "method": "random",
    "shortlist_size": 3,
    "rows": 700,
    "targets": 7,
    "best_candidate_recall_mean": 0.2957142857142857,
    "top3_candidate_recall_mean": 0.2995238095238095,
    "best_candidate_family_recall_mean": 0.3514285714285714,
    "top3_candidate_family_recall_mean": 0.3802380952380952,
    "validation_regret_mean": 0.003660763188928668,
    "normalized_validation_regret_mean": 0.14946289057912687,
    "test_regret_mean": 0.0039010066049439667,
    "removed_fraction": 0.7,
    "selected_family_count_mean": 2.88,
    "removed_family_fraction_mean": 0.64,
    "passes_90pct_recall_at_50pct_removal": false
  },
  {
    "encoder": "vit_b16",
    "method": "random",
    "shortlist_size": 5,
    "rows": 700,
    "targets": 7,
    "best_candidate_recall_mean": 0.5214285714285715,
    "top3_candidate_recall_mean": 0.5052380952380952,
    "best_candidate_family_recall_mean": 0.5914285714285714,
    "top3_candidate_family_recall_mean": 0.5961904761904763,
    "validation_regret_mean": 0.0017391543503237619,
    "normalized_validation_regret_mean": 0.07016441496691617,
    "test_regret_mean": 0.0020573309234210506,
    "removed_fraction": 0.5,
    "selected_family_count_mean": 4.562857142857143,
    "removed_family_fraction_mean": 0.42964285714285716,
    "passes_90pct_recall_at_50pct_removal": false
  },
  {
    "encoder": "vit_b16",
    "method": "rank_only",
    "shortlist_size": 3,
    "rows": 7,
    "targets": 7,
    "best_candidate_recall_mean": 0.7142857142857143,
    "top3_candidate_recall_mean": 0.619047619047619,
    "best_candidate_family_recall_mean": 0.7142857142857143,
    "top3_candidate_family_recall_mean": 0.619047619047619,
    "validation_regret_mean": 0.0014708154145729774,
    "normalized_validation_regret_mean": 0.056472353849981886,
    "test_regret_mean": 0.0009514212608337276,
    "removed_fraction": 0.7,
    "selected_family_count_mean": 2.0,
    "removed_family_fraction_mean": 0.75,
    "passes_90pct_recall_at_50pct_removal": false
  },
  {
    "encoder": "vit_b16",
    "method": "rank_only",
    "shortlist_size": 5,
    "rows": 7,
    "targets": 7,
    "best_candidate_recall_mean": 1.0,
    "top3_candidate_recall_mean": 0.8095238095238095,
    "best_candidate_family_recall_mean": 1.0,
    "top3_candidate_family_recall_mean": 0.8095238095238095,
    "validation_regret_mean": 0.0,
    "normalized_validation_regret_mean": 0.0,
    "test_regret_mean": 0.0,
    "removed_fraction": 0.5,
    "selected_family_count_mean": 4.0,
    "removed_family_fraction_mean": 0.5,
    "passes_90pct_recall_at_50pct_removal": true
  }
]
